2026-06-01 09:28:19,232 - INFO - 새로운 접근 토큰을 발급받습니다...
2026-06-01 09:28:19,505 - INFO - 새로운 토큰이 발급 및 저장되었습니다. 만료 시간: 2026-06-02 09:28:18
2026-06-01 09:28:19,509 - INFO - 삼성전자 자동매매 프로그램을 시작합니다. (자가 적응형 로직 활성화)
2026-06-01 09:28:19,523 - INFO - 이전 상태 로드 완료: BUYING (목표가: 311500원)
2026-06-01 09:28:19,713 - INFO - [005930] 현재가: 327000, 고가: 328500, 저가: 319500
2026-06-01 09:28:27,212 - INFO - 계좌 예수금: 8057230원
2026-06-01 09:28:27,232 - INFO - 자가 최적화 기록 완료: C:\Users\witpo\OneDrive\바탕 화면\YONSEI\26-1\ECO4126 인공지능과금융공학\open-trading-api\self_optimization_history
2026-06-01 09:28:29,360 - INFO - 이미 매수 주문(0000026602)이 진행 중입니다. 체결을 기다립니다.
2026-06-01 09:28:29,360 - INFO - 60초 후 다음 확인을 진행합니다. (현재 상태: BUYING)
2026-06-01 09:29:30,908 - INFO - [005930] 현재가: 327000, 고가: 328500, 저가: 319500
2026-06-01 09:29:32,957 - INFO - 계좌 예수금: 8057230원
2026-06-01 09:29:34,165 - INFO - 이미 매수 주문(0000026602)이 진행 중입니다. 체결을 기다립니다.
2026-06-01 09:29:34,165 - INFO - 60초 후 다음 확인을 진행합니다. (현재 상태: BUYING)
2026-06-01 09:30:35,873 - INFO - [005930] 현재가: 327500, 고가: 328500, 저가: 319500
2026-06-01 09:30:41,123 - INFO - 계좌 예수금: 8057230원
2026-06-01 09:30:41,947 - INFO - 이미 매수 주문(0000026602)이 진행 중입니다. 체결을 기다립니다.
2026-06-01 09:30:41,947 - INFO - 60초 후 다음 확인을 진행합니다. (현재 상태: BUYING)
2026-06-01 09:31:43,937 - INFO - [005930] 현재가: 329500, 고가: 329500, 저가: 319500
2026-06-01 09:31:45,266 - INFO - 계좌 예수금: 8057230원
2026-06-01 09:31:45,551 - INFO - 이미 매수 주문(0000026602)이 진행 중입니다. 체결을 기다립니다.
2026-06-01 09:31:45,552 - INFO - 60초 후 다음 확인을 진행합니다. (현재 상태: BUYING)
2026-06-01 09:32:45,670 - INFO - [005930] 현재가: 329250, 고가: 330000, 저가: 319500
2026-06-01 09:32:47,837 - INFO - 계좌 예수금: 8057230원
2026-06-01 09:32:49,369 - INFO - 이미 매수 주문(0000026602)이 진행 중입니다. 체결을 기다립니다.
2026-06-01 09:32:49,370 - INFO - 60초 후 다음 확인을 진행합니다. (현재 상태: BUYING)
2026-06-01 09:33:50,304 - INFO - [005930] 현재가: 329750, 고가: 330000, 저가: 319500
2026-06-01 09:33:55,525 - INFO - 계좌 예수금: 8057230원
2026-06-01 09:33:56,754 - INFO - 이미 매수 주문(0000026602)이 진행 중입니다. 체결을 기다립니다.
2026-06-01 09:33:56,755 - INFO - 60초 후 다음 확인을 진행합니다. (현재 상태: BUYING)
2026-06-01 09:34:56,889 - INFO - [005930] 현재가: 329000, 고가: 330000, 저가: 319500
2026-06-01 09:34:59,539 - INFO - 계좌 예수금: 8057230원
2026-06-01 09:34:59,699 - INFO - 이미 매수 주문(0000026602)이 진행 중입니다. 체결을 기다립니다.
2026-06-01 09:34:59,699 - INFO - 60초 후 다음 확인을 진행합니다. (현재 상태: BUYING)
2026-06-01 09:35:59,833 - INFO - [005930] 현재가: 330000, 고가: 330000, 저가: 319500
2026-06-01 09:36:06,913 - INFO - 계좌 예수금: 8057230원
2026-06-01 09:36:10,274 - INFO - 이미 매수 주문(0000026602)이 진행 중입니다. 체결을 기다립니다.
2026-06-01 09:36:10,275 - INFO - 60초 후 다음 확인을 진행합니다. (현재 상태: BUYING)
2026-06-01 09:37:10,609 - INFO - [005930] 현재가: 331500, 고가: 331500, 저가: 319500
2026-06-01 09:37:15,231 - INFO - 계좌 예수금: 8057230원
2026-06-01 09:37:15,830 - INFO - 이미 매수 주문(0000026602)이 진행 중입니다. 체결을 기다립니다.
2026-06-01 09:37:15,831 - INFO - 60초 후 다음 확인을 진행합니다. (현재 상태: BUYING)
2026-06-01 09:38:15,951 - INFO - [005930] 현재가: 332500, 고가: 333500, 저가: 319500
2026-06-01 09:38:17,995 - INFO - 계좌 예수금: 8057230원
2026-06-01 09:38:19,834 - INFO - 이미 매수 주문(0000026602)이 진행 중입니다. 체결을 기다립니다.
2026-06-01 09:38:19,835 - INFO - 60초 후 다음 확인을 진행합니다. (현재 상태: BUYING)
2026-06-01 09:39:19,957 - INFO - [005930] 현재가: 333000, 고가: 333500, 저가: 319500
2026-06-01 09:39:25,374 - INFO - 계좌 예수금: 8057230원
2026-06-01 09:39:26,808 - INFO - 이미 매수 주문(0000026602)이 진행 중입니다. 체결을 기다립니다.
2026-06-01 09:39:26,809 - INFO - 60초 후 다음 확인을 진행합니다. (현재 상태: BUYING)
2026-06-01 09:40:29,378 - INFO - [005930] 현재가: 332500, 고가: 334000, 저가: 319500
2026-06-01 09:40:32,450 - INFO - 계좌 예수금: 8057230원
2026-06-01 09:40:34,910 - INFO - 이미 매수 주문(0000026602)이 진행 중입니다. 체결을 기다립니다.
2026-06-01 09:40:34,911 - INFO - 60초 후 다음 확인을 진행합니다. (현재 상태: BUYING)
2026-06-01 09:41:36,249 - INFO - [005930] 현재가: 333500, 고가: 334000, 저가: 319500
2026-06-01 09:41:42,535 - INFO - 계좌 예수금: 8057230원
2026-06-01 09:41:43,826 - INFO - 이미 매수 주문(0000026602)이 진행 중입니다. 체결을 기다립니다.
2026-06-01 09:41:43,827 - INFO - 60초 후 다음 확인을 진행합니다. (현재 상태: BUYING)
2026-06-01 09:42:45,268 - INFO - [005930] 현재가: 332000, 고가: 334000, 저가: 319500
2026-06-01 09:42:46,433 - INFO - 계좌 예수금: 8057230원
2026-06-01 09:42:47,114 - INFO - 이미 매수 주문(0000026602)이 진행 중입니다. 체결을 기다립니다.
2026-06-01 09:42:47,115 - INFO - 60초 후 다음 확인을 진행합니다. (현재 상태: BUYING)
2026-06-01 09:43:47,241 - INFO - [005930] 현재가: 333500, 고가: 334000, 저가: 319500
2026-06-01 09:43:48,763 - INFO - 계좌 예수금: 8057230원
2026-06-01 09:43:50,604 - INFO - 이미 매수 주문(0000026602)이 진행 중입니다. 체결을 기다립니다.
2026-06-01 09:43:50,604 - INFO - 60초 후 다음 확인을 진행합니다. (현재 상태: BUYING)
2026-06-01 09:44:51,849 - INFO - [005930] 현재가: 333500, 고가: 334000, 저가: 319500
2026-06-01 09:44:53,278 - INFO - 계좌 예수금: 8057230원
2026-06-01 09:44:55,122 - INFO - 이미 매수 주문(0000026602)이 진행 중입니다. 체결을 기다립니다.
2026-06-01 09:44:55,122 - INFO - 60초 후 다음 확인을 진행합니다. (현재 상태: BUYING)
2026-06-01 09:45:55,641 - INFO - [005930] 현재가: 333500, 고가: 334000, 저가: 319500
2026-06-01 09:46:01,014 - INFO - 계좌 예수금: 8057230원
2026-06-01 09:46:03,058 - INFO - 이미 매수 주문(0000026602)이 진행 중입니다. 체결을 기다립니다.
2026-06-01 09:46:03,059 - INFO - 60초 후 다음 확인을 진행합니다. (현재 상태: BUYING)
2026-06-01 09:47:05,422 - INFO - [005930] 현재가: 333500, 고가: 334000, 저가: 319500
2026-06-01 09:47:13,482 - INFO - 계좌 예수금: 8057230원
2026-06-01 09:47:18,553 - INFO - 이미 매수 주문(0000026602)이 진행 중입니다. 체결을 기다립니다.
2026-06-01 09:47:18,553 - INFO - 60초 후 다음 확인을 진행합니다. (현재 상태: BUYING)
2026-06-01 09:48:18,680 - INFO - [005930] 현재가: 335000, 고가: 335000, 저가: 319500
2026-06-01 09:48:22,594 - INFO - 계좌 예수금: 8057230원
2026-06-01 09:48:23,930 - INFO - 이미 매수 주문(0000026602)이 진행 중입니다. 체결을 기다립니다.
2026-06-01 09:48:23,931 - INFO - 60초 후 다음 확인을 진행합니다. (현재 상태: BUYING)
2026-06-01 09:49:24,044 - INFO - [005930] 현재가: 332500, 고가: 335500, 저가: 319500
2026-06-01 09:49:30,695 - INFO - 계좌 예수금: 8057230원
2026-06-01 09:49:30,819 - INFO - 이미 매수 주문(0000026602)이 진행 중입니다. 체결을 기다립니다.
2026-06-01 09:49:30,820 - INFO - 60초 후 다음 확인을 진행합니다. (현재 상태: BUYING)
2026-06-01 09:50:30,932 - INFO - [005930] 현재가: 333500, 고가: 335500, 저가: 319500
2026-06-01 09:50:35,517 - INFO - 계좌 예수금: 8057230원
2026-06-01 09:50:35,625 - INFO - 이미 매수 주문(0000026602)이 진행 중입니다. 체결을 기다립니다.
2026-06-01 09:50:35,626 - INFO - 60초 후 다음 확인을 진행합니다. (현재 상태: BUYING)
2026-06-01 09:51:39,008 - INFO - [005930] 현재가: 333000, 고가: 335500, 저가: 319500
2026-06-01 09:51:42,729 - INFO - 계좌 예수금: 8057230원
2026-06-01 09:51:42,873 - INFO - 이미 매수 주문(0000026602)이 진행 중입니다. 체결을 기다립니다.
2026-06-01 09:51:42,874 - INFO - 60초 후 다음 확인을 진행합니다. (현재 상태: BUYING)
2026-06-01 09:52:44,752 - INFO - [005930] 현재가: 333000, 고가: 335500, 저가: 319500
2026-06-01 09:52:51,204 - INFO - 계좌 예수금: 8057230원
2026-06-01 09:52:51,396 - INFO - 이미 매수 주문(0000026602)이 진행 중입니다. 체결을 기다립니다.
2026-06-01 09:52:51,396 - INFO - 60초 후 다음 확인을 진행합니다. (현재 상태: BUYING)
2026-06-01 09:53:51,561 - INFO - [005930] 현재가: 332500, 고가: 335500, 저가: 319500
2026-06-01 09:53:55,516 - INFO - 계좌 예수금: 8057230원
2026-06-01 09:53:55,846 - INFO - 이미 매수 주문(0000026602)이 진행 중입니다. 체결을 기다립니다.
2026-06-01 09:53:55,847 - INFO - 60초 후 다음 확인을 진행합니다. (현재 상태: BUYING)
2026-06-01 09:54:55,935 - INFO - [005930] 현재가: 333000, 고가: 335500, 저가: 319500
2026-06-01 09:54:59,315 - INFO - 계좌 예수금: 8057230원
2026-06-01 09:54:59,446 - INFO - 이미 매수 주문(0000026602)이 진행 중입니다. 체결을 기다립니다.
2026-06-01 09:54:59,447 - INFO - 60초 후 다음 확인을 진행합니다. (현재 상태: BUYING)
2026-06-01 09:55:59,602 - INFO - [005930] 현재가: 335000, 고가: 335500, 저가: 319500
2026-06-01 09:56:05,155 - INFO - 계좌 예수금: 8057230원
2026-06-01 09:56:06,798 - INFO - 이미 매수 주문(0000026602)이 진행 중입니다. 체결을 기다립니다.
2026-06-01 09:56:06,799 - INFO - 60초 후 다음 확인을 진행합니다. (현재 상태: BUYING)
2026-06-01 09:57:08,244 - INFO - [005930] 현재가: 334750, 고가: 335500, 저가: 319500
2026-06-01 09:57:14,490 - INFO - 계좌 예수금: 8057230원
2026-06-01 09:57:14,626 - INFO - 이미 매수 주문(0000026602)이 진행 중입니다. 체결을 기다립니다.
2026-06-01 09:57:14,627 - INFO - 60초 후 다음 확인을 진행합니다. (현재 상태: BUYING)
2026-06-01 09:58:14,737 - INFO - [005930] 현재가: 335000, 고가: 335500, 저가: 319500
2026-06-01 09:58:21,055 - INFO - 계좌 예수금: 8057230원
2026-06-01 09:58:21,174 - INFO - 이미 매수 주문(0000026602)이 진행 중입니다. 체결을 기다립니다.
2026-06-01 09:58:21,175 - INFO - 60초 후 다음 확인을 진행합니다. (현재 상태: BUYING)
2026-06-01 09:59:22,091 - INFO - [005930] 현재가: 334500, 고가: 335500, 저가: 319500
2026-06-01 09:59:26,491 - INFO - 계좌 예수금: 8057230원
2026-06-01 09:59:27,002 - INFO - 이미 매수 주문(0000026602)이 진행 중입니다. 체결을 기다립니다.
2026-06-01 09:59:27,003 - INFO - 60초 후 다음 확인을 진행합니다. (현재 상태: BUYING)
2026-06-01 10:00:27,935 - INFO - [005930] 현재가: 335500, 고가: 335500, 저가: 319500
2026-06-01 10:00:33,261 - INFO - 계좌 예수금: 8057230원
2026-06-01 10:00:34,183 - INFO - 이미 매수 주문(0000026602)이 진행 중입니다. 체결을 기다립니다.
2026-06-01 10:00:34,184 - INFO - 60초 후 다음 확인을 진행합니다. (현재 상태: BUYING)
2026-06-01 10:01:35,011 - INFO - [005930] 현재가: 336500, 고가: 337000, 저가: 319500
2026-06-01 10:01:40,439 - INFO - 계좌 예수금: 8057230원
2026-06-01 10:01:41,359 - INFO - 이미 매수 주문(0000026602)이 진행 중입니다. 체결을 기다립니다.
2026-06-01 10:01:41,360 - INFO - 60초 후 다음 확인을 진행합니다. (현재 상태: BUYING)
2026-06-01 10:02:41,780 - INFO - [005930] 현재가: 337500, 고가: 338000, 저가: 319500
2026-06-01 10:02:46,490 - INFO - 계좌 예수금: 8057230원
2026-06-01 10:02:47,209 - INFO - 이미 매수 주문(0000026602)이 진행 중입니다. 체결을 기다립니다.
2026-06-01 10:02:47,209 - INFO - 60초 후 다음 확인을 진행합니다. (현재 상태: BUYING)
2026-06-01 10:03:47,323 - INFO - [005930] 현재가: 338250, 고가: 338500, 저가: 319500
2026-06-01 10:03:53,361 - INFO - 계좌 예수금: 8057230원
2026-06-01 10:03:53,474 - INFO - 이미 매수 주문(0000026602)이 진행 중입니다. 체결을 기다립니다.
2026-06-01 10:03:53,474 - INFO - 60초 후 다음 확인을 진행합니다. (현재 상태: BUYING)
2026-06-01 10:04:53,594 - INFO - [005930] 현재가: 337750, 고가: 338500, 저가: 319500
2026-06-01 10:05:00,134 - INFO - 계좌 예수금: 8057230원
2026-06-01 10:05:02,111 - INFO - 이미 매수 주문(0000026602)이 진행 중입니다. 체결을 기다립니다.
2026-06-01 10:05:02,112 - INFO - 60초 후 다음 확인을 진행합니다. (현재 상태: BUYING)
2026-06-01 10:06:02,576 - INFO - [005930] 현재가: 337500, 고가: 338500, 저가: 319500
2026-06-01 10:06:09,869 - INFO - 계좌 예수금: 8057230원
2026-06-01 10:06:13,042 - INFO - 이미 매수 주문(0000026602)이 진행 중입니다. 체결을 기다립니다.
2026-06-01 10:06:13,043 - INFO - 60초 후 다음 확인을 진행합니다. (현재 상태: BUYING)
2026-06-01 10:07:13,564 - INFO - [005930] 현재가: 338750, 고가: 339000, 저가: 319500
2026-06-01 10:07:18,789 - INFO - 계좌 예수금: 8057230원
2026-06-01 10:07:19,401 - INFO - 이미 매수 주문(0000026602)이 진행 중입니다. 체결을 기다립니다.
2026-06-01 10:07:19,402 - INFO - 60초 후 다음 확인을 진행합니다. (현재 상태: BUYING)
2026-06-01 10:08:20,537 - INFO - [005930] 현재가: 339000, 고가: 339500, 저가: 319500
2026-06-01 10:08:25,250 - INFO - 계좌 예수금: 8057230원
2026-06-01 10:08:25,864 - INFO - 이미 매수 주문(0000026602)이 진행 중입니다. 체결을 기다립니다.
2026-06-01 10:08:25,865 - INFO - 60초 후 다음 확인을 진행합니다. (현재 상태: BUYING)
2026-06-01 10:09:25,974 - INFO - [005930] 현재가: 338000, 고가: 339500, 저가: 319500
2026-06-01 10:09:29,734 - INFO - 계좌 예수금: 8057230원
2026-06-01 10:09:29,843 - INFO - 이미 매수 주문(0000026602)이 진행 중입니다. 체결을 기다립니다.
2026-06-01 10:09:29,844 - INFO - 60초 후 다음 확인을 진행합니다. (현재 상태: BUYING)
2026-06-01 10:10:30,697 - INFO - [005930] 현재가: 339250, 고가: 339500, 저가: 319500
2026-06-01 10:10:37,047 - INFO - 계좌 예수금: 8057230원
2026-06-01 10:10:39,095 - INFO - 이미 매수 주문(0000026602)이 진행 중입니다. 체결을 기다립니다.
2026-06-01 10:10:39,095 - INFO - 60초 후 다음 확인을 진행합니다. (현재 상태: BUYING)
2026-06-01 10:11:40,743 - INFO - [005930] 현재가: 339500, 고가: 339500, 저가: 319500
2026-06-01 10:11:44,020 - INFO - 계좌 예수금: 8057230원
2026-06-01 10:11:44,139 - INFO - 이미 매수 주문(0000026602)이 진행 중입니다. 체결을 기다립니다.
2026-06-01 10:11:44,139 - INFO - 60초 후 다음 확인을 진행합니다. (현재 상태: BUYING)
2026-06-01 10:12:44,280 - INFO - [005930] 현재가: 341500, 고가: 342000, 저가: 319500
2026-06-01 10:12:47,055 - INFO - 계좌 예수금: 8057230원
2026-06-01 10:12:47,171 - INFO - 이미 매수 주문(0000026602)이 진행 중입니다. 체결을 기다립니다.
2026-06-01 10:12:47,172 - INFO - 60초 후 다음 확인을 진행합니다. (현재 상태: BUYING)
2026-06-01 10:13:48,953 - INFO - [005930] 현재가: 340000, 고가: 342000, 저가: 319500
2026-06-01 10:13:55,742 - INFO - 계좌 예수금: 8057230원
2026-06-01 10:13:57,761 - INFO - 이미 매수 주문(0000026602)이 진행 중입니다. 체결을 기다립니다.
2026-06-01 10:13:57,762 - INFO - 60초 후 다음 확인을 진행합니다. (현재 상태: BUYING)
2026-06-01 10:14:58,702 - INFO - [005930] 현재가: 340500, 고가: 342000, 저가: 319500
2026-06-01 10:15:00,842 - INFO - 계좌 예수금: 8057230원
2026-06-01 10:15:00,947 - INFO - 이미 매수 주문(0000026602)이 진행 중입니다. 체결을 기다립니다.
2026-06-01 10:15:00,948 - INFO - 60초 후 다음 확인을 진행합니다. (현재 상태: BUYING)
2026-06-01 10:16:01,048 - INFO - [005930] 현재가: 340000, 고가: 342000, 저가: 319500
2026-06-01 10:16:05,359 - INFO - 계좌 예수금: 8057230원
2026-06-01 10:16:09,460 - INFO - 이미 매수 주문(0000026602)이 진행 중입니다. 체결을 기다립니다.
2026-06-01 10:16:09,460 - INFO - 60초 후 다음 확인을 진행합니다. (현재 상태: BUYING)
2026-06-01 10:17:11,411 - INFO - [005930] 현재가: 340000, 고가: 342000, 저가: 319500
2026-06-01 10:17:17,715 - INFO - 계좌 예수금: 8057230원
2026-06-01 10:17:17,859 - INFO - 이미 매수 주문(0000026602)이 진행 중입니다. 체결을 기다립니다.
2026-06-01 10:17:17,860 - INFO - 60초 후 다음 확인을 진행합니다. (현재 상태: BUYING)
2026-06-01 10:18:20,536 - INFO - [005930] 현재가: 339750, 고가: 342000, 저가: 319500
2026-06-01 10:18:22,687 - INFO - 계좌 예수금: 8057230원
2026-06-01 10:18:26,370 - INFO - 이미 매수 주문(0000026602)이 진행 중입니다. 체결을 기다립니다.
2026-06-01 10:18:26,371 - INFO - 60초 후 다음 확인을 진행합니다. (현재 상태: BUYING)
2026-06-01 10:19:30,889 - INFO - [005930] 현재가: 339500, 고가: 342000, 저가: 319500
2026-06-01 10:19:32,832 - INFO - 계좌 예수금: 8057230원
2026-06-01 10:19:32,931 - INFO - 이미 매수 주문(0000026602)이 진행 중입니다. 체결을 기다립니다.
2026-06-01 10:19:32,933 - INFO - 60초 후 다음 확인을 진행합니다. (현재 상태: BUYING)
2026-06-01 10:20:34,608 - INFO - [005930] 현재가: 339000, 고가: 342000, 저가: 319500
2026-06-01 10:20:39,600 - INFO - 계좌 예수금: 8057230원
2026-06-01 10:20:39,857 - INFO - 이미 매수 주문(0000026602)이 진행 중입니다. 체결을 기다립니다.
2026-06-01 10:20:39,858 - INFO - 60초 후 다음 확인을 진행합니다. (현재 상태: BUYING)
2026-06-01 10:21:40,012 - INFO - [005930] 현재가: 338750, 고가: 342000, 저가: 319500
2026-06-01 10:21:47,382 - INFO - 계좌 예수금: 8057230원
2026-06-01 10:21:50,265 - INFO - 이미 매수 주문(0000026602)이 진행 중입니다. 체결을 기다립니다.
2026-06-01 10:21:50,266 - INFO - 60초 후 다음 확인을 진행합니다. (현재 상태: BUYING)
2026-06-01 10:22:50,382 - INFO - [005930] 현재가: 339000, 고가: 342000, 저가: 319500
2026-06-01 10:22:54,622 - INFO - 계좌 예수금: 8057230원
2026-06-01 10:22:54,726 - INFO - 이미 매수 주문(0000026602)이 진행 중입니다. 체결을 기다립니다.
2026-06-01 10:22:54,726 - INFO - 60초 후 다음 확인을 진행합니다. (현재 상태: BUYING)
2026-06-01 10:23:54,850 - INFO - [005930] 현재가: 338500, 고가: 342000, 저가: 319500
2026-06-01 10:23:59,192 - INFO - 계좌 예수금: 8057230원
2026-06-01 10:23:59,332 - INFO - 이미 매수 주문(0000026602)이 진행 중입니다. 체결을 기다립니다.
2026-06-01 10:23:59,333 - INFO - 60초 후 다음 확인을 진행합니다. (현재 상태: BUYING)
2026-06-01 10:25:00,533 - INFO - [005930] 현재가: 338000, 고가: 342000, 저가: 319500
2026-06-01 10:25:08,434 - INFO - 계좌 예수금: 8057230원
2026-06-01 10:25:08,542 - INFO - 이미 매수 주문(0000026602)이 진행 중입니다. 체결을 기다립니다.
2026-06-01 10:25:08,542 - INFO - 60초 후 다음 확인을 진행합니다. (현재 상태: BUYING)
2026-06-01 10:26:11,297 - INFO - [005930] 현재가: 339500, 고가: 342000, 저가: 319500
2026-06-01 10:26:16,927 - INFO - 계좌 예수금: 8057230원
2026-06-01 10:26:17,438 - INFO - 이미 매수 주문(0000026602)이 진행 중입니다. 체결을 기다립니다.
2026-06-01 10:26:17,439 - INFO - 60초 후 다음 확인을 진행합니다. (현재 상태: BUYING)
2026-06-01 10:27:20,213 - INFO - [005930] 현재가: 339750, 고가: 342000, 저가: 319500
2026-06-01 10:27:26,563 - INFO - 계좌 예수금: 8057230원
2026-06-01 10:27:28,000 - INFO - 이미 매수 주문(0000026602)이 진행 중입니다. 체결을 기다립니다.
2026-06-01 10:27:28,001 - INFO - 60초 후 다음 확인을 진행합니다. (현재 상태: BUYING)
2026-06-01 10:28:28,118 - INFO - [005930] 현재가: 341000, 고가: 342000, 저가: 319500
2026-06-01 10:28:34,052 - INFO - 계좌 예수금: 8057230원
2026-06-01 10:28:35,193 - INFO - 이미 매수 주문(0000026602)이 진행 중입니다. 체결을 기다립니다.
2026-06-01 10:28:35,194 - INFO - 60초 후 다음 확인을 진행합니다. (현재 상태: BUYING)
2026-06-01 10:29:35,324 - INFO - [005930] 현재가: 341500, 고가: 342000, 저가: 319500
2026-06-01 10:29:37,808 - INFO - 계좌 예수금: 8057230원
2026-06-01 10:29:40,205 - INFO - 이미 매수 주문(0000026602)이 진행 중입니다. 체결을 기다립니다.
2026-06-01 10:29:40,206 - INFO - 60초 후 다음 확인을 진행합니다. (현재 상태: BUYING)
2026-06-01 10:30:40,826 - INFO - [005930] 현재가: 343500, 고가: 343500, 저가: 319500
2026-06-01 10:30:47,996 - INFO - 계좌 예수금: 8057230원
2026-06-01 10:30:51,068 - INFO - 이미 매수 주문(0000026602)이 진행 중입니다. 체결을 기다립니다.
2026-06-01 10:30:51,069 - INFO - 60초 후 다음 확인을 진행합니다. (현재 상태: BUYING)
2026-06-01 10:31:51,180 - INFO - [005930] 현재가: 343500, 고가: 344000, 저가: 319500
2026-06-01 10:31:57,223 - INFO - 계좌 예수금: 8057230원
2026-06-01 10:31:58,352 - INFO - 이미 매수 주문(0000026602)이 진행 중입니다. 체결을 기다립니다.
2026-06-01 10:31:58,353 - INFO - 60초 후 다음 확인을 진행합니다. (현재 상태: BUYING)
2026-06-01 10:33:00,465 - INFO - [005930] 현재가: 344250, 고가: 344500, 저가: 319500
2026-06-01 10:33:04,982 - INFO - 계좌 예수금: 8057230원
2026-06-01 10:33:06,550 - INFO - 이미 매수 주문(0000026602)이 진행 중입니다. 체결을 기다립니다.
2026-06-01 10:33:06,551 - INFO - 60초 후 다음 확인을 진행합니다. (현재 상태: BUYING)
2026-06-01 10:34:07,791 - INFO - [005930] 현재가: 344500, 고가: 345000, 저가: 319500
2026-06-01 10:34:14,240 - INFO - 계좌 예수금: 8057230원
2026-06-01 10:34:16,392 - INFO - 이미 매수 주문(0000026602)이 진행 중입니다. 체결을 기다립니다.
2026-06-01 10:34:16,393 - INFO - 60초 후 다음 확인을 진행합니다. (현재 상태: BUYING)
2026-06-01 10:35:17,425 - INFO - [005930] 현재가: 344000, 고가: 345000, 저가: 319500
2026-06-01 10:35:25,444 - INFO - 계좌 예수금: 8057230원
2026-06-01 10:35:28,176 - INFO - 이미 매수 주문(0000026602)이 진행 중입니다. 체결을 기다립니다.
2026-06-01 10:35:28,177 - INFO - 60초 후 다음 확인을 진행합니다. (현재 상태: BUYING)
2026-06-01 10:36:28,289 - INFO - [005930] 현재가: 345500, 고가: 345500, 저가: 319500
2026-06-01 10:36:32,382 - INFO - 계좌 예수금: 8057230원
2026-06-01 10:36:34,740 - INFO - 이미 매수 주문(0000026602)이 진행 중입니다. 체결을 기다립니다.
2026-06-01 10:36:34,741 - INFO - 60초 후 다음 확인을 진행합니다. (현재 상태: BUYING)
2026-06-01 10:37:34,990 - INFO - [005930] 현재가: 343500, 고가: 345500, 저가: 319500
2026-06-01 10:37:40,758 - INFO - 계좌 예수금: 8057230원
2026-06-01 10:37:40,871 - INFO - 이미 매수 주문(0000026602)이 진행 중입니다. 체결을 기다립니다.
2026-06-01 10:37:40,872 - INFO - 60초 후 다음 확인을 진행합니다. (현재 상태: BUYING)
2026-06-01 10:38:40,976 - INFO - [005930] 현재가: 342500, 고가: 345500, 저가: 319500
2026-06-01 10:38:45,563 - INFO - 계좌 예수금: 8057230원
2026-06-01 10:38:45,671 - INFO - 이미 매수 주문(0000026602)이 진행 중입니다. 체결을 기다립니다.
2026-06-01 10:38:45,672 - INFO - 60초 후 다음 확인을 진행합니다. (현재 상태: BUYING)
2026-06-01 10:39:45,794 - INFO - [005930] 현재가: 344500, 고가: 345500, 저가: 319500
2026-06-01 10:39:51,770 - INFO - 계좌 예수금: 8057230원
2026-06-01 10:39:53,103 - INFO - 이미 매수 주문(0000026602)이 진행 중입니다. 체결을 기다립니다.
2026-06-01 10:39:53,103 - INFO - 60초 후 다음 확인을 진행합니다. (현재 상태: BUYING)
2026-06-01 10:40:53,523 - INFO - [005930] 현재가: 345500, 고가: 345500, 저가: 319500
2026-06-01 10:40:58,948 - INFO - 계좌 예수금: 8057230원
2026-06-01 10:40:59,767 - INFO - 이미 매수 주문(0000026602)이 진행 중입니다. 체결을 기다립니다.
2026-06-01 10:40:59,768 - INFO - 60초 후 다음 확인을 진행합니다. (현재 상태: BUYING)
2026-06-01 10:42:02,241 - INFO - [005930] 현재가: 345500, 고가: 346000, 저가: 319500
2026-06-01 10:42:10,168 - INFO - 계좌 예수금: 8057230원
2026-06-01 10:42:10,307 - INFO - 이미 매수 주문(0000026602)이 진행 중입니다. 체결을 기다립니다.
2026-06-01 10:42:10,308 - INFO - 60초 후 다음 확인을 진행합니다. (현재 상태: BUYING)
2026-06-01 10:43:10,446 - INFO - [005930] 현재가: 345500, 고가: 346000, 저가: 319500
2026-06-01 10:43:18,431 - INFO - 계좌 예수금: 8057230원
2026-06-01 10:43:18,543 - INFO - 이미 매수 주문(0000026602)이 진행 중입니다. 체결을 기다립니다.
2026-06-01 10:43:18,544 - INFO - 60초 후 다음 확인을 진행합니다. (현재 상태: BUYING)
2026-06-01 10:44:20,483 - INFO - [005930] 현재가: 345750, 고가: 346000, 저가: 319500
2026-06-01 10:44:24,480 - INFO - 계좌 예수금: 8057230원
2026-06-01 10:44:24,615 - INFO - 이미 매수 주문(0000026602)이 진행 중입니다. 체결을 기다립니다.
2026-06-01 10:44:24,615 - INFO - 60초 후 다음 확인을 진행합니다. (현재 상태: BUYING)
2026-06-01 10:45:28,788 - INFO - [005930] 현재가: 346000, 고가: 347000, 저가: 319500
2026-06-01 10:45:37,491 - INFO - 계좌 예수금: 8057230원
2026-06-01 10:45:37,601 - INFO - 이미 매수 주문(0000026602)이 진행 중입니다. 체결을 기다립니다.
2026-06-01 10:45:37,603 - INFO - 60초 후 다음 확인을 진행합니다. (현재 상태: BUYING)
2026-06-01 10:46:37,722 - INFO - [005930] 현재가: 346500, 고가: 347000, 저가: 319500
2026-06-01 10:46:42,007 - INFO - 계좌 예수금: 8057230원
2026-06-01 10:46:42,140 - INFO - 이미 매수 주문(0000026602)이 진행 중입니다. 체결을 기다립니다.
2026-06-01 10:46:42,141 - INFO - 60초 후 다음 확인을 진행합니다. (현재 상태: BUYING)
2026-06-01 10:47:44,105 - INFO - [005930] 현재가: 346500, 고가: 347000, 저가: 319500
2026-06-01 10:47:48,263 - INFO - 계좌 예수금: 8057230원
2026-06-01 10:47:48,578 - INFO - 이미 매수 주문(0000026602)이 진행 중입니다. 체결을 기다립니다.
2026-06-01 10:47:48,579 - INFO - 60초 후 다음 확인을 진행합니다. (현재 상태: BUYING)
2026-06-01 10:48:50,932 - INFO - [005930] 현재가: 347500, 고가: 347500, 저가: 319500
2026-06-01 10:48:58,529 - INFO - 계좌 예수금: 8057230원
2026-06-01 10:48:58,652 - INFO - 이미 매수 주문(0000026602)이 진행 중입니다. 체결을 기다립니다.
2026-06-01 10:48:58,652 - INFO - 60초 후 다음 확인을 진행합니다. (현재 상태: BUYING)
2026-06-01 10:49:58,746 - INFO - [005930] 현재가: 347500, 고가: 348000, 저가: 319500
2026-06-01 10:50:02,725 - INFO - 계좌 예수금: 8057230원
2026-06-01 10:50:06,511 - INFO - 이미 매수 주문(0000026602)이 진행 중입니다. 체결을 기다립니다.
2026-06-01 10:50:06,512 - INFO - 60초 후 다음 확인을 진행합니다. (현재 상태: BUYING)
2026-06-01 10:51:06,630 - INFO - [005930] 현재가: 347500, 고가: 348500, 저가: 319500
2026-06-01 10:51:10,540 - INFO - 계좌 예수금: 8057230원
2026-06-01 10:51:15,687 - INFO - 이미 매수 주문(0000026602)이 진행 중입니다. 체결을 기다립니다.
2026-06-01 10:51:15,688 - INFO - 60초 후 다음 확인을 진행합니다. (현재 상태: BUYING)
2026-06-01 10:52:26,778 - ERROR - GET 요청 실패 (FHKST01010100): HTTPSConnectionPool(host='openapivts.koreainvestment.com', port=29443): Max retries exceeded with url: /uapi/domestic-stock/v1/quotations/inquire-price?FID_COND_MRKT_DIV_CODE=J&FID_INPUT_ISCD=005930 (Caused by NameResolutionError("HTTPSConnection(host='openapivts.koreainvestment.com', port=29443): Failed to resolve 'openapivts.koreainvestment.com' ([Errno 11001] getaddrinfo failed)"))
2026-06-01 10:52:26,780 - WARNING - [005930] 현재가를 가져오는데 실패했습니다. 10초 후 재시도합니다.
2026-06-01 10:52:43,974 - INFO - [005930] 현재가: 347750, 고가: 348500, 저가: 319500
2026-06-01 10:52:50,709 - INFO - 계좌 예수금: 8057230원
2026-06-01 10:52:50,832 - INFO - 이미 매수 주문(0000026602)이 진행 중입니다. 체결을 기다립니다.
2026-06-01 10:52:50,833 - INFO - 60초 후 다음 확인을 진행합니다. (현재 상태: BUYING)
2026-06-01 10:53:52,313 - INFO - [005930] 현재가: 348000, 고가: 348500, 저가: 319500
2026-06-01 10:53:59,860 - INFO - 계좌 예수금: 8057230원
2026-06-01 10:54:00,320 - INFO - 이미 매수 주문(0000026602)이 진행 중입니다. 체결을 기다립니다.
2026-06-01 10:54:00,321 - INFO - 60초 후 다음 확인을 진행합니다. (현재 상태: BUYING)
2026-06-01 10:55:02,556 - INFO - [005930] 현재가: 348000, 고가: 348500, 저가: 319500
2026-06-01 10:55:11,054 - INFO - 계좌 예수금: 8057230원
2026-06-01 10:55:14,536 - INFO - 이미 매수 주문(0000026602)이 진행 중입니다. 체결을 기다립니다.
2026-06-01 10:55:14,537 - INFO - 60초 후 다음 확인을 진행합니다. (현재 상태: BUYING)
2026-06-01 10:56:18,540 - INFO - [005930] 현재가: 348500, 고가: 349000, 저가: 319500
2026-06-01 10:56:23,320 - INFO - 계좌 예수금: 8057230원
2026-06-01 10:56:25,710 - INFO - 이미 매수 주문(0000026602)이 진행 중입니다. 체결을 기다립니다.
2026-06-01 10:56:25,711 - INFO - 60초 후 다음 확인을 진행합니다. (현재 상태: BUYING)
2026-06-01 10:57:25,841 - INFO - [005930] 현재가: 347500, 고가: 349000, 저가: 319500
2026-06-01 10:57:31,043 - INFO - 계좌 예수금: 8057230원
2026-06-01 10:57:31,554 - INFO - 이미 매수 주문(0000026602)이 진행 중입니다. 체결을 기다립니다.
2026-06-01 10:57:31,555 - INFO - 60초 후 다음 확인을 진행합니다. (현재 상태: BUYING)
2026-06-01 10:58:31,693 - INFO - [005930] 현재가: 346500, 고가: 349000, 저가: 319500
2026-06-01 10:58:41,267 - INFO - 계좌 예수금: 8057230원
2026-06-01 10:58:43,994 - INFO - 이미 매수 주문(0000026602)이 진행 중입니다. 체결을 기다립니다.
2026-06-01 10:58:43,995 - INFO - 60초 후 다음 확인을 진행합니다. (현재 상태: BUYING)
2026-06-01 10:59:44,122 - INFO - [005930] 현재가: 346250, 고가: 349000, 저가: 319500
2026-06-01 10:59:48,188 - INFO - 계좌 예수금: 8057230원
2026-06-01 10:59:49,499 - INFO - 이미 매수 주문(0000026602)이 진행 중입니다. 체결을 기다립니다.
2026-06-01 10:59:49,500 - INFO - 60초 후 다음 확인을 진행합니다. (현재 상태: BUYING)
2026-06-01 11:00:52,990 - INFO - [005930] 현재가: 347000, 고가: 349000, 저가: 319500
2026-06-01 11:00:59,849 - INFO - 계좌 예수금: 8057230원
2026-06-01 11:01:01,387 - INFO - 이미 매수 주문(0000026602)이 진행 중입니다. 체결을 기다립니다.
2026-06-01 11:01:01,387 - INFO - 60초 후 다음 확인을 진행합니다. (현재 상태: BUYING)
2026-06-01 11:02:04,777 - INFO - [005930] 현재가: 347500, 고가: 349000, 저가: 319500
2026-06-01 11:02:13,482 - INFO - 계좌 예수금: 8057230원
2026-06-01 11:02:17,372 - INFO - 이미 매수 주문(0000026602)이 진행 중입니다. 체결을 기다립니다.
2026-06-01 11:02:17,373 - INFO - 60초 후 다음 확인을 진행합니다. (현재 상태: BUYING)
2026-06-01 11:03:17,525 - INFO - [005930] 현재가: 347250, 고가: 349000, 저가: 319500
2026-06-01 11:03:25,679 - INFO - 계좌 예수금: 8057230원
2026-06-01 11:03:25,807 - INFO - 이미 매수 주문(0000026602)이 진행 중입니다. 체결을 기다립니다.
2026-06-01 11:03:25,808 - INFO - 60초 후 다음 확인을 진행합니다. (현재 상태: BUYING)
2026-06-01 11:04:25,953 - INFO - [005930] 현재가: 347000, 고가: 349000, 저가: 319500
2026-06-01 11:04:29,377 - INFO - 계좌 예수금: 8057230원
2026-06-01 11:04:29,504 - INFO - 이미 매수 주문(0000026602)이 진행 중입니다. 체결을 기다립니다.
2026-06-01 11:04:29,505 - INFO - 60초 후 다음 확인을 진행합니다. (현재 상태: BUYING)
2026-06-01 11:05:32,358 - INFO - [005930] 현재가: 345500, 고가: 349000, 저가: 319500
2026-06-01 11:05:39,564 - INFO - 계좌 예수금: 8057230원
2026-06-01 11:05:39,684 - INFO - 이미 매수 주문(0000026602)이 진행 중입니다. 체결을 기다립니다.
2026-06-01 11:05:39,685 - INFO - 60초 후 다음 확인을 진행합니다. (현재 상태: BUYING)
2026-06-01 11:06:39,797 - INFO - [005930] 현재가: 346000, 고가: 349000, 저가: 319500
2026-06-01 11:06:45,061 - INFO - 계좌 예수금: 8057230원
2026-06-01 11:06:46,087 - INFO - 이미 매수 주문(0000026602)이 진행 중입니다. 체결을 기다립니다.
2026-06-01 11:06:46,087 - INFO - 60초 후 다음 확인을 진행합니다. (현재 상태: BUYING)
2026-06-01 11:07:47,122 - INFO - [005930] 현재가: 346000, 고가: 349000, 저가: 319500
2026-06-01 11:07:52,653 - INFO - 계좌 예수금: 8057230원
2026-06-01 11:07:53,076 - INFO - 이미 매수 주문(0000026602)이 진행 중입니다. 체결을 기다립니다.
2026-06-01 11:07:53,078 - INFO - 60초 후 다음 확인을 진행합니다. (현재 상태: BUYING)
2026-06-01 11:08:53,216 - INFO - [005930] 현재가: 346750, 고가: 349000, 저가: 319500
2026-06-01 11:08:57,270 - INFO - 계좌 예수금: 8057230원
2026-06-01 11:08:57,391 - INFO - 이미 매수 주문(0000026602)이 진행 중입니다. 체결을 기다립니다.
2026-06-01 11:08:57,392 - INFO - 60초 후 다음 확인을 진행합니다. (현재 상태: BUYING)
2026-06-01 11:09:57,543 - INFO - [005930] 현재가: 347500, 고가: 349000, 저가: 319500
2026-06-01 11:10:03,527 - INFO - 계좌 예수금: 8057230원
2026-06-01 11:10:06,191 - INFO - 이미 매수 주문(0000026602)이 진행 중입니다. 체결을 기다립니다.
2026-06-01 11:10:06,193 - INFO - 60초 후 다음 확인을 진행합니다. (현재 상태: BUYING)
2026-06-01 11:11:10,193 - INFO - [005930] 현재가: 347500, 고가: 349000, 저가: 319500
2026-06-01 11:11:14,289 - INFO - 계좌 예수금: 8057230원
2026-06-01 11:11:14,420 - INFO - 이미 매수 주문(0000026602)이 진행 중입니다. 체결을 기다립니다.
2026-06-01 11:11:14,421 - INFO - 60초 후 다음 확인을 진행합니다. (현재 상태: BUYING)
2026-06-01 11:12:16,247 - INFO - [005930] 현재가: 347500, 고가: 349000, 저가: 319500
2026-06-01 11:12:22,392 - INFO - 계좌 예수금: 8057230원
2026-06-01 11:12:23,107 - INFO - 이미 매수 주문(0000026602)이 진행 중입니다. 체결을 기다립니다.
2026-06-01 11:12:23,107 - INFO - 60초 후 다음 확인을 진행합니다. (현재 상태: BUYING)
2026-06-01 11:13:23,349 - INFO - [005930] 현재가: 348000, 고가: 349000, 저가: 319500
2026-06-01 11:13:28,033 - INFO - 계좌 예수금: 8057230원
2026-06-01 11:13:28,165 - INFO - 이미 매수 주문(0000026602)이 진행 중입니다. 체결을 기다립니다.
2026-06-01 11:13:28,169 - INFO - 60초 후 다음 확인을 진행합니다. (현재 상태: BUYING)
2026-06-01 11:14:28,316 - INFO - [005930] 현재가: 347750, 고가: 349000, 저가: 319500
2026-06-01 11:14:34,595 - INFO - 계좌 예수금: 8057230원
2026-06-01 11:14:34,708 - INFO - 이미 매수 주문(0000026602)이 진행 중입니다. 체결을 기다립니다.
2026-06-01 11:14:34,709 - INFO - 60초 후 다음 확인을 진행합니다. (현재 상태: BUYING)
2026-06-01 11:15:35,732 - INFO - [005930] 현재가: 348000, 고가: 349000, 저가: 319500
2026-06-01 11:15:41,369 - INFO - 계좌 예수금: 8057230원
2026-06-01 11:15:43,721 - INFO - 이미 매수 주문(0000026602)이 진행 중입니다. 체결을 기다립니다.
2026-06-01 11:15:43,722 - INFO - 60초 후 다음 확인을 진행합니다. (현재 상태: BUYING)
2026-06-01 11:16:43,829 - INFO - [005930] 현재가: 348000, 고가: 349000, 저가: 319500
2026-06-01 11:16:49,261 - INFO - 계좌 예수금: 8057230원
2026-06-01 11:16:49,407 - INFO - 이미 매수 주문(0000026602)이 진행 중입니다. 체결을 기다립니다.
2026-06-01 11:16:49,408 - INFO - 60초 후 다음 확인을 진행합니다. (현재 상태: BUYING)
2026-06-01 11:17:49,586 - INFO - [005930] 현재가: 348000, 고가: 349000, 저가: 319500
2026-06-01 11:17:54,492 - INFO - 계좌 예수금: 8057230원
2026-06-01 11:17:55,008 - INFO - 이미 매수 주문(0000026602)이 진행 중입니다. 체결을 기다립니다.
2026-06-01 11:17:55,009 - INFO - 60초 후 다음 확인을 진행합니다. (현재 상태: BUYING)
2026-06-01 11:18:55,451 - INFO - [005930] 현재가: 347000, 고가: 349000, 저가: 319500
2026-06-01 11:19:03,007 - INFO - 계좌 예수금: 8057230원
2026-06-01 11:19:03,138 - INFO - 이미 매수 주문(0000026602)이 진행 중입니다. 체결을 기다립니다.
2026-06-01 11:19:03,138 - INFO - 60초 후 다음 확인을 진행합니다. (현재 상태: BUYING)
2026-06-01 11:20:08,338 - INFO - [005930] 현재가: 347000, 고가: 349000, 저가: 319500
2026-06-01 11:20:18,784 - INFO - 계좌 예수금: 8057230원
2026-06-01 11:20:23,803 - INFO - 이미 매수 주문(0000026602)이 진행 중입니다. 체결을 기다립니다.
2026-06-01 11:20:23,805 - INFO - 60초 후 다음 확인을 진행합니다. (현재 상태: BUYING)
2026-06-01 11:21:23,951 - INFO - [005930] 현재가: 346000, 고가: 349000, 저가: 319500
2026-06-01 11:21:28,422 - INFO - 계좌 예수금: 8057230원
2026-06-01 11:21:28,537 - INFO - 이미 매수 주문(0000026602)이 진행 중입니다. 체결을 기다립니다.
2026-06-01 11:21:28,538 - INFO - 60초 후 다음 확인을 진행합니다. (현재 상태: BUYING)
2026-06-01 11:22:29,562 - INFO - [005930] 현재가: 345500, 고가: 349000, 저가: 319500
2026-06-01 11:22:35,394 - INFO - 계좌 예수금: 8057230원
2026-06-01 11:22:37,235 - INFO - 이미 매수 주문(0000026602)이 진행 중입니다. 체결을 기다립니다.
2026-06-01 11:22:37,236 - INFO - 60초 후 다음 확인을 진행합니다. (현재 상태: BUYING)
2026-06-01 11:23:37,361 - INFO - [005930] 현재가: 346000, 고가: 349000, 저가: 319500
2026-06-01 11:23:42,983 - INFO - 계좌 예수금: 8057230원
2026-06-01 11:23:43,107 - INFO - 이미 매수 주문(0000026602)이 진행 중입니다. 체결을 기다립니다.
2026-06-01 11:23:43,108 - INFO - 60초 후 다음 확인을 진행합니다. (현재 상태: BUYING)
2026-06-01 11:24:43,811 - INFO - [005930] 현재가: 346000, 고가: 349000, 저가: 319500
2026-06-01 11:24:49,240 - INFO - 계좌 예수금: 8057230원
2026-06-01 11:24:49,518 - INFO - 이미 매수 주문(0000026602)이 진행 중입니다. 체결을 기다립니다.
2026-06-01 11:24:49,519 - INFO - 60초 후 다음 확인을 진행합니다. (현재 상태: BUYING)
2026-06-01 11:25:51,501 - INFO - [005930] 현재가: 346000, 고가: 349000, 저가: 319500
2026-06-01 11:25:58,058 - INFO - 계좌 예수금: 8057230원
2026-06-01 11:26:01,025 - INFO - 이미 매수 주문(0000026602)이 진행 중입니다. 체결을 기다립니다.
2026-06-01 11:26:01,026 - INFO - 60초 후 다음 확인을 진행합니다. (현재 상태: BUYING)
2026-06-01 11:27:01,144 - INFO - [005930] 현재가: 346500, 고가: 349000, 저가: 319500
2026-06-01 11:27:10,252 - INFO - 계좌 예수금: 8057230원
2026-06-01 11:27:15,347 - INFO - 이미 매수 주문(0000026602)이 진행 중입니다. 체결을 기다립니다.
2026-06-01 11:27:15,348 - INFO - 60초 후 다음 확인을 진행합니다. (현재 상태: BUYING)
2026-06-01 11:28:15,793 - INFO - [005930] 현재가: 346500, 고가: 349000, 저가: 319500
2026-06-01 11:28:21,424 - INFO - 계좌 예수금: 8057230원
2026-06-01 11:28:24,805 - INFO - 이미 매수 주문(0000026602)이 진행 중입니다. 체결을 기다립니다.
2026-06-01 11:28:24,806 - INFO - 60초 후 다음 확인을 진행합니다. (현재 상태: BUYING)
2026-06-01 11:29:26,385 - INFO - [005930] 현재가: 346750, 고가: 349000, 저가: 319500
2026-06-01 11:29:31,470 - INFO - 계좌 예수금: 8057230원
2026-06-01 11:29:31,589 - INFO - 이미 매수 주문(0000026602)이 진행 중입니다. 체결을 기다립니다.
2026-06-01 11:29:31,590 - INFO - 60초 후 다음 확인을 진행합니다. (현재 상태: BUYING)
2026-06-01 11:30:33,529 - INFO - [005930] 현재가: 347750, 고가: 349000, 저가: 319500
2026-06-01 11:30:41,518 - INFO - 계좌 예수금: 8057230원
2026-06-01 11:30:43,153 - INFO - 이미 매수 주문(0000026602)이 진행 중입니다. 체결을 기다립니다.
2026-06-01 11:30:43,154 - INFO - 60초 후 다음 확인을 진행합니다. (현재 상태: BUYING)
2026-06-01 11:31:43,782 - INFO - [005930] 현재가: 346750, 고가: 349000, 저가: 319500
2026-06-01 11:31:49,515 - INFO - 계좌 예수금: 8057230원
2026-06-01 11:31:51,062 - INFO - 이미 매수 주문(0000026602)이 진행 중입니다. 체결을 기다립니다.
2026-06-01 11:31:51,063 - INFO - 60초 후 다음 확인을 진행합니다. (현재 상태: BUYING)
2026-06-01 11:32:53,211 - INFO - [005930] 현재가: 347000, 고가: 349000, 저가: 319500
2026-06-01 11:32:57,103 - INFO - 계좌 예수금: 8057230원
2026-06-01 11:32:59,456 - INFO - 이미 매수 주문(0000026602)이 진행 중입니다. 체결을 기다립니다.
2026-06-01 11:32:59,457 - INFO - 60초 후 다음 확인을 진행합니다. (현재 상태: BUYING)
2026-06-01 11:33:59,585 - INFO - [005930] 현재가: 346500, 고가: 349000, 저가: 319500
2026-06-01 11:34:07,352 - INFO - 계좌 예수금: 8057230원
2026-06-01 11:34:11,143 - INFO - 이미 매수 주문(0000026602)이 진행 중입니다. 체결을 기다립니다.
2026-06-01 11:34:11,143 - INFO - 60초 후 다음 확인을 진행합니다. (현재 상태: BUYING)
2026-06-01 11:35:11,273 - INFO - [005930] 현재가: 347500, 고가: 349000, 저가: 319500
2026-06-01 11:35:21,035 - INFO - 계좌 예수금: 8057230원
2026-06-01 11:35:21,519 - INFO - 이미 매수 주문(0000026602)이 진행 중입니다. 체결을 기다립니다.
2026-06-01 11:35:21,520 - INFO - 60초 후 다음 확인을 진행합니다. (현재 상태: BUYING)
2026-06-01 11:36:24,684 - INFO - [005930] 현재가: 348000, 고가: 349000, 저가: 319500
2026-06-01 11:36:30,108 - INFO - 계좌 예수금: 8057230원
2026-06-01 11:36:30,278 - INFO - 이미 매수 주문(0000026602)이 진행 중입니다. 체결을 기다립니다.
2026-06-01 11:36:30,278 - INFO - 60초 후 다음 확인을 진행합니다. (현재 상태: BUYING)
2026-06-01 11:37:31,143 - INFO - [005930] 현재가: 347500, 고가: 349000, 저가: 319500
2026-06-01 11:37:36,982 - INFO - 계좌 예수금: 8057230원
2026-06-01 11:37:37,899 - INFO - 이미 매수 주문(0000026602)이 진행 중입니다. 체결을 기다립니다.
2026-06-01 11:37:37,900 - INFO - 60초 후 다음 확인을 진행합니다. (현재 상태: BUYING)
2026-06-01 11:38:38,133 - INFO - [005930] 현재가: 347500, 고가: 349000, 저가: 319500
2026-06-01 11:38:43,341 - INFO - 계좌 예수금: 8057230원
2026-06-01 11:38:44,057 - INFO - 이미 매수 주문(0000026602)이 진행 중입니다. 체결을 기다립니다.
2026-06-01 11:38:44,058 - INFO - 60초 후 다음 확인을 진행합니다. (현재 상태: BUYING)
2026-06-01 11:39:44,196 - INFO - [005930] 현재가: 347000, 고가: 349000, 저가: 319500
2026-06-01 11:39:49,801 - INFO - 계좌 예수금: 8057230원
2026-06-01 11:39:50,517 - INFO - 이미 매수 주문(0000026602)이 진행 중입니다. 체결을 기다립니다.
2026-06-01 11:39:50,518 - INFO - 60초 후 다음 확인을 진행합니다. (현재 상태: BUYING)
2026-06-01 11:40:52,575 - INFO - [005930] 현재가: 347000, 고가: 349000, 저가: 319500
2026-06-01 11:40:59,232 - INFO - 계좌 예수금: 8057230원
2026-06-01 11:41:01,586 - INFO - 이미 매수 주문(0000026602)이 진행 중입니다. 체결을 기다립니다.
2026-06-01 11:41:01,587 - INFO - 60초 후 다음 확인을 진행합니다. (현재 상태: BUYING)
2026-06-01 11:42:02,074 - INFO - [005930] 현재가: 347000, 고가: 349000, 저가: 319500
2026-06-01 11:42:07,947 - INFO - 계좌 예수금: 8057230원
2026-06-01 11:42:12,892 - INFO - 이미 매수 주문(0000026602)이 진행 중입니다. 체결을 기다립니다.
2026-06-01 11:42:12,892 - INFO - 60초 후 다음 확인을 진행합니다. (현재 상태: BUYING)
2026-06-01 11:43:15,898 - INFO - [005930] 현재가: 346750, 고가: 349000, 저가: 319500
2026-06-01 11:43:23,624 - INFO - 계좌 예수금: 8057230원
2026-06-01 11:43:23,743 - INFO - 이미 매수 주문(0000026602)이 진행 중입니다. 체결을 기다립니다.
2026-06-01 11:43:23,744 - INFO - 60초 후 다음 확인을 진행합니다. (현재 상태: BUYING)
2026-06-01 11:44:25,681 - INFO - [005930] 현재가: 346500, 고가: 349000, 저가: 319500
2026-06-01 11:44:31,113 - INFO - 계좌 예수금: 8057230원
2026-06-01 11:44:31,441 - INFO - 이미 매수 주문(0000026602)이 진행 중입니다. 체결을 기다립니다.
2026-06-01 11:44:31,441 - INFO - 60초 후 다음 확인을 진행합니다. (현재 상태: BUYING)
2026-06-01 11:45:33,189 - INFO - [005930] 현재가: 346500, 고가: 349000, 저가: 319500
2026-06-01 11:45:41,057 - INFO - 계좌 예수금: 8057230원
2026-06-01 11:45:42,489 - INFO - 이미 매수 주문(0000026602)이 진행 중입니다. 체결을 기다립니다.
2026-06-01 11:45:42,489 - INFO - 60초 후 다음 확인을 진행합니다. (현재 상태: BUYING)
2026-06-01 11:46:42,625 - INFO - [005930] 현재가: 346500, 고가: 349000, 저가: 319500
2026-06-01 11:46:46,713 - INFO - 계좌 예수금: 8057230원
2026-06-01 11:46:46,841 - INFO - 이미 매수 주문(0000026602)이 진행 중입니다. 체결을 기다립니다.
2026-06-01 11:46:46,842 - INFO - 60초 후 다음 확인을 진행합니다. (현재 상태: BUYING)
2026-06-01 11:47:46,968 - INFO - [005930] 현재가: 345000, 고가: 349000, 저가: 319500
2026-06-01 11:47:51,319 - INFO - 계좌 예수금: 8057230원
2026-06-01 11:47:51,441 - INFO - 이미 매수 주문(0000026602)이 진행 중입니다. 체결을 기다립니다.
2026-06-01 11:47:51,442 - INFO - 60초 후 다음 확인을 진행합니다. (현재 상태: BUYING)
2026-06-01 11:48:51,571 - INFO - [005930] 현재가: 344500, 고가: 349000, 저가: 319500
2026-06-01 11:48:57,878 - INFO - 계좌 예수금: 8057230원
2026-06-01 11:48:59,932 - INFO - 이미 매수 주문(0000026602)이 진행 중입니다. 체결을 기다립니다.
2026-06-01 11:48:59,934 - INFO - 60초 후 다음 확인을 진행합니다. (현재 상태: BUYING)
2026-06-01 11:50:01,884 - INFO - [005930] 현재가: 345000, 고가: 349000, 저가: 319500
2026-06-01 11:50:06,902 - INFO - 계좌 예수금: 8057230원
2026-06-01 11:50:11,817 - INFO - 이미 매수 주문(0000026602)이 진행 중입니다. 체결을 기다립니다.
2026-06-01 11:50:11,818 - INFO - 60초 후 다음 확인을 진행합니다. (현재 상태: BUYING)
2026-06-01 11:51:13,903 - INFO - [005930] 현재가: 344500, 고가: 349000, 저가: 319500
2026-06-01 11:51:19,302 - INFO - 계좌 예수금: 8057230원
2026-06-01 11:51:19,713 - INFO - 이미 매수 주문(0000026602)이 진행 중입니다. 체결을 기다립니다.
2026-06-01 11:51:19,714 - INFO - 60초 후 다음 확인을 진행합니다. (현재 상태: BUYING)
2026-06-01 11:52:22,487 - INFO - [005930] 현재가: 344500, 고가: 349000, 저가: 319500
2026-06-01 11:52:29,860 - INFO - 계좌 예수금: 8057230원
2026-06-01 11:52:32,319 - INFO - 이미 매수 주문(0000026602)이 진행 중입니다. 체결을 기다립니다.
2026-06-01 11:52:32,320 - INFO - 60초 후 다음 확인을 진행합니다. (현재 상태: BUYING)
2026-06-01 11:53:34,688 - INFO - [005930] 현재가: 344000, 고가: 349000, 저가: 319500
2026-06-01 11:53:39,907 - INFO - 계좌 예수금: 8057230원
2026-06-01 11:53:42,058 - INFO - 이미 매수 주문(0000026602)이 진행 중입니다. 체결을 기다립니다.
2026-06-01 11:53:42,059 - INFO - 60초 후 다음 확인을 진행합니다. (현재 상태: BUYING)
2026-06-01 11:54:42,170 - INFO - [005930] 현재가: 344750, 고가: 349000, 저가: 319500
2026-06-01 11:54:44,936 - INFO - 계좌 예수금: 8057230원
2026-06-01 11:54:46,472 - INFO - 이미 매수 주문(0000026602)이 진행 중입니다. 체결을 기다립니다.
2026-06-01 11:54:46,473 - INFO - 60초 후 다음 확인을 진행합니다. (현재 상태: BUYING)
2026-06-01 11:55:46,654 - INFO - [005930] 현재가: 346000, 고가: 349000, 저가: 319500
2026-06-01 11:55:54,378 - INFO - 계좌 예수금: 8057230원
2026-06-01 11:55:54,507 - INFO - 이미 매수 주문(0000026602)이 진행 중입니다. 체결을 기다립니다.
2026-06-01 11:55:54,508 - INFO - 60초 후 다음 확인을 진행합니다. (현재 상태: BUYING)
2026-06-01 11:56:54,849 - INFO - [005930] 현재가: 346500, 고가: 349000, 저가: 319500
2026-06-01 11:57:02,671 - INFO - 계좌 예수금: 8057230원
2026-06-01 11:57:02,791 - INFO - 이미 매수 주문(0000026602)이 진행 중입니다. 체결을 기다립니다.
2026-06-01 11:57:02,792 - INFO - 60초 후 다음 확인을 진행합니다. (현재 상태: BUYING)
2026-06-01 11:58:04,398 - INFO - [005930] 현재가: 346500, 고가: 349000, 저가: 319500
2026-06-01 11:58:11,447 - INFO - 계좌 예수금: 8057230원
2026-06-01 11:58:14,971 - INFO - 이미 매수 주문(0000026602)이 진행 중입니다. 체결을 기다립니다.
2026-06-01 11:58:14,971 - INFO - 60초 후 다음 확인을 진행합니다. (현재 상태: BUYING)
2026-06-01 11:59:16,823 - INFO - [005930] 현재가: 346750, 고가: 349000, 저가: 319500
2026-06-01 11:59:23,071 - INFO - 계좌 예수금: 8057230원
2026-06-01 11:59:23,222 - INFO - 이미 매수 주문(0000026602)이 진행 중입니다. 체결을 기다립니다.
2026-06-01 11:59:23,223 - INFO - 60초 후 다음 확인을 진행합니다. (현재 상태: BUYING)
2026-06-01 12:00:26,459 - INFO - [005930] 현재가: 347000, 고가: 349000, 저가: 319500
2026-06-01 12:00:36,495 - INFO - 계좌 예수금: 8057230원
2026-06-01 12:00:39,160 - INFO - 이미 매수 주문(0000026602)이 진행 중입니다. 체결을 기다립니다.
2026-06-01 12:00:39,161 - INFO - 60초 후 다음 확인을 진행합니다. (현재 상태: BUYING)
2026-06-01 12:01:41,420 - INFO - [005930] 현재가: 346500, 고가: 349000, 저가: 319500
2026-06-01 12:01:46,647 - INFO - 계좌 예수금: 8057230원
2026-06-01 12:01:49,004 - INFO - 이미 매수 주문(0000026602)이 진행 중입니다. 체결을 기다립니다.
2026-06-01 12:01:49,005 - INFO - 60초 후 다음 확인을 진행합니다. (현재 상태: BUYING)
2026-06-01 12:02:50,033 - INFO - [005930] 현재가: 347000, 고가: 349000, 저가: 319500
2026-06-01 12:02:55,871 - INFO - 계좌 예수금: 8057230원
2026-06-01 12:02:56,128 - INFO - 이미 매수 주문(0000026602)이 진행 중입니다. 체결을 기다립니다.
2026-06-01 12:02:56,129 - INFO - 60초 후 다음 확인을 진행합니다. (현재 상태: BUYING)
2026-06-01 12:03:57,211 - INFO - [005930] 현재가: 347500, 고가: 349000, 저가: 319500
2026-06-01 12:04:01,718 - INFO - 계좌 예수금: 8057230원
2026-06-01 12:04:03,459 - INFO - 이미 매수 주문(0000026602)이 진행 중입니다. 체결을 기다립니다.
2026-06-01 12:04:03,460 - INFO - 60초 후 다음 확인을 진행합니다. (현재 상태: BUYING)
2026-06-01 12:05:06,438 - INFO - [005930] 현재가: 348000, 고가: 349000, 저가: 319500
2026-06-01 12:05:15,962 - INFO - 계좌 예수금: 8057230원
2026-06-01 12:05:18,843 - INFO - 이미 매수 주문(0000026602)이 진행 중입니다. 체결을 기다립니다.
2026-06-01 12:05:18,844 - INFO - 60초 후 다음 확인을 진행합니다. (현재 상태: BUYING)
2026-06-01 12:06:22,833 - INFO - [005930] 현재가: 348000, 고가: 349000, 저가: 319500
2026-06-01 12:06:31,026 - INFO - 계좌 예수금: 8057230원
2026-06-01 12:06:31,149 - INFO - 이미 매수 주문(0000026602)이 진행 중입니다. 체결을 기다립니다.
2026-06-01 12:06:31,150 - INFO - 60초 후 다음 확인을 진행합니다. (현재 상태: BUYING)
2026-06-01 12:07:34,725 - INFO - [005930] 현재가: 348000, 고가: 349000, 저가: 319500
2026-06-01 12:07:35,952 - INFO - 계좌 예수금: 8057230원
2026-06-01 12:07:36,341 - INFO - 이미 매수 주문(0000026602)이 진행 중입니다. 체결을 기다립니다.
2026-06-01 12:07:36,342 - INFO - 60초 후 다음 확인을 진행합니다. (현재 상태: BUYING)
2026-06-01 12:08:40,060 - INFO - [005930] 현재가: 348000, 고가: 349000, 저가: 319500
2026-06-01 12:08:48,456 - INFO - 계좌 예수금: 8057230원
2026-06-01 12:08:51,425 - INFO - 이미 매수 주문(0000026602)이 진행 중입니다. 체결을 기다립니다.
2026-06-01 12:08:51,426 - INFO - 60초 후 다음 확인을 진행합니다. (현재 상태: BUYING)
2026-06-01 12:09:51,573 - INFO - [005930] 현재가: 347500, 고가: 349000, 저가: 319500
2026-06-01 12:09:56,353 - INFO - 계좌 예수금: 8057230원
2026-06-01 12:09:58,398 - INFO - 이미 매수 주문(0000026602)이 진행 중입니다. 체결을 기다립니다.
2026-06-01 12:09:58,399 - INFO - 60초 후 다음 확인을 진행합니다. (현재 상태: BUYING)
2026-06-01 12:11:01,584 - INFO - [005930] 현재가: 347500, 고가: 349000, 저가: 319500
2026-06-01 12:11:06,937 - INFO - 계좌 예수금: 8057230원
2026-06-01 12:11:12,151 - INFO - 이미 매수 주문(0000026602)이 진행 중입니다. 체결을 기다립니다.
2026-06-01 12:11:12,152 - INFO - 60초 후 다음 확인을 진행합니다. (현재 상태: BUYING)
2026-06-01 12:12:12,756 - INFO - [005930] 현재가: 348000, 고가: 349000, 저가: 319500
2026-06-01 12:12:17,774 - INFO - 계좌 예수금: 8057230원
2026-06-01 12:12:20,845 - INFO - 이미 매수 주문(0000026602)이 진행 중입니다. 체결을 기다립니다.
2026-06-01 12:12:20,846 - INFO - 60초 후 다음 확인을 진행합니다. (현재 상태: BUYING)
2026-06-01 12:13:20,992 - INFO - [005930] 현재가: 348000, 고가: 349000, 저가: 319500
2026-06-01 12:13:27,721 - INFO - 계좌 예수금: 8057230원
2026-06-01 12:13:27,860 - INFO - 이미 매수 주문(0000026602)이 진행 중입니다. 체결을 기다립니다.
2026-06-01 12:13:27,861 - INFO - 60초 후 다음 확인을 진행합니다. (현재 상태: BUYING)
2026-06-01 12:14:29,878 - INFO - [005930] 현재가: 347750, 고가: 349000, 저가: 319500
2026-06-01 12:14:37,149 - INFO - 계좌 예수금: 8057230원
2026-06-01 12:14:38,894 - INFO - 이미 매수 주문(0000026602)이 진행 중입니다. 체결을 기다립니다.
2026-06-01 12:14:38,894 - INFO - 60초 후 다음 확인을 진행합니다. (현재 상태: BUYING)
2026-06-01 12:15:42,076 - INFO - [005930] 현재가: 347500, 고가: 349000, 저가: 319500
2026-06-01 12:15:47,094 - INFO - 계좌 예수금: 8057230원
2026-06-01 12:15:47,242 - INFO - 이미 매수 주문(0000026602)이 진행 중입니다. 체결을 기다립니다.
2026-06-01 12:15:47,244 - INFO - 60초 후 다음 확인을 진행합니다. (현재 상태: BUYING)
2026-06-01 12:16:49,667 - INFO - [005930] 현재가: 348000, 고가: 349000, 저가: 319500
2026-06-01 12:16:52,942 - INFO - 계좌 예수금: 8057230원
2026-06-01 12:16:53,087 - INFO - 이미 매수 주문(0000026602)이 진행 중입니다. 체결을 기다립니다.
2026-06-01 12:16:53,088 - INFO - 60초 후 다음 확인을 진행합니다. (현재 상태: BUYING)
2026-06-01 12:17:53,212 - INFO - [005930] 현재가: 347750, 고가: 349000, 저가: 319500
2026-06-01 12:17:57,046 - INFO - 계좌 예수금: 8057230원
2026-06-01 12:17:57,865 - INFO - 이미 매수 주문(0000026602)이 진행 중입니다. 체결을 기다립니다.
2026-06-01 12:17:57,866 - INFO - 60초 후 다음 확인을 진행합니다. (현재 상태: BUYING)
2026-06-01 12:18:59,206 - INFO - [005930] 현재가: 347250, 고가: 349000, 저가: 319500
2026-06-01 12:19:02,690 - INFO - 계좌 예수금: 8057230원
2026-06-01 12:19:02,800 - INFO - 이미 매수 주문(0000026602)이 진행 중입니다. 체결을 기다립니다.
2026-06-01 12:19:02,801 - INFO - 60초 후 다음 확인을 진행합니다. (현재 상태: BUYING)
2026-06-01 12:20:07,204 - INFO - [005930] 현재가: 347500, 고가: 349000, 저가: 319500
2026-06-01 12:20:17,445 - INFO - 계좌 예수금: 8057230원
2026-06-01 12:20:19,188 - INFO - 이미 매수 주문(0000026602)이 진행 중입니다. 체결을 기다립니다.
2026-06-01 12:20:19,189 - INFO - 60초 후 다음 확인을 진행합니다. (현재 상태: BUYING)
2026-06-01 12:21:22,575 - INFO - [005930] 현재가: 347750, 고가: 349000, 저가: 319500
2026-06-01 12:21:28,900 - INFO - 계좌 예수금: 8057230원
2026-06-01 12:21:31,995 - INFO - 이미 매수 주문(0000026602)이 진행 중입니다. 체결을 기다립니다.
2026-06-01 12:21:31,996 - INFO - 60초 후 다음 확인을 진행합니다. (현재 상태: BUYING)
2026-06-01 12:22:32,137 - INFO - [005930] 현재가: 347500, 고가: 349000, 저가: 319500
2026-06-01 12:22:36,820 - INFO - 계좌 예수금: 8057230원
2026-06-01 12:22:39,482 - INFO - 이미 매수 주문(0000026602)이 진행 중입니다. 체결을 기다립니다.
2026-06-01 12:22:39,483 - INFO - 60초 후 다음 확인을 진행합니다. (현재 상태: BUYING)
2026-06-01 12:23:40,723 - INFO - [005930] 현재가: 348000, 고가: 349000, 저가: 319500
2026-06-01 12:23:46,353 - INFO - 계좌 예수금: 8057230원
2026-06-01 12:23:46,553 - INFO - 이미 매수 주문(0000026602)이 진행 중입니다. 체결을 기다립니다.
2026-06-01 12:23:46,554 - INFO - 60초 후 다음 확인을 진행합니다. (현재 상태: BUYING)
2026-06-01 12:24:50,356 - INFO - [005930] 현재가: 348000, 고가: 349000, 저가: 319500
2026-06-01 12:24:53,740 - INFO - 계좌 예수금: 8057230원
2026-06-01 12:24:53,877 - INFO - 이미 매수 주문(0000026602)이 진행 중입니다. 체결을 기다립니다.
2026-06-01 12:24:53,877 - INFO - 60초 후 다음 확인을 진행합니다. (현재 상태: BUYING)
2026-06-01 12:25:54,037 - INFO - [005930] 현재가: 348500, 고가: 349000, 저가: 319500
2026-06-01 12:25:58,254 - INFO - 계좌 예수금: 8057230원
2026-06-01 12:25:58,552 - INFO - 이미 매수 주문(0000026602)이 진행 중입니다. 체결을 기다립니다.
2026-06-01 12:25:58,553 - INFO - 60초 후 다음 확인을 진행합니다. (현재 상태: BUYING)
2026-06-01 12:26:59,287 - INFO - [005930] 현재가: 348250, 고가: 349000, 저가: 319500
2026-06-01 12:27:03,530 - INFO - 계좌 예수금: 8057230원
2026-06-01 12:27:04,304 - INFO - 이미 매수 주문(0000026602)이 진행 중입니다. 체결을 기다립니다.
2026-06-01 12:27:04,305 - INFO - 60초 후 다음 확인을 진행합니다. (현재 상태: BUYING)
2026-06-01 12:28:04,892 - INFO - [005930] 현재가: 348500, 고가: 349000, 저가: 319500
2026-06-01 12:28:12,096 - INFO - 계좌 예수금: 8057230원
2026-06-01 12:28:13,430 - INFO - 이미 매수 주문(0000026602)이 진행 중입니다. 체결을 기다립니다.
2026-06-01 12:28:13,431 - INFO - 60초 후 다음 확인을 진행합니다. (현재 상태: BUYING)
2026-06-01 12:29:18,457 - INFO - [005930] 현재가: 348750, 고가: 349000, 저가: 319500
2026-06-01 12:29:21,531 - INFO - 계좌 예수금: 8057230원
2026-06-01 12:29:21,669 - INFO - 이미 매수 주문(0000026602)이 진행 중입니다. 체결을 기다립니다.
2026-06-01 12:29:21,670 - INFO - 60초 후 다음 확인을 진행합니다. (현재 상태: BUYING)
2026-06-01 12:30:24,411 - INFO - [005930] 현재가: 349000, 고가: 349000, 저가: 319500
2026-06-01 12:30:33,932 - INFO - 계좌 예수금: 8057230원
2026-06-01 12:30:38,027 - INFO - 이미 매수 주문(0000026602)이 진행 중입니다. 체결을 기다립니다.
2026-06-01 12:30:38,028 - INFO - 60초 후 다음 확인을 진행합니다. (현재 상태: BUYING)
2026-06-01 12:31:40,497 - INFO - [005930] 현재가: 349000, 고가: 349000, 저가: 319500
2026-06-01 12:31:48,686 - INFO - 계좌 예수금: 8057230원
2026-06-01 12:31:50,940 - INFO - 이미 매수 주문(0000026602)이 진행 중입니다. 체결을 기다립니다.
2026-06-01 12:31:50,942 - INFO - 60초 후 다음 확인을 진행합니다. (현재 상태: BUYING)
2026-06-01 12:32:51,042 - INFO - [005930] 현재가: 348500, 고가: 349000, 저가: 319500
2026-06-01 12:32:58,633 - INFO - 계좌 예수금: 8057230원
2026-06-01 12:33:01,397 - INFO - 이미 매수 주문(0000026602)이 진행 중입니다. 체결을 기다립니다.
2026-06-01 12:33:01,398 - INFO - 60초 후 다음 확인을 진행합니다. (현재 상태: BUYING)
2026-06-01 12:34:01,504 - INFO - [005930] 현재가: 349000, 고가: 349000, 저가: 319500
2026-06-01 12:34:08,061 - INFO - 계좌 예수금: 8057230원
2026-06-01 12:34:08,781 - INFO - 이미 매수 주문(0000026602)이 진행 중입니다. 체결을 기다립니다.
2026-06-01 12:34:08,782 - INFO - 60초 후 다음 확인을 진행합니다. (현재 상태: BUYING)
2026-06-01 12:35:11,451 - INFO - [005930] 현재가: 348000, 고가: 349000, 저가: 319500
2026-06-01 12:35:19,439 - INFO - 계좌 예수금: 8057230원
2026-06-01 12:35:21,867 - INFO - 이미 매수 주문(0000026602)이 진행 중입니다. 체결을 기다립니다.
2026-06-01 12:35:21,868 - INFO - 60초 후 다음 확인을 진행합니다. (현재 상태: BUYING)
2026-06-01 12:36:23,238 - INFO - [005930] 현재가: 348250, 고가: 349000, 저가: 319500
2026-06-01 12:36:30,305 - INFO - 계좌 예수금: 8057230원
2026-06-01 12:36:31,431 - INFO - 이미 매수 주문(0000026602)이 진행 중입니다. 체결을 기다립니다.
2026-06-01 12:36:31,432 - INFO - 60초 후 다음 확인을 진행합니다. (현재 상태: BUYING)
2026-06-01 12:37:31,852 - INFO - [005930] 현재가: 348750, 고가: 349000, 저가: 319500
2026-06-01 12:37:36,560 - INFO - 계좌 예수금: 8057230원
2026-06-01 12:37:37,278 - INFO - 이미 매수 주문(0000026602)이 진행 중입니다. 체결을 기다립니다.
2026-06-01 12:37:37,279 - INFO - 60초 후 다음 확인을 진행합니다. (현재 상태: BUYING)
2026-06-01 12:38:37,392 - INFO - [005930] 현재가: 349000, 고가: 349000, 저가: 319500
2026-06-01 12:38:42,715 - INFO - 계좌 예수금: 8057230원
2026-06-01 12:38:43,228 - INFO - 이미 매수 주문(0000026602)이 진행 중입니다. 체결을 기다립니다.
2026-06-01 12:38:43,229 - INFO - 60초 후 다음 확인을 진행합니다. (현재 상태: BUYING)
2026-06-01 12:39:44,893 - INFO - [005930] 현재가: 348500, 고가: 349000, 저가: 319500
2026-06-01 12:39:47,249 - INFO - 계좌 예수금: 8057230원
2026-06-01 12:39:47,948 - INFO - 이미 매수 주문(0000026602)이 진행 중입니다. 체결을 기다립니다.
2026-06-01 12:39:47,949 - INFO - 60초 후 다음 확인을 진행합니다. (현재 상태: BUYING)
2026-06-01 12:40:50,314 - INFO - [005930] 현재가: 347250, 고가: 349000, 저가: 319500
2026-06-01 12:40:57,995 - INFO - 계좌 예수금: 8057230원
2026-06-01 12:40:59,998 - INFO - 이미 매수 주문(0000026602)이 진행 중입니다. 체결을 기다립니다.
2026-06-01 12:40:59,999 - INFO - 60초 후 다음 확인을 진행합니다. (현재 상태: BUYING)
2026-06-01 12:42:02,764 - INFO - [005930] 현재가: 347500, 고가: 349000, 저가: 319500
2026-06-01 12:42:06,608 - INFO - 계좌 예수금: 8057230원
2026-06-01 12:42:10,704 - INFO - 이미 매수 주문(0000026602)이 진행 중입니다. 체결을 기다립니다.
2026-06-01 12:42:10,705 - INFO - 60초 후 다음 확인을 진행합니다. (현재 상태: BUYING)
2026-06-01 12:43:11,635 - INFO - [005930] 현재가: 347500, 고가: 349000, 저가: 319500
2026-06-01 12:43:18,907 - INFO - 계좌 예수금: 8057230원
2026-06-01 12:43:20,524 - INFO - 이미 매수 주문(0000026602)이 진행 중입니다. 체결을 기다립니다.
2026-06-01 12:43:20,525 - INFO - 60초 후 다음 확인을 진행합니다. (현재 상태: BUYING)
2026-06-01 12:44:20,737 - INFO - [005930] 현재가: 347250, 고가: 349000, 저가: 319500
2026-06-01 12:44:27,316 - INFO - 계좌 예수금: 8057230원
2026-06-01 12:44:29,056 - INFO - 이미 매수 주문(0000026602)이 진행 중입니다. 체결을 기다립니다.
2026-06-01 12:44:29,057 - INFO - 60초 후 다음 확인을 진행합니다. (현재 상태: BUYING)
2026-06-01 12:45:30,395 - INFO - [005930] 현재가: 346500, 고가: 349000, 저가: 319500
2026-06-01 12:45:36,848 - INFO - 계좌 예수금: 8057230원
2026-06-01 12:45:38,691 - INFO - 이미 매수 주문(0000026602)이 진행 중입니다. 체결을 기다립니다.
2026-06-01 12:45:38,692 - INFO - 60초 후 다음 확인을 진행합니다. (현재 상태: BUYING)
2026-06-01 12:46:40,443 - INFO - [005930] 현재가: 348000, 고가: 349000, 저가: 319500
2026-06-01 12:46:44,027 - INFO - 계좌 예수금: 8057230원
2026-06-01 12:46:46,668 - INFO - 이미 매수 주문(0000026602)이 진행 중입니다. 체결을 기다립니다.
2026-06-01 12:46:46,671 - INFO - 60초 후 다음 확인을 진행합니다. (현재 상태: BUYING)
2026-06-01 12:47:47,006 - INFO - [005930] 현재가: 348000, 고가: 349000, 저가: 319500
2026-06-01 12:47:51,001 - INFO - 계좌 예수금: 8057230원
2026-06-01 12:47:51,127 - INFO - 이미 매수 주문(0000026602)이 진행 중입니다. 체결을 기다립니다.
2026-06-01 12:47:51,128 - INFO - 60초 후 다음 확인을 진행합니다. (현재 상태: BUYING)
2026-06-01 12:48:51,232 - INFO - [005930] 현재가: 348000, 고가: 349000, 저가: 319500
2026-06-01 12:48:56,028 - INFO - 계좌 예수금: 8057230원
2026-06-01 12:48:56,132 - INFO - 이미 매수 주문(0000026602)이 진행 중입니다. 체결을 기다립니다.
2026-06-01 12:48:56,132 - INFO - 60초 후 다음 확인을 진행합니다. (현재 상태: BUYING)
2026-06-01 12:49:56,233 - INFO - [005930] 현재가: 348500, 고가: 349000, 저가: 319500
2026-06-01 12:50:03,103 - INFO - 계좌 예수금: 8057230원
2026-06-01 12:50:03,246 - INFO - 이미 매수 주문(0000026602)이 진행 중입니다. 체결을 기다립니다.
2026-06-01 12:50:03,246 - INFO - 60초 후 다음 확인을 진행합니다. (현재 상태: BUYING)
2026-06-01 12:51:03,354 - INFO - [005930] 현재가: 348000, 고가: 349000, 저가: 319500
2026-06-01 12:51:08,132 - INFO - 계좌 예수금: 8057230원
2026-06-01 12:51:08,242 - INFO - 이미 매수 주문(0000026602)이 진행 중입니다. 체결을 기다립니다.
2026-06-01 12:51:08,243 - INFO - 60초 후 다음 확인을 진행합니다. (현재 상태: BUYING)
2026-06-01 12:52:10,293 - INFO - [005930] 현재가: 347750, 고가: 349000, 저가: 319500
2026-06-01 12:52:17,256 - INFO - 계좌 예수금: 8057230원
2026-06-01 12:52:17,846 - INFO - 이미 매수 주문(0000026602)이 진행 중입니다. 체결을 기다립니다.
2026-06-01 12:52:17,846 - INFO - 60초 후 다음 확인을 진행합니다. (현재 상태: BUYING)
2026-06-01 12:53:17,950 - INFO - [005930] 현재가: 347250, 고가: 349000, 저가: 319500
2026-06-01 12:53:25,460 - INFO - 계좌 예수금: 8057230원
2026-06-01 12:53:27,199 - INFO - 이미 매수 주문(0000026602)이 진행 중입니다. 체결을 기다립니다.
2026-06-01 12:53:27,200 - INFO - 60초 후 다음 확인을 진행합니다. (현재 상태: BUYING)
2026-06-01 12:54:27,309 - INFO - [005930] 현재가: 347000, 고가: 349000, 저가: 319500
2026-06-01 12:54:33,663 - INFO - 계좌 예수금: 8057230원
2026-06-01 12:54:33,766 - INFO - 이미 매수 주문(0000026602)이 진행 중입니다. 체결을 기다립니다.
2026-06-01 12:54:33,767 - INFO - 60초 후 다음 확인을 진행합니다. (현재 상태: BUYING)
2026-06-01 12:55:33,881 - INFO - [005930] 현재가: 347500, 고가: 349000, 저가: 319500
2026-06-01 12:55:42,172 - INFO - 계좌 예수금: 8057230원
2026-06-01 12:55:45,654 - INFO - 이미 매수 주문(0000026602)이 진행 중입니다. 체결을 기다립니다.
2026-06-01 12:55:45,655 - INFO - 60초 후 다음 확인을 진행합니다. (현재 상태: BUYING)
2026-06-01 12:56:45,787 - INFO - [005930] 현재가: 347000, 고가: 349000, 저가: 319500
2026-06-01 12:56:48,330 - INFO - 계좌 예수금: 8057230원
2026-06-01 12:56:48,448 - INFO - 이미 매수 주문(0000026602)이 진행 중입니다. 체결을 기다립니다.
2026-06-01 12:56:48,449 - INFO - 60초 후 다음 확인을 진행합니다. (현재 상태: BUYING)
2026-06-01 12:57:50,543 - INFO - [005930] 현재가: 346250, 고가: 349000, 저가: 319500
2026-06-01 12:57:57,042 - INFO - 계좌 예수금: 8057230원
2026-06-01 12:57:57,165 - INFO - 이미 매수 주문(0000026602)이 진행 중입니다. 체결을 기다립니다.
2026-06-01 12:57:57,165 - INFO - 60초 후 다음 확인을 진행합니다. (현재 상태: BUYING)
2026-06-01 12:58:57,282 - INFO - [005930] 현재가: 347000, 고가: 349000, 저가: 319500
2026-06-01 12:59:01,762 - INFO - 계좌 예수금: 8057230원
2026-06-01 12:59:02,333 - INFO - 이미 매수 주문(0000026602)이 진행 중입니다. 체결을 기다립니다.
2026-06-01 12:59:02,334 - INFO - 60초 후 다음 확인을 진행합니다. (현재 상태: BUYING)
2026-06-01 13:00:02,469 - INFO - [005930] 현재가: 347250, 고가: 349000, 저가: 319500
2026-06-01 13:00:12,012 - INFO - 계좌 예수금: 8057230원
2026-06-01 13:00:14,061 - INFO - 이미 매수 주문(0000026602)이 진행 중입니다. 체결을 기다립니다.
2026-06-01 13:00:14,062 - INFO - 60초 후 다음 확인을 진행합니다. (현재 상태: BUYING)
2026-06-01 13:01:17,083 - INFO - [005930] 현재가: 347500, 고가: 349000, 저가: 319500
2026-06-01 13:01:25,948 - INFO - 계좌 예수금: 8057230원
2026-06-01 13:01:27,075 - INFO - 이미 매수 주문(0000026602)이 진행 중입니다. 체결을 기다립니다.
2026-06-01 13:01:27,076 - INFO - 60초 후 다음 확인을 진행합니다. (현재 상태: BUYING)
2026-06-01 13:02:29,339 - INFO - [005930] 현재가: 348000, 고가: 349000, 저가: 319500
2026-06-01 13:02:35,278 - INFO - 계좌 예수금: 8057230원
2026-06-01 13:02:35,587 - INFO - 이미 매수 주문(0000026602)이 진행 중입니다. 체결을 기다립니다.
2026-06-01 13:02:35,587 - INFO - 60초 후 다음 확인을 진행합니다. (현재 상태: BUYING)
2026-06-01 13:03:37,952 - INFO - [005930] 현재가: 347500, 고가: 349000, 저가: 319500
2026-06-01 13:03:41,333 - INFO - 계좌 예수금: 8057230원
2026-06-01 13:03:41,447 - INFO - 이미 매수 주문(0000026602)이 진행 중입니다. 체결을 기다립니다.
2026-06-01 13:03:41,448 - INFO - 60초 후 다음 확인을 진행합니다. (현재 상태: BUYING)
2026-06-01 13:04:42,879 - INFO - [005930] 현재가: 347500, 고가: 349000, 저가: 319500
2026-06-01 13:04:49,226 - INFO - 계좌 예수금: 8057230원
2026-06-01 13:04:51,173 - INFO - 이미 매수 주문(0000026602)이 진행 중입니다. 체결을 기다립니다.
2026-06-01 13:04:51,174 - INFO - 60초 후 다음 확인을 진행합니다. (현재 상태: BUYING)
2026-06-01 13:05:51,694 - INFO - [005930] 현재가: 347500, 고가: 349000, 저가: 319500
2026-06-01 13:05:57,327 - INFO - 계좌 예수금: 8057230원
2026-06-01 13:05:57,549 - INFO - 이미 매수 주문(0000026602)이 진행 중입니다. 체결을 기다립니다.
2026-06-01 13:05:57,549 - INFO - 60초 후 다음 확인을 진행합니다. (현재 상태: BUYING)
2026-06-01 13:06:57,670 - INFO - [005930] 현재가: 347500, 고가: 349000, 저가: 319500
2026-06-01 13:07:04,812 - INFO - 계좌 예수금: 8057230원
2026-06-01 13:07:09,421 - INFO - 이미 매수 주문(0000026602)이 진행 중입니다. 체결을 기다립니다.
2026-06-01 13:07:09,422 - INFO - 60초 후 다음 확인을 진행합니다. (현재 상태: BUYING)
2026-06-01 13:08:10,046 - INFO - [005930] 현재가: 348500, 고가: 349000, 저가: 319500
2026-06-01 13:08:17,624 - INFO - 계좌 예수금: 8057230원
2026-06-01 13:08:20,901 - INFO - 이미 매수 주문(0000026602)이 진행 중입니다. 체결을 기다립니다.
2026-06-01 13:08:20,901 - INFO - 60초 후 다음 확인을 진행합니다. (현재 상태: BUYING)
2026-06-01 13:09:23,266 - INFO - [005930] 현재가: 348500, 고가: 349000, 저가: 319500
2026-06-01 13:09:29,822 - INFO - 계좌 예수금: 8057230원
2026-06-01 13:09:31,254 - INFO - 이미 매수 주문(0000026602)이 진행 중입니다. 체결을 기다립니다.
2026-06-01 13:09:31,254 - INFO - 60초 후 다음 확인을 진행합니다. (현재 상태: BUYING)
2026-06-01 13:10:33,312 - INFO - [005930] 현재가: 348000, 고가: 349000, 저가: 319500
2026-06-01 13:10:40,072 - INFO - 계좌 예수금: 8057230원
2026-06-01 13:10:41,094 - INFO - 이미 매수 주문(0000026602)이 진행 중입니다. 체결을 기다립니다.
2026-06-01 13:10:41,095 - INFO - 60초 후 다음 확인을 진행합니다. (현재 상태: BUYING)
2026-06-01 13:11:42,998 - INFO - [005930] 현재가: 348250, 고가: 349000, 저가: 319500
2026-06-01 13:11:47,094 - INFO - 계좌 예수금: 8057230원
2026-06-01 13:11:48,016 - INFO - 이미 매수 주문(0000026602)이 진행 중입니다. 체결을 기다립니다.
2026-06-01 13:11:48,017 - INFO - 60초 후 다음 확인을 진행합니다. (현재 상태: BUYING)
2026-06-01 13:12:50,646 - INFO - [005930] 현재가: 348500, 고가: 349000, 저가: 319500
2026-06-01 13:12:54,812 - INFO - 계좌 예수금: 8057230원
2026-06-01 13:12:56,757 - INFO - 이미 매수 주문(0000026602)이 진행 중입니다. 체결을 기다립니다.
2026-06-01 13:12:56,758 - INFO - 60초 후 다음 확인을 진행합니다. (현재 상태: BUYING)
2026-06-01 13:13:58,816 - INFO - [005930] 현재가: 348750, 고가: 349000, 저가: 319500
2026-06-01 13:14:06,289 - INFO - 계좌 예수금: 8057230원
2026-06-01 13:14:06,433 - INFO - 이미 매수 주문(0000026602)이 진행 중입니다. 체결을 기다립니다.
2026-06-01 13:14:06,433 - INFO - 60초 후 다음 확인을 진행합니다. (현재 상태: BUYING)
2026-06-01 13:15:11,831 - INFO - [005930] 현재가: 349000, 고가: 349000, 저가: 319500
2026-06-01 13:15:19,103 - INFO - 계좌 예수금: 8057230원
2026-06-01 13:15:24,322 - INFO - 이미 매수 주문(0000026602)이 진행 중입니다. 체결을 기다립니다.
2026-06-01 13:15:24,323 - INFO - 60초 후 다음 확인을 진행합니다. (현재 상태: BUYING)
2026-06-01 13:16:24,428 - INFO - [005930] 현재가: 348750, 고가: 349000, 저가: 319500
2026-06-01 13:16:28,428 - INFO - 계좌 예수금: 8057230원
2026-06-01 13:16:28,580 - INFO - 이미 매수 주문(0000026602)이 진행 중입니다. 체결을 기다립니다.
2026-06-01 13:16:28,581 - INFO - 60초 후 다음 확인을 진행합니다. (현재 상태: BUYING)
2026-06-01 13:17:28,686 - INFO - [005930] 현재가: 349000, 고가: 349000, 저가: 319500
2026-06-01 13:17:32,638 - INFO - 계좌 예수금: 8057230원
2026-06-01 13:17:35,402 - INFO - 이미 매수 주문(0000026602)이 진행 중입니다. 체결을 기다립니다.
2026-06-01 13:17:35,403 - INFO - 60초 후 다음 확인을 진행합니다. (현재 상태: BUYING)
2026-06-01 13:18:35,507 - INFO - [005930] 현재가: 348500, 고가: 349000, 저가: 319500
2026-06-01 13:18:40,663 - INFO - 계좌 예수금: 8057230원
2026-06-01 13:18:40,850 - INFO - 이미 매수 주문(0000026602)이 진행 중입니다. 체결을 기다립니다.
2026-06-01 13:18:40,852 - INFO - 60초 후 다음 확인을 진행합니다. (현재 상태: BUYING)
2026-06-01 13:19:42,591 - INFO - [005930] 현재가: 349000, 고가: 349000, 저가: 319500
2026-06-01 13:19:45,354 - INFO - 계좌 예수금: 8057230원
2026-06-01 13:19:45,479 - INFO - 이미 매수 주문(0000026602)이 진행 중입니다. 체결을 기다립니다.
2026-06-01 13:19:45,480 - INFO - 60초 후 다음 확인을 진행합니다. (현재 상태: BUYING)
2026-06-01 13:20:48,478 - INFO - [005930] 현재가: 348500, 고가: 349000, 저가: 319500
2026-06-01 13:20:53,558 - INFO - 계좌 예수금: 8057230원
2026-06-01 13:20:53,739 - INFO - 이미 매수 주문(0000026602)이 진행 중입니다. 체결을 기다립니다.
2026-06-01 13:20:53,740 - INFO - 60초 후 다음 확인을 진행합니다. (현재 상태: BUYING)
2026-06-01 13:21:53,886 - INFO - [005930] 현재가: 348500, 고가: 349000, 저가: 319500
2026-06-01 13:22:00,026 - INFO - 계좌 예수금: 8057230원
2026-06-01 13:22:00,191 - INFO - 이미 매수 주문(0000026602)이 진행 중입니다. 체결을 기다립니다.
2026-06-01 13:22:00,192 - INFO - 60초 후 다음 확인을 진행합니다. (현재 상태: BUYING)
2026-06-01 13:23:01,774 - INFO - [005930] 현재가: 348750, 고가: 349000, 저가: 319500
2026-06-01 13:23:09,450 - INFO - 계좌 예수금: 8057230원
2026-06-01 13:23:10,168 - INFO - 이미 매수 주문(0000026602)이 진행 중입니다. 체결을 기다립니다.
2026-06-01 13:23:10,170 - INFO - 60초 후 다음 확인을 진행합니다. (현재 상태: BUYING)
2026-06-01 13:24:11,409 - INFO - [005930] 현재가: 348500, 고가: 349000, 저가: 319500
2026-06-01 13:24:17,971 - INFO - 계좌 예수금: 8057230원
2026-06-01 13:24:20,931 - INFO - 이미 매수 주문(0000026602)이 진행 중입니다. 체결을 기다립니다.
2026-06-01 13:24:20,932 - INFO - 60초 후 다음 확인을 진행합니다. (현재 상태: BUYING)
2026-06-01 13:25:21,063 - INFO - [005930] 현재가: 348500, 고가: 349000, 저가: 319500
2026-06-01 13:25:31,681 - INFO - 계좌 예수금: 8057230원
2026-06-01 13:25:31,781 - INFO - 이미 매수 주문(0000026602)이 진행 중입니다. 체결을 기다립니다.
2026-06-01 13:25:31,782 - INFO - 60초 후 다음 확인을 진행합니다. (현재 상태: BUYING)
2026-06-01 13:26:35,806 - INFO - [005930] 현재가: 348500, 고가: 349000, 저가: 319500
2026-06-01 13:26:38,974 - INFO - 계좌 예수금: 8057230원
2026-06-01 13:26:42,965 - INFO - 이미 매수 주문(0000026602)이 진행 중입니다. 체결을 기다립니다.
2026-06-01 13:26:42,966 - INFO - 60초 후 다음 확인을 진행합니다. (현재 상태: BUYING)
2026-06-01 13:27:45,332 - INFO - [005930] 현재가: 348500, 고가: 349000, 저가: 319500
2026-06-01 13:27:49,735 - INFO - 계좌 예수금: 8057230원
2026-06-01 13:27:51,579 - INFO - 이미 매수 주문(0000026602)이 진행 중입니다. 체결을 기다립니다.
2026-06-01 13:27:51,581 - INFO - 60초 후 다음 확인을 진행합니다. (현재 상태: BUYING)
2026-06-01 13:28:51,710 - INFO - [005930] 현재가: 348500, 고가: 349000, 저가: 319500
2026-06-01 13:28:57,224 - INFO - 계좌 예수금: 8057230원
2026-06-01 13:28:57,338 - INFO - 이미 매수 주문(0000026602)이 진행 중입니다. 체결을 기다립니다.
2026-06-01 13:28:57,339 - INFO - 60초 후 다음 확인을 진행합니다. (현재 상태: BUYING)
2026-06-01 13:29:57,461 - INFO - [005930] 현재가: 348750, 고가: 349000, 저가: 319500
2026-06-01 13:30:02,555 - INFO - 계좌 예수금: 8057230원
2026-06-01 13:30:04,706 - INFO - 이미 매수 주문(0000026602)이 진행 중입니다. 체결을 기다립니다.
2026-06-01 13:30:04,707 - INFO - 60초 후 다음 확인을 진행합니다. (현재 상태: BUYING)
2026-06-01 13:31:06,764 - INFO - [005930] 현재가: 349000, 고가: 349000, 저가: 319500
2026-06-01 13:31:16,390 - INFO - 계좌 예수금: 8057230원
2026-06-01 13:31:19,719 - INFO - 이미 매수 주문(0000026602)이 진행 중입니다. 체결을 기다립니다.
2026-06-01 13:31:19,720 - INFO - 60초 후 다음 확인을 진행합니다. (현재 상태: BUYING)
2026-06-01 13:32:22,748 - INFO - [005930] 현재가: 349000, 고가: 349000, 저가: 319500
2026-06-01 13:32:27,460 - INFO - 계좌 예수금: 8057230원
2026-06-01 13:32:27,569 - INFO - 이미 매수 주문(0000026602)이 진행 중입니다. 체결을 기다립니다.
2026-06-01 13:32:27,570 - INFO - 60초 후 다음 확인을 진행합니다. (현재 상태: BUYING)
2026-06-01 13:33:28,288 - INFO - [005930] 현재가: 349000, 고가: 349500, 저가: 319500
2026-06-01 13:33:33,818 - INFO - 계좌 예수금: 8057230원
2026-06-01 13:33:34,638 - INFO - 이미 매수 주문(0000026602)이 진행 중입니다. 체결을 기다립니다.
2026-06-01 13:33:34,639 - INFO - 60초 후 다음 확인을 진행합니다. (현재 상태: BUYING)
2026-06-01 13:34:35,978 - INFO - [005930] 현재가: 349500, 고가: 349500, 저가: 319500
2026-06-01 13:34:41,612 - INFO - 계좌 예수금: 8057230원
2026-06-01 13:34:42,432 - INFO - 이미 매수 주문(0000026602)이 진행 중입니다. 체결을 기다립니다.
2026-06-01 13:34:42,433 - INFO - 60초 후 다음 확인을 진행합니다. (현재 상태: BUYING)
2026-06-01 13:35:43,362 - INFO - [005930] 현재가: 349000, 고가: 349500, 저가: 319500
2026-06-01 13:35:49,768 - INFO - 계좌 예수금: 8057230원
2026-06-01 13:35:50,736 - INFO - 이미 매수 주문(0000026602)이 진행 중입니다. 체결을 기다립니다.
2026-06-01 13:35:50,737 - INFO - 60초 후 다음 확인을 진행합니다. (현재 상태: BUYING)
2026-06-01 13:36:51,668 - INFO - [005930] 현재가: 349500, 고가: 349500, 저가: 319500
2026-06-01 13:36:57,198 - INFO - 계좌 예수금: 8057230원
2026-06-01 13:36:57,299 - INFO - 이미 매수 주문(0000026602)이 진행 중입니다. 체결을 기다립니다.
2026-06-01 13:36:57,299 - INFO - 60초 후 다음 확인을 진행합니다. (현재 상태: BUYING)
2026-06-01 13:37:57,409 - INFO - [005930] 현재가: 349500, 고가: 349500, 저가: 319500
2026-06-01 13:38:02,430 - INFO - 계좌 예수금: 8057230원
2026-06-01 13:38:02,628 - INFO - 이미 매수 주문(0000026602)이 진행 중입니다. 체결을 기다립니다.
2026-06-01 13:38:02,629 - INFO - 60초 후 다음 확인을 진행합니다. (현재 상태: BUYING)
2026-06-01 13:39:06,126 - INFO - [005930] 현재가: 349500, 고가: 349500, 저가: 319500
2026-06-01 13:39:14,381 - INFO - 계좌 예수금: 8057230원
2026-06-01 13:39:19,029 - INFO - 이미 매수 주문(0000026602)이 진행 중입니다. 체결을 기다립니다.
2026-06-01 13:39:19,030 - INFO - 60초 후 다음 확인을 진행합니다. (현재 상태: BUYING)
2026-06-01 13:40:22,110 - INFO - [005930] 현재가: 349500, 고가: 349500, 저가: 319500
2026-06-01 13:40:30,816 - INFO - 계좌 예수금: 8057230원
2026-06-01 13:40:34,399 - INFO - 이미 매수 주문(0000026602)이 진행 중입니다. 체결을 기다립니다.
2026-06-01 13:40:34,400 - INFO - 60초 후 다음 확인을 진행합니다. (현재 상태: BUYING)
2026-06-01 13:41:36,663 - INFO - [005930] 현재가: 349500, 고가: 349500, 저가: 319500
2026-06-01 13:41:41,271 - INFO - 계좌 예수금: 8057230원
2026-06-01 13:41:41,388 - INFO - 이미 매수 주문(0000026602)이 진행 중입니다. 체결을 기다립니다.
2026-06-01 13:41:41,389 - INFO - 60초 후 다음 확인을 진행합니다. (현재 상태: BUYING)
2026-06-01 13:42:41,816 - INFO - [005930] 현재가: 349000, 고가: 349500, 저가: 319500
2026-06-01 13:42:49,986 - INFO - 계좌 예수금: 8057230원
2026-06-01 13:42:52,751 - INFO - 이미 매수 주문(0000026602)이 진행 중입니다. 체결을 기다립니다.
2026-06-01 13:42:52,751 - INFO - 60초 후 다음 확인을 진행합니다. (현재 상태: BUYING)
2026-06-01 13:43:54,877 - INFO - [005930] 현재가: 349500, 고가: 349500, 저가: 319500
2026-06-01 13:44:02,387 - INFO - 계좌 예수금: 8057230원
2026-06-01 13:44:05,411 - INFO - 이미 매수 주문(0000026602)이 진행 중입니다. 체결을 기다립니다.
2026-06-01 13:44:05,412 - INFO - 60초 후 다음 확인을 진행합니다. (현재 상태: BUYING)
2026-06-01 13:45:06,596 - INFO - [005930] 현재가: 349000, 고가: 350000, 저가: 319500
2026-06-01 13:45:13,969 - INFO - 계좌 예수금: 8057230원
2026-06-01 13:45:15,850 - INFO - 이미 매수 주문(0000026602)이 진행 중입니다. 체결을 기다립니다.
2026-06-01 13:45:15,851 - INFO - 60초 후 다음 확인을 진행합니다. (현재 상태: BUYING)
2026-06-01 13:46:21,146 - INFO - [005930] 현재가: 349500, 고가: 350000, 저가: 319500
2026-06-01 13:46:24,934 - INFO - 계좌 예수금: 8057230원
2026-06-01 13:46:25,034 - INFO - 이미 매수 주문(0000026602)이 진행 중입니다. 체결을 기다립니다.
2026-06-01 13:46:25,035 - INFO - 60초 후 다음 확인을 진행합니다. (현재 상태: BUYING)
2026-06-01 13:47:25,158 - INFO - [005930] 현재가: 349500, 고가: 350000, 저가: 319500
2026-06-01 13:47:31,500 - INFO - 계좌 예수금: 8057230원
2026-06-01 13:47:32,523 - INFO - 이미 매수 주문(0000026602)이 진행 중입니다. 체결을 기다립니다.
2026-06-01 13:47:32,524 - INFO - 60초 후 다음 확인을 진행합니다. (현재 상태: BUYING)
2026-06-01 13:48:34,274 - INFO - [005930] 현재가: 348500, 고가: 350000, 저가: 319500
2026-06-01 13:48:41,853 - INFO - 계좌 예수금: 8057230원
2026-06-01 13:48:41,948 - INFO - 이미 매수 주문(0000026602)이 진행 중입니다. 체결을 기다립니다.
2026-06-01 13:48:41,949 - INFO - 60초 후 다음 확인을 진행합니다. (현재 상태: BUYING)
2026-06-01 13:49:42,049 - INFO - [005930] 현재가: 348500, 고가: 350000, 저가: 319500
2026-06-01 13:49:48,314 - INFO - 계좌 예수금: 8057230원
2026-06-01 13:49:48,429 - INFO - 이미 매수 주문(0000026602)이 진행 중입니다. 체결을 기다립니다.
2026-06-01 13:49:48,430 - INFO - 60초 후 다음 확인을 진행합니다. (현재 상태: BUYING)
2026-06-01 13:50:51,088 - INFO - [005930] 현재가: 348500, 고가: 350000, 저가: 319500
2026-06-01 13:50:58,479 - INFO - 계좌 예수금: 8057230원
2026-06-01 13:51:01,535 - INFO - 이미 매수 주문(0000026602)이 진행 중입니다. 체결을 기다립니다.
2026-06-01 13:51:01,536 - INFO - 60초 후 다음 확인을 진행합니다. (현재 상태: BUYING)
2026-06-01 13:52:01,676 - INFO - [005930] 현재가: 349000, 고가: 350000, 저가: 319500
2026-06-01 13:52:06,973 - INFO - 계좌 예수금: 8057230원
2026-06-01 13:52:10,762 - INFO - 이미 매수 주문(0000026602)이 진행 중입니다. 체결을 기다립니다.
2026-06-01 13:52:10,762 - INFO - 60초 후 다음 확인을 진행합니다. (현재 상태: BUYING)
2026-06-01 13:53:12,206 - INFO - [005930] 현재가: 349500, 고가: 350000, 저가: 319500
2026-06-01 13:53:19,097 - INFO - 계좌 예수금: 8057230원
2026-06-01 13:53:19,647 - INFO - 이미 매수 주문(0000026602)이 진행 중입니다. 체결을 기다립니다.
2026-06-01 13:53:19,648 - INFO - 60초 후 다음 확인을 진행합니다. (현재 상태: BUYING)
2026-06-01 13:54:20,528 - INFO - [005930] 현재가: 349000, 고가: 350000, 저가: 319500
2026-06-01 13:54:27,574 - INFO - 계좌 예수금: 8057230원
2026-06-01 13:54:28,086 - INFO - 이미 매수 주문(0000026602)이 진행 중입니다. 체결을 기다립니다.
2026-06-01 13:54:28,087 - INFO - 60초 후 다음 확인을 진행합니다. (현재 상태: BUYING)
2026-06-01 13:55:29,427 - INFO - [005930] 현재가: 349500, 고가: 350000, 저가: 319500
2026-06-01 13:55:35,060 - INFO - 계좌 예수금: 8057230원
2026-06-01 13:55:37,314 - INFO - 이미 매수 주문(0000026602)이 진행 중입니다. 체결을 기다립니다.
2026-06-01 13:55:37,315 - INFO - 60초 후 다음 확인을 진행합니다. (현재 상태: BUYING)
2026-06-01 13:56:37,505 - INFO - [005930] 현재가: 349500, 고가: 350000, 저가: 319500
2026-06-01 13:56:45,492 - INFO - 계좌 예수금: 8057230원
2026-06-01 13:56:48,178 - INFO - 이미 매수 주문(0000026602)이 진행 중입니다. 체결을 기다립니다.
2026-06-01 13:56:48,179 - INFO - 60초 후 다음 확인을 진행합니다. (현재 상태: BUYING)
2026-06-01 13:57:51,464 - INFO - [005930] 현재가: 349250, 고가: 350000, 저가: 319500
2026-06-01 13:57:59,760 - INFO - 계좌 예수금: 8057230원
2026-06-01 13:58:01,910 - INFO - 이미 매수 주문(0000026602)이 진행 중입니다. 체결을 기다립니다.
2026-06-01 13:58:01,911 - INFO - 60초 후 다음 확인을 진행합니다. (현재 상태: BUYING)
2026-06-01 13:59:02,153 - INFO - [005930] 현재가: 349750, 고가: 350000, 저가: 319500
2026-06-01 13:59:08,885 - INFO - 계좌 예수금: 8057230원
2026-06-01 13:59:09,908 - INFO - 이미 매수 주문(0000026602)이 진행 중입니다. 체결을 기다립니다.
2026-06-01 13:59:09,909 - INFO - 60초 후 다음 확인을 진행합니다. (현재 상태: BUYING)
2026-06-01 14:00:17,085 - INFO - [005930] 현재가: 349500, 고가: 350000, 저가: 319500
2026-06-01 14:00:28,171 - ERROR - GET 요청 실패 (VTTC8434R): HTTPSConnectionPool(host='openapivts.koreainvestment.com', port=29443): Read timed out. (read timeout=10)
2026-06-01 14:00:28,171 - ERROR - 잔고 조회 실패
2026-06-01 14:00:30,193 - INFO - 이미 매수 주문(0000026602)이 진행 중입니다. 체결을 기다립니다.
2026-06-01 14:00:30,193 - INFO - 60초 후 다음 확인을 진행합니다. (현재 상태: BUYING)
2026-06-01 14:01:32,867 - INFO - [005930] 현재가: 349250, 고가: 350000, 저가: 319500
2026-06-01 14:01:40,853 - INFO - 계좌 예수금: 8057230원
2026-06-01 14:01:43,003 - INFO - 이미 매수 주문(0000026602)이 진행 중입니다. 체결을 기다립니다.
2026-06-01 14:01:43,004 - INFO - 60초 후 다음 확인을 진행합니다. (현재 상태: BUYING)
2026-06-01 14:02:43,123 - INFO - [005930] 현재가: 348500, 고가: 350000, 저가: 319500
2026-06-01 14:02:48,035 - INFO - 계좌 예수금: 8057230원
2026-06-01 14:02:48,204 - INFO - 이미 매수 주문(0000026602)이 진행 중입니다. 체결을 기다립니다.
2026-06-01 14:02:48,206 - INFO - 60초 후 다음 확인을 진행합니다. (현재 상태: BUYING)
2026-06-01 14:03:49,783 - INFO - [005930] 현재가: 349000, 고가: 350000, 저가: 319500
2026-06-01 14:03:56,952 - INFO - 계좌 예수금: 8057230원
2026-06-01 14:03:57,076 - INFO - 이미 매수 주문(0000026602)이 진행 중입니다. 체결을 기다립니다.
2026-06-01 14:03:57,077 - INFO - 60초 후 다음 확인을 진행합니다. (현재 상태: BUYING)
2026-06-01 14:04:57,230 - INFO - [005930] 현재가: 349000, 고가: 350000, 저가: 319500
2026-06-01 14:05:03,925 - INFO - 계좌 예수금: 8057230원
2026-06-01 14:05:05,871 - INFO - 이미 매수 주문(0000026602)이 진행 중입니다. 체결을 기다립니다.
2026-06-01 14:05:05,872 - INFO - 60초 후 다음 확인을 진행합니다. (현재 상태: BUYING)
2026-06-01 14:06:07,826 - INFO - [005930] 현재가: 349500, 고가: 350000, 저가: 319500
2026-06-01 14:06:17,249 - INFO - 계좌 예수금: 8057230원
2026-06-01 14:06:21,377 - INFO - 이미 매수 주문(0000026602)이 진행 중입니다. 체결을 기다립니다.
2026-06-01 14:06:21,377 - INFO - 60초 후 다음 확인을 진행합니다. (현재 상태: BUYING)
2026-06-01 14:07:22,581 - INFO - [005930] 현재가: 349250, 고가: 350000, 저가: 319500
2026-06-01 14:07:28,524 - INFO - 계좌 예수금: 8057230원
2026-06-01 14:07:29,194 - INFO - 이미 매수 주문(0000026602)이 진행 중입니다. 체결을 기다립니다.
2026-06-01 14:07:29,195 - INFO - 60초 후 다음 확인을 진행합니다. (현재 상태: BUYING)
2026-06-01 14:08:31,184 - INFO - [005930] 현재가: 349500, 고가: 350000, 저가: 319500
2026-06-01 14:08:34,692 - INFO - 계좌 예수금: 8057230원
2026-06-01 14:08:34,793 - INFO - 이미 매수 주문(0000026602)이 진행 중입니다. 체결을 기다립니다.
2026-06-01 14:08:34,794 - INFO - 60초 후 다음 확인을 진행합니다. (현재 상태: BUYING)
2026-06-01 14:09:34,928 - INFO - [005930] 현재가: 348500, 고가: 350000, 저가: 319500
2026-06-01 14:09:39,101 - INFO - 계좌 예수금: 8057230원
2026-06-01 14:09:41,444 - INFO - 이미 매수 주문(0000026602)이 진행 중입니다. 체결을 기다립니다.
2026-06-01 14:09:41,445 - INFO - 60초 후 다음 확인을 진행합니다. (현재 상태: BUYING)
2026-06-01 14:10:45,363 - INFO - [005930] 현재가: 347250, 고가: 350000, 저가: 319500
2026-06-01 14:10:53,144 - INFO - 계좌 예수금: 8057230원
2026-06-01 14:10:55,930 - INFO - 이미 매수 주문(0000026602)이 진행 중입니다. 체결을 기다립니다.
2026-06-01 14:10:55,931 - INFO - 60초 후 다음 확인을 진행합니다. (현재 상태: BUYING)
2026-06-01 14:11:56,256 - INFO - [005930] 현재가: 348750, 고가: 350000, 저가: 319500
2026-06-01 14:12:01,243 - INFO - 계좌 예수금: 8057230원
2026-06-01 14:12:02,150 - INFO - 이미 매수 주문(0000026602)이 진행 중입니다. 체결을 기다립니다.
2026-06-01 14:12:02,151 - INFO - 60초 후 다음 확인을 진행합니다. (현재 상태: BUYING)
2026-06-01 14:13:06,064 - INFO - [005930] 현재가: 349000, 고가: 350000, 저가: 319500
2026-06-01 14:13:14,324 - INFO - 계좌 예수금: 8057230원
2026-06-01 14:13:17,317 - INFO - 이미 매수 주문(0000026602)이 진행 중입니다. 체결을 기다립니다.
2026-06-01 14:13:17,318 - INFO - 60초 후 다음 확인을 진행합니다. (현재 상태: BUYING)
2026-06-01 14:14:18,250 - INFO - [005930] 현재가: 348000, 고가: 350000, 저가: 319500
2026-06-01 14:14:23,982 - INFO - 계좌 예수금: 8057230원
2026-06-01 14:14:24,096 - INFO - 이미 매수 주문(0000026602)이 진행 중입니다. 체결을 기다립니다.
2026-06-01 14:14:24,097 - INFO - 60초 후 다음 확인을 진행합니다. (현재 상태: BUYING)
2026-06-01 14:15:28,535 - INFO - [005930] 현재가: 347500, 고가: 350000, 저가: 319500
2026-06-01 14:15:37,919 - INFO - 계좌 예수금: 8057230원
2026-06-01 14:15:38,021 - INFO - 이미 매수 주문(0000026602)이 진행 중입니다. 체결을 기다립니다.
2026-06-01 14:15:38,022 - INFO - 60초 후 다음 확인을 진행합니다. (현재 상태: BUYING)
2026-06-01 14:16:39,669 - INFO - [005930] 현재가: 347500, 고가: 350000, 저가: 319500
2026-06-01 14:16:45,918 - INFO - 계좌 예수금: 8057230원
2026-06-01 14:16:46,042 - INFO - 이미 매수 주문(0000026602)이 진행 중입니다. 체결을 기다립니다.
2026-06-01 14:16:46,043 - INFO - 60초 후 다음 확인을 진행합니다. (현재 상태: BUYING)
2026-06-01 14:17:46,154 - INFO - [005930] 현재가: 347500, 고가: 350000, 저가: 319500
2026-06-01 14:17:49,922 - INFO - 계좌 예수금: 8057230원
2026-06-01 14:17:52,071 - INFO - 이미 매수 주문(0000026602)이 진행 중입니다. 체결을 기다립니다.
2026-06-01 14:17:52,072 - INFO - 60초 후 다음 확인을 진행합니다. (현재 상태: BUYING)
2026-06-01 14:18:54,477 - INFO - [005930] 현재가: 348000, 고가: 350000, 저가: 319500
2026-06-01 14:19:01,502 - INFO - 계좌 예수금: 8057230원
2026-06-01 14:19:05,190 - INFO - 이미 매수 주문(0000026602)이 진행 중입니다. 체결을 기다립니다.
2026-06-01 14:19:05,191 - INFO - 60초 후 다음 확인을 진행합니다. (현재 상태: BUYING)
2026-06-01 14:20:07,206 - INFO - [005930] 현재가: 348000, 고가: 350000, 저가: 319500
2026-06-01 14:20:16,398 - INFO - 계좌 예수금: 8057230원
2026-06-01 14:20:19,436 - INFO - 이미 매수 주문(0000026602)이 진행 중입니다. 체결을 기다립니다.
2026-06-01 14:20:19,436 - INFO - 60초 후 다음 확인을 진행합니다. (현재 상태: BUYING)
2026-06-01 14:21:19,534 - INFO - [005930] 현재가: 348000, 고가: 350000, 저가: 319500
2026-06-01 14:21:28,088 - INFO - 계좌 예수금: 8057230원
2026-06-01 14:21:31,673 - INFO - 이미 매수 주문(0000026602)이 진행 중입니다. 체결을 기다립니다.
2026-06-01 14:21:31,673 - INFO - 60초 후 다음 확인을 진행합니다. (현재 상태: BUYING)
2026-06-01 14:22:34,115 - INFO - [005930] 현재가: 347000, 고가: 350000, 저가: 319500
2026-06-01 14:22:38,680 - INFO - 계좌 예수금: 8057230원
2026-06-01 14:22:40,726 - INFO - 이미 매수 주문(0000026602)이 진행 중입니다. 체결을 기다립니다.
2026-06-01 14:22:40,727 - INFO - 60초 후 다음 확인을 진행합니다. (현재 상태: BUYING)
2026-06-01 14:23:40,858 - INFO - [005930] 현재가: 347000, 고가: 350000, 저가: 319500
2026-06-01 14:23:47,171 - INFO - 계좌 예수금: 8057230원
2026-06-01 14:23:48,129 - INFO - 이미 매수 주문(0000026602)이 진행 중입니다. 체결을 기다립니다.
2026-06-01 14:23:48,130 - INFO - 60초 후 다음 확인을 진행합니다. (현재 상태: BUYING)
2026-06-01 14:24:50,725 - INFO - [005930] 현재가: 346000, 고가: 350000, 저가: 319500
2026-06-01 14:24:55,043 - INFO - 계좌 예수금: 8057230원
2026-06-01 14:24:55,125 - INFO - 이미 매수 주문(0000026602)이 진행 중입니다. 체결을 기다립니다.
2026-06-01 14:24:55,125 - INFO - 60초 후 다음 확인을 진행합니다. (현재 상태: BUYING)
2026-06-01 14:25:56,999 - INFO - [005930] 현재가: 346500, 고가: 350000, 저가: 319500
2026-06-01 14:26:00,831 - INFO - 계좌 예수금: 8057230원
2026-06-01 14:26:02,773 - INFO - 이미 매수 주문(0000026602)이 진행 중입니다. 체결을 기다립니다.
2026-06-01 14:26:02,774 - INFO - 60초 후 다음 확인을 진행합니다. (현재 상태: BUYING)
2026-06-01 14:27:04,300 - INFO - [005930] 현재가: 346000, 고가: 350000, 저가: 319500
2026-06-01 14:27:11,936 - INFO - 계좌 예수금: 8057230원
2026-06-01 14:27:14,641 - INFO - 이미 매수 주문(0000026602)이 진행 중입니다. 체결을 기다립니다.
2026-06-01 14:27:14,642 - INFO - 60초 후 다음 확인을 진행합니다. (현재 상태: BUYING)
2026-06-01 14:28:18,842 - INFO - [005930] 현재가: 345500, 고가: 350000, 저가: 319500
2026-06-01 14:28:23,977 - INFO - 계좌 예수금: 8057230원
2026-06-01 14:28:24,077 - INFO - 이미 매수 주문(0000026602)이 진행 중입니다. 체결을 기다립니다.
2026-06-01 14:28:24,077 - INFO - 60초 후 다음 확인을 진행합니다. (현재 상태: BUYING)
2026-06-01 14:29:25,166 - INFO - [005930] 현재가: 344500, 고가: 350000, 저가: 319500
2026-06-01 14:29:30,825 - INFO - 계좌 예수금: 8057230원
2026-06-01 14:29:30,893 - INFO - 이미 매수 주문(0000026602)이 진행 중입니다. 체결을 기다립니다.
2026-06-01 14:29:30,894 - INFO - 60초 후 다음 확인을 진행합니다. (현재 상태: BUYING)
2026-06-01 14:30:33,538 - INFO - [005930] 현재가: 345500, 고가: 350000, 저가: 319500
2026-06-01 14:30:43,643 - INFO - 계좌 예수금: 8057230원
2026-06-01 14:30:46,988 - INFO - 이미 매수 주문(0000026602)이 진행 중입니다. 체결을 기다립니다.
2026-06-01 14:30:46,989 - INFO - 60초 후 다음 확인을 진행합니다. (현재 상태: BUYING)
2026-06-01 14:31:47,484 - INFO - [005930] 현재가: 345250, 고가: 350000, 저가: 319500
2026-06-01 14:31:52,150 - INFO - 계좌 예수금: 8057230원
2026-06-01 14:31:52,221 - INFO - 이미 매수 주문(0000026602)이 진행 중입니다. 체결을 기다립니다.
2026-06-01 14:31:52,221 - INFO - 60초 후 다음 확인을 진행합니다. (현재 상태: BUYING)
2026-06-01 14:32:54,196 - INFO - [005930] 현재가: 345750, 고가: 350000, 저가: 319500
2026-06-01 14:33:01,054 - INFO - 계좌 예수금: 8057230원
2026-06-01 14:33:02,587 - INFO - 이미 매수 주문(0000026602)이 진행 중입니다. 체결을 기다립니다.
2026-06-01 14:33:02,587 - INFO - 60초 후 다음 확인을 진행합니다. (현재 상태: BUYING)
2026-06-01 14:34:03,121 - INFO - [005930] 현재가: 345000, 고가: 350000, 저가: 319500
2026-06-01 14:34:09,582 - INFO - 계좌 예수금: 8057230원
2026-06-01 14:34:12,455 - INFO - 이미 매수 주문(0000026602)이 진행 중입니다. 체결을 기다립니다.
2026-06-01 14:34:12,456 - INFO - 60초 후 다음 확인을 진행합니다. (현재 상태: BUYING)
2026-06-01 14:35:18,808 - INFO - [005930] 현재가: 345000, 고가: 350000, 저가: 319500
2026-06-01 14:35:29,718 - INFO - 계좌 예수금: 8057230원
2026-06-01 14:35:33,422 - INFO - 이미 매수 주문(0000026602)이 진행 중입니다. 체결을 기다립니다.
2026-06-01 14:35:33,423 - INFO - 60초 후 다음 확인을 진행합니다. (현재 상태: BUYING)
2026-06-01 14:36:35,224 - INFO - [005930] 현재가: 345000, 고가: 350000, 저가: 319500
2026-06-01 14:36:42,898 - INFO - 계좌 예수금: 8057230원
2026-06-01 14:36:45,514 - INFO - 이미 매수 주문(0000026602)이 진행 중입니다. 체결을 기다립니다.
2026-06-01 14:36:45,514 - INFO - 60초 후 다음 확인을 진행합니다. (현재 상태: BUYING)
2026-06-01 14:37:45,617 - INFO - [005930] 현재가: 344500, 고가: 350000, 저가: 319500
2026-06-01 14:37:54,107 - INFO - 계좌 예수금: 8057230원
2026-06-01 14:37:54,215 - INFO - 이미 매수 주문(0000026602)이 진행 중입니다. 체결을 기다립니다.
2026-06-01 14:37:54,215 - INFO - 60초 후 다음 확인을 진행합니다. (현재 상태: BUYING)
2026-06-01 14:38:54,299 - INFO - [005930] 현재가: 345750, 고가: 350000, 저가: 319500
2026-06-01 14:38:58,004 - INFO - 계좌 예수금: 8057230원
2026-06-01 14:38:58,083 - INFO - 이미 매수 주문(0000026602)이 진행 중입니다. 체결을 기다립니다.
2026-06-01 14:38:58,083 - INFO - 60초 후 다음 확인을 진행합니다. (현재 상태: BUYING)
2026-06-01 14:39:58,798 - INFO - [005930] 현재가: 346750, 고가: 350000, 저가: 319500
2026-06-01 14:40:03,281 - INFO - 계좌 예수금: 8057230원
2026-06-01 14:40:05,601 - INFO - 이미 매수 주문(0000026602)이 진행 중입니다. 체결을 기다립니다.
2026-06-01 14:40:05,601 - INFO - 60초 후 다음 확인을 진행합니다. (현재 상태: BUYING)
2026-06-01 14:41:05,705 - INFO - [005930] 현재가: 347250, 고가: 350000, 저가: 319500
2026-06-01 14:41:14,919 - INFO - 계좌 예수금: 8057230원
2026-06-01 14:41:19,860 - INFO - 이미 매수 주문(0000026602)이 진행 중입니다. 체결을 기다립니다.
2026-06-01 14:41:19,860 - INFO - 60초 후 다음 확인을 진행합니다. (현재 상태: BUYING)
2026-06-01 14:42:22,492 - INFO - [005930] 현재가: 347000, 고가: 350000, 저가: 319500
2026-06-01 14:42:28,189 - INFO - 계좌 예수금: 8057230원
2026-06-01 14:42:28,852 - INFO - 이미 매수 주문(0000026602)이 진행 중입니다. 체결을 기다립니다.
2026-06-01 14:42:28,853 - INFO - 60초 후 다음 확인을 진행합니다. (현재 상태: BUYING)
2026-06-01 14:43:30,256 - INFO - [005930] 현재가: 348000, 고가: 350000, 저가: 319500
2026-06-01 14:43:37,251 - INFO - 계좌 예수금: 8057230원
2026-06-01 14:43:38,461 - INFO - 이미 매수 주문(0000026602)이 진행 중입니다. 체결을 기다립니다.
2026-06-01 14:43:38,461 - INFO - 60초 후 다음 확인을 진행합니다. (현재 상태: BUYING)
2026-06-01 14:44:38,554 - INFO - [005930] 현재가: 348000, 고가: 350000, 저가: 319500
2026-06-01 14:44:46,262 - INFO - 계좌 예수금: 8057230원
2026-06-01 14:44:46,340 - INFO - 이미 매수 주문(0000026602)이 진행 중입니다. 체결을 기다립니다.
2026-06-01 14:44:46,341 - INFO - 60초 후 다음 확인을 진행합니다. (현재 상태: BUYING)
2026-06-01 14:45:47,815 - INFO - [005930] 현재가: 349000, 고가: 350000, 저가: 319500
2026-06-01 14:45:53,698 - INFO - 계좌 예수금: 8057230원
2026-06-01 14:45:54,305 - INFO - 이미 매수 주문(0000026602)이 진행 중입니다. 체결을 기다립니다.
2026-06-01 14:45:54,306 - INFO - 60초 후 다음 확인을 진행합니다. (현재 상태: BUYING)
2026-06-01 14:46:55,536 - INFO - [005930] 현재가: 348500, 고가: 350000, 저가: 319500
2026-06-01 14:47:01,324 - INFO - 계좌 예수금: 8057230원
2026-06-01 14:47:02,588 - INFO - 이미 매수 주문(0000026602)이 진행 중입니다. 체결을 기다립니다.
2026-06-01 14:47:02,588 - INFO - 60초 후 다음 확인을 진행합니다. (현재 상태: BUYING)
2026-06-01 14:48:03,371 - INFO - [005930] 현재가: 349500, 고가: 350000, 저가: 319500
2026-06-01 14:48:11,540 - INFO - 계좌 예수금: 8057230원
2026-06-01 14:48:13,813 - INFO - 이미 매수 주문(0000026602)이 진행 중입니다. 체결을 기다립니다.
2026-06-01 14:48:13,813 - INFO - 60초 후 다음 확인을 진행합니다. (현재 상태: BUYING)
2026-06-01 14:49:17,598 - INFO - [005930] 현재가: 349750, 고가: 350000, 저가: 319500
2026-06-01 14:49:23,561 - INFO - 계좌 예수금: 8057230원
2026-06-01 14:49:23,674 - INFO - 이미 매수 주문(0000026602)이 진행 중입니다. 체결을 기다립니다.
2026-06-01 14:49:23,674 - INFO - 60초 후 다음 확인을 진행합니다. (현재 상태: BUYING)
2026-06-01 14:50:25,237 - INFO - [005930] 현재가: 349750, 고가: 350000, 저가: 319500
2026-06-01 14:50:32,302 - INFO - 계좌 예수금: 8057230원
2026-06-01 14:50:36,396 - INFO - 이미 매수 주문(0000026602)이 진행 중입니다. 체결을 기다립니다.
2026-06-01 14:50:36,397 - INFO - 60초 후 다음 확인을 진행합니다. (현재 상태: BUYING)
2026-06-01 14:51:36,532 - INFO - [005930] 현재가: 349500, 고가: 350000, 저가: 319500
2026-06-01 14:51:43,781 - INFO - 계좌 예수금: 8057230원
2026-06-01 14:51:43,907 - INFO - 이미 매수 주문(0000026602)이 진행 중입니다. 체결을 기다립니다.
2026-06-01 14:51:43,908 - INFO - 60초 후 다음 확인을 진행합니다. (현재 상태: BUYING)
2026-06-01 14:52:44,027 - INFO - [005930] 현재가: 349000, 고가: 350000, 저가: 319500
2026-06-01 14:52:50,960 - INFO - 계좌 예수금: 8057230원
2026-06-01 14:52:51,080 - INFO - 이미 매수 주문(0000026602)이 진행 중입니다. 체결을 기다립니다.
2026-06-01 14:52:51,081 - INFO - 60초 후 다음 확인을 진행합니다. (현재 상태: BUYING)
2026-06-01 14:53:51,760 - INFO - [005930] 현재가: 349500, 고가: 350000, 저가: 319500
2026-06-01 14:53:57,627 - INFO - 계좌 예수금: 8057230원
2026-06-01 14:53:58,238 - INFO - 이미 매수 주문(0000026602)이 진행 중입니다. 체결을 기다립니다.
2026-06-01 14:53:58,239 - INFO - 60초 후 다음 확인을 진행합니다. (현재 상태: BUYING)
2026-06-01 14:55:14,889 - INFO - [005930] 현재가: 349000, 고가: 350000, 저가: 319500
2026-06-01 14:55:20,262 - INFO - 계좌 예수금: 8057230원
2026-06-01 14:55:26,427 - INFO - 이미 매수 주문(0000026602)이 진행 중입니다. 체결을 기다립니다.
2026-06-01 14:55:26,428 - INFO - 60초 후 다음 확인을 진행합니다. (현재 상태: BUYING)
2026-06-01 14:56:26,545 - INFO - [005930] 현재가: 349500, 고가: 350000, 저가: 319500
2026-06-01 14:56:33,528 - INFO - 계좌 예수금: 8057230원
2026-06-01 14:56:33,673 - INFO - 이미 매수 주문(0000026602)이 진행 중입니다. 체결을 기다립니다.
2026-06-01 14:56:33,674 - INFO - 60초 후 다음 확인을 진행합니다. (현재 상태: BUYING)
2026-06-01 14:57:34,053 - INFO - [005930] 현재가: 349500, 고가: 350000, 저가: 319500
2026-06-01 14:57:39,584 - INFO - 계좌 예수금: 8057230원
2026-06-01 14:57:42,345 - INFO - 이미 매수 주문(0000026602)이 진행 중입니다. 체결을 기다립니다.
2026-06-01 14:57:42,346 - INFO - 60초 후 다음 확인을 진행합니다. (현재 상태: BUYING)
2026-06-01 14:58:45,111 - INFO - [005930] 현재가: 349500, 고가: 350000, 저가: 319500
2026-06-01 14:58:49,819 - INFO - 계좌 예수금: 8057230원
2026-06-01 14:58:52,990 - INFO - 이미 매수 주문(0000026602)이 진행 중입니다. 체결을 기다립니다.
2026-06-01 14:58:52,991 - INFO - 60초 후 다음 확인을 진행합니다. (현재 상태: BUYING)
2026-06-01 14:59:53,105 - INFO - [005930] 현재가: 351250, 고가: 351250, 저가: 319500
2026-06-01 14:59:56,983 - INFO - 계좌 예수금: 8057230원
2026-06-01 14:59:57,085 - INFO - 이미 매수 주문(0000026602)이 진행 중입니다. 체결을 기다립니다.
2026-06-01 14:59:57,086 - INFO - 60초 후 다음 확인을 진행합니다. (현재 상태: BUYING)
2026-06-01 15:01:00,475 - INFO - [005930] 현재가: 351250, 고가: 351250, 저가: 319500
2026-06-01 15:01:08,336 - INFO - 계좌 예수금: 8057230원
2026-06-01 15:01:11,432 - INFO - 이미 매수 주문(0000026602)이 진행 중입니다. 체결을 기다립니다.
2026-06-01 15:01:11,433 - INFO - 60초 후 다음 확인을 진행합니다. (현재 상태: BUYING)
2026-06-01 15:02:17,476 - INFO - [005930] 현재가: 350750, 고가: 351250, 저가: 319500
2026-06-01 15:02:28,555 - ERROR - GET 요청 실패 (VTTC8434R): HTTPSConnectionPool(host='openapivts.koreainvestment.com', port=29443): Read timed out. (read timeout=10)
2026-06-01 15:02:28,556 - ERROR - 잔고 조회 실패
2026-06-01 15:02:34,483 - INFO - 이미 매수 주문(0000026602)이 진행 중입니다. 체결을 기다립니다.
2026-06-01 15:02:34,483 - INFO - 60초 후 다음 확인을 진행합니다. (현재 상태: BUYING)
2026-06-01 15:03:36,132 - INFO - [005930] 현재가: 351250, 고가: 351500, 저가: 319500
2026-06-01 15:03:42,379 - INFO - 계좌 예수금: 8057230원
2026-06-01 15:03:42,508 - INFO - 이미 매수 주문(0000026602)이 진행 중입니다. 체결을 기다립니다.
2026-06-01 15:03:42,509 - INFO - 60초 후 다음 확인을 진행합니다. (현재 상태: BUYING)
2026-06-01 15:04:44,541 - INFO - [005930] 현재가: 353000, 고가: 353500, 저가: 319500
2026-06-01 15:04:51,402 - INFO - 계좌 예수금: 8057230원
2026-06-01 15:04:52,324 - INFO - 이미 매수 주문(0000026602)이 진행 중입니다. 체결을 기다립니다.
2026-06-01 15:04:52,326 - INFO - 60초 후 다음 확인을 진행합니다. (현재 상태: BUYING)
2026-06-01 15:05:53,767 - INFO - [005930] 현재가: 353000, 고가: 353500, 저가: 319500
2026-06-01 15:06:00,019 - INFO - 계좌 예수금: 8057230원
2026-06-01 15:06:02,579 - INFO - 이미 매수 주문(0000026602)이 진행 중입니다. 체결을 기다립니다.
2026-06-01 15:06:02,581 - INFO - 60초 후 다음 확인을 진행합니다. (현재 상태: BUYING)
2026-06-01 15:07:02,714 - INFO - [005930] 현재가: 353500, 고가: 354500, 저가: 319500
2026-06-01 15:07:11,701 - INFO - 계좌 예수금: 8057230원
2026-06-01 15:07:15,898 - INFO - 이미 매수 주문(0000026602)이 진행 중입니다. 체결을 기다립니다.
2026-06-01 15:07:15,899 - INFO - 60초 후 다음 확인을 진행합니다. (현재 상태: BUYING)
2026-06-01 15:08:19,387 - INFO - [005930] 현재가: 353500, 고가: 354500, 저가: 319500
2026-06-01 15:08:27,475 - INFO - 계좌 예수금: 8057230원
2026-06-01 15:08:30,346 - INFO - 이미 매수 주문(0000026602)이 진행 중입니다. 체결을 기다립니다.
2026-06-01 15:08:30,346 - INFO - 60초 후 다음 확인을 진행합니다. (현재 상태: BUYING)
2026-06-01 15:09:34,245 - INFO - [005930] 현재가: 353000, 고가: 354500, 저가: 319500
2026-06-01 15:09:42,848 - INFO - 계좌 예수금: 8057230원
2026-06-01 15:09:42,956 - INFO - 이미 매수 주문(0000026602)이 진행 중입니다. 체결을 기다립니다.
2026-06-01 15:09:42,957 - INFO - 60초 후 다음 확인을 진행합니다. (현재 상태: BUYING)
2026-06-01 15:10:44,702 - INFO - [005930] 현재가: 353000, 고가: 354500, 저가: 319500
2026-06-01 15:10:50,436 - INFO - 계좌 예수금: 8057230원
2026-06-01 15:10:50,613 - INFO - 이미 매수 주문(0000026602)이 진행 중입니다. 체결을 기다립니다.
2026-06-01 15:10:50,614 - INFO - 60초 후 다음 확인을 진행합니다. (현재 상태: BUYING)
2026-06-01 15:11:53,212 - INFO - [005930] 현재가: 353250, 고가: 354500, 저가: 319500
2026-06-01 15:12:01,404 - INFO - 계좌 예수금: 8057230원
2026-06-01 15:12:01,500 - INFO - 이미 매수 주문(0000026602)이 진행 중입니다. 체결을 기다립니다.
2026-06-01 15:12:01,501 - INFO - 60초 후 다음 확인을 진행합니다. (현재 상태: BUYING)
2026-06-01 15:13:04,077 - INFO - [005930] 현재가: 352500, 고가: 354500, 저가: 319500
2026-06-01 15:13:14,829 - INFO - 계좌 예수금: 8057230원
2026-06-01 15:13:14,962 - INFO - 이미 매수 주문(0000026602)이 진행 중입니다. 체결을 기다립니다.
2026-06-01 15:13:14,963 - INFO - 60초 후 다음 확인을 진행합니다. (현재 상태: BUYING)
2026-06-01 15:14:17,195 - INFO - [005930] 현재가: 352000, 고가: 354500, 저가: 319500
2026-06-01 15:14:23,544 - INFO - 계좌 예수금: 8057230원
2026-06-01 15:14:25,283 - INFO - 이미 매수 주문(0000026602)이 진행 중입니다. 체결을 기다립니다.
2026-06-01 15:14:25,284 - INFO - 60초 후 다음 확인을 진행합니다. (현재 상태: BUYING)
2026-06-01 15:15:28,540 - INFO - [005930] 현재가: 352000, 고가: 354500, 저가: 319500
2026-06-01 15:15:35,432 - INFO - 계좌 예수금: 8057230원
2026-06-01 15:15:37,583 - INFO - 이미 매수 주문(0000026602)이 진행 중입니다. 체결을 기다립니다.
2026-06-01 15:15:37,584 - INFO - 60초 후 다음 확인을 진행합니다. (현재 상태: BUYING)
2026-06-01 15:16:38,107 - INFO - [005930] 현재가: 352000, 고가: 354500, 저가: 319500
2026-06-01 15:16:43,942 - INFO - 계좌 예수금: 8057230원
2026-06-01 15:16:44,660 - INFO - 이미 매수 주문(0000026602)이 진행 중입니다. 체결을 기다립니다.
2026-06-01 15:16:44,660 - INFO - 60초 후 다음 확인을 진행합니다. (현재 상태: BUYING)
2026-06-01 15:17:46,307 - INFO - [005930] 현재가: 351500, 고가: 354500, 저가: 319500
2026-06-01 15:17:50,404 - INFO - 계좌 예수금: 8057230원
2026-06-01 15:17:51,255 - INFO - 이미 매수 주문(0000026602)이 진행 중입니다. 체결을 기다립니다.
2026-06-01 15:17:51,256 - INFO - 60초 후 다음 확인을 진행합니다. (현재 상태: BUYING)
2026-06-01 15:18:52,258 - INFO - [005930] 현재가: 351750, 고가: 354500, 저가: 319500
2026-06-01 15:18:58,198 - INFO - 계좌 예수금: 8057230원
2026-06-01 15:18:58,324 - INFO - 이미 매수 주문(0000026602)이 진행 중입니다. 체결을 기다립니다.
2026-06-01 15:18:58,325 - INFO - 60초 후 다음 확인을 진행합니다. (현재 상태: BUYING)
2026-06-01 15:20:00,255 - INFO - [005930] 현재가: 352000, 고가: 354500, 저가: 319500
2026-06-01 15:20:05,478 - INFO - 계좌 예수금: 8057230원
2026-06-01 15:20:07,627 - INFO - 이미 매수 주문(0000026602)이 진행 중입니다. 체결을 기다립니다.
2026-06-01 15:20:07,627 - INFO - 60초 후 다음 확인을 진행합니다. (현재 상태: BUYING)
2026-06-01 15:21:09,585 - INFO - [005930] 현재가: 351500, 고가: 354500, 저가: 319500
2026-06-01 15:21:15,016 - INFO - 계좌 예수금: 8057230원
2026-06-01 15:21:15,122 - INFO - 이미 매수 주문(0000026602)이 진행 중입니다. 체결을 기다립니다.
2026-06-01 15:21:15,123 - INFO - 60초 후 다음 확인을 진행합니다. (현재 상태: BUYING)
2026-06-01 15:22:15,943 - INFO - [005930] 현재가: 351500, 고가: 354500, 저가: 319500
2026-06-01 15:22:20,279 - INFO - 계좌 예수금: 8057230원
2026-06-01 15:22:20,413 - INFO - 이미 매수 주문(0000026602)이 진행 중입니다. 체결을 기다립니다.
2026-06-01 15:22:20,413 - INFO - 60초 후 다음 확인을 진행합니다. (현재 상태: BUYING)
2026-06-01 15:23:20,563 - INFO - [005930] 현재가: 351500, 고가: 354500, 저가: 319500
2026-06-01 15:23:26,193 - INFO - 계좌 예수금: 8057230원
2026-06-01 15:23:26,302 - INFO - 이미 매수 주문(0000026602)이 진행 중입니다. 체결을 기다립니다.
2026-06-01 15:23:26,303 - INFO - 60초 후 다음 확인을 진행합니다. (현재 상태: BUYING)
2026-06-01 15:24:26,716 - INFO - [005930] 현재가: 351500, 고가: 354500, 저가: 319500
2026-06-01 15:24:31,632 - INFO - 계좌 예수금: 8057230원
2026-06-01 15:24:31,732 - INFO - 이미 매수 주문(0000026602)이 진행 중입니다. 체결을 기다립니다.
2026-06-01 15:24:31,732 - INFO - 60초 후 다음 확인을 진행합니다. (현재 상태: BUYING)
2026-06-01 15:25:31,849 - INFO - [005930] 현재가: 351500, 고가: 354500, 저가: 319500
2026-06-01 15:25:35,537 - INFO - 계좌 예수금: 8057230원
2026-06-01 15:25:35,650 - INFO - 이미 매수 주문(0000026602)이 진행 중입니다. 체결을 기다립니다.
2026-06-01 15:25:35,651 - INFO - 60초 후 다음 확인을 진행합니다. (현재 상태: BUYING)
2026-06-01 15:26:36,056 - INFO - [005930] 현재가: 351500, 고가: 354500, 저가: 319500
2026-06-01 15:26:37,386 - INFO - 계좌 예수금: 8057230원
2026-06-01 15:26:37,658 - INFO - 이미 매수 주문(0000026602)이 진행 중입니다. 체결을 기다립니다.
2026-06-01 15:26:37,659 - INFO - 60초 후 다음 확인을 진행합니다. (현재 상태: BUYING)
2026-06-01 15:27:37,796 - INFO - [005930] 현재가: 351500, 고가: 354500, 저가: 319500
2026-06-01 15:27:42,108 - INFO - 계좌 예수금: 8057230원
2026-06-01 15:27:42,225 - INFO - 이미 매수 주문(0000026602)이 진행 중입니다. 체결을 기다립니다.
2026-06-01 15:27:42,226 - INFO - 60초 후 다음 확인을 진행합니다. (현재 상태: BUYING)
2026-06-01 15:28:42,371 - INFO - [005930] 현재가: 351500, 고가: 354500, 저가: 319500
2026-06-01 15:28:45,804 - INFO - 계좌 예수금: 8057230원
2026-06-01 15:28:45,914 - INFO - 이미 매수 주문(0000026602)이 진행 중입니다. 체결을 기다립니다.
2026-06-01 15:28:45,915 - INFO - 60초 후 다음 확인을 진행합니다. (현재 상태: BUYING)
2026-06-01 15:29:46,329 - INFO - [005930] 현재가: 351500, 고가: 354500, 저가: 319500
2026-06-01 15:29:50,830 - INFO - 계좌 예수금: 8057230원
2026-06-01 15:29:50,959 - INFO - 이미 매수 주문(0000026602)이 진행 중입니다. 체결을 기다립니다.
2026-06-01 15:29:50,960 - INFO - 60초 후 다음 확인을 진행합니다. (현재 상태: BUYING)
2026-06-01 15:30:50,961 - INFO - 현재 시간 15:30:50, 장 종료 시간이 지났습니다. 프로그램을 종료합니다.
2026-06-01 15:30:50,962 - INFO - 프로그램을 종료합니다.
