2026-05-26 14:02:46,394 - INFO - 새로운 접근 토큰을 발급받습니다...
2026-05-26 14:02:46,595 - ERROR - 토큰 발급 실패: 403 Client Error: Forbidden for url: https://openapivts.koreainvestment.com:29443/oauth2/tokenP
2026-05-26 14:02:46,598 - ERROR - 토큰 발급 실패로 프로그램을 종료합니다.
2026-05-26 14:02:46,599 - INFO - 프로그램을 종료합니다.
2026-05-26 14:03:29,832 - INFO - 새로운 접근 토큰을 발급받습니다...
2026-05-26 14:03:32,643 - ERROR - 토큰 발급 실패: 403 Client Error: Forbidden for url: https://openapivts.koreainvestment.com:29443/oauth2/tokenP
2026-05-26 14:03:32,649 - ERROR - 토큰 발급 실패로 프로그램을 종료합니다.
2026-05-26 14:03:32,649 - INFO - 프로그램을 종료합니다.
2026-05-26 14:09:20,719 - INFO - 새로운 접근 토큰을 발급받습니다...
2026-05-26 14:09:23,018 - INFO - 새로운 토큰이 발급 및 저장되었습니다. 만료 시간: 2026-05-27 14:09:22
2026-05-26 14:09:23,024 - INFO - 삼성전자 자동매매 프로그램을 시작합니다.
2026-05-26 14:09:25,272 - INFO - [005930] 현재가: 299500원
2026-05-26 14:09:32,315 - INFO - 계좌 예수금: 10000000원
2026-05-26 14:09:32,316 - INFO - [005930] 보유 수량: 1주
2026-05-26 14:09:32,317 - INFO - 매도 조건 충족: 현재가(299500) + 2000 = 301500원
2026-05-26 14:09:32,317 - INFO - [SELL] 주문 요청: 005930, 1주, 301500원
2026-05-26 14:09:34,051 - INFO - 주문 성공! 주문번호: 0000027924
2026-05-26 14:09:34,052 - INFO - 60초 후 다음 확인을 진행합니다.
2026-05-26 14:10:36,007 - INFO - [005930] 현재가: 300000원
2026-05-26 14:10:45,018 - INFO - 계좌 예수금: 10000000원
2026-05-26 14:10:45,020 - INFO - [005930] 보유 수량: 1주
2026-05-26 14:10:45,020 - INFO - 매도 조건 충족: 현재가(300000) + 2000 = 302000원
2026-05-26 14:10:45,021 - INFO - [SELL] 주문 요청: 005930, 1주, 302000원
2026-05-26 14:10:46,350 - ERROR - 주문 실패: 모의투자 잔고내역이 없습니다.
2026-05-26 14:10:46,351 - INFO - 60초 후 다음 확인을 진행합니다.
2026-05-26 14:11:42,129 - INFO - 기존 유효한 토큰을 캐시에서 로드했습니다.
2026-05-26 14:11:42,130 - INFO - 삼성전자 자동매매 프로그램을 시작합니다.
2026-05-26 14:11:42,327 - INFO - [005930] 현재가: 300000원
2026-05-26 14:11:42,734 - ERROR - GET 요청 실패 (VTTC8434R): 500 Server Error: Internal Server Error for url: https://openapivts.koreainvestment.com:29443/uapi/domestic-stock/v1/trading/inquire-balance?CANO=50174003&ACNT_PRDT_CD=01&AFHR_FLPR_YN=N&OFL_YN=&INQR_DVSN=02&UNPR_DVSN=01&FUND_STTL_ICLD_YN=N&FNCG_AMT_AUTO_RDPT_YN=N&PRCS_DVSN=00&CTX_AREA_FK100=&CTX_AREA_NK100=
2026-05-26 14:11:42,735 - ERROR - 상세 에러: {"rt_cd":"1","msg1":"초당 거래건수를 초과하였습니다.","msg_cd":"EGW00201","message":"EGW00201"}
2026-05-26 14:11:42,738 - ERROR - 잔고 조회 실패
2026-05-26 14:11:42,739 - WARNING - 예수금 부족으로 매수 불가 (예수금: 0원, 필요: 298000원)
2026-05-26 14:11:42,739 - INFO - 60초 후 다음 확인을 진행합니다.
2026-05-26 14:11:48,713 - INFO - [005930] 현재가: 299500원
2026-05-26 14:11:50,658 - INFO - 계좌 예수금: 10000000원
2026-05-26 14:11:50,660 - INFO - [005930] 보유 수량: 1주
2026-05-26 14:11:50,660 - INFO - 매도 조건 충족: 현재가(299500) + 2000 = 301500원
2026-05-26 14:11:50,661 - INFO - [SELL] 주문 요청: 005930, 1주, 301500원
2026-05-26 14:11:50,812 - ERROR - 주문 실패: 모의투자 잔고내역이 없습니다.
2026-05-26 14:11:50,813 - INFO - 60초 후 다음 확인을 진행합니다.
2026-05-26 14:12:42,933 - INFO - [005930] 현재가: 299750원
2026-05-26 14:12:48,729 - INFO - 계좌 예수금: 10000000원
2026-05-26 14:12:48,730 - INFO - [005930] 보유 수량: 1주, 매도 가능 수량: 0주
2026-05-26 14:12:48,731 - INFO - 이미 모든 보유 수량에 대해 매도 주문이 진행 중입니다.
2026-05-26 14:12:48,731 - INFO - 60초 후 다음 확인을 진행합니다.
2026-05-26 14:12:51,287 - INFO - [005930] 현재가: 299750원
2026-05-26 14:12:56,916 - INFO - 계좌 예수금: 10000000원
2026-05-26 14:12:56,917 - INFO - [005930] 보유 수량: 1주
2026-05-26 14:12:56,918 - INFO - 매도 조건 충족: 현재가(299750) + 2000 = 301750원
2026-05-26 14:12:56,919 - INFO - [SELL] 주문 요청: 005930, 1주, 301750원
2026-05-26 14:12:58,351 - ERROR - 주문 실패: 모의투자 주문처리가 안되었습니다(호가단위 오류)
2026-05-26 14:12:58,353 - INFO - 60초 후 다음 확인을 진행합니다.
2026-05-26 14:13:49,675 - INFO - [005930] 현재가: 300000원
2026-05-26 14:13:55,288 - INFO - 계좌 예수금: 10000000원
2026-05-26 14:13:55,289 - INFO - [005930] 보유 수량: 1주, 매도 가능 수량: 0주
2026-05-26 14:13:55,291 - INFO - 이미 모든 보유 수량에 대해 매도 주문이 진행 중입니다.
2026-05-26 14:13:55,291 - INFO - 60초 후 다음 확인을 진행합니다.
2026-05-26 14:14:00,497 - INFO - [005930] 현재가: 299500원
2026-05-26 14:14:05,322 - INFO - 계좌 예수금: 10000000원
2026-05-26 14:14:05,323 - INFO - [005930] 보유 수량: 1주
2026-05-26 14:14:05,324 - INFO - 매도 조건 충족: 현재가(299500) + 2000 = 301500원
2026-05-26 14:14:05,324 - INFO - [SELL] 주문 요청: 005930, 1주, 301500원
2026-05-26 14:14:09,625 - ERROR - 주문 실패: 모의투자 잔고내역이 없습니다.
2026-05-26 14:14:09,627 - INFO - 60초 후 다음 확인을 진행합니다.
2026-05-26 14:14:58,167 - INFO - [005930] 현재가: 299500원
2026-05-26 14:15:02,467 - INFO - 계좌 예수금: 10000000원
2026-05-26 14:15:02,468 - INFO - [005930] 보유 수량: 1주, 매도 가능 수량: 0주
2026-05-26 14:15:02,469 - INFO - 이미 모든 보유 수량에 대해 매도 주문이 진행 중입니다.
2026-05-26 14:15:02,470 - INFO - 60초 후 다음 확인을 진행합니다.
2026-05-26 14:15:11,170 - INFO - [005930] 현재가: 300000원
2026-05-26 14:15:20,696 - INFO - 계좌 예수금: 10000000원
2026-05-26 14:15:20,697 - INFO - [005930] 보유 수량: 1주
2026-05-26 14:15:20,698 - INFO - 매도 조건 충족: 현재가(300000) + 2000 = 302000원
2026-05-26 14:15:20,698 - INFO - [SELL] 주문 요청: 005930, 1주, 302000원
2026-05-26 14:15:24,894 - ERROR - 주문 실패: 모의투자 잔고내역이 없습니다.
2026-05-26 14:15:24,895 - INFO - 60초 후 다음 확인을 진행합니다.
2026-05-26 14:16:03,808 - INFO - [005930] 현재가: 299500원
2026-05-26 14:16:10,259 - INFO - 계좌 예수금: 10000000원
2026-05-26 14:16:10,260 - INFO - [005930] 보유 수량: 1주, 매도 가능 수량: 0주
2026-05-26 14:16:10,261 - INFO - 이미 모든 보유 수량에 대해 매도 주문이 진행 중입니다.
2026-05-26 14:16:10,262 - INFO - 60초 후 다음 확인을 진행합니다.
2026-05-26 14:16:26,603 - INFO - [005930] 현재가: 300000원
2026-05-26 14:16:32,789 - INFO - 계좌 예수금: 10000000원
2026-05-26 14:16:32,790 - INFO - [005930] 보유 수량: 1주
2026-05-26 14:16:32,792 - INFO - 매도 조건 충족: 현재가(300000) + 2000 = 302000원
2026-05-26 14:16:32,793 - INFO - [SELL] 주문 요청: 005930, 1주, 302000원
2026-05-26 14:16:34,430 - ERROR - 주문 실패: 모의투자 잔고내역이 없습니다.
2026-05-26 14:16:34,431 - INFO - 60초 후 다음 확인을 진행합니다.
2026-05-26 14:17:12,933 - INFO - [005930] 현재가: 300000원
2026-05-26 14:17:20,001 - INFO - 계좌 예수금: 10000000원
2026-05-26 14:17:20,002 - INFO - [005930] 보유 수량: 1주, 매도 가능 수량: 0주
2026-05-26 14:17:20,004 - INFO - 이미 모든 보유 수량에 대해 매도 주문이 진행 중입니다.
2026-05-26 14:17:20,004 - INFO - 60초 후 다음 확인을 진행합니다.
2026-05-26 14:17:34,571 - INFO - [005930] 현재가: 299500원
2026-05-26 14:17:41,093 - INFO - 계좌 예수금: 10000000원
2026-05-26 14:17:41,094 - INFO - [005930] 보유 수량: 1주
2026-05-26 14:17:41,095 - INFO - 매도 조건 충족: 현재가(299500) + 2000 = 301500원
2026-05-26 14:17:41,096 - INFO - [SELL] 주문 요청: 005930, 1주, 301500원
2026-05-26 14:17:41,328 - ERROR - 주문 실패: 모의투자 잔고내역이 없습니다.
2026-05-26 14:17:41,329 - INFO - 60초 후 다음 확인을 진행합니다.
2026-05-26 14:18:24,001 - INFO - [005930] 현재가: 300000원
2026-05-26 14:18:32,604 - INFO - 계좌 예수금: 10000000원
2026-05-26 14:18:32,604 - INFO - [005930] 보유 수량: 1주, 매도 가능 수량: 0주
2026-05-26 14:18:32,605 - INFO - 이미 모든 보유 수량에 대해 매도 주문이 진행 중입니다.
2026-05-26 14:18:32,606 - INFO - 60초 후 다음 확인을 진행합니다.
2026-05-26 14:18:41,456 - INFO - [005930] 현재가: 300000원
2026-05-26 14:18:49,603 - INFO - 계좌 예수금: 10000000원
2026-05-26 14:18:49,604 - INFO - [005930] 보유 수량: 1주
2026-05-26 14:18:49,605 - INFO - 매도 조건 충족: 현재가(300000) + 2000 = 302000원
2026-05-26 14:18:49,605 - INFO - [SELL] 주문 요청: 005930, 1주, 302000원
2026-05-26 14:18:49,750 - ERROR - 주문 실패: 모의투자 잔고내역이 없습니다.
2026-05-26 14:18:49,751 - INFO - 60초 후 다음 확인을 진행합니다.
2026-05-26 14:19:35,115 - INFO - [005930] 현재가: 299500원
2026-05-26 14:19:38,244 - INFO - 계좌 예수금: 10000000원
2026-05-26 14:19:38,245 - INFO - [005930] 보유 수량: 1주, 매도 가능 수량: 0주
2026-05-26 14:19:38,246 - INFO - 이미 모든 보유 수량에 대해 매도 주문이 진행 중입니다.
2026-05-26 14:19:38,246 - INFO - 60초 후 다음 확인을 진행합니다.
2026-05-26 14:19:50,127 - INFO - [005930] 현재가: 299500원
2026-05-26 14:19:55,147 - INFO - 계좌 예수금: 10000000원
2026-05-26 14:19:55,149 - INFO - [005930] 보유 수량: 1주
2026-05-26 14:19:55,149 - INFO - 매도 조건 충족: 현재가(299500) + 2000 = 301500원
2026-05-26 14:19:55,150 - INFO - [SELL] 주문 요청: 005930, 1주, 301500원
2026-05-26 14:19:55,654 - ERROR - 주문 실패: 모의투자 잔고내역이 없습니다.
2026-05-26 14:19:55,655 - INFO - 60초 후 다음 확인을 진행합니다.
2026-05-26 14:20:42,146 - INFO - [005930] 현재가: 299750원
2026-05-26 14:20:50,344 - INFO - 계좌 예수금: 10000000원
2026-05-26 14:20:50,345 - INFO - [005930] 보유 수량: 1주, 매도 가능 수량: 0주
2026-05-26 14:20:50,347 - INFO - 이미 모든 보유 수량에 대해 매도 주문이 진행 중입니다.
2026-05-26 14:20:50,348 - INFO - 60초 후 다음 확인을 진행합니다.
2026-05-26 14:20:58,900 - INFO - [005930] 현재가: 300000원
2026-05-26 14:21:06,012 - INFO - 계좌 예수금: 10000000원
2026-05-26 14:21:06,013 - INFO - [005930] 보유 수량: 1주
2026-05-26 14:21:06,014 - INFO - 매도 조건 충족: 현재가(300000) + 2000 = 302000원
2026-05-26 14:21:06,014 - INFO - [SELL] 주문 요청: 005930, 1주, 302000원
2026-05-26 14:21:10,105 - ERROR - 주문 실패: 모의투자 잔고내역이 없습니다.
2026-05-26 14:21:10,106 - INFO - 60초 후 다음 확인을 진행합니다.
2026-05-26 14:21:52,427 - INFO - [005930] 현재가: 299750원
2026-05-26 14:21:59,866 - INFO - 계좌 예수금: 10000000원
2026-05-26 14:21:59,867 - INFO - [005930] 보유 수량: 1주, 매도 가능 수량: 0주
2026-05-26 14:21:59,868 - INFO - 이미 모든 보유 수량에 대해 매도 주문이 진행 중입니다.
2026-05-26 14:21:59,868 - INFO - 60초 후 다음 확인을 진행합니다.
2026-05-26 14:22:13,904 - INFO - [005930] 현재가: 299500원
2026-05-26 14:22:18,306 - INFO - 계좌 예수금: 10000000원
2026-05-26 14:22:18,307 - INFO - [005930] 보유 수량: 1주
2026-05-26 14:22:18,308 - INFO - 매도 조건 충족: 현재가(299500) + 2000 = 301500원
2026-05-26 14:22:18,308 - INFO - [SELL] 주문 요청: 005930, 1주, 301500원
2026-05-26 14:22:19,128 - ERROR - 주문 실패: 모의투자 잔고내역이 없습니다.
2026-05-26 14:22:19,130 - INFO - 60초 후 다음 확인을 진행합니다.
2026-05-26 14:23:02,240 - INFO - [005930] 현재가: 299500원
2026-05-26 14:23:10,484 - INFO - 계좌 예수금: 10000000원
2026-05-26 14:23:10,485 - INFO - [005930] 보유 수량: 1주, 매도 가능 수량: 0주
2026-05-26 14:23:10,485 - INFO - 이미 모든 보유 수량에 대해 매도 주문이 진행 중입니다.
2026-05-26 14:23:10,486 - INFO - 60초 후 다음 확인을 진행합니다.
2026-05-26 14:23:19,248 - INFO - [005930] 현재가: 299750원
2026-05-26 14:23:27,430 - INFO - 계좌 예수금: 10000000원
2026-05-26 14:23:27,431 - INFO - [005930] 보유 수량: 1주
2026-05-26 14:23:27,432 - INFO - 매도 조건 충족: 현재가(299750) + 2000 = 301750원
2026-05-26 14:23:27,433 - INFO - [SELL] 주문 요청: 005930, 1주, 301750원
2026-05-26 14:23:29,926 - ERROR - 주문 실패: 모의투자 주문처리가 안되었습니다(호가단위 오류)
2026-05-26 14:23:29,927 - INFO - 60초 후 다음 확인을 진행합니다.
2026-05-26 14:24:12,693 - INFO - [005930] 현재가: 299500원
2026-05-26 14:24:19,453 - INFO - 계좌 예수금: 10000000원
2026-05-26 14:24:19,454 - INFO - [005930] 보유 수량: 1주, 매도 가능 수량: 0주
2026-05-26 14:24:19,455 - INFO - 이미 모든 보유 수량에 대해 매도 주문이 진행 중입니다.
2026-05-26 14:24:19,456 - INFO - 60초 후 다음 확인을 진행합니다.
2026-05-26 14:24:32,151 - INFO - [005930] 현재가: 299500원
2026-05-26 14:24:37,273 - INFO - 계좌 예수금: 10000000원
2026-05-26 14:24:37,274 - INFO - [005930] 보유 수량: 1주
2026-05-26 14:24:37,274 - INFO - 매도 조건 충족: 현재가(299500) + 2000 = 301500원
2026-05-26 14:24:37,275 - INFO - [SELL] 주문 요청: 005930, 1주, 301500원
2026-05-26 14:24:40,651 - ERROR - 주문 실패: 모의투자 잔고내역이 없습니다.
2026-05-26 14:24:40,652 - INFO - 60초 후 다음 확인을 진행합니다.
2026-05-26 14:25:26,119 - INFO - [005930] 현재가: 299500원
2026-05-26 14:25:33,271 - INFO - 계좌 예수금: 10000000원
2026-05-26 14:25:33,272 - INFO - [005930] 보유 수량: 1주, 매도 가능 수량: 0주
2026-05-26 14:25:33,272 - INFO - 이미 모든 보유 수량에 대해 매도 주문이 진행 중입니다.
2026-05-26 14:25:33,273 - INFO - 60초 후 다음 확인을 진행합니다.
2026-05-26 14:25:43,425 - INFO - [005930] 현재가: 299250원
2026-05-26 14:25:49,775 - INFO - 계좌 예수금: 10000000원
2026-05-26 14:25:49,776 - INFO - [005930] 보유 수량: 1주
2026-05-26 14:25:49,777 - INFO - 매도 조건 충족: 현재가(299250) + 2000 = 301250원
2026-05-26 14:25:49,777 - INFO - [SELL] 주문 요청: 005930, 1주, 301250원
2026-05-26 14:25:53,871 - ERROR - 주문 실패: 모의투자 주문처리가 안되었습니다(호가단위 오류)
2026-05-26 14:25:53,871 - INFO - 60초 후 다음 확인을 진행합니다.
2026-05-26 14:26:35,448 - INFO - [005930] 현재가: 299500원
2026-05-26 14:26:41,560 - INFO - 계좌 예수금: 10000000원
2026-05-26 14:26:41,562 - INFO - [005930] 보유 수량: 1주, 매도 가능 수량: 0주
2026-05-26 14:26:41,563 - INFO - 이미 모든 보유 수량에 대해 매도 주문이 진행 중입니다.
2026-05-26 14:26:41,564 - INFO - 60초 후 다음 확인을 진행합니다.
2026-05-26 14:26:55,009 - INFO - [005930] 현재가: 299750원
2026-05-26 14:27:00,936 - INFO - 계좌 예수금: 10000000원
2026-05-26 14:27:00,937 - INFO - [005930] 보유 수량: 1주
2026-05-26 14:27:00,938 - INFO - 매도 조건 충족: 현재가(299750) + 2000 = 301750원
2026-05-26 14:27:00,939 - INFO - [SELL] 주문 요청: 005930, 1주, 301750원
2026-05-26 14:27:02,176 - ERROR - 주문 실패: 모의투자 주문처리가 안되었습니다(호가단위 오류)
2026-05-26 14:27:02,177 - INFO - 60초 후 다음 확인을 진행합니다.
2026-05-26 14:27:43,957 - INFO - [005930] 현재가: 299500원
2026-05-26 14:27:48,668 - INFO - 계좌 예수금: 10000000원
2026-05-26 14:27:48,669 - INFO - [005930] 보유 수량: 1주, 매도 가능 수량: 0주
2026-05-26 14:27:48,670 - INFO - 이미 모든 보유 수량에 대해 매도 주문이 진행 중입니다.
2026-05-26 14:27:48,671 - INFO - 60초 후 다음 확인을 진행합니다.
2026-05-26 14:28:03,825 - INFO - [005930] 현재가: 300000원
2026-05-26 14:28:09,765 - INFO - 계좌 예수금: 10000000원
2026-05-26 14:28:09,766 - INFO - [005930] 보유 수량: 1주
2026-05-26 14:28:09,766 - INFO - 매도 조건 충족: 현재가(300000) + 2000 = 302000원
2026-05-26 14:28:09,767 - INFO - [SELL] 주문 요청: 005930, 1주, 302000원
2026-05-26 14:28:11,402 - ERROR - 주문 실패: 모의투자 잔고내역이 없습니다.
2026-05-26 14:28:11,403 - INFO - 60초 후 다음 확인을 진행합니다.
2026-05-26 14:28:49,804 - INFO - [005930] 현재가: 299750원
2026-05-26 14:28:55,028 - INFO - 계좌 예수금: 10000000원
2026-05-26 14:28:55,029 - INFO - [005930] 보유 수량: 1주, 매도 가능 수량: 0주
2026-05-26 14:28:55,029 - INFO - 이미 모든 보유 수량에 대해 매도 주문이 진행 중입니다.
2026-05-26 14:28:55,030 - INFO - 60초 후 다음 확인을 진행합니다.
2026-05-26 14:29:15,098 - INFO - [005930] 현재가: 299750원
2026-05-26 14:29:21,857 - INFO - 계좌 예수금: 10000000원
2026-05-26 14:29:21,858 - INFO - [005930] 보유 수량: 1주
2026-05-26 14:29:21,859 - INFO - 매도 조건 충족: 현재가(299750) + 2000 = 301750원
2026-05-26 14:29:21,860 - INFO - [SELL] 주문 요청: 005930, 1주, 301750원
2026-05-26 14:29:24,389 - ERROR - 주문 실패: 모의투자 주문처리가 안되었습니다(호가단위 오류)
2026-05-26 14:29:24,390 - INFO - 60초 후 다음 확인을 진행합니다.
2026-05-26 14:29:58,415 - INFO - [005930] 현재가: 300000원
2026-05-26 14:30:02,059 - INFO - 계좌 예수금: 10000000원
2026-05-26 14:30:02,060 - INFO - [005930] 보유 수량: 1주, 매도 가능 수량: 0주
2026-05-26 14:30:02,062 - INFO - 이미 모든 보유 수량에 대해 매도 주문이 진행 중입니다.
2026-05-26 14:30:02,063 - INFO - 60초 후 다음 확인을 진행합니다.
2026-05-26 14:30:28,219 - INFO - [005930] 현재가: 299750원
2026-05-26 14:30:38,253 - INFO - 계좌 예수금: 10000000원
2026-05-26 14:30:38,254 - INFO - [005930] 보유 수량: 1주
2026-05-26 14:30:38,254 - INFO - 매도 조건 충족: 현재가(299750) + 2000 = 301750원
2026-05-26 14:30:38,255 - INFO - [SELL] 주문 요청: 005930, 1주, 301750원
2026-05-26 14:30:41,221 - ERROR - 주문 실패: 모의투자 주문처리가 안되었습니다(호가단위 오류)
2026-05-26 14:30:41,222 - INFO - 60초 후 다음 확인을 진행합니다.
2026-05-26 14:31:06,536 - INFO - [005930] 현재가: 299750원
2026-05-26 14:31:14,299 - INFO - 계좌 예수금: 10000000원
2026-05-26 14:31:14,300 - INFO - [005930] 보유 수량: 1주, 매도 가능 수량: 0주
2026-05-26 14:31:14,300 - INFO - 이미 모든 보유 수량에 대해 매도 주문이 진행 중입니다.
2026-05-26 14:31:14,301 - INFO - 60초 후 다음 확인을 진행합니다.
2026-05-26 14:31:42,664 - INFO - [005930] 현재가: 299750원
2026-05-26 14:31:48,605 - INFO - 계좌 예수금: 10000000원
2026-05-26 14:31:48,605 - INFO - [005930] 보유 수량: 1주
2026-05-26 14:31:48,606 - INFO - 매도 조건 충족: 현재가(299750) + 2000 = 301750원
2026-05-26 14:31:48,607 - INFO - [SELL] 주문 요청: 005930, 1주, 301750원
2026-05-26 14:31:53,113 - ERROR - 주문 실패: 모의투자 주문처리가 안되었습니다(호가단위 오류)
2026-05-26 14:31:53,114 - INFO - 60초 후 다음 확인을 진행합니다.
2026-05-26 14:32:16,152 - INFO - [005930] 현재가: 299750원
2026-05-26 14:32:23,218 - INFO - 계좌 예수금: 10000000원
2026-05-26 14:32:23,219 - INFO - [005930] 보유 수량: 1주, 매도 가능 수량: 0주
2026-05-26 14:32:23,219 - INFO - 이미 모든 보유 수량에 대해 매도 주문이 진행 중입니다.
2026-05-26 14:32:23,220 - INFO - 60초 후 다음 확인을 진행합니다.
2026-05-26 14:32:55,990 - INFO - [005930] 현재가: 299750원
2026-05-26 14:33:03,771 - INFO - 계좌 예수금: 10000000원
2026-05-26 14:33:03,772 - INFO - [005930] 보유 수량: 1주
2026-05-26 14:33:03,773 - INFO - 매도 조건 충족: 현재가(299750) + 2000 = 301750원
2026-05-26 14:33:03,773 - INFO - [SELL] 주문 요청: 005930, 1주, 301750원
2026-05-26 14:33:05,995 - ERROR - 주문 실패: 모의투자 주문처리가 안되었습니다(호가단위 오류)
2026-05-26 14:33:05,996 - INFO - 60초 후 다음 확인을 진행합니다.
2026-05-26 14:33:25,482 - INFO - [005930] 현재가: 300000원
2026-05-26 14:33:31,323 - INFO - 계좌 예수금: 10000000원
2026-05-26 14:33:31,324 - INFO - [005930] 보유 수량: 1주, 매도 가능 수량: 0주
2026-05-26 14:33:31,325 - INFO - 이미 모든 보유 수량에 대해 매도 주문이 진행 중입니다.
2026-05-26 14:33:31,325 - INFO - 60초 후 다음 확인을 진행합니다.
2026-05-26 14:34:08,723 - INFO - [005930] 현재가: 300000원
2026-05-26 14:34:14,638 - INFO - 계좌 예수금: 10000000원
2026-05-26 14:34:14,639 - INFO - [005930] 보유 수량: 1주
2026-05-26 14:34:14,640 - INFO - 매도 조건 충족: 현재가(300000) + 2000 = 302000원
2026-05-26 14:34:14,641 - INFO - [SELL] 주문 요청: 005930, 1주, 302000원
2026-05-26 14:34:15,920 - ERROR - 주문 실패: 모의투자 잔고내역이 없습니다.
2026-05-26 14:34:15,921 - INFO - 60초 후 다음 확인을 진행합니다.
2026-05-26 14:34:33,175 - INFO - [005930] 현재가: 299750원
2026-05-26 14:34:37,885 - INFO - 계좌 예수금: 10000000원
2026-05-26 14:34:37,886 - INFO - [005930] 보유 수량: 1주, 매도 가능 수량: 0주
2026-05-26 14:34:37,886 - INFO - 이미 모든 보유 수량에 대해 매도 주문이 진행 중입니다.
2026-05-26 14:34:37,887 - INFO - 60초 후 다음 확인을 진행합니다.
2026-05-26 14:35:21,612 - INFO - [005930] 현재가: 299500원
2026-05-26 14:35:29,643 - INFO - 계좌 예수금: 10000000원
2026-05-26 14:35:29,644 - INFO - [005930] 보유 수량: 1주
2026-05-26 14:35:29,644 - INFO - 매도 조건 충족: 현재가(299500) + 2000 = 301500원
2026-05-26 14:35:29,645 - INFO - [SELL] 주문 요청: 005930, 1주, 301500원
2026-05-26 14:35:34,208 - ERROR - 주문 실패: 모의투자 잔고내역이 없습니다.
2026-05-26 14:35:34,209 - INFO - 60초 후 다음 확인을 진행합니다.
2026-05-26 14:35:41,135 - INFO - [005930] 현재가: 299500원
2026-05-26 14:35:47,217 - INFO - 계좌 예수금: 10000000원
2026-05-26 14:35:47,218 - INFO - [005930] 보유 수량: 1주, 매도 가능 수량: 0주
2026-05-26 14:35:47,218 - INFO - 이미 모든 보유 수량에 대해 매도 주문이 진행 중입니다.
2026-05-26 14:35:47,219 - INFO - 60초 후 다음 확인을 진행합니다.
2026-05-26 14:36:36,336 - INFO - [005930] 현재가: 299500원
2026-05-26 14:36:42,215 - INFO - 계좌 예수금: 10000000원
2026-05-26 14:36:42,216 - INFO - [005930] 보유 수량: 1주
2026-05-26 14:36:42,217 - INFO - 매도 조건 충족: 현재가(299500) + 2000 = 301500원
2026-05-26 14:36:42,218 - INFO - [SELL] 주문 요청: 005930, 1주, 301500원
2026-05-26 14:36:43,531 - ERROR - 주문 실패: 모의투자 잔고내역이 없습니다.
2026-05-26 14:36:43,532 - INFO - 60초 후 다음 확인을 진행합니다.
2026-05-26 14:36:48,619 - INFO - [005930] 현재가: 299750원
2026-05-26 14:36:54,493 - INFO - 계좌 예수금: 10000000원
2026-05-26 14:36:54,494 - INFO - [005930] 보유 수량: 1주, 매도 가능 수량: 0주
2026-05-26 14:36:54,495 - INFO - 이미 모든 보유 수량에 대해 매도 주문이 진행 중입니다.
2026-05-26 14:36:54,495 - INFO - 60초 후 다음 확인을 진행합니다.
2026-05-26 14:37:43,646 - INFO - [005930] 현재가: 299500원
2026-05-26 14:37:50,718 - INFO - 계좌 예수금: 10000000원
2026-05-26 14:37:50,719 - INFO - [005930] 보유 수량: 1주
2026-05-26 14:37:50,719 - INFO - 매도 조건 충족: 현재가(299500) + 2000 = 301500원
2026-05-26 14:37:50,720 - INFO - [SELL] 주문 요청: 005930, 1주, 301500원
2026-05-26 14:37:52,970 - ERROR - 주문 실패: 모의투자 잔고내역이 없습니다.
2026-05-26 14:37:52,971 - INFO - 60초 후 다음 확인을 진행합니다.
2026-05-26 14:37:54,619 - INFO - [005930] 현재가: 299500원
2026-05-26 14:37:59,319 - INFO - 계좌 예수금: 10000000원
2026-05-26 14:37:59,320 - INFO - [005930] 보유 수량: 1주, 매도 가능 수량: 0주
2026-05-26 14:37:59,320 - INFO - 이미 모든 보유 수량에 대해 매도 주문이 진행 중입니다.
2026-05-26 14:37:59,321 - INFO - 60초 후 다음 확인을 진행합니다.
2026-05-26 14:38:54,821 - INFO - [005930] 현재가: 299500원
2026-05-26 14:39:02,808 - INFO - [005930] 현재가: 299750원
2026-05-26 14:39:02,815 - INFO - 계좌 예수금: 10000000원
2026-05-26 14:39:02,816 - INFO - [005930] 보유 수량: 1주
2026-05-26 14:39:02,816 - INFO - 매도 조건 충족: 현재가(299500) + 2000 = 301500원
2026-05-26 14:39:02,817 - INFO - [SELL] 주문 요청: 005930, 1주, 301500원
2026-05-26 14:39:06,492 - ERROR - POST 요청 실패 (VTTC0011U): 500 Server Error: Internal Server Error for url: https://openapivts.koreainvestment.com:29443/uapi/domestic-stock/v1/trading/order-cash
2026-05-26 14:39:06,493 - ERROR - 상세 에러: {"rt_cd":"1","msg1":"초당 거래건수를 초과하였습니다.","msg_cd":"EGW00201","message":"EGW00201"}
2026-05-26 14:39:06,496 - ERROR - 주문 실패: 응답 없음
2026-05-26 14:39:06,497 - INFO - 60초 후 다음 확인을 진행합니다.
2026-05-26 14:39:11,104 - INFO - 계좌 예수금: 10000000원
2026-05-26 14:39:11,105 - INFO - [005930] 보유 수량: 1주, 매도 가능 수량: 0주
2026-05-26 14:39:11,105 - INFO - 이미 모든 보유 수량에 대해 매도 주문이 진행 중입니다.
2026-05-26 14:39:11,106 - INFO - 60초 후 다음 확인을 진행합니다.
2026-05-26 14:40:08,555 - INFO - [005930] 현재가: 300000원
2026-05-26 14:40:15,272 - INFO - 계좌 예수금: 10000000원
2026-05-26 14:40:15,273 - INFO - [005930] 보유 수량: 1주
2026-05-26 14:40:15,274 - INFO - 매도 조건 충족: 현재가(300000) + 2000 = 302000원
2026-05-26 14:40:15,274 - INFO - [SELL] 주문 요청: 005930, 1주, 302000원
2026-05-26 14:40:15,294 - INFO - [005930] 현재가: 299750원
2026-05-26 14:40:18,668 - ERROR - 주문 실패: 모의투자 잔고내역이 없습니다.
2026-05-26 14:40:18,668 - INFO - 60초 후 다음 확인을 진행합니다.
2026-05-26 14:40:18,778 - ERROR - GET 요청 실패 (VTTC8434R): 500 Server Error: Internal Server Error for url: https://openapivts.koreainvestment.com:29443/uapi/domestic-stock/v1/trading/inquire-balance?CANO=50174003&ACNT_PRDT_CD=01&AFHR_FLPR_YN=N&OFL_YN=&INQR_DVSN=02&UNPR_DVSN=01&FUND_STTL_ICLD_YN=N&FNCG_AMT_AUTO_RDPT_YN=N&PRCS_DVSN=00&CTX_AREA_FK100=&CTX_AREA_NK100=
2026-05-26 14:40:18,779 - ERROR - 상세 에러: {"rt_cd":"1","msg1":"초당 거래건수를 초과하였습니다.","msg_cd":"EGW00201","message":"EGW00201"}
2026-05-26 14:40:18,783 - ERROR - 잔고 조회 실패
2026-05-26 14:40:18,784 - WARNING - 예수금 부족으로 매수 불가 (예수금: 0원, 필요: 297750원)
2026-05-26 14:40:18,785 - INFO - 60초 후 다음 확인을 진행합니다.
2026-05-26 14:41:19,521 - INFO - [005930] 현재가: 299500원
2026-05-26 14:41:20,851 - INFO - [005930] 현재가: 299500원
2026-05-26 14:41:25,663 - INFO - 계좌 예수금: 10000000원
2026-05-26 14:41:25,664 - INFO - [005930] 보유 수량: 1주
2026-05-26 14:41:25,665 - INFO - 매도 조건 충족: 현재가(299500) + 2000 = 301500원
2026-05-26 14:41:25,666 - INFO - [SELL] 주문 요청: 005930, 1주, 301500원
2026-05-26 14:41:25,812 - INFO - 계좌 예수금: 10000000원
2026-05-26 14:41:25,813 - INFO - [005930] 보유 수량: 1주, 매도 가능 수량: 0주
2026-05-26 14:41:25,813 - INFO - 이미 모든 보유 수량에 대해 매도 주문이 진행 중입니다.
2026-05-26 14:41:25,814 - INFO - 60초 후 다음 확인을 진행합니다.
2026-05-26 14:41:28,019 - ERROR - 주문 실패: 모의투자 잔고내역이 없습니다.
2026-05-26 14:41:28,020 - INFO - 60초 후 다음 확인을 진행합니다.
2026-05-26 14:42:28,233 - INFO - [005930] 현재가: 299500원
2026-05-26 14:42:29,671 - INFO - [005930] 현재가: 299500원
2026-05-26 14:42:35,097 - INFO - 계좌 예수금: 10000000원
2026-05-26 14:42:35,097 - INFO - [005930] 보유 수량: 1주, 매도 가능 수량: 0주
2026-05-26 14:42:35,098 - INFO - 이미 모든 보유 수량에 대해 매도 주문이 진행 중입니다.
2026-05-26 14:42:35,099 - INFO - 60초 후 다음 확인을 진행합니다.
2026-05-26 14:42:37,247 - INFO - 계좌 예수금: 10000000원
2026-05-26 14:42:37,249 - INFO - [005930] 보유 수량: 1주
2026-05-26 14:42:37,249 - INFO - 매도 조건 충족: 현재가(299500) + 2000 = 301500원
2026-05-26 14:42:37,250 - INFO - [SELL] 주문 요청: 005930, 1주, 301500원
2026-05-26 14:42:38,782 - ERROR - 주문 실패: 모의투자 잔고내역이 없습니다.
2026-05-26 14:42:38,783 - INFO - 60초 후 다음 확인을 진행합니다.
2026-05-26 14:43:35,824 - INFO - [005930] 현재가: 299500원
2026-05-26 14:43:39,817 - INFO - [005930] 현재가: 299500원
2026-05-26 14:43:40,433 - INFO - 계좌 예수금: 10000000원
2026-05-26 14:43:40,434 - INFO - [005930] 보유 수량: 1주, 매도 가능 수량: 0주
2026-05-26 14:43:40,435 - INFO - 이미 모든 보유 수량에 대해 매도 주문이 진행 중입니다.
2026-05-26 14:43:40,436 - INFO - 60초 후 다음 확인을 진행합니다.
2026-05-26 14:43:44,118 - INFO - 계좌 예수금: 10000000원
2026-05-26 14:43:44,119 - INFO - [005930] 보유 수량: 1주
2026-05-26 14:43:44,120 - INFO - 매도 조건 충족: 현재가(299500) + 2000 = 301500원
2026-05-26 14:43:44,121 - INFO - [SELL] 주문 요청: 005930, 1주, 301500원
2026-05-26 14:43:45,413 - ERROR - 주문 실패: 모의투자 잔고내역이 없습니다.
2026-05-26 14:43:45,414 - INFO - 60초 후 다음 확인을 진행합니다.
2026-05-26 14:44:42,361 - INFO - [005930] 현재가: 300500원
2026-05-26 14:44:46,482 - INFO - [005930] 현재가: 300000원
2026-05-26 14:44:48,121 - INFO - 계좌 예수금: 10000000원
2026-05-26 14:44:48,121 - INFO - [005930] 보유 수량: 1주, 매도 가능 수량: 0주
2026-05-26 14:44:48,122 - INFO - 이미 모든 보유 수량에 대해 매도 주문이 진행 중입니다.
2026-05-26 14:44:48,123 - INFO - 60초 후 다음 확인을 진행합니다.
2026-05-26 14:44:54,163 - INFO - 계좌 예수금: 10000000원
2026-05-26 14:44:54,164 - INFO - [005930] 보유 수량: 1주
2026-05-26 14:44:54,165 - INFO - 매도 조건 충족: 현재가(300000) + 2000 = 302000원
2026-05-26 14:44:54,166 - INFO - [SELL] 주문 요청: 005930, 1주, 302000원
2026-05-26 14:44:56,519 - ERROR - 주문 실패: 모의투자 잔고내역이 없습니다.
2026-05-26 14:44:56,520 - INFO - 60초 후 다음 확인을 진행합니다.
2026-05-26 14:45:50,077 - INFO - [005930] 현재가: 300250원
2026-05-26 14:45:57,259 - INFO - 계좌 예수금: 10000000원
2026-05-26 14:45:57,260 - INFO - [005930] 보유 수량: 1주, 매도 가능 수량: 0주
2026-05-26 14:45:57,261 - INFO - 이미 모든 보유 수량에 대해 매도 주문이 진행 중입니다.
2026-05-26 14:45:57,261 - INFO - 60초 후 다음 확인을 진행합니다.
2026-05-26 14:45:58,271 - INFO - [005930] 현재가: 300000원
2026-05-26 14:46:05,440 - INFO - 계좌 예수금: 10000000원
2026-05-26 14:46:05,441 - INFO - [005930] 보유 수량: 1주
2026-05-26 14:46:05,441 - INFO - 매도 조건 충족: 현재가(300000) + 2000 = 302000원
2026-05-26 14:46:05,442 - INFO - [SELL] 주문 요청: 005930, 1주, 302000원
2026-05-26 14:46:07,896 - ERROR - 주문 실패: 모의투자 잔고내역이 없습니다.
2026-05-26 14:46:07,897 - INFO - 60초 후 다음 확인을 진행합니다.
2026-05-26 14:46:58,897 - INFO - [005930] 현재가: 300250원
2026-05-26 14:47:02,842 - INFO - 계좌 예수금: 10000000원
2026-05-26 14:47:02,843 - INFO - [005930] 보유 수량: 1주, 매도 가능 수량: 0주
2026-05-26 14:47:02,844 - INFO - 이미 모든 보유 수량에 대해 매도 주문이 진행 중입니다.
2026-05-26 14:47:02,844 - INFO - 60초 후 다음 확인을 진행합니다.
2026-05-26 14:47:09,339 - INFO - [005930] 현재가: 300500원
2026-05-26 14:47:15,899 - INFO - 계좌 예수금: 10000000원
2026-05-26 14:47:15,900 - INFO - [005930] 보유 수량: 1주
2026-05-26 14:47:15,901 - INFO - 매도 조건 충족: 현재가(300500) + 2000 = 302500원
2026-05-26 14:47:15,901 - INFO - [SELL] 주문 요청: 005930, 1주, 302500원
2026-05-26 14:47:16,307 - ERROR - 주문 실패: 모의투자 잔고내역이 없습니다.
2026-05-26 14:47:16,308 - INFO - 60초 후 다음 확인을 진행합니다.
2026-05-26 14:48:04,332 - INFO - [005930] 현재가: 300000원
2026-05-26 14:48:10,888 - INFO - 계좌 예수금: 10000000원
2026-05-26 14:48:10,889 - INFO - [005930] 보유 수량: 1주, 매도 가능 수량: 0주
2026-05-26 14:48:10,889 - INFO - 이미 모든 보유 수량에 대해 매도 주문이 진행 중입니다.
2026-05-26 14:48:10,890 - INFO - 60초 후 다음 확인을 진행합니다.
2026-05-26 14:48:18,874 - INFO - [005930] 현재가: 300500원
2026-05-26 14:48:26,352 - INFO - 계좌 예수금: 10000000원
2026-05-26 14:48:26,353 - INFO - [005930] 보유 수량: 1주
2026-05-26 14:48:26,354 - INFO - 매도 조건 충족: 현재가(300500) + 2000 = 302500원
2026-05-26 14:48:26,354 - INFO - [SELL] 주문 요청: 005930, 1주, 302500원
2026-05-26 14:48:27,786 - ERROR - 주문 실패: 모의투자 잔고내역이 없습니다.
2026-05-26 14:48:27,786 - INFO - 60초 후 다음 확인을 진행합니다.
2026-05-26 14:49:13,971 - INFO - [005930] 현재가: 300750원
2026-05-26 14:49:19,404 - INFO - 계좌 예수금: 10000000원
2026-05-26 14:49:19,406 - INFO - [005930] 보유 수량: 1주, 매도 가능 수량: 0주
2026-05-26 14:49:19,408 - INFO - 이미 모든 보유 수량에 대해 매도 주문이 진행 중입니다.
2026-05-26 14:49:19,410 - INFO - 60초 후 다음 확인을 진행합니다.
2026-05-26 14:49:27,903 - INFO - [005930] 현재가: 300500원
2026-05-26 14:49:33,735 - INFO - 계좌 예수금: 10000000원
2026-05-26 14:49:33,736 - INFO - [005930] 보유 수량: 1주
2026-05-26 14:49:33,737 - INFO - 매도 조건 충족: 현재가(300500) + 2000 = 302500원
2026-05-26 14:49:33,738 - INFO - [SELL] 주문 요청: 005930, 1주, 302500원
2026-05-26 14:49:35,166 - ERROR - 주문 실패: 모의투자 잔고내역이 없습니다.
2026-05-26 14:49:35,167 - INFO - 60초 후 다음 확인을 진행합니다.
2026-05-26 14:50:25,242 - INFO - [005930] 현재가: 300500원
2026-05-26 14:50:32,513 - INFO - 계좌 예수금: 10000000원
2026-05-26 14:50:32,514 - INFO - [005930] 보유 수량: 1주, 매도 가능 수량: 0주
2026-05-26 14:50:32,515 - INFO - 이미 모든 보유 수량에 대해 매도 주문이 진행 중입니다.
2026-05-26 14:50:32,516 - INFO - 60초 후 다음 확인을 진행합니다.
2026-05-26 14:50:37,941 - INFO - [005930] 현재가: 301000원
2026-05-26 14:50:44,621 - INFO - 계좌 예수금: 10000000원
2026-05-26 14:50:44,622 - INFO - [005930] 보유 수량: 1주
2026-05-26 14:50:44,623 - INFO - 매도 조건 충족: 현재가(301000) + 2000 = 303000원
2026-05-26 14:50:44,624 - INFO - [SELL] 주문 요청: 005930, 1주, 303000원
2026-05-26 14:50:46,953 - ERROR - 주문 실패: 모의투자 잔고내역이 없습니다.
2026-05-26 14:50:46,954 - INFO - 60초 후 다음 확인을 진행합니다.
