2026-05-29 10:26:48,347 - INFO - 새로운 접근 토큰을 발급받습니다...
2026-05-29 10:26:48,821 - INFO - 새로운 토큰이 발급 및 저장되었습니다. 만료 시간: 2026-05-30 10:26:49
2026-05-29 10:26:48,825 - INFO - 삼성전자 자동매매 프로그램을 시작합니다. (자가 적응형 로직 활성화)
2026-05-29 10:26:48,844 - INFO - 이전 상태 로드 완료: SELLING (목표가: 305500원)
2026-05-29 10:26:49,246 - INFO - [005930] 현재가: 311250원
2026-05-29 10:26:53,740 - INFO - 계좌 예수금: 5596148원
2026-05-29 10:26:53,741 - INFO - [005930] 보유: 6주, 매도 가능: 6주, 평단가: 0원
2026-05-29 10:26:53,748 - INFO - 매도 조건 충족: 평단가(0), 현재가(311,250) -> 목표가(313,250원)
2026-05-29 10:26:53,749 - INFO - [SELL] 주문 요청: 005930, 6주, 313250원
2026-05-29 10:26:53,956 - ERROR - 주문 실패: 모의투자 주문처리가 안되었습니다(호가단위 오류)
2026-05-29 10:26:53,956 - INFO - 60초 후 다음 확인을 진행합니다. (현재 상태: SELLING)
2026-05-29 10:27:54,186 - INFO - [005930] 현재가: 311500원
2026-05-29 10:28:00,528 - INFO - 계좌 예수금: 5596148원
2026-05-29 10:28:00,529 - INFO - [005930] 보유: 6주, 매도 가능: 6주, 평단가: 0원
2026-05-29 10:28:00,534 - INFO - 매도 조건 충족: 평단가(0), 현재가(311,500) -> 목표가(313,500원)
2026-05-29 10:28:00,534 - INFO - [SELL] 주문 요청: 005930, 6주, 313500원
2026-05-29 10:28:02,892 - INFO - 주문 성공! 주문번호: 0000014322
2026-05-29 10:28:02,922 - INFO - 60초 후 다음 확인을 진행합니다. (현재 상태: SELLING)
2026-05-29 11:18:27,739 - INFO - 기존 유효한 토큰을 캐시에서 로드했습니다.
2026-05-29 11:18:27,740 - INFO - 삼성전자 자동매매 프로그램을 시작합니다. (자가 적응형 로직 활성화)
2026-05-29 11:18:27,742 - INFO - 이전 상태 로드 완료: SELLING (목표가: 313500원)
2026-05-29 11:18:27,918 - INFO - [005930] 현재가: 313000원
2026-05-29 11:18:33,265 - INFO - 계좌 예수금: 5596148원
2026-05-29 11:18:33,301 - INFO - 매도 주문 완료 확인: 상태를 IDLE로 전환합니다.
2026-05-29 11:18:33,328 - INFO - 매수 조건 충족: 현재가(313000) - 오프셋(2000+0) = 311000원 (보수적 하향 보정)
2026-05-29 11:18:33,329 - INFO - [BUY] 주문 요청: 005930, 1주, 311000원
2026-05-29 11:18:34,079 - INFO - 주문 성공! 주문번호: 0000018082
2026-05-29 11:18:34,104 - INFO - 60초 후 다음 확인을 진행합니다. (현재 상태: BUYING)
2026-05-29 11:41:15,079 - INFO - 기존 유효한 토큰을 캐시에서 로드했습니다.
2026-05-29 11:41:15,080 - INFO - 삼성전자 자동매매 프로그램을 시작합니다. (자가 적응형 로직 활성화)
2026-05-29 11:41:15,082 - INFO - 이전 상태 로드 완료: BUYING (목표가: 311000원)
2026-05-29 11:41:15,647 - INFO - [005930] 현재가: 311500원
2026-05-29 11:47:44,996 - INFO - 기존 유효한 토큰을 캐시에서 로드했습니다.
2026-05-29 11:47:44,997 - INFO - 삼성전자 자동매매 프로그램을 시작합니다. (자가 적응형 로직 활성화)
2026-05-29 11:47:45,008 - INFO - 이전 상태 로드 완료: BUYING (목표가: 311000원)
2026-05-29 11:47:45,197 - INFO - [005930] 현재가: 310000원
2026-05-29 11:47:49,509 - INFO - 계좌 예수금: 5596148원
2026-05-29 11:47:49,509 - INFO - [005930] 보유: 1주, 매도 가능: 1주, 평단가: 0원
2026-05-29 11:47:49,511 - INFO - 매수 체결 확인 (평단가: 0원). 히스토리에 기록합니다.
2026-05-29 11:47:49,524 - INFO - 매도 조건 충족: 평단가(0), 현재가(310,000) -> 목표가(312,000원) (보수적 상향 보정)
2026-05-29 11:47:49,524 - INFO - [SELL] 주문 요청: 005930, 1주, 312000원
2026-05-29 11:47:49,639 - INFO - 주문 성공! 주문번호: 0000019976
2026-05-29 11:47:49,650 - INFO - 60초 후 다음 확인을 진행합니다. (현재 상태: SELLING)
2026-05-29 11:48:49,774 - INFO - [005930] 현재가: 310250원
2026-05-29 11:48:53,802 - INFO - 계좌 예수금: 5596148원
2026-05-29 11:48:53,802 - INFO - [005930] 보유: 1주, 매도 가능: 0주, 평단가: 0원
2026-05-29 11:48:53,804 - INFO - 이미 모든 보유 수량에 대해 매도 주문(0000019976)이 진행 중입니다.
2026-05-29 11:48:53,805 - INFO - 60초 후 다음 확인을 진행합니다. (현재 상태: SELLING)
2026-05-29 11:49:53,917 - INFO - [005930] 현재가: 310000원
2026-05-29 11:49:59,757 - INFO - 계좌 예수금: 5596148원
2026-05-29 11:49:59,758 - INFO - [005930] 보유: 1주, 매도 가능: 0주, 평단가: 0원
2026-05-29 11:49:59,760 - INFO - 이미 모든 보유 수량에 대해 매도 주문(0000019976)이 진행 중입니다.
2026-05-29 11:49:59,760 - INFO - 60초 후 다음 확인을 진행합니다. (현재 상태: SELLING)
2026-05-29 11:51:01,848 - INFO - [005930] 현재가: 309500원
2026-05-29 11:51:09,142 - INFO - 계좌 예수금: 5596148원
2026-05-29 11:51:09,142 - INFO - [005930] 보유: 1주, 매도 가능: 0주, 평단가: 0원
2026-05-29 11:51:09,146 - INFO - 이미 모든 보유 수량에 대해 매도 주문(0000019976)이 진행 중입니다.
2026-05-29 11:51:09,146 - INFO - 60초 후 다음 확인을 진행합니다. (현재 상태: SELLING)
2026-05-29 11:52:09,766 - INFO - [005930] 현재가: 310000원
2026-05-29 11:52:15,922 - INFO - 계좌 예수금: 5596148원
2026-05-29 11:52:15,923 - INFO - [005930] 보유: 1주, 매도 가능: 0주, 평단가: 0원
2026-05-29 11:52:15,925 - INFO - 이미 모든 보유 수량에 대해 매도 주문(0000019976)이 진행 중입니다.
2026-05-29 11:52:15,925 - INFO - 60초 후 다음 확인을 진행합니다. (현재 상태: SELLING)
2026-05-29 11:53:17,474 - INFO - [005930] 현재가: 309500원
2026-05-29 11:53:23,091 - INFO - 계좌 예수금: 5596148원
2026-05-29 11:53:23,091 - INFO - [005930] 보유: 1주, 매도 가능: 0주, 평단가: 0원
2026-05-29 11:53:23,094 - INFO - 이미 모든 보유 수량에 대해 매도 주문(0000019976)이 진행 중입니다.
2026-05-29 11:53:23,094 - INFO - 60초 후 다음 확인을 진행합니다. (현재 상태: SELLING)
2026-05-29 11:54:23,188 - INFO - [005930] 현재가: 309500원
2026-05-29 11:54:25,994 - INFO - 계좌 예수금: 5596148원
2026-05-29 11:54:25,994 - INFO - [005930] 보유: 1주, 매도 가능: 0주, 평단가: 0원
2026-05-29 11:54:25,997 - INFO - 이미 모든 보유 수량에 대해 매도 주문(0000019976)이 진행 중입니다.
2026-05-29 11:54:25,997 - INFO - 60초 후 다음 확인을 진행합니다. (현재 상태: SELLING)
2026-05-29 11:55:26,120 - INFO - [005930] 현재가: 310000원
2026-05-29 11:55:33,361 - INFO - 계좌 예수금: 5596148원
2026-05-29 11:55:33,361 - INFO - [005930] 보유: 1주, 매도 가능: 0주, 평단가: 0원
2026-05-29 11:55:33,364 - INFO - 이미 모든 보유 수량에 대해 매도 주문(0000019976)이 진행 중입니다.
2026-05-29 11:55:33,364 - INFO - 60초 후 다음 확인을 진행합니다. (현재 상태: SELLING)
2026-05-29 11:56:33,485 - INFO - [005930] 현재가: 310750원
2026-05-29 11:56:40,370 - INFO - 계좌 예수금: 5596148원
2026-05-29 11:56:40,370 - INFO - [005930] 보유: 1주, 매도 가능: 0주, 평단가: 0원
2026-05-29 11:56:40,372 - INFO - 이미 모든 보유 수량에 대해 매도 주문(0000019976)이 진행 중입니다.
2026-05-29 11:56:40,372 - INFO - 60초 후 다음 확인을 진행합니다. (현재 상태: SELLING)
2026-05-29 12:37:33,075 - INFO - 기존 유효한 토큰을 캐시에서 로드했습니다.
2026-05-29 12:37:33,076 - INFO - 삼성전자 자동매매 프로그램을 시작합니다. (자가 적응형 로직 활성화)
2026-05-29 12:37:33,079 - INFO - 이전 상태 로드 완료: SELLING (목표가: 312000원)
2026-05-29 12:37:33,242 - INFO - [005930] 현재가: 311500원
2026-05-29 12:37:38,291 - INFO - 계좌 예수금: 5596148원
2026-05-29 12:37:38,301 - WARNING - 고점 근접 경고 (고점: 313000, 현재가: 311500). 매수 오프셋 일시 강화.
2026-05-29 12:37:38,303 - INFO - 매도 주문 완료 확인: 상태를 IDLE로 전환합니다.
2026-05-29 12:37:38,332 - INFO - 매수 조건 충족: 현재가(311500) - 오프셋(2000+1000) = 308500원 (보수적 하향 보정)
2026-05-29 12:37:38,332 - INFO - [BUY] 주문 요청: 005930, 1주, 308500원
2026-05-29 12:37:39,263 - INFO - 주문 성공! 주문번호: 0000023061
2026-05-29 12:37:39,288 - INFO - 60초 후 다음 확인을 진행합니다. (현재 상태: BUYING)
2026-05-29 12:38:39,405 - INFO - [005930] 현재가: 312000원
2026-05-29 12:38:41,524 - INFO - 계좌 예수금: 5596148원
2026-05-29 12:38:41,532 - WARNING - 고점 근접 경고 (고점: 313000, 현재가: 312000). 매수 오프셋 일시 강화.
2026-05-29 12:38:41,533 - INFO - 매수 조건 충족: 현재가(312000) - 오프셋(2000+1000) = 309000원 (보수적 하향 보정)
2026-05-29 12:38:41,533 - INFO - [BUY] 주문 요청: 005930, 1주, 309000원
2026-05-29 12:38:43,063 - INFO - 주문 성공! 주문번호: 0000023120
2026-05-29 12:38:43,094 - INFO - 60초 후 다음 확인을 진행합니다. (현재 상태: BUYING)
2026-05-29 12:39:45,322 - INFO - [005930] 현재가: 312500원
2026-05-29 12:39:52,082 - INFO - 계좌 예수금: 5596148원
2026-05-29 12:39:52,091 - WARNING - 고점 근접 경고 (고점: 313000, 현재가: 312500). 매수 오프셋 일시 강화.
2026-05-29 12:39:52,092 - INFO - 매수 조건 충족: 현재가(312500) - 오프셋(2000+1000) = 309500원 (보수적 하향 보정)
2026-05-29 12:39:52,092 - INFO - [BUY] 주문 요청: 005930, 1주, 309500원
2026-05-29 12:39:53,516 - INFO - 주문 성공! 주문번호: 0000023170
2026-05-29 12:39:53,543 - INFO - 60초 후 다음 확인을 진행합니다. (현재 상태: BUYING)
2026-05-29 12:40:53,666 - INFO - [005930] 현재가: 312500원
2026-05-29 12:40:58,654 - INFO - 계좌 예수금: 5596148원
2026-05-29 12:40:58,705 - WARNING - 고점 근접 경고 (고점: 313000, 현재가: 312500). 매수 오프셋 일시 강화.
2026-05-29 12:40:58,706 - INFO - 매수 조건 충족: 현재가(312500) - 오프셋(2000+1000) = 309500원 (보수적 하향 보정)
2026-05-29 12:40:58,712 - INFO - [BUY] 주문 요청: 005930, 1주, 309500원
2026-05-29 12:41:01,308 - INFO - 주문 성공! 주문번호: 0000023228
2026-05-29 12:41:01,332 - INFO - 60초 후 다음 확인을 진행합니다. (현재 상태: BUYING)
2026-05-29 12:42:04,711 - INFO - [005930] 현재가: 312500원
2026-05-29 12:42:13,507 - INFO - 계좌 예수금: 5596148원
2026-05-29 12:42:13,518 - WARNING - 고점 근접 경고 (고점: 313000, 현재가: 312500). 매수 오프셋 일시 강화.
2026-05-29 12:42:13,518 - INFO - 매수 조건 충족: 현재가(312500) - 오프셋(2000+1000) = 309500원 (보수적 하향 보정)
2026-05-29 12:42:13,519 - INFO - [BUY] 주문 요청: 005930, 1주, 309500원
2026-05-29 12:42:13,687 - INFO - 주문 성공! 주문번호: 0000023278
2026-05-29 12:42:13,719 - INFO - 60초 후 다음 확인을 진행합니다. (현재 상태: BUYING)
2026-05-29 12:43:15,979 - INFO - [005930] 현재가: 312250원
2026-05-29 12:43:19,555 - INFO - 계좌 예수금: 5596148원
2026-05-29 12:43:19,581 - WARNING - 고점 근접 경고 (고점: 313000, 현재가: 312250). 매수 오프셋 일시 강화.
2026-05-29 12:43:19,581 - INFO - 매수 조건 충족: 현재가(312250) - 오프셋(2000+1000) = 309000원 (보수적 하향 보정)
2026-05-29 12:43:19,582 - INFO - [BUY] 주문 요청: 005930, 1주, 309000원
2026-05-29 12:43:21,603 - INFO - 주문 성공! 주문번호: 0000023334
2026-05-29 12:43:21,638 - INFO - 60초 후 다음 확인을 진행합니다. (현재 상태: BUYING)
2026-05-29 12:44:21,768 - INFO - [005930] 현재가: 312000원
2026-05-29 12:44:27,353 - INFO - 계좌 예수금: 5596148원
2026-05-29 12:44:27,362 - WARNING - 고점 근접 경고 (고점: 313000, 현재가: 312000). 매수 오프셋 일시 강화.
2026-05-29 12:44:27,363 - INFO - 매수 조건 충족: 현재가(312000) - 오프셋(2000+1000) = 309000원 (보수적 하향 보정)
2026-05-29 12:44:27,363 - INFO - [BUY] 주문 요청: 005930, 1주, 309000원
2026-05-29 12:44:27,525 - INFO - 주문 성공! 주문번호: 0000023410
2026-05-29 12:44:27,560 - INFO - 60초 후 다음 확인을 진행합니다. (현재 상태: BUYING)
2026-05-29 12:45:29,926 - INFO - [005930] 현재가: 312000원
2026-05-29 12:45:37,123 - INFO - 계좌 예수금: 5596148원
2026-05-29 12:45:37,131 - WARNING - 고점 근접 경고 (고점: 313000, 현재가: 312000). 매수 오프셋 일시 강화.
2026-05-29 12:45:37,132 - INFO - 매수 조건 충족: 현재가(312000) - 오프셋(2000+1000) = 309000원 (보수적 하향 보정)
2026-05-29 12:45:37,133 - INFO - [BUY] 주문 요청: 005930, 1주, 309000원
2026-05-29 12:45:40,424 - INFO - 주문 성공! 주문번호: 0000023481
2026-05-29 12:45:40,451 - INFO - 60초 후 다음 확인을 진행합니다. (현재 상태: BUYING)
2026-05-29 12:46:41,298 - INFO - [005930] 현재가: 312000원
2026-05-29 12:46:46,616 - INFO - 계좌 예수금: 5596148원
2026-05-29 12:46:46,629 - WARNING - 고점 근접 경고 (고점: 313000, 현재가: 312000). 매수 오프셋 일시 강화.
2026-05-29 12:46:46,629 - INFO - 매수 조건 충족: 현재가(312000) - 오프셋(2000+1000) = 309000원 (보수적 하향 보정)
2026-05-29 12:46:46,630 - INFO - [BUY] 주문 요청: 005930, 1주, 309000원
2026-05-29 12:46:46,823 - INFO - 주문 성공! 주문번호: 0000023530
2026-05-29 12:46:46,862 - INFO - 60초 후 다음 확인을 진행합니다. (현재 상태: BUYING)
2026-05-29 12:47:47,178 - INFO - [005930] 현재가: 312000원
2026-05-29 12:47:52,988 - INFO - 계좌 예수금: 5596148원
2026-05-29 12:47:52,996 - WARNING - 고점 근접 경고 (고점: 313000, 현재가: 312000). 매수 오프셋 일시 강화.
2026-05-29 12:47:52,996 - INFO - 매수 조건 충족: 현재가(312000) - 오프셋(2000+1000) = 309000원 (보수적 하향 보정)
2026-05-29 12:47:52,997 - INFO - [BUY] 주문 요청: 005930, 1주, 309000원
2026-05-29 12:47:53,208 - INFO - 주문 성공! 주문번호: 0000023591
2026-05-29 12:47:53,231 - INFO - 60초 후 다음 확인을 진행합니다. (현재 상태: BUYING)
2026-05-29 12:48:55,256 - INFO - [005930] 현재가: 312000원
2026-05-29 12:49:02,513 - INFO - 계좌 예수금: 5596148원
2026-05-29 12:49:02,522 - WARNING - 고점 근접 경고 (고점: 313000, 현재가: 312000). 매수 오프셋 일시 강화.
2026-05-29 12:49:02,522 - INFO - 매수 조건 충족: 현재가(312000) - 오프셋(2000+1000) = 309000원 (보수적 하향 보정)
2026-05-29 12:49:02,523 - INFO - [BUY] 주문 요청: 005930, 1주, 309000원
2026-05-29 12:49:05,437 - INFO - 주문 성공! 주문번호: 0000023680
2026-05-29 12:49:05,465 - INFO - 60초 후 다음 확인을 진행합니다. (현재 상태: BUYING)
2026-05-29 12:50:05,594 - INFO - [005930] 현재가: 312250원
2026-05-29 12:50:15,070 - INFO - 계좌 예수금: 5596148원
2026-05-29 12:50:15,078 - WARNING - 고점 근접 경고 (고점: 313000, 현재가: 312250). 매수 오프셋 일시 강화.
2026-05-29 12:50:15,079 - INFO - 매수 조건 충족: 현재가(312250) - 오프셋(2000+1000) = 309000원 (보수적 하향 보정)
2026-05-29 12:50:15,079 - INFO - [BUY] 주문 요청: 005930, 1주, 309000원
2026-05-29 12:50:19,864 - INFO - 주문 성공! 주문번호: 0000023726
2026-05-29 12:50:19,888 - INFO - 60초 후 다음 확인을 진행합니다. (현재 상태: BUYING)
2026-05-29 12:51:22,509 - INFO - [005930] 현재가: 312000원
2026-05-29 12:51:26,232 - INFO - 계좌 예수금: 5596148원
2026-05-29 12:51:26,241 - WARNING - 고점 근접 경고 (고점: 313000, 현재가: 312000). 매수 오프셋 일시 강화.
2026-05-29 12:51:26,242 - INFO - 매수 조건 충족: 현재가(312000) - 오프셋(2000+1000) = 309000원 (보수적 하향 보정)
2026-05-29 12:51:26,243 - INFO - [BUY] 주문 요청: 005930, 1주, 309000원
2026-05-29 12:51:26,409 - INFO - 주문 성공! 주문번호: 0000023784
2026-05-29 12:51:26,457 - INFO - 60초 후 다음 확인을 진행합니다. (현재 상태: BUYING)
2026-05-29 12:52:26,724 - INFO - [005930] 현재가: 312000원
2026-05-29 12:52:30,858 - INFO - 계좌 예수금: 5596148원
2026-05-29 12:52:30,867 - WARNING - 고점 근접 경고 (고점: 313000, 현재가: 312000). 매수 오프셋 일시 강화.
2026-05-29 12:52:30,868 - INFO - 매수 조건 충족: 현재가(312000) - 오프셋(2000+1000) = 309000원 (보수적 하향 보정)
2026-05-29 12:52:30,868 - INFO - [BUY] 주문 요청: 005930, 1주, 309000원
2026-05-29 12:52:31,047 - INFO - 주문 성공! 주문번호: 0000023855
2026-05-29 12:52:31,081 - INFO - 60초 후 다음 확인을 진행합니다. (현재 상태: BUYING)
2026-05-29 12:53:33,140 - INFO - [005930] 현재가: 311750원
2026-05-29 12:53:39,921 - INFO - 계좌 예수금: 5596148원
2026-05-29 12:53:39,931 - WARNING - 고점 근접 경고 (고점: 313000, 현재가: 311750). 매수 오프셋 일시 강화.
2026-05-29 12:53:39,932 - INFO - 매수 조건 충족: 현재가(311750) - 오프셋(2000+1000) = 308500원 (보수적 하향 보정)
2026-05-29 12:53:39,932 - INFO - [BUY] 주문 요청: 005930, 1주, 308500원
2026-05-29 12:53:40,089 - INFO - 주문 성공! 주문번호: 0000023921
2026-05-29 12:53:40,125 - INFO - 60초 후 다음 확인을 진행합니다. (현재 상태: BUYING)
2026-05-29 12:54:40,817 - INFO - [005930] 현재가: 312500원
2026-05-29 12:54:45,969 - INFO - 계좌 예수금: 5596148원
2026-05-29 12:54:45,984 - WARNING - 고점 근접 경고 (고점: 313000, 현재가: 312500). 매수 오프셋 일시 강화.
2026-05-29 12:54:45,984 - INFO - 매수 조건 충족: 현재가(312500) - 오프셋(2000+1000) = 309500원 (보수적 하향 보정)
2026-05-29 12:54:45,985 - INFO - [BUY] 주문 요청: 005930, 1주, 309500원
2026-05-29 12:54:46,171 - INFO - 주문 성공! 주문번호: 0000023993
2026-05-29 12:54:46,206 - INFO - 60초 후 다음 확인을 진행합니다. (현재 상태: BUYING)
2026-05-29 12:55:46,325 - INFO - [005930] 현재가: 312500원
2026-05-29 12:55:50,708 - INFO - 계좌 예수금: 5596148원
2026-05-29 12:55:50,718 - WARNING - 고점 근접 경고 (고점: 313000, 현재가: 312500). 매수 오프셋 일시 강화.
2026-05-29 12:55:50,719 - INFO - 매수 조건 충족: 현재가(312500) - 오프셋(2000+1000) = 309500원 (보수적 하향 보정)
2026-05-29 12:55:50,719 - INFO - [BUY] 주문 요청: 005930, 1주, 309500원
2026-05-29 12:55:50,923 - INFO - 주문 성공! 주문번호: 0000024069
2026-05-29 12:55:50,953 - INFO - 60초 후 다음 확인을 진행합니다. (현재 상태: BUYING)
2026-05-29 12:56:51,327 - INFO - [005930] 현재가: 313000원
2026-05-29 12:56:55,845 - INFO - 계좌 예수금: 5596148원
2026-05-29 12:56:55,852 - WARNING - 고점 근접 경고 (고점: 313000, 현재가: 313000). 매수 오프셋 일시 강화.
2026-05-29 12:56:55,853 - INFO - 매수 조건 충족: 현재가(313000) - 오프셋(2000+1000) = 310000원 (보수적 하향 보정)
2026-05-29 12:56:55,854 - INFO - [BUY] 주문 요청: 005930, 1주, 310000원
2026-05-29 12:56:56,038 - INFO - 주문 성공! 주문번호: 0000024126
2026-05-29 12:56:56,070 - INFO - 60초 후 다음 확인을 진행합니다. (현재 상태: BUYING)
2026-05-29 12:57:56,216 - INFO - [005930] 현재가: 312500원
2026-05-29 12:58:00,250 - INFO - 계좌 예수금: 5596148원
2026-05-29 12:58:00,259 - WARNING - 고점 근접 경고 (고점: 313000, 현재가: 312500). 매수 오프셋 일시 강화.
2026-05-29 12:58:00,260 - INFO - 매수 조건 충족: 현재가(312500) - 오프셋(2000+1000) = 309500원 (보수적 하향 보정)
2026-05-29 12:58:00,261 - INFO - [BUY] 주문 요청: 005930, 1주, 309500원
2026-05-29 12:58:00,413 - INFO - 주문 성공! 주문번호: 0000024171
2026-05-29 12:58:00,444 - INFO - 60초 후 다음 확인을 진행합니다. (현재 상태: BUYING)
2026-05-29 12:59:03,077 - INFO - [005930] 현재가: 313000원
2026-05-29 12:59:09,906 - INFO - 계좌 예수금: 5596148원
2026-05-29 12:59:09,915 - WARNING - 고점 근접 경고 (고점: 313000, 현재가: 313000). 매수 오프셋 일시 강화.
2026-05-29 12:59:09,915 - INFO - 매수 조건 충족: 현재가(313000) - 오프셋(2000+1000) = 310000원 (보수적 하향 보정)
2026-05-29 12:59:09,915 - INFO - [BUY] 주문 요청: 005930, 1주, 310000원
2026-05-29 12:59:11,844 - INFO - 주문 성공! 주문번호: 0000024237
2026-05-29 12:59:11,875 - INFO - 60초 후 다음 확인을 진행합니다. (현재 상태: BUYING)
2026-05-29 13:00:13,068 - INFO - [005930] 현재가: 313000원
2026-05-29 13:00:19,225 - INFO - 계좌 예수금: 5596148원
2026-05-29 13:00:19,234 - WARNING - 고점 근접 경고 (고점: 313000, 현재가: 313000). 매수 오프셋 일시 강화.
2026-05-29 13:00:19,235 - INFO - 매수 조건 충족: 현재가(313000) - 오프셋(2000+1000) = 310000원 (보수적 하향 보정)
2026-05-29 13:00:19,235 - INFO - [BUY] 주문 요청: 005930, 1주, 310000원
2026-05-29 13:00:21,058 - INFO - 주문 성공! 주문번호: 0000024290
2026-05-29 13:00:21,094 - INFO - 60초 후 다음 확인을 진행합니다. (현재 상태: BUYING)
2026-05-29 13:01:21,246 - INFO - [005930] 현재가: 313000원
2026-05-29 13:01:30,296 - INFO - 계좌 예수금: 5596148원
2026-05-29 13:01:30,303 - WARNING - 고점 근접 경고 (고점: 313000, 현재가: 313000). 매수 오프셋 일시 강화.
2026-05-29 13:01:30,304 - INFO - 매수 조건 충족: 현재가(313000) - 오프셋(2000+1000) = 310000원 (보수적 하향 보정)
2026-05-29 13:01:30,304 - INFO - [BUY] 주문 요청: 005930, 1주, 310000원
2026-05-29 13:01:30,517 - INFO - 주문 성공! 주문번호: 0000024357
2026-05-29 13:01:30,539 - INFO - 60초 후 다음 확인을 진행합니다. (현재 상태: BUYING)
2026-05-29 13:02:30,861 - INFO - [005930] 현재가: 313000원
2026-05-29 13:02:34,392 - INFO - 계좌 예수금: 5596148원
2026-05-29 13:02:34,402 - WARNING - 고점 근접 경고 (고점: 313000, 현재가: 313000). 매수 오프셋 일시 강화.
2026-05-29 13:02:34,403 - INFO - 매수 조건 충족: 현재가(313000) - 오프셋(2000+1000) = 310000원 (보수적 하향 보정)
2026-05-29 13:02:34,403 - INFO - [BUY] 주문 요청: 005930, 1주, 310000원
2026-05-29 13:02:34,590 - INFO - 주문 성공! 주문번호: 0000024444
2026-05-29 13:02:34,613 - INFO - 60초 후 다음 확인을 진행합니다. (현재 상태: BUYING)
2026-05-29 13:03:34,746 - INFO - [005930] 현재가: 313500원
2026-05-29 13:03:37,469 - INFO - 계좌 예수금: 5596148원
2026-05-29 13:03:37,477 - INFO - 매수 조건 충족: 현재가(313500) - 오프셋(2000+0) = 311500원 (보수적 하향 보정)
2026-05-29 13:03:37,477 - INFO - [BUY] 주문 요청: 005930, 1주, 311500원
2026-05-29 13:03:37,652 - INFO - 주문 성공! 주문번호: 0000024513
2026-05-29 13:03:37,691 - INFO - 60초 후 다음 확인을 진행합니다. (현재 상태: BUYING)
2026-05-29 13:04:37,841 - INFO - [005930] 현재가: 313500원
2026-05-29 13:04:42,198 - INFO - 계좌 예수금: 5596148원
2026-05-29 13:04:42,208 - WARNING - 고점 근접 경고 (고점: 313500, 현재가: 313500). 매수 오프셋 일시 강화.
2026-05-29 13:04:42,209 - INFO - 매수 조건 충족: 현재가(313500) - 오프셋(2000+1000) = 310500원 (보수적 하향 보정)
2026-05-29 13:04:42,210 - INFO - [BUY] 주문 요청: 005930, 1주, 310500원
2026-05-29 13:04:42,706 - INFO - 주문 성공! 주문번호: 0000024578
2026-05-29 13:04:42,736 - INFO - 60초 후 다음 확인을 진행합니다. (현재 상태: BUYING)
2026-05-29 13:05:44,659 - INFO - [005930] 현재가: 313500원
2026-05-29 13:05:50,751 - INFO - 계좌 예수금: 5596148원
2026-05-29 13:05:50,759 - WARNING - 고점 근접 경고 (고점: 313500, 현재가: 313500). 매수 오프셋 일시 강화.
2026-05-29 13:05:50,759 - INFO - 매수 조건 충족: 현재가(313500) - 오프셋(2000+1000) = 310500원 (보수적 하향 보정)
2026-05-29 13:05:50,759 - INFO - [BUY] 주문 요청: 005930, 1주, 310500원
2026-05-29 13:05:51,644 - INFO - 주문 성공! 주문번호: 0000024652
2026-05-29 13:05:51,674 - INFO - 60초 후 다음 확인을 진행합니다. (현재 상태: BUYING)
2026-05-29 13:06:52,668 - INFO - [005930] 현재가: 313000원
2026-05-29 13:06:58,422 - INFO - 계좌 예수금: 5596148원
2026-05-29 13:06:58,430 - WARNING - 고점 근접 경고 (고점: 313500, 현재가: 313000). 매수 오프셋 일시 강화.
2026-05-29 13:06:58,430 - INFO - 매수 조건 충족: 현재가(313000) - 오프셋(2000+1000) = 310000원 (보수적 하향 보정)
2026-05-29 13:06:58,431 - INFO - [BUY] 주문 요청: 005930, 1주, 310000원
2026-05-29 13:06:59,317 - INFO - 주문 성공! 주문번호: 0000024758
2026-05-29 13:06:59,345 - INFO - 60초 후 다음 확인을 진행합니다. (현재 상태: BUYING)
2026-05-29 13:08:00,492 - INFO - [005930] 현재가: 313000원
2026-05-29 13:08:06,865 - INFO - 계좌 예수금: 5596148원
2026-05-29 13:08:06,876 - WARNING - 고점 근접 경고 (고점: 313500, 현재가: 313000). 매수 오프셋 일시 강화.
2026-05-29 13:08:06,877 - INFO - 매수 조건 충족: 현재가(313000) - 오프셋(2000+1000) = 310000원 (보수적 하향 보정)
2026-05-29 13:08:06,877 - INFO - [BUY] 주문 요청: 005930, 1주, 310000원
2026-05-29 13:08:07,049 - INFO - 주문 성공! 주문번호: 0000024817
2026-05-29 13:08:07,075 - INFO - 60초 후 다음 확인을 진행합니다. (현재 상태: BUYING)
2026-05-29 13:09:08,654 - INFO - [005930] 현재가: 312250원
2026-05-29 13:09:14,902 - INFO - 계좌 예수금: 5596148원
2026-05-29 13:09:14,911 - WARNING - 고점 근접 경고 (고점: 313500, 현재가: 312250). 매수 오프셋 일시 강화.
2026-05-29 13:09:14,911 - INFO - 매수 조건 충족: 현재가(312250) - 오프셋(2000+1000) = 309000원 (보수적 하향 보정)
2026-05-29 13:09:14,912 - INFO - [BUY] 주문 요청: 005930, 1주, 309000원
2026-05-29 13:09:15,946 - INFO - 주문 성공! 주문번호: 0000024909
2026-05-29 13:09:15,976 - INFO - 60초 후 다음 확인을 진행합니다. (현재 상태: BUYING)
2026-05-29 13:10:19,516 - INFO - [005930] 현재가: 312500원
2026-05-29 13:10:23,821 - INFO - 계좌 예수금: 5596148원
2026-05-29 13:10:23,830 - WARNING - 고점 근접 경고 (고점: 313500, 현재가: 312500). 매수 오프셋 일시 강화.
2026-05-29 13:10:23,831 - INFO - 매수 조건 충족: 현재가(312500) - 오프셋(2000+1000) = 309500원 (보수적 하향 보정)
2026-05-29 13:10:23,831 - INFO - [BUY] 주문 요청: 005930, 1주, 309500원
2026-05-29 13:10:26,993 - INFO - 주문 성공! 주문번호: 0000024977
2026-05-29 13:10:27,029 - INFO - 60초 후 다음 확인을 진행합니다. (현재 상태: BUYING)
2026-05-29 13:11:29,830 - INFO - [005930] 현재가: 312250원
2026-05-29 13:11:32,416 - INFO - 계좌 예수금: 5596148원
2026-05-29 13:11:32,427 - WARNING - 고점 근접 경고 (고점: 313500, 현재가: 312250). 매수 오프셋 일시 강화.
2026-05-29 13:11:32,428 - INFO - 매수 조건 충족: 현재가(312250) - 오프셋(2000+1000) = 309000원 (보수적 하향 보정)
2026-05-29 13:11:32,429 - INFO - [BUY] 주문 요청: 005930, 1주, 309000원
2026-05-29 13:11:35,472 - INFO - 주문 성공! 주문번호: 0000025036
2026-05-29 13:11:35,495 - INFO - 60초 후 다음 확인을 진행합니다. (현재 상태: BUYING)
2026-05-29 13:12:36,340 - INFO - [005930] 현재가: 312250원
2026-05-29 13:12:38,823 - INFO - 계좌 예수금: 5596148원
2026-05-29 13:12:38,831 - WARNING - 고점 근접 경고 (고점: 313500, 현재가: 312250). 매수 오프셋 일시 강화.
2026-05-29 13:12:38,832 - INFO - 매수 조건 충족: 현재가(312250) - 오프셋(2000+1000) = 309000원 (보수적 하향 보정)
2026-05-29 13:12:38,832 - INFO - [BUY] 주문 요청: 005930, 1주, 309000원
2026-05-29 13:12:39,069 - INFO - 주문 성공! 주문번호: 0000025101
2026-05-29 13:12:39,098 - INFO - 60초 후 다음 확인을 진행합니다. (현재 상태: BUYING)
2026-05-29 13:13:40,334 - INFO - [005930] 현재가: 312500원
2026-05-29 13:13:46,494 - INFO - 계좌 예수금: 5596148원
2026-05-29 13:13:46,502 - WARNING - 고점 근접 경고 (고점: 313500, 현재가: 312500). 매수 오프셋 일시 강화.
2026-05-29 13:13:46,503 - INFO - 매수 조건 충족: 현재가(312500) - 오프셋(2000+1000) = 309500원 (보수적 하향 보정)
2026-05-29 13:13:46,503 - INFO - [BUY] 주문 요청: 005930, 1주, 309500원
2026-05-29 13:13:46,657 - INFO - 주문 성공! 주문번호: 0000025177
2026-05-29 13:13:46,703 - INFO - 60초 후 다음 확인을 진행합니다. (현재 상태: BUYING)
2026-05-29 13:14:47,357 - INFO - [005930] 현재가: 312500원
2026-05-29 13:14:53,165 - INFO - 계좌 예수금: 5596148원
2026-05-29 13:14:53,178 - WARNING - 고점 근접 경고 (고점: 313500, 현재가: 312500). 매수 오프셋 일시 강화.
2026-05-29 13:14:53,179 - INFO - 매수 조건 충족: 현재가(312500) - 오프셋(2000+1000) = 309500원 (보수적 하향 보정)
2026-05-29 13:14:53,179 - INFO - [BUY] 주문 요청: 005930, 1주, 309500원
2026-05-29 13:14:53,874 - INFO - 주문 성공! 주문번호: 0000025239
2026-05-29 13:14:53,909 - INFO - 60초 후 다음 확인을 진행합니다. (현재 상태: BUYING)
2026-05-29 13:15:55,513 - INFO - [005930] 현재가: 312250원
2026-05-29 13:15:59,814 - INFO - 계좌 예수금: 5596148원
2026-05-29 13:15:59,823 - WARNING - 고점 근접 경고 (고점: 313500, 현재가: 312250). 매수 오프셋 일시 강화.
2026-05-29 13:15:59,824 - INFO - 매수 조건 충족: 현재가(312250) - 오프셋(2000+1000) = 309000원 (보수적 하향 보정)
2026-05-29 13:15:59,824 - INFO - [BUY] 주문 요청: 005930, 1주, 309000원
2026-05-29 13:16:02,681 - INFO - 주문 성공! 주문번호: 0000025324
2026-05-29 13:16:02,710 - INFO - 60초 후 다음 확인을 진행합니다. (현재 상태: BUYING)
2026-05-29 13:17:02,864 - INFO - [005930] 현재가: 313000원
2026-05-29 13:17:05,966 - INFO - 계좌 예수금: 5596148원
2026-05-29 13:17:05,976 - WARNING - 고점 근접 경고 (고점: 313500, 현재가: 313000). 매수 오프셋 일시 강화.
2026-05-29 13:17:05,977 - INFO - 매수 조건 충족: 현재가(313000) - 오프셋(2000+1000) = 310000원 (보수적 하향 보정)
2026-05-29 13:17:05,977 - INFO - [BUY] 주문 요청: 005930, 1주, 310000원
2026-05-29 13:17:06,450 - INFO - 주문 성공! 주문번호: 0000025390
2026-05-29 13:17:06,477 - INFO - 60초 후 다음 확인을 진행합니다. (현재 상태: BUYING)
2026-05-29 13:18:08,229 - INFO - [005930] 현재가: 313000원
2026-05-29 13:18:15,091 - INFO - 계좌 예수금: 5596148원
2026-05-29 13:18:15,102 - WARNING - 고점 근접 경고 (고점: 313500, 현재가: 313000). 매수 오프셋 일시 강화.
2026-05-29 13:18:15,103 - INFO - 매수 조건 충족: 현재가(313000) - 오프셋(2000+1000) = 310000원 (보수적 하향 보정)
2026-05-29 13:18:15,103 - INFO - [BUY] 주문 요청: 005930, 1주, 310000원
2026-05-29 13:18:17,139 - INFO - 주문 성공! 주문번호: 0000025468
2026-05-29 13:18:17,164 - INFO - 60초 후 다음 확인을 진행합니다. (현재 상태: BUYING)
2026-05-29 13:19:17,325 - INFO - [005930] 현재가: 313000원
2026-05-29 13:19:20,737 - INFO - 계좌 예수금: 5596148원
2026-05-29 13:19:20,747 - WARNING - 고점 근접 경고 (고점: 313500, 현재가: 313000). 매수 오프셋 일시 강화.
2026-05-29 13:19:20,747 - INFO - 매수 조건 충족: 현재가(313000) - 오프셋(2000+1000) = 310000원 (보수적 하향 보정)
2026-05-29 13:19:20,748 - INFO - [BUY] 주문 요청: 005930, 1주, 310000원
2026-05-29 13:19:20,954 - INFO - 주문 성공! 주문번호: 0000025555
2026-05-29 13:19:20,984 - INFO - 60초 후 다음 확인을 진행합니다. (현재 상태: BUYING)
2026-05-29 13:20:21,483 - INFO - [005930] 현재가: 313250원
2026-05-29 13:20:25,452 - INFO - 계좌 예수금: 5596148원
2026-05-29 13:20:25,462 - WARNING - 고점 근접 경고 (고점: 313500, 현재가: 313250). 매수 오프셋 일시 강화.
2026-05-29 13:20:25,463 - INFO - 매수 조건 충족: 현재가(313250) - 오프셋(2000+1000) = 310000원 (보수적 하향 보정)
2026-05-29 13:20:25,463 - INFO - [BUY] 주문 요청: 005930, 1주, 310000원
2026-05-29 13:20:29,036 - INFO - 주문 성공! 주문번호: 0000025610
2026-05-29 13:20:29,074 - INFO - 60초 후 다음 확인을 진행합니다. (현재 상태: BUYING)
2026-05-29 13:21:30,587 - INFO - [005930] 현재가: 313500원
2026-05-29 13:21:37,152 - INFO - 계좌 예수금: 5596148원
2026-05-29 13:21:37,161 - WARNING - 고점 근접 경고 (고점: 313500, 현재가: 313500). 매수 오프셋 일시 강화.
2026-05-29 13:21:37,162 - INFO - 매수 조건 충족: 현재가(313500) - 오프셋(2000+1000) = 310500원 (보수적 하향 보정)
2026-05-29 13:21:37,162 - INFO - [BUY] 주문 요청: 005930, 1주, 310500원
2026-05-29 13:21:38,469 - INFO - 주문 성공! 주문번호: 0000025684
2026-05-29 13:21:38,506 - INFO - 60초 후 다음 확인을 진행합니다. (현재 상태: BUYING)
2026-05-29 13:22:38,642 - INFO - [005930] 현재가: 313250원
2026-05-29 13:22:43,710 - INFO - 계좌 예수금: 5596148원
2026-05-29 13:22:43,720 - WARNING - 고점 근접 경고 (고점: 313500, 현재가: 313250). 매수 오프셋 일시 강화.
2026-05-29 13:22:43,720 - INFO - 매수 조건 충족: 현재가(313250) - 오프셋(2000+1000) = 310000원 (보수적 하향 보정)
2026-05-29 13:22:43,721 - INFO - [BUY] 주문 요청: 005930, 1주, 310000원
2026-05-29 13:22:44,420 - INFO - 주문 성공! 주문번호: 0000025726
2026-05-29 13:22:44,451 - INFO - 60초 후 다음 확인을 진행합니다. (현재 상태: BUYING)
2026-05-29 13:23:45,047 - INFO - [005930] 현재가: 313250원
2026-05-29 13:23:49,148 - INFO - 계좌 예수금: 5596148원
2026-05-29 13:23:49,158 - WARNING - 고점 근접 경고 (고점: 313500, 현재가: 313250). 매수 오프셋 일시 강화.
2026-05-29 13:23:49,158 - INFO - 매수 조건 충족: 현재가(313250) - 오프셋(2000+1000) = 310000원 (보수적 하향 보정)
2026-05-29 13:23:49,159 - INFO - [BUY] 주문 요청: 005930, 1주, 310000원
2026-05-29 13:23:49,956 - INFO - 주문 성공! 주문번호: 0000025791
2026-05-29 13:23:49,979 - INFO - 60초 후 다음 확인을 진행합니다. (현재 상태: BUYING)
2026-05-29 13:24:50,135 - INFO - [005930] 현재가: 313000원
2026-05-29 13:24:55,501 - INFO - 계좌 예수금: 5596148원
2026-05-29 13:24:55,505 - WARNING - 고점 근접 경고 (고점: 313500, 현재가: 313000). 매수 오프셋 일시 강화.
2026-05-29 13:24:55,506 - INFO - 매수 조건 충족: 현재가(313000) - 오프셋(2000+1000) = 310000원 (보수적 하향 보정)
2026-05-29 13:24:55,506 - INFO - [BUY] 주문 요청: 005930, 1주, 310000원
2026-05-29 13:24:56,840 - INFO - 주문 성공! 주문번호: 0000025873
2026-05-29 13:24:56,854 - INFO - 60초 후 다음 확인을 진행합니다. (현재 상태: BUYING)
2026-05-29 13:25:57,266 - INFO - [005930] 현재가: 312500원
2026-05-29 13:26:03,416 - INFO - 계좌 예수금: 5596148원
2026-05-29 13:26:03,419 - WARNING - 고점 근접 경고 (고점: 313500, 현재가: 312500). 매수 오프셋 일시 강화.
2026-05-29 13:26:03,420 - INFO - 매수 조건 충족: 현재가(312500) - 오프셋(2000+1000) = 309500원 (보수적 하향 보정)
2026-05-29 13:26:03,420 - INFO - [BUY] 주문 요청: 005930, 1주, 309500원
2026-05-29 13:26:03,579 - INFO - 주문 성공! 주문번호: 0000025938
2026-05-29 13:26:03,595 - INFO - 60초 후 다음 확인을 진행합니다. (현재 상태: BUYING)
2026-05-29 13:27:07,027 - INFO - [005930] 현재가: 313000원
2026-05-29 13:27:15,595 - INFO - 계좌 예수금: 5596148원
2026-05-29 13:27:15,600 - WARNING - 고점 근접 경고 (고점: 313500, 현재가: 313000). 매수 오프셋 일시 강화.
2026-05-29 13:27:15,600 - INFO - 매수 조건 충족: 현재가(313000) - 오프셋(2000+1000) = 310000원 (보수적 하향 보정)
2026-05-29 13:27:15,600 - INFO - [BUY] 주문 요청: 005930, 1주, 310000원
2026-05-29 13:27:15,750 - INFO - 주문 성공! 주문번호: 0000026001
2026-05-29 13:27:15,766 - INFO - 60초 후 다음 확인을 진행합니다. (현재 상태: BUYING)
2026-05-29 13:28:18,525 - INFO - [005930] 현재가: 312500원
2026-05-29 13:28:25,379 - INFO - 계좌 예수금: 5596148원
2026-05-29 13:28:25,385 - WARNING - 고점 근접 경고 (고점: 313500, 현재가: 312500). 매수 오프셋 일시 강화.
2026-05-29 13:28:25,385 - INFO - 매수 조건 충족: 현재가(312500) - 오프셋(2000+1000) = 309500원 (보수적 하향 보정)
2026-05-29 13:28:25,385 - INFO - [BUY] 주문 요청: 005930, 1주, 309500원
2026-05-29 13:28:25,517 - INFO - 주문 성공! 주문번호: 0000026065
2026-05-29 13:28:25,534 - INFO - 60초 후 다음 확인을 진행합니다. (현재 상태: BUYING)
2026-05-29 13:29:25,621 - INFO - [005930] 현재가: 312750원
2026-05-29 13:29:28,817 - INFO - 계좌 예수금: 5596148원
2026-05-29 13:29:28,825 - WARNING - 고점 근접 경고 (고점: 313500, 현재가: 312750). 매수 오프셋 일시 강화.
2026-05-29 13:29:28,825 - INFO - 매수 조건 충족: 현재가(312750) - 오프셋(2000+1000) = 309500원 (보수적 하향 보정)
2026-05-29 13:29:28,825 - INFO - [BUY] 주문 요청: 005930, 1주, 309500원
2026-05-29 13:29:28,963 - INFO - 주문 성공! 주문번호: 0000026154
2026-05-29 13:29:28,978 - INFO - 60초 후 다음 확인을 진행합니다. (현재 상태: BUYING)
2026-05-29 13:30:31,962 - INFO - [005930] 현재가: 312750원
2026-05-29 13:30:39,119 - INFO - 계좌 예수금: 5596148원
2026-05-29 13:30:39,125 - WARNING - 고점 근접 경고 (고점: 313500, 현재가: 312750). 매수 오프셋 일시 강화.
2026-05-29 13:30:39,126 - INFO - 매수 조건 충족: 현재가(312750) - 오프셋(2000+1000) = 309500원 (보수적 하향 보정)
2026-05-29 13:30:39,126 - INFO - [BUY] 주문 요청: 005930, 1주, 309500원
2026-05-29 13:30:42,926 - INFO - 주문 성공! 주문번호: 0000026237
2026-05-29 13:30:42,943 - INFO - 60초 후 다음 확인을 진행합니다. (현재 상태: BUYING)
2026-05-29 13:31:44,107 - INFO - [005930] 현재가: 313000원
2026-05-29 13:31:47,482 - INFO - 계좌 예수금: 5596148원
2026-05-29 13:31:47,486 - WARNING - 고점 근접 경고 (고점: 313500, 현재가: 313000). 매수 오프셋 일시 강화.
2026-05-29 13:31:47,486 - INFO - 매수 조건 충족: 현재가(313000) - 오프셋(2000+1000) = 310000원 (보수적 하향 보정)
2026-05-29 13:31:47,486 - INFO - [BUY] 주문 요청: 005930, 1주, 310000원
2026-05-29 13:31:47,916 - INFO - 주문 성공! 주문번호: 0000026308
2026-05-29 13:31:47,933 - INFO - 60초 후 다음 확인을 진행합니다. (현재 상태: BUYING)
2026-05-29 13:32:48,009 - INFO - [005930] 현재가: 312750원
2026-05-29 13:32:55,091 - INFO - 계좌 예수금: 5596148원
2026-05-29 13:32:55,095 - WARNING - 고점 근접 경고 (고점: 313500, 현재가: 312750). 매수 오프셋 일시 강화.
2026-05-29 13:32:55,095 - INFO - 매수 조건 충족: 현재가(312750) - 오프셋(2000+1000) = 309500원 (보수적 하향 보정)
2026-05-29 13:32:55,095 - INFO - [BUY] 주문 요청: 005930, 1주, 309500원
2026-05-29 13:32:56,766 - INFO - 주문 성공! 주문번호: 0000026372
2026-05-29 13:32:56,783 - INFO - 60초 후 다음 확인을 진행합니다. (현재 상태: BUYING)
2026-05-29 13:33:57,669 - INFO - [005930] 현재가: 313000원
2026-05-29 13:34:01,185 - INFO - 계좌 예수금: 5596148원
2026-05-29 13:34:01,190 - WARNING - 고점 근접 경고 (고점: 313500, 현재가: 313000). 매수 오프셋 일시 강화.
2026-05-29 13:34:01,190 - INFO - 매수 조건 충족: 현재가(313000) - 오프셋(2000+1000) = 310000원 (보수적 하향 보정)
2026-05-29 13:34:01,190 - INFO - [BUY] 주문 요청: 005930, 1주, 310000원
2026-05-29 13:34:02,807 - INFO - 주문 성공! 주문번호: 0000026434
2026-05-29 13:34:02,827 - INFO - 60초 후 다음 확인을 진행합니다. (현재 상태: BUYING)
2026-05-29 13:35:02,938 - INFO - [005930] 현재가: 313250원
2026-05-29 13:35:05,910 - INFO - 계좌 예수금: 5596148원
2026-05-29 13:35:05,914 - WARNING - 고점 근접 경고 (고점: 313500, 현재가: 313250). 매수 오프셋 일시 강화.
2026-05-29 13:35:05,914 - INFO - 매수 조건 충족: 현재가(313250) - 오프셋(2000+1000) = 310000원 (보수적 하향 보정)
2026-05-29 13:35:05,914 - INFO - [BUY] 주문 요청: 005930, 1주, 310000원
2026-05-29 13:35:06,054 - INFO - 주문 성공! 주문번호: 0000026534
2026-05-29 13:35:06,068 - INFO - 60초 후 다음 확인을 진행합니다. (현재 상태: BUYING)
2026-05-29 13:36:08,103 - INFO - [005930] 현재가: 313750원
2026-05-29 13:36:13,015 - INFO - 계좌 예수금: 5596148원
2026-05-29 13:36:13,023 - INFO - 매수 조건 충족: 현재가(313750) - 오프셋(2000+0) = 311500원 (보수적 하향 보정)
2026-05-29 13:36:13,023 - INFO - [BUY] 주문 요청: 005930, 1주, 311500원
2026-05-29 13:36:13,193 - INFO - 주문 성공! 주문번호: 0000026602
2026-05-29 13:36:13,217 - INFO - 60초 후 다음 확인을 진행합니다. (현재 상태: BUYING)
2026-05-29 13:37:15,933 - INFO - [005930] 현재가: 314000원
2026-05-29 13:37:20,014 - INFO - 계좌 예수금: 5596148원
2026-05-29 13:37:20,019 - INFO - 매수 조건 충족: 현재가(314000) - 오프셋(2000+0) = 312000원 (보수적 하향 보정)
2026-05-29 13:37:20,020 - INFO - [BUY] 주문 요청: 005930, 1주, 312000원
2026-05-29 13:37:20,144 - ERROR - 주문 실패: 모의투자 주문가능금액이 부족합니다.
2026-05-29 13:37:20,145 - INFO - 60초 후 다음 확인을 진행합니다. (현재 상태: BUYING)
2026-05-29 13:38:20,311 - INFO - [005930] 현재가: 314250원
2026-05-29 13:38:26,667 - INFO - 계좌 예수금: 5596148원
2026-05-29 13:38:26,674 - INFO - 매수 조건 충족: 현재가(314250) - 오프셋(2000+0) = 312000원 (보수적 하향 보정)
2026-05-29 13:38:26,674 - INFO - [BUY] 주문 요청: 005930, 1주, 312000원
2026-05-29 13:38:27,897 - ERROR - 주문 실패: 모의투자 주문가능금액이 부족합니다.
2026-05-29 13:38:27,897 - INFO - 60초 후 다음 확인을 진행합니다. (현재 상태: BUYING)
2026-05-29 13:39:29,722 - INFO - [005930] 현재가: 314000원
2026-05-29 13:39:34,675 - INFO - 계좌 예수금: 5596148원
2026-05-29 13:39:34,680 - WARNING - 고점 근접 경고 (고점: 314250, 현재가: 314000). 매수 오프셋 일시 강화.
2026-05-29 13:39:34,680 - INFO - 매수 조건 충족: 현재가(314000) - 오프셋(2000+1000) = 311000원 (보수적 하향 보정)
2026-05-29 13:39:34,681 - INFO - [BUY] 주문 요청: 005930, 1주, 311000원
2026-05-29 13:39:34,829 - ERROR - 주문 실패: 모의투자 주문가능금액이 부족합니다.
2026-05-29 13:39:34,829 - INFO - 60초 후 다음 확인을 진행합니다. (현재 상태: BUYING)
2026-05-29 13:40:39,625 - INFO - [005930] 현재가: 314000원
2026-05-29 13:40:48,447 - INFO - 계좌 예수금: 5596148원
2026-05-29 13:40:48,452 - WARNING - 고점 근접 경고 (고점: 314250, 현재가: 314000). 매수 오프셋 일시 강화.
2026-05-29 13:40:48,452 - INFO - 매수 조건 충족: 현재가(314000) - 오프셋(2000+1000) = 311000원 (보수적 하향 보정)
2026-05-29 13:40:48,452 - INFO - [BUY] 주문 요청: 005930, 1주, 311000원
2026-05-29 13:40:48,574 - ERROR - 주문 실패: 모의투자 주문가능금액이 부족합니다.
2026-05-29 13:40:48,575 - INFO - 60초 후 다음 확인을 진행합니다. (현재 상태: BUYING)
2026-05-29 13:41:48,727 - INFO - [005930] 현재가: 313750원
2026-05-29 13:41:52,452 - INFO - 계좌 예수금: 5596148원
2026-05-29 13:41:52,456 - WARNING - 고점 근접 경고 (고점: 314250, 현재가: 313750). 매수 오프셋 일시 강화.
2026-05-29 13:41:52,456 - INFO - 매수 조건 충족: 현재가(313750) - 오프셋(2000+1000) = 310500원 (보수적 하향 보정)
2026-05-29 13:41:52,456 - INFO - [BUY] 주문 요청: 005930, 1주, 310500원
2026-05-29 13:41:52,580 - ERROR - 주문 실패: 모의투자 주문가능금액이 부족합니다.
2026-05-29 13:41:52,580 - INFO - 60초 후 다음 확인을 진행합니다. (현재 상태: BUYING)
2026-05-29 13:42:54,409 - INFO - [005930] 현재가: 314250원
2026-05-29 13:42:56,516 - INFO - 계좌 예수금: 5596148원
2026-05-29 13:42:56,521 - WARNING - 고점 근접 경고 (고점: 314250, 현재가: 314250). 매수 오프셋 일시 강화.
2026-05-29 13:42:56,521 - INFO - 매수 조건 충족: 현재가(314250) - 오프셋(2000+1000) = 311000원 (보수적 하향 보정)
2026-05-29 13:42:56,521 - INFO - [BUY] 주문 요청: 005930, 1주, 311000원
2026-05-29 13:42:56,644 - ERROR - 주문 실패: 모의투자 주문가능금액이 부족합니다.
2026-05-29 13:42:56,645 - INFO - 60초 후 다음 확인을 진행합니다. (현재 상태: BUYING)
2026-05-29 13:43:56,758 - INFO - [005930] 현재가: 314000원
2026-05-29 13:44:03,758 - INFO - 계좌 예수금: 5596148원
2026-05-29 13:44:03,763 - WARNING - 고점 근접 경고 (고점: 314250, 현재가: 314000). 매수 오프셋 일시 강화.
2026-05-29 13:44:03,763 - INFO - 매수 조건 충족: 현재가(314000) - 오프셋(2000+1000) = 311000원 (보수적 하향 보정)
2026-05-29 13:44:03,764 - INFO - [BUY] 주문 요청: 005930, 1주, 311000원
2026-05-29 13:44:06,545 - ERROR - 주문 실패: 모의투자 주문가능금액이 부족합니다.
2026-05-29 13:44:06,546 - INFO - 60초 후 다음 확인을 진행합니다. (현재 상태: BUYING)
2026-05-29 13:45:09,507 - INFO - [005930] 현재가: 314500원
2026-05-29 13:45:14,372 - INFO - 계좌 예수금: 5596148원
2026-05-29 13:45:14,380 - INFO - 매수 조건 충족: 현재가(314500) - 오프셋(2000+0) = 312500원 (보수적 하향 보정)
2026-05-29 13:45:14,380 - INFO - [BUY] 주문 요청: 005930, 1주, 312500원
2026-05-29 13:45:17,761 - ERROR - 주문 실패: 모의투자 주문가능금액이 부족합니다.
2026-05-29 13:45:17,762 - INFO - 60초 후 다음 확인을 진행합니다. (현재 상태: BUYING)
2026-05-29 13:46:18,794 - INFO - [005930] 현재가: 314000원
2026-05-29 13:46:25,011 - INFO - 계좌 예수금: 5596148원
2026-05-29 13:46:25,015 - WARNING - 고점 근접 경고 (고점: 314500, 현재가: 314000). 매수 오프셋 일시 강화.
2026-05-29 13:46:25,015 - INFO - 매수 조건 충족: 현재가(314000) - 오프셋(2000+1000) = 311000원 (보수적 하향 보정)
2026-05-29 13:46:25,015 - INFO - [BUY] 주문 요청: 005930, 1주, 311000원
2026-05-29 13:46:25,160 - ERROR - 주문 실패: 모의투자 주문가능금액이 부족합니다.
2026-05-29 13:46:25,161 - INFO - 60초 후 다음 확인을 진행합니다. (현재 상태: BUYING)
2026-05-29 13:47:25,250 - INFO - [005930] 현재가: 313500원
2026-05-29 13:47:30,753 - INFO - 계좌 예수금: 5596148원
2026-05-29 13:47:30,758 - WARNING - 고점 근접 경고 (고점: 314500, 현재가: 313500). 매수 오프셋 일시 강화.
2026-05-29 13:47:30,760 - INFO - 매수 조건 충족: 현재가(313500) - 오프셋(2000+1000) = 310500원 (보수적 하향 보정)
2026-05-29 13:47:30,760 - INFO - [BUY] 주문 요청: 005930, 1주, 310500원
2026-05-29 13:47:31,177 - ERROR - 주문 실패: 모의투자 주문가능금액이 부족합니다.
2026-05-29 13:47:31,177 - INFO - 60초 후 다음 확인을 진행합니다. (현재 상태: BUYING)
2026-05-29 13:48:31,403 - INFO - [005930] 현재가: 313750원
2026-05-29 13:48:37,211 - INFO - 계좌 예수금: 5596148원
2026-05-29 13:48:37,217 - WARNING - 고점 근접 경고 (고점: 314500, 현재가: 313750). 매수 오프셋 일시 강화.
2026-05-29 13:48:37,218 - INFO - 매수 조건 충족: 현재가(313750) - 오프셋(2000+1000) = 310500원 (보수적 하향 보정)
2026-05-29 13:48:37,218 - INFO - [BUY] 주문 요청: 005930, 1주, 310500원
2026-05-29 13:48:37,356 - ERROR - 주문 실패: 모의투자 주문가능금액이 부족합니다.
2026-05-29 13:48:37,356 - INFO - 60초 후 다음 확인을 진행합니다. (현재 상태: BUYING)
2026-05-29 13:49:38,600 - INFO - [005930] 현재가: 313750원
2026-05-29 13:49:41,053 - INFO - 계좌 예수금: 5596148원
2026-05-29 13:49:41,058 - WARNING - 고점 근접 경고 (고점: 314500, 현재가: 313750). 매수 오프셋 일시 강화.
2026-05-29 13:49:41,058 - INFO - 매수 조건 충족: 현재가(313750) - 오프셋(2000+1000) = 310500원 (보수적 하향 보정)
2026-05-29 13:49:41,059 - INFO - [BUY] 주문 요청: 005930, 1주, 310500원
2026-05-29 13:49:41,172 - ERROR - 주문 실패: 모의투자 주문가능금액이 부족합니다.
2026-05-29 13:49:41,172 - INFO - 60초 후 다음 확인을 진행합니다. (현재 상태: BUYING)
2026-05-29 13:50:41,255 - INFO - [005930] 현재가: 314000원
2026-05-29 13:50:45,403 - INFO - 계좌 예수금: 5596148원
2026-05-29 13:50:45,408 - WARNING - 고점 근접 경고 (고점: 314500, 현재가: 314000). 매수 오프셋 일시 강화.
2026-05-29 13:50:45,409 - INFO - 매수 조건 충족: 현재가(314000) - 오프셋(2000+1000) = 311000원 (보수적 하향 보정)
2026-05-29 13:50:45,409 - INFO - [BUY] 주문 요청: 005930, 1주, 311000원
2026-05-29 13:50:45,516 - ERROR - 주문 실패: 모의투자 주문가능금액이 부족합니다.
2026-05-29 13:50:45,516 - INFO - 60초 후 다음 확인을 진행합니다. (현재 상태: BUYING)
2026-05-29 13:51:46,814 - INFO - [005930] 현재가: 314000원
2026-05-29 13:51:53,078 - INFO - 계좌 예수금: 5596148원
2026-05-29 13:51:53,083 - WARNING - 고점 근접 경고 (고점: 314500, 현재가: 314000). 매수 오프셋 일시 강화.
2026-05-29 13:51:53,083 - INFO - 매수 조건 충족: 현재가(314000) - 오프셋(2000+1000) = 311000원 (보수적 하향 보정)
2026-05-29 13:51:53,084 - INFO - [BUY] 주문 요청: 005930, 1주, 311000원
2026-05-29 13:51:53,206 - ERROR - 주문 실패: 모의투자 주문가능금액이 부족합니다.
2026-05-29 13:51:53,207 - INFO - 60초 후 다음 확인을 진행합니다. (현재 상태: BUYING)
2026-05-29 13:52:53,305 - INFO - [005930] 현재가: 313500원
2026-05-29 13:52:56,573 - INFO - 계좌 예수금: 5596148원
2026-05-29 13:52:56,580 - WARNING - 고점 근접 경고 (고점: 314500, 현재가: 313500). 매수 오프셋 일시 강화.
2026-05-29 13:52:56,582 - INFO - 매수 조건 충족: 현재가(313500) - 오프셋(2000+1000) = 310500원 (보수적 하향 보정)
2026-05-29 13:52:56,583 - INFO - [BUY] 주문 요청: 005930, 1주, 310500원
2026-05-29 13:52:56,695 - ERROR - 주문 실패: 모의투자 주문가능금액이 부족합니다.
2026-05-29 13:52:56,695 - INFO - 60초 후 다음 확인을 진행합니다. (현재 상태: BUYING)
2026-05-29 13:53:56,796 - INFO - [005930] 현재가: 314000원
2026-05-29 13:54:01,190 - INFO - 계좌 예수금: 5596148원
2026-05-29 13:54:01,196 - WARNING - 고점 근접 경고 (고점: 314500, 현재가: 314000). 매수 오프셋 일시 강화.
2026-05-29 13:54:01,196 - INFO - 매수 조건 충족: 현재가(314000) - 오프셋(2000+1000) = 311000원 (보수적 하향 보정)
2026-05-29 13:54:01,196 - INFO - [BUY] 주문 요청: 005930, 1주, 311000원
2026-05-29 13:54:02,020 - ERROR - 주문 실패: 모의투자 주문가능금액이 부족합니다.
2026-05-29 13:54:02,021 - INFO - 60초 후 다음 확인을 진행합니다. (현재 상태: BUYING)
2026-05-29 13:55:03,620 - INFO - [005930] 현재가: 314500원
2026-05-29 13:55:10,629 - INFO - 계좌 예수금: 5596148원
2026-05-29 13:55:10,636 - WARNING - 고점 근접 경고 (고점: 314500, 현재가: 314500). 매수 오프셋 일시 강화.
2026-05-29 13:55:10,636 - INFO - 매수 조건 충족: 현재가(314500) - 오프셋(2000+1000) = 311500원 (보수적 하향 보정)
2026-05-29 13:55:10,637 - INFO - [BUY] 주문 요청: 005930, 1주, 311500원
2026-05-29 13:55:12,919 - ERROR - 주문 실패: 모의투자 주문가능금액이 부족합니다.
2026-05-29 13:55:12,919 - INFO - 60초 후 다음 확인을 진행합니다. (현재 상태: BUYING)
2026-05-29 13:56:17,122 - INFO - [005930] 현재가: 314000원
2026-05-29 13:56:19,905 - INFO - 계좌 예수금: 5596148원
2026-05-29 13:56:19,910 - WARNING - 고점 근접 경고 (고점: 314500, 현재가: 314000). 매수 오프셋 일시 강화.
2026-05-29 13:56:19,910 - INFO - 매수 조건 충족: 현재가(314000) - 오프셋(2000+1000) = 311000원 (보수적 하향 보정)
2026-05-29 13:56:19,910 - INFO - [BUY] 주문 요청: 005930, 1주, 311000원
2026-05-29 13:56:23,024 - ERROR - 주문 실패: 모의투자 주문가능금액이 부족합니다.
2026-05-29 13:56:23,025 - INFO - 60초 후 다음 확인을 진행합니다. (현재 상태: BUYING)
2026-05-29 13:57:24,425 - INFO - [005930] 현재가: 314000원
2026-05-29 13:57:30,628 - INFO - 계좌 예수금: 5596148원
2026-05-29 13:57:30,634 - WARNING - 고점 근접 경고 (고점: 314500, 현재가: 314000). 매수 오프셋 일시 강화.
2026-05-29 13:57:30,635 - INFO - 매수 조건 충족: 현재가(314000) - 오프셋(2000+1000) = 311000원 (보수적 하향 보정)
2026-05-29 13:57:30,635 - INFO - [BUY] 주문 요청: 005930, 1주, 311000원
2026-05-29 13:57:32,778 - ERROR - 주문 실패: 모의투자 주문가능금액이 부족합니다.
2026-05-29 13:57:32,778 - INFO - 60초 후 다음 확인을 진행합니다. (현재 상태: BUYING)
2026-05-29 13:58:34,051 - INFO - [005930] 현재가: 314000원
2026-05-29 13:58:38,722 - INFO - 계좌 예수금: 5596148원
2026-05-29 13:58:38,726 - WARNING - 고점 근접 경고 (고점: 314500, 현재가: 314000). 매수 오프셋 일시 강화.
2026-05-29 13:58:38,726 - INFO - 매수 조건 충족: 현재가(314000) - 오프셋(2000+1000) = 311000원 (보수적 하향 보정)
2026-05-29 13:58:38,727 - INFO - [BUY] 주문 요청: 005930, 1주, 311000원
2026-05-29 13:58:39,061 - ERROR - 주문 실패: 모의투자 주문가능금액이 부족합니다.
2026-05-29 13:58:39,061 - INFO - 60초 후 다음 확인을 진행합니다. (현재 상태: BUYING)
2026-05-29 13:59:40,631 - INFO - [005930] 현재가: 313750원
2026-05-29 13:59:42,607 - INFO - 계좌 예수금: 5596148원
2026-05-29 13:59:42,612 - WARNING - 고점 근접 경고 (고점: 314500, 현재가: 313750). 매수 오프셋 일시 강화.
2026-05-29 13:59:42,613 - INFO - 매수 조건 충족: 현재가(313750) - 오프셋(2000+1000) = 310500원 (보수적 하향 보정)
2026-05-29 13:59:42,613 - INFO - [BUY] 주문 요청: 005930, 1주, 310500원
2026-05-29 13:59:44,139 - ERROR - 주문 실패: 모의투자 주문가능금액이 부족합니다.
2026-05-29 13:59:44,139 - INFO - 60초 후 다음 확인을 진행합니다. (현재 상태: BUYING)
2026-05-29 14:00:44,794 - INFO - [005930] 현재가: 313750원
2026-05-29 14:00:52,453 - INFO - 계좌 예수금: 5596148원
2026-05-29 14:00:52,459 - WARNING - 고점 근접 경고 (고점: 314500, 현재가: 313750). 매수 오프셋 일시 강화.
2026-05-29 14:00:52,459 - INFO - 매수 조건 충족: 현재가(313750) - 오프셋(2000+1000) = 310500원 (보수적 하향 보정)
2026-05-29 14:00:52,459 - INFO - [BUY] 주문 요청: 005930, 1주, 310500원
2026-05-29 14:00:52,689 - ERROR - 주문 실패: 모의투자 주문가능금액이 부족합니다.
2026-05-29 14:00:52,689 - INFO - 60초 후 다음 확인을 진행합니다. (현재 상태: BUYING)
2026-05-29 14:01:54,635 - INFO - [005930] 현재가: 314000원
2026-05-29 14:01:58,348 - INFO - 계좌 예수금: 5596148원
2026-05-29 14:01:58,353 - WARNING - 고점 근접 경고 (고점: 314500, 현재가: 314000). 매수 오프셋 일시 강화.
2026-05-29 14:01:58,353 - INFO - 매수 조건 충족: 현재가(314000) - 오프셋(2000+1000) = 311000원 (보수적 하향 보정)
2026-05-29 14:01:58,354 - INFO - [BUY] 주문 요청: 005930, 1주, 311000원
2026-05-29 14:02:01,248 - ERROR - 주문 실패: 모의투자 주문가능금액이 부족합니다.
2026-05-29 14:02:01,248 - INFO - 60초 후 다음 확인을 진행합니다. (현재 상태: BUYING)
2026-05-29 14:03:04,269 - INFO - [005930] 현재가: 314000원
2026-05-29 14:03:09,004 - INFO - 계좌 예수금: 5596148원
2026-05-29 14:03:09,010 - WARNING - 고점 근접 경고 (고점: 314500, 현재가: 314000). 매수 오프셋 일시 강화.
2026-05-29 14:03:09,010 - INFO - 매수 조건 충족: 현재가(314000) - 오프셋(2000+1000) = 311000원 (보수적 하향 보정)
2026-05-29 14:03:09,010 - INFO - [BUY] 주문 요청: 005930, 1주, 311000원
2026-05-29 14:03:09,164 - ERROR - 주문 실패: 모의투자 주문가능금액이 부족합니다.
2026-05-29 14:03:09,164 - INFO - 60초 후 다음 확인을 진행합니다. (현재 상태: BUYING)
2026-05-29 14:04:10,399 - INFO - [005930] 현재가: 314250원
2026-05-29 14:04:17,147 - INFO - 계좌 예수금: 5596148원
2026-05-29 14:04:17,153 - WARNING - 고점 근접 경고 (고점: 314500, 현재가: 314250). 매수 오프셋 일시 강화.
2026-05-29 14:04:17,153 - INFO - 매수 조건 충족: 현재가(314250) - 오프셋(2000+1000) = 311000원 (보수적 하향 보정)
2026-05-29 14:04:17,154 - INFO - [BUY] 주문 요청: 005930, 1주, 311000원
2026-05-29 14:04:18,562 - ERROR - 주문 실패: 모의투자 주문가능금액이 부족합니다.
2026-05-29 14:04:18,563 - INFO - 60초 후 다음 확인을 진행합니다. (현재 상태: BUYING)
2026-05-29 14:05:19,402 - INFO - [005930] 현재가: 314000원
2026-05-29 14:05:28,494 - INFO - 계좌 예수금: 5596148원
2026-05-29 14:05:28,502 - WARNING - 고점 근접 경고 (고점: 314500, 현재가: 314000). 매수 오프셋 일시 강화.
2026-05-29 14:05:28,502 - INFO - 매수 조건 충족: 현재가(314000) - 오프셋(2000+1000) = 311000원 (보수적 하향 보정)
2026-05-29 14:05:28,502 - INFO - [BUY] 주문 요청: 005930, 1주, 311000원
2026-05-29 14:05:33,364 - ERROR - 주문 실패: 모의투자 주문가능금액이 부족합니다.
2026-05-29 14:05:33,365 - INFO - 60초 후 다음 확인을 진행합니다. (현재 상태: BUYING)
2026-05-29 14:06:35,005 - INFO - [005930] 현재가: 314000원
2026-05-29 14:06:40,126 - INFO - 계좌 예수금: 5596148원
2026-05-29 14:06:40,132 - WARNING - 고점 근접 경고 (고점: 314500, 현재가: 314000). 매수 오프셋 일시 강화.
2026-05-29 14:06:40,132 - INFO - 매수 조건 충족: 현재가(314000) - 오프셋(2000+1000) = 311000원 (보수적 하향 보정)
2026-05-29 14:06:40,132 - INFO - [BUY] 주문 요청: 005930, 1주, 311000원
2026-05-29 14:06:41,271 - ERROR - 주문 실패: 모의투자 주문가능금액이 부족합니다.
2026-05-29 14:06:41,272 - INFO - 60초 후 다음 확인을 진행합니다. (현재 상태: BUYING)
2026-05-29 14:07:42,715 - INFO - [005930] 현재가: 314000원
2026-05-29 14:07:45,910 - INFO - 계좌 예수금: 5596148원
2026-05-29 14:07:45,914 - WARNING - 고점 근접 경고 (고점: 314500, 현재가: 314000). 매수 오프셋 일시 강화.
2026-05-29 14:07:45,914 - INFO - 매수 조건 충족: 현재가(314000) - 오프셋(2000+1000) = 311000원 (보수적 하향 보정)
2026-05-29 14:07:45,915 - INFO - [BUY] 주문 요청: 005930, 1주, 311000원
2026-05-29 14:07:47,663 - ERROR - 주문 실패: 모의투자 주문가능금액이 부족합니다.
2026-05-29 14:07:47,664 - INFO - 60초 후 다음 확인을 진행합니다. (현재 상태: BUYING)
2026-05-29 14:08:48,349 - INFO - [005930] 현재가: 314000원
2026-05-29 14:08:52,683 - INFO - 계좌 예수금: 5596148원
2026-05-29 14:08:52,689 - WARNING - 고점 근접 경고 (고점: 314500, 현재가: 314000). 매수 오프셋 일시 강화.
2026-05-29 14:08:52,689 - INFO - 매수 조건 충족: 현재가(314000) - 오프셋(2000+1000) = 311000원 (보수적 하향 보정)
2026-05-29 14:08:52,690 - INFO - [BUY] 주문 요청: 005930, 1주, 311000원
2026-05-29 14:08:52,908 - ERROR - 주문 실패: 모의투자 주문가능금액이 부족합니다.
2026-05-29 14:08:52,908 - INFO - 60초 후 다음 확인을 진행합니다. (현재 상태: BUYING)
2026-05-29 14:09:54,555 - INFO - [005930] 현재가: 314250원
2026-05-29 14:10:01,368 - INFO - 계좌 예수금: 5596148원
2026-05-29 14:10:01,374 - WARNING - 고점 근접 경고 (고점: 314500, 현재가: 314250). 매수 오프셋 일시 강화.
2026-05-29 14:10:01,374 - INFO - 매수 조건 충족: 현재가(314250) - 오프셋(2000+1000) = 311000원 (보수적 하향 보정)
2026-05-29 14:10:01,374 - INFO - [BUY] 주문 요청: 005930, 1주, 311000원
2026-05-29 14:10:01,533 - ERROR - 주문 실패: 모의투자 주문가능금액이 부족합니다.
2026-05-29 14:10:01,534 - INFO - 60초 후 다음 확인을 진행합니다. (현재 상태: BUYING)
2026-05-29 14:11:03,887 - INFO - [005930] 현재가: 314500원
2026-05-29 14:11:10,462 - INFO - 계좌 예수금: 5596148원
2026-05-29 14:11:10,472 - WARNING - 고점 근접 경고 (고점: 314500, 현재가: 314500). 매수 오프셋 일시 강화.
2026-05-29 14:11:10,472 - INFO - 매수 조건 충족: 현재가(314500) - 오프셋(2000+1000) = 311500원 (보수적 하향 보정)
2026-05-29 14:11:10,472 - INFO - [BUY] 주문 요청: 005930, 1주, 311500원
2026-05-29 14:11:13,302 - ERROR - 주문 실패: 모의투자 주문가능금액이 부족합니다.
2026-05-29 14:11:13,302 - INFO - 60초 후 다음 확인을 진행합니다. (현재 상태: BUYING)
2026-05-29 14:12:15,063 - INFO - [005930] 현재가: 314500원
2026-05-29 14:12:19,851 - INFO - 계좌 예수금: 5596148원
2026-05-29 14:12:19,857 - WARNING - 고점 근접 경고 (고점: 314500, 현재가: 314500). 매수 오프셋 일시 강화.
2026-05-29 14:12:19,857 - INFO - 매수 조건 충족: 현재가(314500) - 오프셋(2000+1000) = 311500원 (보수적 하향 보정)
2026-05-29 14:12:19,857 - INFO - [BUY] 주문 요청: 005930, 1주, 311500원
2026-05-29 14:12:21,879 - ERROR - 주문 실패: 모의투자 주문가능금액이 부족합니다.
2026-05-29 14:12:21,880 - INFO - 60초 후 다음 확인을 진행합니다. (현재 상태: BUYING)
2026-05-29 14:13:25,538 - INFO - [005930] 현재가: 314500원
2026-05-29 14:13:29,173 - INFO - 계좌 예수금: 5596148원
2026-05-29 14:13:29,177 - WARNING - 고점 근접 경고 (고점: 314500, 현재가: 314500). 매수 오프셋 일시 강화.
2026-05-29 14:13:29,177 - INFO - 매수 조건 충족: 현재가(314500) - 오프셋(2000+1000) = 311500원 (보수적 하향 보정)
2026-05-29 14:13:29,177 - INFO - [BUY] 주문 요청: 005930, 1주, 311500원
2026-05-29 14:13:31,974 - ERROR - 주문 실패: 모의투자 주문가능금액이 부족합니다.
2026-05-29 14:13:31,975 - INFO - 60초 후 다음 확인을 진행합니다. (현재 상태: BUYING)
2026-05-29 14:14:32,393 - INFO - [005930] 현재가: 315000원
2026-05-29 14:14:36,248 - INFO - 계좌 예수금: 5596148원
2026-05-29 14:14:36,253 - INFO - 매수 조건 충족: 현재가(315000) - 오프셋(2000+0) = 313000원 (보수적 하향 보정)
2026-05-29 14:14:36,254 - INFO - [BUY] 주문 요청: 005930, 1주, 313000원
2026-05-29 14:14:36,897 - ERROR - 주문 실패: 모의투자 주문가능금액이 부족합니다.
2026-05-29 14:14:36,897 - INFO - 60초 후 다음 확인을 진행합니다. (현재 상태: BUYING)
2026-05-29 14:15:41,118 - INFO - [005930] 현재가: 315000원
2026-05-29 14:15:49,063 - INFO - 계좌 예수금: 5596148원
2026-05-29 14:15:49,068 - WARNING - 고점 근접 경고 (고점: 315000, 현재가: 315000). 매수 오프셋 일시 강화.
2026-05-29 14:15:49,069 - INFO - 매수 조건 충족: 현재가(315000) - 오프셋(2000+1000) = 312000원 (보수적 하향 보정)
2026-05-29 14:15:49,069 - INFO - [BUY] 주문 요청: 005930, 1주, 312000원
2026-05-29 14:15:49,200 - ERROR - 주문 실패: 모의투자 주문가능금액이 부족합니다.
2026-05-29 14:15:49,200 - INFO - 60초 후 다음 확인을 진행합니다. (현재 상태: BUYING)
2026-05-29 14:16:58,837 - INFO - [005930] 현재가: 314750원
2026-05-29 14:17:06,636 - INFO - 계좌 예수금: 5596148원
2026-05-29 14:17:06,640 - WARNING - 고점 근접 경고 (고점: 315000, 현재가: 314750). 매수 오프셋 일시 강화.
2026-05-29 14:17:06,640 - INFO - 매수 조건 충족: 현재가(314750) - 오프셋(2000+1000) = 311500원 (보수적 하향 보정)
2026-05-29 14:17:06,641 - INFO - [BUY] 주문 요청: 005930, 1주, 311500원
2026-05-29 14:17:07,158 - ERROR - 주문 실패: 모의투자 주문가능금액이 부족합니다.
2026-05-29 14:17:07,158 - INFO - 60초 후 다음 확인을 진행합니다. (현재 상태: BUYING)
2026-05-29 14:18:07,353 - INFO - [005930] 현재가: 314500원
2026-05-29 14:18:15,096 - INFO - 계좌 예수금: 5596148원
2026-05-29 14:18:15,100 - WARNING - 고점 근접 경고 (고점: 315000, 현재가: 314500). 매수 오프셋 일시 강화.
2026-05-29 14:18:15,100 - INFO - 매수 조건 충족: 현재가(314500) - 오프셋(2000+1000) = 311500원 (보수적 하향 보정)
2026-05-29 14:18:15,100 - INFO - [BUY] 주문 요청: 005930, 1주, 311500원
2026-05-29 14:18:15,224 - ERROR - 주문 실패: 모의투자 주문가능금액이 부족합니다.
2026-05-29 14:18:15,224 - INFO - 60초 후 다음 확인을 진행합니다. (현재 상태: BUYING)
2026-05-29 14:19:17,743 - INFO - [005930] 현재가: 314750원
2026-05-29 14:19:22,163 - INFO - 계좌 예수금: 5596148원
2026-05-29 14:19:22,168 - WARNING - 고점 근접 경고 (고점: 315000, 현재가: 314750). 매수 오프셋 일시 강화.
2026-05-29 14:19:22,168 - INFO - 매수 조건 충족: 현재가(314750) - 오프셋(2000+1000) = 311500원 (보수적 하향 보정)
2026-05-29 14:19:22,168 - INFO - [BUY] 주문 요청: 005930, 1주, 311500원
2026-05-29 14:19:24,125 - ERROR - 주문 실패: 모의투자 주문가능금액이 부족합니다.
2026-05-29 14:19:24,125 - INFO - 60초 후 다음 확인을 진행합니다. (현재 상태: BUYING)
2026-05-29 14:20:28,302 - INFO - [005930] 현재가: 315000원
2026-05-29 14:20:37,336 - INFO - 계좌 예수금: 5596148원
2026-05-29 14:20:37,344 - WARNING - 고점 근접 경고 (고점: 315000, 현재가: 315000). 매수 오프셋 일시 강화.
2026-05-29 14:20:37,344 - INFO - 매수 조건 충족: 현재가(315000) - 오프셋(2000+1000) = 312000원 (보수적 하향 보정)
2026-05-29 14:20:37,344 - INFO - [BUY] 주문 요청: 005930, 1주, 312000원
2026-05-29 14:20:39,826 - ERROR - 주문 실패: 모의투자 주문가능금액이 부족합니다.
2026-05-29 14:20:39,827 - INFO - 60초 후 다음 확인을 진행합니다. (현재 상태: BUYING)
2026-05-29 14:21:43,060 - INFO - [005930] 현재가: 315500원
2026-05-29 14:21:44,857 - INFO - 계좌 예수금: 5596148원
2026-05-29 14:21:44,868 - INFO - 매수 조건 충족: 현재가(315500) - 오프셋(2000+0) = 313500원 (보수적 하향 보정)
2026-05-29 14:21:44,868 - INFO - [BUY] 주문 요청: 005930, 1주, 313500원
2026-05-29 14:21:45,096 - ERROR - 주문 실패: 모의투자 주문가능금액이 부족합니다.
2026-05-29 14:21:45,097 - INFO - 60초 후 다음 확인을 진행합니다. (현재 상태: BUYING)
2026-05-29 14:22:49,013 - INFO - [005930] 현재가: 315250원
2026-05-29 14:22:51,437 - INFO - 계좌 예수금: 5596148원
2026-05-29 14:22:51,442 - WARNING - 고점 근접 경고 (고점: 315500, 현재가: 315250). 매수 오프셋 일시 강화.
2026-05-29 14:22:51,442 - INFO - 매수 조건 충족: 현재가(315250) - 오프셋(2000+1000) = 312000원 (보수적 하향 보정)
2026-05-29 14:22:51,442 - INFO - [BUY] 주문 요청: 005930, 1주, 312000원
2026-05-29 14:22:51,583 - ERROR - 주문 실패: 모의투자 주문가능금액이 부족합니다.
2026-05-29 14:22:51,583 - INFO - 60초 후 다음 확인을 진행합니다. (현재 상태: BUYING)
2026-05-29 14:23:53,565 - INFO - [005930] 현재가: 315250원
2026-05-29 14:23:59,485 - INFO - 계좌 예수금: 5596148원
2026-05-29 14:23:59,490 - WARNING - 고점 근접 경고 (고점: 315500, 현재가: 315250). 매수 오프셋 일시 강화.
2026-05-29 14:23:59,490 - INFO - 매수 조건 충족: 현재가(315250) - 오프셋(2000+1000) = 312000원 (보수적 하향 보정)
2026-05-29 14:23:59,490 - INFO - [BUY] 주문 요청: 005930, 1주, 312000원
2026-05-29 14:23:59,733 - ERROR - 주문 실패: 모의투자 주문가능금액이 부족합니다.
2026-05-29 14:23:59,733 - INFO - 60초 후 다음 확인을 진행합니다. (현재 상태: BUYING)
2026-05-29 14:25:02,748 - INFO - [005930] 현재가: 315500원
2026-05-29 14:25:10,793 - INFO - 계좌 예수금: 5596148원
2026-05-29 14:25:10,799 - WARNING - 고점 근접 경고 (고점: 315500, 현재가: 315500). 매수 오프셋 일시 강화.
2026-05-29 14:25:10,799 - INFO - 매수 조건 충족: 현재가(315500) - 오프셋(2000+1000) = 312500원 (보수적 하향 보정)
2026-05-29 14:25:10,800 - INFO - [BUY] 주문 요청: 005930, 1주, 312500원
2026-05-29 14:25:11,644 - ERROR - 주문 실패: 모의투자 주문가능금액이 부족합니다.
2026-05-29 14:25:11,645 - INFO - 60초 후 다음 확인을 진행합니다. (현재 상태: BUYING)
2026-05-29 14:26:11,738 - INFO - [005930] 현재가: 316000원
2026-05-29 14:26:16,145 - INFO - 계좌 예수금: 5596148원
2026-05-29 14:26:16,152 - INFO - 매수 조건 충족: 현재가(316000) - 오프셋(2000+0) = 314000원 (보수적 하향 보정)
2026-05-29 14:26:16,153 - INFO - [BUY] 주문 요청: 005930, 1주, 314000원
2026-05-29 14:26:16,282 - ERROR - 주문 실패: 모의투자 주문가능금액이 부족합니다.
2026-05-29 14:26:16,283 - INFO - 60초 후 다음 확인을 진행합니다. (현재 상태: BUYING)
2026-05-29 14:27:18,942 - INFO - [005930] 현재가: 316000원
2026-05-29 14:27:23,848 - INFO - 계좌 예수금: 5596148원
2026-05-29 14:27:23,852 - WARNING - 고점 근접 경고 (고점: 316000, 현재가: 316000). 매수 오프셋 일시 강화.
2026-05-29 14:27:23,853 - INFO - 매수 조건 충족: 현재가(316000) - 오프셋(2000+1000) = 313000원 (보수적 하향 보정)
2026-05-29 14:27:23,853 - INFO - [BUY] 주문 요청: 005930, 1주, 313000원
2026-05-29 14:27:24,946 - ERROR - 주문 실패: 모의투자 주문가능금액이 부족합니다.
2026-05-29 14:27:24,946 - INFO - 60초 후 다음 확인을 진행합니다. (현재 상태: BUYING)
2026-05-29 14:28:25,035 - INFO - [005930] 현재가: 316500원
2026-05-29 14:28:32,485 - INFO - 계좌 예수금: 5596148원
2026-05-29 14:28:32,492 - INFO - 매수 조건 충족: 현재가(316500) - 오프셋(2000+0) = 314500원 (보수적 하향 보정)
2026-05-29 14:28:32,493 - INFO - [BUY] 주문 요청: 005930, 1주, 314500원
2026-05-29 14:28:34,357 - ERROR - 주문 실패: 모의투자 주문가능금액이 부족합니다.
2026-05-29 14:28:34,357 - INFO - 60초 후 다음 확인을 진행합니다. (현재 상태: BUYING)
2026-05-29 14:29:35,339 - INFO - [005930] 현재가: 317000원
2026-05-29 14:29:41,038 - INFO - 계좌 예수금: 5596148원
2026-05-29 14:29:41,044 - INFO - 매수 조건 충족: 현재가(317000) - 오프셋(2000+0) = 315000원 (보수적 하향 보정)
2026-05-29 14:29:41,045 - INFO - [BUY] 주문 요청: 005930, 1주, 315000원
2026-05-29 14:29:42,091 - ERROR - 주문 실패: 모의투자 주문가능금액이 부족합니다.
2026-05-29 14:29:42,091 - INFO - 60초 후 다음 확인을 진행합니다. (현재 상태: BUYING)
2026-05-29 14:30:44,981 - INFO - [005930] 현재가: 316750원
2026-05-29 14:30:50,974 - INFO - 계좌 예수금: 5596148원
2026-05-29 14:30:50,979 - WARNING - 고점 근접 경고 (고점: 317000, 현재가: 316750). 매수 오프셋 일시 강화.
2026-05-29 14:30:50,980 - INFO - 매수 조건 충족: 현재가(316750) - 오프셋(2000+1000) = 313500원 (보수적 하향 보정)
2026-05-29 14:30:50,980 - INFO - [BUY] 주문 요청: 005930, 1주, 313500원
2026-05-29 14:30:54,580 - ERROR - 주문 실패: 모의투자 주문가능금액이 부족합니다.
2026-05-29 14:30:54,580 - INFO - 60초 후 다음 확인을 진행합니다. (현재 상태: BUYING)
2026-05-29 14:31:54,678 - INFO - [005930] 현재가: 317500원
2026-05-29 14:31:58,937 - INFO - 계좌 예수금: 5596148원
2026-05-29 14:31:58,942 - INFO - 매수 조건 충족: 현재가(317500) - 오프셋(2000+0) = 315500원 (보수적 하향 보정)
2026-05-29 14:31:58,943 - INFO - [BUY] 주문 요청: 005930, 1주, 315500원
2026-05-29 14:31:59,085 - ERROR - 주문 실패: 모의투자 주문가능금액이 부족합니다.
2026-05-29 14:31:59,085 - INFO - 60초 후 다음 확인을 진행합니다. (현재 상태: BUYING)
2026-05-29 14:32:59,246 - INFO - [005930] 현재가: 317500원
2026-05-29 14:33:03,577 - INFO - 계좌 예수금: 5596148원
2026-05-29 14:33:03,581 - WARNING - 고점 근접 경고 (고점: 317500, 현재가: 317500). 매수 오프셋 일시 강화.
2026-05-29 14:33:03,582 - INFO - 매수 조건 충족: 현재가(317500) - 오프셋(2000+1000) = 314500원 (보수적 하향 보정)
2026-05-29 14:33:03,582 - INFO - [BUY] 주문 요청: 005930, 1주, 314500원
2026-05-29 14:33:03,748 - ERROR - 주문 실패: 모의투자 주문가능금액이 부족합니다.
2026-05-29 14:33:03,748 - INFO - 60초 후 다음 확인을 진행합니다. (현재 상태: BUYING)
2026-05-29 14:34:06,963 - INFO - [005930] 현재가: 317000원
2026-05-29 14:34:12,329 - INFO - 계좌 예수금: 5596148원
2026-05-29 14:34:12,335 - WARNING - 고점 근접 경고 (고점: 317500, 현재가: 317000). 매수 오프셋 일시 강화.
2026-05-29 14:34:12,335 - INFO - 매수 조건 충족: 현재가(317000) - 오프셋(2000+1000) = 314000원 (보수적 하향 보정)
2026-05-29 14:34:12,335 - INFO - [BUY] 주문 요청: 005930, 1주, 314000원
2026-05-29 14:34:13,075 - ERROR - 주문 실패: 모의투자 주문가능금액이 부족합니다.
2026-05-29 14:34:13,075 - INFO - 60초 후 다음 확인을 진행합니다. (현재 상태: BUYING)
2026-05-29 14:35:13,796 - INFO - [005930] 현재가: 317000원
2026-05-29 14:35:23,286 - INFO - 계좌 예수금: 5596148원
2026-05-29 14:35:23,291 - WARNING - 고점 근접 경고 (고점: 317500, 현재가: 317000). 매수 오프셋 일시 강화.
2026-05-29 14:35:23,291 - INFO - 매수 조건 충족: 현재가(317000) - 오프셋(2000+1000) = 314000원 (보수적 하향 보정)
2026-05-29 14:35:23,291 - INFO - [BUY] 주문 요청: 005930, 1주, 314000원
2026-05-29 14:35:23,579 - ERROR - 주문 실패: 모의투자 주문가능금액이 부족합니다.
2026-05-29 14:35:23,580 - INFO - 60초 후 다음 확인을 진행합니다. (현재 상태: BUYING)
2026-05-29 14:36:23,760 - INFO - [005930] 현재가: 317000원
2026-05-29 14:36:31,154 - INFO - 계좌 예수금: 5596148원
2026-05-29 14:36:31,159 - WARNING - 고점 근접 경고 (고점: 317500, 현재가: 317000). 매수 오프셋 일시 강화.
2026-05-29 14:36:31,160 - INFO - 매수 조건 충족: 현재가(317000) - 오프셋(2000+1000) = 314000원 (보수적 하향 보정)
2026-05-29 14:36:31,160 - INFO - [BUY] 주문 요청: 005930, 1주, 314000원
2026-05-29 14:36:34,556 - ERROR - 주문 실패: 모의투자 주문가능금액이 부족합니다.
2026-05-29 14:36:34,556 - INFO - 60초 후 다음 확인을 진행합니다. (현재 상태: BUYING)
2026-05-29 14:37:36,378 - INFO - [005930] 현재가: 317000원
2026-05-29 14:37:41,114 - INFO - 계좌 예수금: 5596148원
2026-05-29 14:37:41,119 - WARNING - 고점 근접 경고 (고점: 317500, 현재가: 317000). 매수 오프셋 일시 강화.
2026-05-29 14:37:41,119 - INFO - 매수 조건 충족: 현재가(317000) - 오프셋(2000+1000) = 314000원 (보수적 하향 보정)
2026-05-29 14:37:41,119 - INFO - [BUY] 주문 요청: 005930, 1주, 314000원
2026-05-29 14:37:42,507 - ERROR - 주문 실패: 모의투자 주문가능금액이 부족합니다.
2026-05-29 14:37:42,508 - INFO - 60초 후 다음 확인을 진행합니다. (현재 상태: BUYING)
2026-05-29 14:38:42,721 - INFO - [005930] 현재가: 316500원
2026-05-29 14:38:46,390 - INFO - 계좌 예수금: 5596148원
2026-05-29 14:38:46,395 - WARNING - 고점 근접 경고 (고점: 317500, 현재가: 316500). 매수 오프셋 일시 강화.
2026-05-29 14:38:46,395 - INFO - 매수 조건 충족: 현재가(316500) - 오프셋(2000+1000) = 313500원 (보수적 하향 보정)
2026-05-29 14:38:46,396 - INFO - [BUY] 주문 요청: 005930, 1주, 313500원
2026-05-29 14:38:48,586 - ERROR - 주문 실패: 모의투자 주문가능금액이 부족합니다.
2026-05-29 14:38:48,586 - INFO - 60초 후 다음 확인을 진행합니다. (현재 상태: BUYING)
2026-05-29 14:39:48,849 - INFO - [005930] 현재가: 315750원
2026-05-29 14:39:54,665 - INFO - 계좌 예수금: 5596148원
2026-05-29 14:39:54,671 - INFO - 매수 조건 충족: 현재가(315750) - 오프셋(2000+0) = 313500원 (보수적 하향 보정)
2026-05-29 14:39:54,671 - INFO - [BUY] 주문 요청: 005930, 1주, 313500원
2026-05-29 14:39:54,862 - ERROR - 주문 실패: 모의투자 주문가능금액이 부족합니다.
2026-05-29 14:39:54,863 - INFO - 60초 후 다음 확인을 진행합니다. (현재 상태: BUYING)
2026-05-29 14:40:55,233 - INFO - [005930] 현재가: 316500원
2026-05-29 14:41:00,514 - INFO - 계좌 예수금: 5596148원
2026-05-29 14:41:00,520 - WARNING - 고점 근접 경고 (고점: 317500, 현재가: 316500). 매수 오프셋 일시 강화.
2026-05-29 14:41:00,520 - INFO - 매수 조건 충족: 현재가(316500) - 오프셋(2000+1000) = 313500원 (보수적 하향 보정)
2026-05-29 14:41:00,520 - INFO - [BUY] 주문 요청: 005930, 1주, 313500원
2026-05-29 14:41:01,890 - ERROR - 주문 실패: 모의투자 주문가능금액이 부족합니다.
2026-05-29 14:41:01,890 - INFO - 60초 후 다음 확인을 진행합니다. (현재 상태: BUYING)
2026-05-29 14:42:01,985 - INFO - [005930] 현재가: 317000원
2026-05-29 14:42:11,500 - INFO - 계좌 예수금: 5596148원
2026-05-29 14:42:11,506 - WARNING - 고점 근접 경고 (고점: 317500, 현재가: 317000). 매수 오프셋 일시 강화.
2026-05-29 14:42:11,506 - INFO - 매수 조건 충족: 현재가(317000) - 오프셋(2000+1000) = 314000원 (보수적 하향 보정)
2026-05-29 14:42:11,506 - INFO - [BUY] 주문 요청: 005930, 1주, 314000원
2026-05-29 14:42:12,250 - ERROR - 주문 실패: 모의투자 주문가능금액이 부족합니다.
2026-05-29 14:42:12,250 - INFO - 60초 후 다음 확인을 진행합니다. (현재 상태: BUYING)
2026-05-29 14:43:13,650 - INFO - [005930] 현재가: 317250원
2026-05-29 14:43:19,487 - INFO - 계좌 예수금: 5596148원
2026-05-29 14:43:19,493 - WARNING - 고점 근접 경고 (고점: 317500, 현재가: 317250). 매수 오프셋 일시 강화.
2026-05-29 14:43:19,493 - INFO - 매수 조건 충족: 현재가(317250) - 오프셋(2000+1000) = 314000원 (보수적 하향 보정)
2026-05-29 14:43:19,493 - INFO - [BUY] 주문 요청: 005930, 1주, 314000원
2026-05-29 14:43:19,890 - ERROR - 주문 실패: 모의투자 주문가능금액이 부족합니다.
2026-05-29 14:43:19,890 - INFO - 60초 후 다음 확인을 진행합니다. (현재 상태: BUYING)
2026-05-29 14:44:19,979 - INFO - [005930] 현재가: 317500원
2026-05-29 14:44:24,231 - INFO - 계좌 예수금: 5596148원
2026-05-29 14:44:24,237 - WARNING - 고점 근접 경고 (고점: 317500, 현재가: 317500). 매수 오프셋 일시 강화.
2026-05-29 14:44:24,238 - INFO - 매수 조건 충족: 현재가(317500) - 오프셋(2000+1000) = 314500원 (보수적 하향 보정)
2026-05-29 14:44:24,238 - INFO - [BUY] 주문 요청: 005930, 1주, 314500원
2026-05-29 14:44:24,360 - ERROR - 주문 실패: 모의투자 주문가능금액이 부족합니다.
2026-05-29 14:44:24,360 - INFO - 60초 후 다음 확인을 진행합니다. (현재 상태: BUYING)
2026-05-29 14:45:25,172 - INFO - [005930] 현재가: 317250원
2026-05-29 14:45:30,469 - INFO - 계좌 예수금: 5596148원
2026-05-29 14:45:30,481 - WARNING - 고점 근접 경고 (고점: 317500, 현재가: 317250). 매수 오프셋 일시 강화.
2026-05-29 14:45:30,482 - INFO - 매수 조건 충족: 현재가(317250) - 오프셋(2000+1000) = 314000원 (보수적 하향 보정)
2026-05-29 14:45:30,482 - INFO - [BUY] 주문 요청: 005930, 1주, 314000원
2026-05-29 14:45:30,809 - ERROR - 주문 실패: 모의투자 주문가능금액이 부족합니다.
2026-05-29 14:45:30,811 - INFO - 60초 후 다음 확인을 진행합니다. (현재 상태: BUYING)
2026-05-29 14:46:30,932 - INFO - [005930] 현재가: 318000원
2026-05-29 14:46:35,148 - INFO - 계좌 예수금: 5596148원
2026-05-29 14:46:35,162 - INFO - 매수 조건 충족: 현재가(318000) - 오프셋(2000+0) = 316000원 (보수적 하향 보정)
2026-05-29 14:46:35,162 - INFO - [BUY] 주문 요청: 005930, 1주, 316000원
2026-05-29 14:46:35,264 - ERROR - 주문 실패: 모의투자 주문가능금액이 부족합니다.
2026-05-29 14:46:35,264 - INFO - 60초 후 다음 확인을 진행합니다. (현재 상태: BUYING)
2026-05-29 14:47:35,398 - INFO - [005930] 현재가: 318000원
2026-05-29 14:47:38,241 - INFO - 계좌 예수금: 5596148원
2026-05-29 14:47:38,247 - WARNING - 고점 근접 경고 (고점: 318000, 현재가: 318000). 매수 오프셋 일시 강화.
2026-05-29 14:47:38,247 - INFO - 매수 조건 충족: 현재가(318000) - 오프셋(2000+1000) = 315000원 (보수적 하향 보정)
2026-05-29 14:47:38,247 - INFO - [BUY] 주문 요청: 005930, 1주, 315000원
2026-05-29 14:47:38,375 - ERROR - 주문 실패: 모의투자 주문가능금액이 부족합니다.
2026-05-29 14:47:38,376 - INFO - 60초 후 다음 확인을 진행합니다. (현재 상태: BUYING)
2026-05-29 14:48:41,174 - INFO - [005930] 현재가: 318000원
2026-05-29 14:48:48,546 - INFO - 계좌 예수금: 5596148원
2026-05-29 14:48:48,554 - WARNING - 고점 근접 경고 (고점: 318000, 현재가: 318000). 매수 오프셋 일시 강화.
2026-05-29 14:48:48,554 - INFO - 매수 조건 충족: 현재가(318000) - 오프셋(2000+1000) = 315000원 (보수적 하향 보정)
2026-05-29 14:48:48,554 - INFO - [BUY] 주문 요청: 005930, 1주, 315000원
2026-05-29 14:48:49,089 - ERROR - 주문 실패: 모의투자 주문가능금액이 부족합니다.
2026-05-29 14:48:49,090 - INFO - 60초 후 다음 확인을 진행합니다. (현재 상태: BUYING)
2026-05-29 14:49:49,176 - INFO - [005930] 현재가: 318000원
2026-05-29 14:49:57,450 - INFO - 계좌 예수금: 5596148원
2026-05-29 14:49:57,456 - WARNING - 고점 근접 경고 (고점: 318000, 현재가: 318000). 매수 오프셋 일시 강화.
2026-05-29 14:49:57,456 - INFO - 매수 조건 충족: 현재가(318000) - 오프셋(2000+1000) = 315000원 (보수적 하향 보정)
2026-05-29 14:49:57,456 - INFO - [BUY] 주문 요청: 005930, 1주, 315000원
2026-05-29 14:50:00,397 - ERROR - 주문 실패: 모의투자 주문가능금액이 부족합니다.
2026-05-29 14:50:00,397 - INFO - 60초 후 다음 확인을 진행합니다. (현재 상태: BUYING)
2026-05-29 14:51:02,809 - INFO - [005930] 현재가: 317500원
2026-05-29 14:51:09,943 - INFO - 계좌 예수금: 5596148원
2026-05-29 14:51:09,949 - WARNING - 고점 근접 경고 (고점: 318000, 현재가: 317500). 매수 오프셋 일시 강화.
2026-05-29 14:51:09,949 - INFO - 매수 조건 충족: 현재가(317500) - 오프셋(2000+1000) = 314500원 (보수적 하향 보정)
2026-05-29 14:51:09,949 - INFO - [BUY] 주문 요청: 005930, 1주, 314500원
2026-05-29 14:51:12,311 - ERROR - 주문 실패: 모의투자 주문가능금액이 부족합니다.
2026-05-29 14:51:12,311 - INFO - 60초 후 다음 확인을 진행합니다. (현재 상태: BUYING)
2026-05-29 14:52:16,196 - INFO - [005930] 현재가: 317000원
2026-05-29 14:52:22,136 - INFO - 계좌 예수금: 5596148원
2026-05-29 14:52:22,140 - WARNING - 고점 근접 경고 (고점: 318000, 현재가: 317000). 매수 오프셋 일시 강화.
2026-05-29 14:52:22,141 - INFO - 매수 조건 충족: 현재가(317000) - 오프셋(2000+1000) = 314000원 (보수적 하향 보정)
2026-05-29 14:52:22,141 - INFO - [BUY] 주문 요청: 005930, 1주, 314000원
2026-05-29 14:52:23,407 - ERROR - 주문 실패: 모의투자 주문가능금액이 부족합니다.
2026-05-29 14:52:23,407 - INFO - 60초 후 다음 확인을 진행합니다. (현재 상태: BUYING)
2026-05-29 14:53:23,529 - INFO - [005930] 현재가: 317500원
2026-05-29 14:53:29,772 - INFO - 계좌 예수금: 5596148원
2026-05-29 14:53:29,777 - WARNING - 고점 근접 경고 (고점: 318000, 현재가: 317500). 매수 오프셋 일시 강화.
2026-05-29 14:53:29,777 - INFO - 매수 조건 충족: 현재가(317500) - 오프셋(2000+1000) = 314500원 (보수적 하향 보정)
2026-05-29 14:53:29,778 - INFO - [BUY] 주문 요청: 005930, 1주, 314500원
2026-05-29 14:53:31,720 - ERROR - 주문 실패: 모의투자 주문가능금액이 부족합니다.
2026-05-29 14:53:31,720 - INFO - 60초 후 다음 확인을 진행합니다. (현재 상태: BUYING)
2026-05-29 14:54:31,833 - INFO - [005930] 현재가: 317750원
2026-05-29 14:54:36,684 - INFO - 계좌 예수금: 5596148원
2026-05-29 14:54:36,691 - WARNING - 고점 근접 경고 (고점: 318000, 현재가: 317750). 매수 오프셋 일시 강화.
2026-05-29 14:54:36,691 - INFO - 매수 조건 충족: 현재가(317750) - 오프셋(2000+1000) = 314500원 (보수적 하향 보정)
2026-05-29 14:54:36,691 - INFO - [BUY] 주문 요청: 005930, 1주, 314500원
2026-05-29 14:54:37,216 - ERROR - 주문 실패: 모의투자 주문가능금액이 부족합니다.
2026-05-29 14:54:37,216 - INFO - 60초 후 다음 확인을 진행합니다. (현재 상태: BUYING)
2026-05-29 14:55:39,128 - INFO - [005930] 현재가: 317750원
2026-05-29 14:55:44,482 - INFO - 계좌 예수금: 5596148원
2026-05-29 14:55:44,486 - WARNING - 고점 근접 경고 (고점: 318000, 현재가: 317750). 매수 오프셋 일시 강화.
2026-05-29 14:55:44,487 - INFO - 매수 조건 충족: 현재가(317750) - 오프셋(2000+1000) = 314500원 (보수적 하향 보정)
2026-05-29 14:55:44,487 - INFO - [BUY] 주문 요청: 005930, 1주, 314500원
2026-05-29 14:55:45,094 - ERROR - 주문 실패: 모의투자 주문가능금액이 부족합니다.
2026-05-29 14:55:45,095 - INFO - 60초 후 다음 확인을 진행합니다. (현재 상태: BUYING)
2026-05-29 14:56:48,161 - INFO - [005930] 현재가: 317500원
2026-05-29 14:56:55,525 - INFO - 계좌 예수금: 5596148원
2026-05-29 14:56:55,531 - WARNING - 고점 근접 경고 (고점: 318000, 현재가: 317500). 매수 오프셋 일시 강화.
2026-05-29 14:56:55,532 - INFO - 매수 조건 충족: 현재가(317500) - 오프셋(2000+1000) = 314500원 (보수적 하향 보정)
2026-05-29 14:56:55,532 - INFO - [BUY] 주문 요청: 005930, 1주, 314500원
2026-05-29 14:56:57,402 - ERROR - 주문 실패: 모의투자 주문가능금액이 부족합니다.
2026-05-29 14:56:57,402 - INFO - 60초 후 다음 확인을 진행합니다. (현재 상태: BUYING)
2026-05-29 14:57:57,735 - INFO - [005930] 현재가: 317500원
2026-05-29 14:58:00,118 - INFO - 계좌 예수금: 5596148원
2026-05-29 14:58:00,122 - WARNING - 고점 근접 경고 (고점: 318000, 현재가: 317500). 매수 오프셋 일시 강화.
2026-05-29 14:58:00,122 - INFO - 매수 조건 충족: 현재가(317500) - 오프셋(2000+1000) = 314500원 (보수적 하향 보정)
2026-05-29 14:58:00,122 - INFO - [BUY] 주문 요청: 005930, 1주, 314500원
2026-05-29 14:58:00,328 - ERROR - 주문 실패: 모의투자 주문가능금액이 부족합니다.
2026-05-29 14:58:00,328 - INFO - 60초 후 다음 확인을 진행합니다. (현재 상태: BUYING)
2026-05-29 14:59:00,567 - INFO - [005930] 현재가: 317250원
2026-05-29 14:59:11,040 - INFO - 계좌 예수금: 5596148원
2026-05-29 14:59:11,046 - WARNING - 고점 근접 경고 (고점: 318000, 현재가: 317250). 매수 오프셋 일시 강화.
2026-05-29 14:59:11,046 - INFO - 매수 조건 충족: 현재가(317250) - 오프셋(2000+1000) = 314000원 (보수적 하향 보정)
2026-05-29 14:59:11,046 - INFO - [BUY] 주문 요청: 005930, 1주, 314000원
2026-05-29 14:59:16,610 - ERROR - 주문 실패: 모의투자 주문가능금액이 부족합니다.
2026-05-29 14:59:16,611 - INFO - 60초 후 다음 확인을 진행합니다. (현재 상태: BUYING)
2026-05-29 15:00:21,503 - INFO - [005930] 현재가: 317000원
2026-05-29 15:00:30,698 - INFO - 계좌 예수금: 5596148원
2026-05-29 15:00:30,703 - WARNING - 고점 근접 경고 (고점: 318000, 현재가: 317000). 매수 오프셋 일시 강화.
2026-05-29 15:00:30,704 - INFO - 매수 조건 충족: 현재가(317000) - 오프셋(2000+1000) = 314000원 (보수적 하향 보정)
2026-05-29 15:00:30,704 - INFO - [BUY] 주문 요청: 005930, 1주, 314000원
2026-05-29 15:00:34,347 - ERROR - 주문 실패: 모의투자 주문가능금액이 부족합니다.
2026-05-29 15:00:34,348 - INFO - 60초 후 다음 확인을 진행합니다. (현재 상태: BUYING)
2026-05-29 15:01:34,899 - INFO - [005930] 현재가: 317500원
2026-05-29 15:01:42,135 - INFO - 계좌 예수금: 5596148원
2026-05-29 15:01:42,142 - WARNING - 고점 근접 경고 (고점: 318000, 현재가: 317500). 매수 오프셋 일시 강화.
2026-05-29 15:01:42,142 - INFO - 매수 조건 충족: 현재가(317500) - 오프셋(2000+1000) = 314500원 (보수적 하향 보정)
2026-05-29 15:01:42,142 - INFO - [BUY] 주문 요청: 005930, 1주, 314500원
2026-05-29 15:01:43,569 - ERROR - 주문 실패: 모의투자 주문가능금액이 부족합니다.
2026-05-29 15:01:43,569 - INFO - 60초 후 다음 확인을 진행합니다. (현재 상태: BUYING)
2026-05-29 15:02:43,780 - INFO - [005930] 현재가: 318000원
2026-05-29 15:02:51,080 - INFO - 계좌 예수금: 5596148원
2026-05-29 15:02:51,086 - WARNING - 고점 근접 경고 (고점: 318000, 현재가: 318000). 매수 오프셋 일시 강화.
2026-05-29 15:02:51,086 - INFO - 매수 조건 충족: 현재가(318000) - 오프셋(2000+1000) = 315000원 (보수적 하향 보정)
2026-05-29 15:02:51,086 - INFO - [BUY] 주문 요청: 005930, 1주, 315000원
2026-05-29 15:02:54,068 - ERROR - 주문 실패: 모의투자 주문가능금액이 부족합니다.
2026-05-29 15:02:54,069 - INFO - 60초 후 다음 확인을 진행합니다. (현재 상태: BUYING)
2026-05-29 15:03:54,256 - INFO - [005930] 현재가: 317500원
2026-05-29 15:03:57,783 - INFO - 계좌 예수금: 5596148원
2026-05-29 15:03:57,789 - WARNING - 고점 근접 경고 (고점: 318000, 현재가: 317500). 매수 오프셋 일시 강화.
2026-05-29 15:03:57,790 - INFO - 매수 조건 충족: 현재가(317500) - 오프셋(2000+1000) = 314500원 (보수적 하향 보정)
2026-05-29 15:03:57,790 - INFO - [BUY] 주문 요청: 005930, 1주, 314500원
2026-05-29 15:03:58,468 - ERROR - 주문 실패: 모의투자 주문가능금액이 부족합니다.
2026-05-29 15:03:58,468 - INFO - 60초 후 다음 확인을 진행합니다. (현재 상태: BUYING)
2026-05-29 15:04:59,852 - INFO - [005930] 현재가: 317500원
2026-05-29 15:05:04,959 - INFO - 계좌 예수금: 5596148원
2026-05-29 15:05:04,964 - WARNING - 고점 근접 경고 (고점: 318000, 현재가: 317500). 매수 오프셋 일시 강화.
2026-05-29 15:05:04,964 - INFO - 매수 조건 충족: 현재가(317500) - 오프셋(2000+1000) = 314500원 (보수적 하향 보정)
2026-05-29 15:05:04,964 - INFO - [BUY] 주문 요청: 005930, 1주, 314500원
2026-05-29 15:05:05,319 - ERROR - 주문 실패: 모의투자 주문가능금액이 부족합니다.
2026-05-29 15:05:05,320 - INFO - 60초 후 다음 확인을 진행합니다. (현재 상태: BUYING)
2026-05-29 15:06:06,998 - INFO - [005930] 현재가: 317750원
2026-05-29 15:06:14,610 - INFO - 계좌 예수금: 5596148원
2026-05-29 15:06:14,616 - WARNING - 고점 근접 경고 (고점: 318000, 현재가: 317750). 매수 오프셋 일시 강화.
2026-05-29 15:06:14,617 - INFO - 매수 조건 충족: 현재가(317750) - 오프셋(2000+1000) = 314500원 (보수적 하향 보정)
2026-05-29 15:06:14,617 - INFO - [BUY] 주문 요청: 005930, 1주, 314500원
2026-05-29 15:06:17,204 - ERROR - 주문 실패: 모의투자 주문가능금액이 부족합니다.
2026-05-29 15:06:17,204 - INFO - 60초 후 다음 확인을 진행합니다. (현재 상태: BUYING)
2026-05-29 15:07:20,312 - INFO - [005930] 현재가: 317500원
2026-05-29 15:07:24,059 - INFO - 계좌 예수금: 5596148원
2026-05-29 15:07:24,064 - WARNING - 고점 근접 경고 (고점: 318000, 현재가: 317500). 매수 오프셋 일시 강화.
2026-05-29 15:07:24,064 - INFO - 매수 조건 충족: 현재가(317500) - 오프셋(2000+1000) = 314500원 (보수적 하향 보정)
2026-05-29 15:07:24,064 - INFO - [BUY] 주문 요청: 005930, 1주, 314500원
2026-05-29 15:07:27,338 - ERROR - 주문 실패: 모의투자 주문가능금액이 부족합니다.
2026-05-29 15:07:27,338 - INFO - 60초 후 다음 확인을 진행합니다. (현재 상태: BUYING)
2026-05-29 15:08:27,488 - INFO - [005930] 현재가: 317250원
2026-05-29 15:08:35,253 - INFO - 계좌 예수금: 5596148원
2026-05-29 15:08:35,257 - WARNING - 고점 근접 경고 (고점: 318000, 현재가: 317250). 매수 오프셋 일시 강화.
2026-05-29 15:08:35,258 - INFO - 매수 조건 충족: 현재가(317250) - 오프셋(2000+1000) = 314000원 (보수적 하향 보정)
2026-05-29 15:08:35,258 - INFO - [BUY] 주문 요청: 005930, 1주, 314000원
2026-05-29 15:08:35,364 - ERROR - 주문 실패: 모의투자 주문가능금액이 부족합니다.
2026-05-29 15:08:35,364 - INFO - 60초 후 다음 확인을 진행합니다. (현재 상태: BUYING)
2026-05-29 15:09:35,538 - INFO - [005930] 현재가: 317000원
2026-05-29 15:09:42,497 - INFO - 계좌 예수금: 5596148원
2026-05-29 15:09:42,503 - WARNING - 고점 근접 경고 (고점: 318000, 현재가: 317000). 매수 오프셋 일시 강화.
2026-05-29 15:09:42,503 - INFO - 매수 조건 충족: 현재가(317000) - 오프셋(2000+1000) = 314000원 (보수적 하향 보정)
2026-05-29 15:09:42,503 - INFO - [BUY] 주문 요청: 005930, 1주, 314000원
2026-05-29 15:09:44,822 - ERROR - 주문 실패: 모의투자 주문가능금액이 부족합니다.
2026-05-29 15:09:44,822 - INFO - 60초 후 다음 확인을 진행합니다. (현재 상태: BUYING)
2026-05-29 15:10:46,216 - INFO - [005930] 현재가: 316750원
2026-05-29 15:10:52,982 - INFO - 계좌 예수금: 5596148원
2026-05-29 15:10:52,989 - WARNING - 고점 근접 경고 (고점: 318000, 현재가: 316750). 매수 오프셋 일시 강화.
2026-05-29 15:10:52,989 - INFO - 매수 조건 충족: 현재가(316750) - 오프셋(2000+1000) = 313500원 (보수적 하향 보정)
2026-05-29 15:10:52,989 - INFO - [BUY] 주문 요청: 005930, 1주, 313500원
2026-05-29 15:10:57,636 - ERROR - 주문 실패: 모의투자 주문가능금액이 부족합니다.
2026-05-29 15:10:57,636 - INFO - 60초 후 다음 확인을 진행합니다. (현재 상태: BUYING)
2026-05-29 15:12:12,803 - INFO - [005930] 현재가: 317000원
2026-05-29 15:12:20,265 - INFO - 계좌 예수금: 5596148원
2026-05-29 15:12:20,271 - WARNING - 고점 근접 경고 (고점: 318000, 현재가: 317000). 매수 오프셋 일시 강화.
2026-05-29 15:12:20,271 - INFO - 매수 조건 충족: 현재가(317000) - 오프셋(2000+1000) = 314000원 (보수적 하향 보정)
2026-05-29 15:12:20,271 - INFO - [BUY] 주문 요청: 005930, 1주, 314000원
2026-05-29 15:12:20,443 - ERROR - 주문 실패: 모의투자 주문가능금액이 부족합니다.
2026-05-29 15:12:20,444 - INFO - 60초 후 다음 확인을 진행합니다. (현재 상태: BUYING)
2026-05-29 15:13:22,089 - INFO - [005930] 현재가: 316750원
2026-05-29 15:13:25,918 - INFO - 계좌 예수금: 5596148원
2026-05-29 15:13:25,923 - WARNING - 고점 근접 경고 (고점: 318000, 현재가: 316750). 매수 오프셋 일시 강화.
2026-05-29 15:13:25,923 - INFO - 매수 조건 충족: 현재가(316750) - 오프셋(2000+1000) = 313500원 (보수적 하향 보정)
2026-05-29 15:13:25,923 - INFO - [BUY] 주문 요청: 005930, 1주, 313500원
2026-05-29 15:13:26,905 - ERROR - 주문 실패: 모의투자 주문가능금액이 부족합니다.
2026-05-29 15:13:26,906 - INFO - 60초 후 다음 확인을 진행합니다. (현재 상태: BUYING)
2026-05-29 15:14:28,138 - INFO - [005930] 현재가: 316500원
2026-05-29 15:14:32,301 - INFO - 계좌 예수금: 5596148원
2026-05-29 15:14:32,306 - WARNING - 고점 근접 경고 (고점: 318000, 현재가: 316500). 매수 오프셋 일시 강화.
2026-05-29 15:14:32,306 - INFO - 매수 조건 충족: 현재가(316500) - 오프셋(2000+1000) = 313500원 (보수적 하향 보정)
2026-05-29 15:14:32,306 - INFO - [BUY] 주문 요청: 005930, 1주, 313500원
2026-05-29 15:14:32,440 - ERROR - 주문 실패: 모의투자 주문가능금액이 부족합니다.
2026-05-29 15:14:32,440 - INFO - 60초 후 다음 확인을 진행합니다. (현재 상태: BUYING)
2026-05-29 15:15:35,870 - INFO - [005930] 현재가: 316750원
2026-05-29 15:15:44,391 - INFO - 계좌 예수금: 5596148원
2026-05-29 15:15:44,396 - WARNING - 고점 근접 경고 (고점: 318000, 현재가: 316750). 매수 오프셋 일시 강화.
2026-05-29 15:15:44,396 - INFO - 매수 조건 충족: 현재가(316750) - 오프셋(2000+1000) = 313500원 (보수적 하향 보정)
2026-05-29 15:15:44,396 - INFO - [BUY] 주문 요청: 005930, 1주, 313500원
2026-05-29 15:15:47,305 - ERROR - 주문 실패: 모의투자 주문가능금액이 부족합니다.
2026-05-29 15:15:47,306 - INFO - 60초 후 다음 확인을 진행합니다. (현재 상태: BUYING)
2026-05-29 15:16:47,416 - INFO - [005930] 현재가: 316500원
2026-05-29 15:16:50,123 - INFO - 계좌 예수금: 5596148원
2026-05-29 15:16:50,129 - WARNING - 고점 근접 경고 (고점: 318000, 현재가: 316500). 매수 오프셋 일시 강화.
2026-05-29 15:16:50,129 - INFO - 매수 조건 충족: 현재가(316500) - 오프셋(2000+1000) = 313500원 (보수적 하향 보정)
2026-05-29 15:16:50,130 - INFO - [BUY] 주문 요청: 005930, 1주, 313500원
2026-05-29 15:16:56,048 - ERROR - 주문 실패: 모의투자 주문가능금액이 부족합니다.
2026-05-29 15:16:56,049 - INFO - 60초 후 다음 확인을 진행합니다. (현재 상태: BUYING)
2026-05-29 15:17:56,157 - INFO - [005930] 현재가: 316750원
2026-05-29 15:17:58,523 - INFO - 계좌 예수금: 5596148원
2026-05-29 15:17:58,528 - WARNING - 고점 근접 경고 (고점: 318000, 현재가: 316750). 매수 오프셋 일시 강화.
2026-05-29 15:17:58,528 - INFO - 매수 조건 충족: 현재가(316750) - 오프셋(2000+1000) = 313500원 (보수적 하향 보정)
2026-05-29 15:17:58,529 - INFO - [BUY] 주문 요청: 005930, 1주, 313500원
2026-05-29 15:17:58,823 - ERROR - 주문 실패: 모의투자 주문가능금액이 부족합니다.
2026-05-29 15:17:58,824 - INFO - 60초 후 다음 확인을 진행합니다. (현재 상태: BUYING)
2026-05-29 15:19:02,420 - INFO - [005930] 현재가: 316500원
2026-05-29 15:19:09,966 - INFO - 계좌 예수금: 5596148원
2026-05-29 15:19:09,972 - WARNING - 고점 근접 경고 (고점: 318000, 현재가: 316500). 매수 오프셋 일시 강화.
2026-05-29 15:19:09,972 - INFO - 매수 조건 충족: 현재가(316500) - 오프셋(2000+1000) = 313500원 (보수적 하향 보정)
2026-05-29 15:19:09,972 - INFO - [BUY] 주문 요청: 005930, 1주, 313500원
2026-05-29 15:19:12,860 - ERROR - 주문 실패: 모의투자 주문가능금액이 부족합니다.
2026-05-29 15:19:12,861 - INFO - 60초 후 다음 확인을 진행합니다. (현재 상태: BUYING)
2026-05-29 15:20:14,382 - INFO - [005930] 현재가: 317000원
2026-05-29 15:20:25,493 - ERROR - GET 요청 실패 (VTTC8434R): HTTPSConnectionPool(host='openapivts.koreainvestment.com', port=29443): Read timed out. (read timeout=10)
2026-05-29 15:20:25,493 - ERROR - 잔고 조회 실패
2026-05-29 15:20:25,498 - WARNING - 고점 근접 경고 (고점: 318000, 현재가: 317000). 매수 오프셋 일시 강화.
2026-05-29 15:20:25,498 - WARNING - 예수금 부족으로 매수 불가 (예수금: 0원, 필요: 314000원)
2026-05-29 15:20:25,498 - INFO - 60초 후 다음 확인을 진행합니다. (현재 상태: BUYING)
2026-05-29 15:21:26,736 - INFO - [005930] 현재가: 317000원
2026-05-29 15:21:32,727 - INFO - 계좌 예수금: 5596148원
2026-05-29 15:21:32,731 - WARNING - 고점 근접 경고 (고점: 318000, 현재가: 317000). 매수 오프셋 일시 강화.
2026-05-29 15:21:32,731 - INFO - 매수 조건 충족: 현재가(317000) - 오프셋(2000+1000) = 314000원 (보수적 하향 보정)
2026-05-29 15:21:32,731 - INFO - [BUY] 주문 요청: 005930, 1주, 314000원
2026-05-29 15:21:32,827 - ERROR - 주문 실패: 모의투자 주문가능금액이 부족합니다.
2026-05-29 15:21:32,827 - INFO - 60초 후 다음 확인을 진행합니다. (현재 상태: BUYING)
2026-05-29 15:22:33,369 - INFO - [005930] 현재가: 317000원
2026-05-29 15:22:37,753 - INFO - 계좌 예수금: 5596148원
2026-05-29 15:22:37,760 - WARNING - 고점 근접 경고 (고점: 318000, 현재가: 317000). 매수 오프셋 일시 강화.
2026-05-29 15:22:37,760 - INFO - 매수 조건 충족: 현재가(317000) - 오프셋(2000+1000) = 314000원 (보수적 하향 보정)
2026-05-29 15:22:37,760 - INFO - [BUY] 주문 요청: 005930, 1주, 314000원
2026-05-29 15:22:38,200 - ERROR - 주문 실패: 모의투자 주문가능금액이 부족합니다.
2026-05-29 15:22:38,200 - INFO - 60초 후 다음 확인을 진행합니다. (현재 상태: BUYING)
2026-05-29 15:23:38,309 - INFO - [005930] 현재가: 317000원
2026-05-29 15:23:44,019 - INFO - 계좌 예수금: 5596148원
2026-05-29 15:23:44,025 - WARNING - 고점 근접 경고 (고점: 318000, 현재가: 317000). 매수 오프셋 일시 강화.
2026-05-29 15:23:44,025 - INFO - 매수 조건 충족: 현재가(317000) - 오프셋(2000+1000) = 314000원 (보수적 하향 보정)
2026-05-29 15:23:44,025 - INFO - [BUY] 주문 요청: 005930, 1주, 314000원
2026-05-29 15:23:44,604 - ERROR - 주문 실패: 모의투자 주문가능금액이 부족합니다.
2026-05-29 15:23:44,604 - INFO - 60초 후 다음 확인을 진행합니다. (현재 상태: BUYING)
2026-05-29 15:24:44,695 - INFO - [005930] 현재가: 317000원
2026-05-29 15:24:45,902 - INFO - 계좌 예수금: 5596148원
2026-05-29 15:24:45,908 - WARNING - 고점 근접 경고 (고점: 318000, 현재가: 317000). 매수 오프셋 일시 강화.
2026-05-29 15:24:45,908 - INFO - 매수 조건 충족: 현재가(317000) - 오프셋(2000+1000) = 314000원 (보수적 하향 보정)
2026-05-29 15:24:45,908 - INFO - [BUY] 주문 요청: 005930, 1주, 314000원
2026-05-29 15:24:46,305 - ERROR - 주문 실패: 모의투자 주문가능금액이 부족합니다.
2026-05-29 15:24:46,305 - INFO - 60초 후 다음 확인을 진행합니다. (현재 상태: BUYING)
2026-05-29 15:25:46,421 - INFO - [005930] 현재가: 317000원
2026-05-29 15:25:48,239 - INFO - 계좌 예수금: 5596148원
2026-05-29 15:25:48,246 - WARNING - 고점 근접 경고 (고점: 318000, 현재가: 317000). 매수 오프셋 일시 강화.
2026-05-29 15:25:48,246 - INFO - 매수 조건 충족: 현재가(317000) - 오프셋(2000+1000) = 314000원 (보수적 하향 보정)
2026-05-29 15:25:48,246 - INFO - [BUY] 주문 요청: 005930, 1주, 314000원
2026-05-29 15:25:48,386 - ERROR - 주문 실패: 모의투자 주문가능금액이 부족합니다.
2026-05-29 15:25:48,387 - INFO - 60초 후 다음 확인을 진행합니다. (현재 상태: BUYING)
2026-05-29 15:26:49,359 - INFO - [005930] 현재가: 317000원
2026-05-29 15:26:54,355 - INFO - 계좌 예수금: 5596148원
2026-05-29 15:26:54,360 - WARNING - 고점 근접 경고 (고점: 318000, 현재가: 317000). 매수 오프셋 일시 강화.
2026-05-29 15:26:54,360 - INFO - 매수 조건 충족: 현재가(317000) - 오프셋(2000+1000) = 314000원 (보수적 하향 보정)
2026-05-29 15:26:54,361 - INFO - [BUY] 주문 요청: 005930, 1주, 314000원
2026-05-29 15:26:54,565 - ERROR - 주문 실패: 모의투자 주문가능금액이 부족합니다.
2026-05-29 15:26:54,565 - INFO - 60초 후 다음 확인을 진행합니다. (현재 상태: BUYING)
2026-05-29 15:27:54,694 - INFO - [005930] 현재가: 317000원
2026-05-29 15:27:55,916 - INFO - 계좌 예수금: 5596148원
2026-05-29 15:27:55,920 - WARNING - 고점 근접 경고 (고점: 318000, 현재가: 317000). 매수 오프셋 일시 강화.
2026-05-29 15:27:55,921 - INFO - 매수 조건 충족: 현재가(317000) - 오프셋(2000+1000) = 314000원 (보수적 하향 보정)
2026-05-29 15:27:55,921 - INFO - [BUY] 주문 요청: 005930, 1주, 314000원
2026-05-29 15:27:56,346 - ERROR - 주문 실패: 모의투자 주문가능금액이 부족합니다.
2026-05-29 15:27:56,346 - INFO - 60초 후 다음 확인을 진행합니다. (현재 상태: BUYING)
2026-05-29 15:28:59,543 - INFO - [005930] 현재가: 317000원
2026-05-29 15:29:00,882 - INFO - 계좌 예수금: 5596148원
2026-05-29 15:29:00,917 - WARNING - 고점 근접 경고 (고점: 318000, 현재가: 317000). 매수 오프셋 일시 강화.
2026-05-29 15:29:00,920 - INFO - 매수 조건 충족: 현재가(317000) - 오프셋(2000+1000) = 314000원 (보수적 하향 보정)
2026-05-29 15:29:00,921 - INFO - [BUY] 주문 요청: 005930, 1주, 314000원
2026-05-29 15:29:03,102 - ERROR - 주문 실패: 모의투자 주문가능금액이 부족합니다.
2026-05-29 15:29:03,102 - INFO - 60초 후 다음 확인을 진행합니다. (현재 상태: BUYING)
2026-05-29 15:30:03,103 - INFO - 현재 시간 15:30:03, 장 종료 시간이 지났습니다. 프로그램을 종료합니다.
2026-05-29 15:30:03,109 - INFO - 프로그램을 종료합니다.
