2026-05-28 09:22:10,931 - INFO - 새로운 접근 토큰을 발급받습니다...
2026-05-28 09:22:12,893 - INFO - 새로운 토큰이 발급 및 저장되었습니다. 만료 시간: 2026-05-29 09:22:11
2026-05-28 09:22:12,901 - INFO - 삼성전자 자동매매 프로그램을 시작합니다.
2026-05-28 09:22:12,930 - INFO - 이전 상태 로드 완료: IDLE (목표가: 319000원)
2026-05-28 09:22:13,036 - INFO - [005930] 현재가: 302250원
2026-05-28 09:24:45,917 - INFO - 기존 유효한 토큰을 캐시에서 로드했습니다.
2026-05-28 09:24:45,918 - INFO - 삼성전자 자동매매 프로그램을 시작합니다.
2026-05-28 09:24:45,920 - INFO - 이전 상태 로드 완료: IDLE (목표가: 319000원)
2026-05-28 09:24:46,139 - INFO - [005930] 현재가: 304000원
2026-05-28 09:24:50,285 - INFO - 계좌 예수금: 9699460원
2026-05-28 09:24:50,286 - INFO - [005930] 보유: 14주, 매도 가능: 14주, 평단가: 0원
2026-05-28 09:24:50,286 - INFO - 매도 조건 충족: 평단가(0), 현재가(304,000) -> 목표가(306,000원)
2026-05-28 09:24:50,287 - INFO - [SELL] 주문 요청: 005930, 14주, 306000원
2026-05-28 09:24:50,477 - INFO - 주문 성공! 주문번호: 0000007222
2026-05-28 09:24:50,501 - INFO - 60초 후 다음 확인을 진행합니다. (현재 상태: SELLING)
2026-05-28 09:25:51,645 - INFO - [005930] 현재가: 304000원
2026-05-28 09:25:53,983 - INFO - 계좌 예수금: 9699460원
2026-05-28 09:25:53,984 - INFO - [005930] 보유: 14주, 매도 가능: 0주, 평단가: 0원
2026-05-28 09:25:53,985 - INFO - 이미 모든 보유 수량에 대해 매도 주문(0000007222)이 진행 중입니다.
2026-05-28 09:25:53,986 - INFO - 60초 후 다음 확인을 진행합니다. (현재 상태: SELLING)
2026-05-28 09:26:54,399 - INFO - [005930] 현재가: 304500원
2026-05-28 09:26:58,903 - INFO - 계좌 예수금: 9699460원
2026-05-28 09:26:58,904 - INFO - [005930] 보유: 14주, 매도 가능: 0주, 평단가: 0원
2026-05-28 09:26:58,905 - INFO - 이미 모든 보유 수량에 대해 매도 주문(0000007222)이 진행 중입니다.
2026-05-28 09:26:58,905 - INFO - 60초 후 다음 확인을 진행합니다. (현재 상태: SELLING)
2026-05-28 09:27:59,009 - INFO - [005930] 현재가: 303000원
2026-05-28 09:28:00,392 - INFO - 계좌 예수금: 9699460원
2026-05-28 09:28:00,393 - INFO - [005930] 보유: 14주, 매도 가능: 0주, 평단가: 0원
2026-05-28 09:28:00,393 - INFO - 이미 모든 보유 수량에 대해 매도 주문(0000007222)이 진행 중입니다.
2026-05-28 09:28:00,394 - INFO - 60초 후 다음 확인을 진행합니다. (현재 상태: SELLING)
2026-05-28 09:29:00,521 - INFO - [005930] 현재가: 302500원
2026-05-28 09:29:04,659 - INFO - 계좌 예수금: 9699460원
2026-05-28 09:29:04,660 - INFO - [005930] 보유: 14주, 매도 가능: 0주, 평단가: 0원
2026-05-28 09:29:04,661 - INFO - 이미 모든 보유 수량에 대해 매도 주문(0000007222)이 진행 중입니다.
2026-05-28 09:29:04,662 - INFO - 60초 후 다음 확인을 진행합니다. (현재 상태: SELLING)
2026-05-28 09:30:07,741 - INFO - [005930] 현재가: 302500원
2026-05-28 09:30:16,140 - INFO - 계좌 예수금: 9699460원
2026-05-28 09:30:16,140 - INFO - [005930] 보유: 14주, 매도 가능: 0주, 평단가: 0원
2026-05-28 09:30:16,141 - INFO - 이미 모든 보유 수량에 대해 매도 주문(0000007222)이 진행 중입니다.
2026-05-28 09:30:16,142 - INFO - 60초 후 다음 확인을 진행합니다. (현재 상태: SELLING)
2026-05-28 09:31:18,220 - INFO - [005930] 현재가: 302000원
2026-05-28 09:31:22,701 - INFO - 계좌 예수금: 9699460원
2026-05-28 09:31:22,703 - INFO - [005930] 보유: 14주, 매도 가능: 0주, 평단가: 0원
2026-05-28 09:31:22,704 - INFO - 이미 모든 보유 수량에 대해 매도 주문(0000007222)이 진행 중입니다.
2026-05-28 09:31:22,704 - INFO - 60초 후 다음 확인을 진행합니다. (현재 상태: SELLING)
2026-05-28 09:32:24,720 - INFO - [005930] 현재가: 301500원
2026-05-28 09:32:25,884 - INFO - 계좌 예수금: 9699460원
2026-05-28 09:32:25,884 - INFO - [005930] 보유: 14주, 매도 가능: 0주, 평단가: 0원
2026-05-28 09:32:25,885 - INFO - 이미 모든 보유 수량에 대해 매도 주문(0000007222)이 진행 중입니다.
2026-05-28 09:32:25,885 - INFO - 60초 후 다음 확인을 진행합니다. (현재 상태: SELLING)
2026-05-28 09:33:27,125 - INFO - [005930] 현재가: 302000원
2026-05-28 09:33:32,961 - INFO - 계좌 예수금: 9699460원
2026-05-28 09:33:32,962 - INFO - [005930] 보유: 14주, 매도 가능: 0주, 평단가: 0원
2026-05-28 09:33:32,963 - INFO - 이미 모든 보유 수량에 대해 매도 주문(0000007222)이 진행 중입니다.
2026-05-28 09:33:32,963 - INFO - 60초 후 다음 확인을 진행합니다. (현재 상태: SELLING)
2026-05-28 09:34:34,917 - INFO - [005930] 현재가: 302000원
2026-05-28 09:34:37,170 - INFO - 계좌 예수금: 9699460원
2026-05-28 09:34:37,171 - INFO - [005930] 보유: 14주, 매도 가능: 0주, 평단가: 0원
2026-05-28 09:34:37,172 - INFO - 이미 모든 보유 수량에 대해 매도 주문(0000007222)이 진행 중입니다.
2026-05-28 09:34:37,172 - INFO - 60초 후 다음 확인을 진행합니다. (현재 상태: SELLING)
2026-05-28 09:35:37,284 - INFO - [005930] 현재가: 301500원
2026-05-28 09:35:43,528 - INFO - 계좌 예수금: 9699460원
2026-05-28 09:35:43,529 - INFO - [005930] 보유: 14주, 매도 가능: 0주, 평단가: 0원
2026-05-28 09:35:43,530 - INFO - 이미 모든 보유 수량에 대해 매도 주문(0000007222)이 진행 중입니다.
2026-05-28 09:35:43,530 - INFO - 60초 후 다음 확인을 진행합니다. (현재 상태: SELLING)
2026-05-28 09:36:43,682 - INFO - [005930] 현재가: 301750원
2026-05-28 09:36:47,947 - INFO - 계좌 예수금: 9699460원
2026-05-28 09:36:47,948 - INFO - [005930] 보유: 14주, 매도 가능: 0주, 평단가: 0원
2026-05-28 09:36:47,948 - INFO - 이미 모든 보유 수량에 대해 매도 주문(0000007222)이 진행 중입니다.
2026-05-28 09:36:47,948 - INFO - 60초 후 다음 확인을 진행합니다. (현재 상태: SELLING)
2026-05-28 09:37:48,049 - INFO - [005930] 현재가: 301750원
2026-05-28 09:37:52,252 - INFO - 계좌 예수금: 9699460원
2026-05-28 09:37:52,253 - INFO - [005930] 보유: 14주, 매도 가능: 0주, 평단가: 0원
2026-05-28 09:37:52,254 - INFO - 이미 모든 보유 수량에 대해 매도 주문(0000007222)이 진행 중입니다.
2026-05-28 09:37:52,255 - INFO - 60초 후 다음 확인을 진행합니다. (현재 상태: SELLING)
2026-05-28 09:38:52,488 - INFO - [005930] 현재가: 302250원
2026-05-28 09:38:57,382 - INFO - 계좌 예수금: 9699460원
2026-05-28 09:38:57,383 - INFO - [005930] 보유: 14주, 매도 가능: 0주, 평단가: 0원
2026-05-28 09:38:57,384 - INFO - 이미 모든 보유 수량에 대해 매도 주문(0000007222)이 진행 중입니다.
2026-05-28 09:38:57,384 - INFO - 60초 후 다음 확인을 진행합니다. (현재 상태: SELLING)
2026-05-28 09:39:58,520 - INFO - [005930] 현재가: 303500원
2026-05-28 09:40:04,254 - INFO - 계좌 예수금: 9699460원
2026-05-28 09:40:04,254 - INFO - [005930] 보유: 14주, 매도 가능: 0주, 평단가: 0원
2026-05-28 09:40:04,255 - INFO - 이미 모든 보유 수량에 대해 매도 주문(0000007222)이 진행 중입니다.
2026-05-28 09:40:04,255 - INFO - 60초 후 다음 확인을 진행합니다. (현재 상태: SELLING)
2026-05-28 09:41:04,369 - INFO - [005930] 현재가: 304000원
2026-05-28 09:41:06,517 - INFO - 계좌 예수금: 9699460원
2026-05-28 09:41:06,518 - INFO - [005930] 보유: 14주, 매도 가능: 0주, 평단가: 0원
2026-05-28 09:41:06,518 - INFO - 이미 모든 보유 수량에 대해 매도 주문(0000007222)이 진행 중입니다.
2026-05-28 09:41:06,519 - INFO - 60초 후 다음 확인을 진행합니다. (현재 상태: SELLING)
2026-05-28 09:42:07,551 - INFO - [005930] 현재가: 304000원
2026-05-28 09:42:13,592 - INFO - 계좌 예수금: 9699460원
2026-05-28 09:42:13,593 - INFO - [005930] 보유: 14주, 매도 가능: 0주, 평단가: 0원
2026-05-28 09:42:13,593 - INFO - 이미 모든 보유 수량에 대해 매도 주문(0000007222)이 진행 중입니다.
2026-05-28 09:42:13,594 - INFO - 60초 후 다음 확인을 진행합니다. (현재 상태: SELLING)
2026-05-28 09:43:13,725 - INFO - [005930] 현재가: 305000원
2026-05-28 09:43:19,133 - INFO - 계좌 예수금: 9699460원
2026-05-28 09:43:19,134 - INFO - [005930] 보유: 14주, 매도 가능: 0주, 평단가: 0원
2026-05-28 09:43:19,135 - INFO - 이미 모든 보유 수량에 대해 매도 주문(0000007222)이 진행 중입니다.
2026-05-28 09:43:19,135 - INFO - 60초 후 다음 확인을 진행합니다. (현재 상태: SELLING)
2026-05-28 09:44:19,295 - INFO - [005930] 현재가: 305750원
2026-05-28 09:44:24,263 - INFO - 계좌 예수금: 9699460원
2026-05-28 09:44:24,264 - INFO - 보유 수량 없음 확인: 상태를 IDLE로 전환합니다.
2026-05-28 09:44:24,304 - INFO - 매수 조건 충족: 현재가(305750) - 2000 = 303750원
2026-05-28 09:44:24,304 - INFO - [BUY] 주문 요청: 005930, 1주, 303750원
2026-05-28 09:44:24,454 - ERROR - 주문 실패: 모의투자 주문처리가 안되었습니다(호가단위 오류)
2026-05-28 09:44:24,455 - INFO - 60초 후 다음 확인을 진행합니다. (현재 상태: IDLE)
2026-05-28 09:45:24,783 - INFO - [005930] 현재가: 305500원
2026-05-28 09:45:30,211 - INFO - 계좌 예수금: 9699460원
2026-05-28 09:45:30,212 - INFO - 매수 조건 충족: 현재가(305500) - 2000 = 303500원
2026-05-28 09:45:30,212 - INFO - [BUY] 주문 요청: 005930, 1주, 303500원
2026-05-28 09:45:30,724 - INFO - 주문 성공! 주문번호: 0000010522
2026-05-28 09:45:30,744 - INFO - 60초 후 다음 확인을 진행합니다. (현재 상태: BUYING)
2026-05-28 09:46:30,841 - INFO - [005930] 현재가: 305750원
2026-05-28 09:46:35,034 - INFO - 계좌 예수금: 9699460원
2026-05-28 09:46:35,036 - INFO - 매수 조건 충족: 현재가(305750) - 2000 = 303750원
2026-05-28 09:46:35,037 - INFO - [BUY] 주문 요청: 005930, 1주, 303750원
2026-05-28 09:46:35,212 - ERROR - 주문 실패: 모의투자 주문처리가 안되었습니다(호가단위 오류)
2026-05-28 09:46:35,213 - INFO - 60초 후 다음 확인을 진행합니다. (현재 상태: BUYING)
2026-05-28 09:47:36,679 - INFO - [005930] 현재가: 306000원
2026-05-28 09:47:39,652 - INFO - 계좌 예수금: 9699460원
2026-05-28 09:47:39,653 - INFO - 매수 조건 충족: 현재가(306000) - 2000 = 304000원
2026-05-28 09:47:39,653 - INFO - [BUY] 주문 요청: 005930, 1주, 304000원
2026-05-28 09:47:40,676 - INFO - 주문 성공! 주문번호: 0000010823
2026-05-28 09:47:40,697 - INFO - 60초 후 다음 확인을 진행합니다. (현재 상태: BUYING)
2026-05-28 09:48:40,788 - INFO - [005930] 현재가: 305250원
2026-05-28 09:48:44,771 - INFO - 계좌 예수금: 9699460원
2026-05-28 09:48:44,772 - INFO - 매수 조건 충족: 현재가(305250) - 2000 = 303250원
2026-05-28 09:48:44,773 - INFO - [BUY] 주문 요청: 005930, 1주, 303250원
2026-05-28 09:48:45,193 - ERROR - 주문 실패: 모의투자 주문처리가 안되었습니다(호가단위 오류)
2026-05-28 09:48:45,193 - INFO - 60초 후 다음 확인을 진행합니다. (현재 상태: BUYING)
2026-05-28 09:49:45,293 - INFO - [005930] 현재가: 305000원
2026-05-28 09:49:46,431 - INFO - 계좌 예수금: 9699460원
2026-05-28 09:49:46,432 - INFO - 매수 조건 충족: 현재가(305000) - 2000 = 303000원
2026-05-28 09:49:46,433 - INFO - [BUY] 주문 요청: 005930, 1주, 303000원
2026-05-28 09:49:46,899 - ERROR - POST 요청 실패 (VTTC0012U): 500 Server Error: Internal Server Error for url: https://openapivts.koreainvestment.com:29443/uapi/domestic-stock/v1/trading/order-cash
2026-05-28 09:49:46,900 - ERROR - 상세 에러: {"rt_cd":"1","msg1":"초당 거래건수를 초과하였습니다.","msg_cd":"EGW00201","message":"EGW00201"}
2026-05-28 09:49:46,903 - ERROR - 주문 실패: 응답 없음
2026-05-28 09:49:46,904 - INFO - 60초 후 다음 확인을 진행합니다. (현재 상태: BUYING)
2026-05-28 09:50:47,016 - INFO - [005930] 현재가: 305500원
2026-05-28 09:50:49,104 - INFO - 계좌 예수금: 9699460원
2026-05-28 09:50:49,105 - INFO - 매수 조건 충족: 현재가(305500) - 2000 = 303500원
2026-05-28 09:50:49,106 - INFO - [BUY] 주문 요청: 005930, 1주, 303500원
2026-05-28 09:50:49,236 - INFO - 주문 성공! 주문번호: 0000011263
2026-05-28 09:50:49,257 - INFO - 60초 후 다음 확인을 진행합니다. (현재 상태: BUYING)
2026-05-28 09:51:50,751 - INFO - [005930] 현재가: 306000원
2026-05-28 09:51:53,005 - INFO - 계좌 예수금: 9699460원
2026-05-28 09:51:53,006 - INFO - 매수 조건 충족: 현재가(306000) - 2000 = 304000원
2026-05-28 09:51:53,006 - INFO - [BUY] 주문 요청: 005930, 1주, 304000원
2026-05-28 09:51:53,146 - INFO - 주문 성공! 주문번호: 0000011401
2026-05-28 09:51:53,168 - INFO - 60초 후 다음 확인을 진행합니다. (현재 상태: BUYING)
2026-05-28 09:52:53,281 - INFO - [005930] 현재가: 306000원
2026-05-28 09:52:54,653 - INFO - 계좌 예수금: 9699460원
2026-05-28 09:52:54,654 - INFO - 매수 조건 충족: 현재가(306000) - 2000 = 304000원
2026-05-28 09:52:54,655 - INFO - [BUY] 주문 요청: 005930, 1주, 304000원
2026-05-28 09:52:56,189 - INFO - 주문 성공! 주문번호: 0000011514
2026-05-28 09:52:56,213 - INFO - 60초 후 다음 확인을 진행합니다. (현재 상태: BUYING)
2026-05-28 09:53:57,735 - INFO - [005930] 현재가: 305500원
2026-05-28 09:54:04,186 - INFO - 계좌 예수금: 9699460원
2026-05-28 09:54:04,186 - INFO - 매수 조건 충족: 현재가(305500) - 2000 = 303500원
2026-05-28 09:54:04,187 - INFO - [BUY] 주문 요청: 005930, 1주, 303500원
2026-05-28 09:54:06,950 - INFO - 주문 성공! 주문번호: 0000011638
2026-05-28 09:54:06,973 - INFO - 60초 후 다음 확인을 진행합니다. (현재 상태: BUYING)
2026-05-28 09:55:07,883 - INFO - [005930] 현재가: 304500원
2026-05-28 09:55:13,515 - INFO - 계좌 예수금: 9699460원
2026-05-28 09:55:13,516 - INFO - [005930] 보유: 3주, 매도 가능: 3주, 평단가: 0원
2026-05-28 09:55:13,516 - INFO - 매도 조건 충족: 평단가(0), 현재가(304,500) -> 목표가(306,500원)
2026-05-28 09:55:13,517 - INFO - [SELL] 주문 요청: 005930, 3주, 306500원
2026-05-28 09:55:15,359 - INFO - 주문 성공! 주문번호: 0000011738
2026-05-28 09:55:15,385 - INFO - 60초 후 다음 확인을 진행합니다. (현재 상태: SELLING)
2026-05-28 09:56:15,495 - INFO - [005930] 현재가: 305500원
2026-05-28 09:56:22,435 - INFO - 계좌 예수금: 9699460원
2026-05-28 09:56:22,435 - INFO - [005930] 보유: 3주, 매도 가능: 0주, 평단가: 0원
2026-05-28 09:56:22,436 - INFO - 이미 모든 보유 수량에 대해 매도 주문(0000011738)이 진행 중입니다.
2026-05-28 09:56:22,437 - INFO - 60초 후 다음 확인을 진행합니다. (현재 상태: SELLING)
2026-05-28 09:57:22,546 - INFO - [005930] 현재가: 306000원
2026-05-28 09:57:29,304 - INFO - 계좌 예수금: 9699460원
2026-05-28 09:57:29,305 - INFO - 보유 수량 없음 확인: 상태를 IDLE로 전환합니다.
2026-05-28 09:57:29,327 - INFO - 매수 조건 충족: 현재가(306000) - 2000 = 304000원
2026-05-28 09:57:29,328 - INFO - [BUY] 주문 요청: 005930, 1주, 304000원
2026-05-28 09:57:29,462 - INFO - 주문 성공! 주문번호: 0000011935
2026-05-28 09:57:29,481 - INFO - 60초 후 다음 확인을 진행합니다. (현재 상태: BUYING)
2026-05-28 09:58:31,461 - INFO - [005930] 현재가: 306000원
2026-05-28 09:58:33,924 - INFO - 계좌 예수금: 9699460원
2026-05-28 09:58:33,924 - INFO - 매수 조건 충족: 현재가(306000) - 2000 = 304000원
2026-05-28 09:58:33,925 - INFO - [BUY] 주문 요청: 005930, 1주, 304000원
2026-05-28 09:58:35,971 - INFO - 주문 성공! 주문번호: 0000012021
2026-05-28 09:58:35,992 - INFO - 60초 후 다음 확인을 진행합니다. (현재 상태: BUYING)
2026-05-28 09:59:37,517 - INFO - [005930] 현재가: 306000원
2026-05-28 09:59:43,662 - INFO - 계좌 예수금: 9699460원
2026-05-28 09:59:43,662 - INFO - 매수 조건 충족: 현재가(306000) - 2000 = 304000원
2026-05-28 09:59:43,663 - INFO - [BUY] 주문 요청: 005930, 1주, 304000원
2026-05-28 09:59:43,783 - INFO - 주문 성공! 주문번호: 0000012114
2026-05-28 09:59:43,814 - INFO - 60초 후 다음 확인을 진행합니다. (현재 상태: BUYING)
2026-05-28 10:00:46,129 - INFO - [005930] 현재가: 305000원
2026-05-28 10:00:51,353 - INFO - 계좌 예수금: 9699460원
2026-05-28 10:00:51,354 - INFO - 매수 조건 충족: 현재가(305000) - 2000 = 303000원
2026-05-28 10:00:51,354 - INFO - [BUY] 주문 요청: 005930, 1주, 303000원
2026-05-28 10:00:52,888 - INFO - 주문 성공! 주문번호: 0000012270
2026-05-28 10:00:52,909 - INFO - 60초 후 다음 확인을 진행합니다. (현재 상태: BUYING)
2026-05-28 10:01:53,615 - INFO - [005930] 현재가: 305000원
2026-05-28 10:01:58,471 - INFO - 계좌 예수금: 9699460원
2026-05-28 10:01:58,472 - INFO - 매수 조건 충족: 현재가(305000) - 2000 = 303000원
2026-05-28 10:01:58,473 - INFO - [BUY] 주문 요청: 005930, 1주, 303000원
2026-05-28 10:01:58,738 - INFO - 주문 성공! 주문번호: 0000012436
2026-05-28 10:01:58,761 - INFO - 60초 후 다음 확인을 진행합니다. (현재 상태: BUYING)
2026-05-28 10:02:58,884 - INFO - [005930] 현재가: 304000원
2026-05-28 10:03:04,069 - INFO - 계좌 예수금: 9699460원
2026-05-28 10:03:04,070 - INFO - [005930] 보유: 3주, 매도 가능: 3주, 평단가: 0원
2026-05-28 10:03:04,071 - INFO - 매도 조건 충족: 평단가(0), 현재가(304,000) -> 목표가(306,000원)
2026-05-28 10:03:04,071 - INFO - [SELL] 주문 요청: 005930, 3주, 306000원
2026-05-28 10:03:05,913 - INFO - 주문 성공! 주문번호: 0000012592
2026-05-28 10:03:05,937 - INFO - 60초 후 다음 확인을 진행합니다. (현재 상태: SELLING)
2026-05-28 10:04:07,664 - INFO - [005930] 현재가: 303750원
2026-05-28 10:04:14,083 - INFO - 계좌 예수금: 9699460원
2026-05-28 10:04:14,084 - INFO - [005930] 보유: 8주, 매도 가능: 5주, 평단가: 0원
2026-05-28 10:04:14,085 - INFO - 매도 조건 충족: 평단가(0), 현재가(303,750) -> 목표가(305,750원)
2026-05-28 10:04:14,086 - INFO - [SELL] 주문 요청: 005930, 5주, 305750원
2026-05-28 10:04:16,681 - ERROR - 주문 실패: 모의투자 주문처리가 안되었습니다(호가단위 오류)
2026-05-28 10:04:16,682 - INFO - 60초 후 다음 확인을 진행합니다. (현재 상태: SELLING)
2026-05-28 10:05:16,788 - INFO - [005930] 현재가: 303500원
2026-05-28 10:05:24,059 - INFO - 계좌 예수금: 9699460원
2026-05-28 10:05:24,059 - INFO - [005930] 보유: 8주, 매도 가능: 5주, 평단가: 0원
2026-05-28 10:05:24,060 - INFO - 매도 조건 충족: 평단가(0), 현재가(303,500) -> 목표가(305,500원)
2026-05-28 10:05:24,060 - INFO - [SELL] 주문 요청: 005930, 5주, 305500원
2026-05-28 10:05:24,231 - INFO - 주문 성공! 주문번호: 0000012862
2026-05-28 10:05:24,255 - INFO - 60초 후 다음 확인을 진행합니다. (현재 상태: SELLING)
2026-05-28 10:06:25,810 - INFO - [005930] 현재가: 303000원
2026-05-28 10:06:32,059 - INFO - 계좌 예수금: 9699460원
2026-05-28 10:06:32,060 - INFO - [005930] 보유: 8주, 매도 가능: 0주, 평단가: 0원
2026-05-28 10:06:32,061 - INFO - 이미 모든 보유 수량에 대해 매도 주문(0000012862)이 진행 중입니다.
2026-05-28 10:06:32,061 - INFO - 60초 후 다음 확인을 진행합니다. (현재 상태: SELLING)
2026-05-28 10:07:32,168 - INFO - [005930] 현재가: 304000원
2026-05-28 10:07:38,107 - INFO - 계좌 예수금: 9699460원
2026-05-28 10:07:38,109 - INFO - [005930] 보유: 8주, 매도 가능: 0주, 평단가: 0원
2026-05-28 10:07:38,109 - INFO - 이미 모든 보유 수량에 대해 매도 주문(0000012862)이 진행 중입니다.
2026-05-28 10:07:38,110 - INFO - 60초 후 다음 확인을 진행합니다. (현재 상태: SELLING)
2026-05-28 10:08:38,220 - INFO - [005930] 현재가: 304000원
2026-05-28 10:08:43,830 - INFO - 계좌 예수금: 9699460원
2026-05-28 10:08:43,830 - INFO - [005930] 보유: 8주, 매도 가능: 0주, 평단가: 0원
2026-05-28 10:08:43,831 - INFO - 이미 모든 보유 수량에 대해 매도 주문(0000012862)이 진행 중입니다.
2026-05-28 10:08:43,831 - INFO - 60초 후 다음 확인을 진행합니다. (현재 상태: SELLING)
2026-05-28 10:09:43,936 - INFO - [005930] 현재가: 303750원
2026-05-28 10:09:46,422 - INFO - 계좌 예수금: 9699460원
2026-05-28 10:09:46,423 - INFO - [005930] 보유: 8주, 매도 가능: 0주, 평단가: 0원
2026-05-28 10:09:46,423 - INFO - 이미 모든 보유 수량에 대해 매도 주문(0000012862)이 진행 중입니다.
2026-05-28 10:09:46,424 - INFO - 60초 후 다음 확인을 진행합니다. (현재 상태: SELLING)
2026-05-28 10:10:49,710 - INFO - [005930] 현재가: 304000원
2026-05-28 10:10:53,602 - INFO - 계좌 예수금: 9699460원
2026-05-28 10:10:53,603 - INFO - [005930] 보유: 8주, 매도 가능: 0주, 평단가: 0원
2026-05-28 10:10:53,603 - INFO - 이미 모든 보유 수량에 대해 매도 주문(0000012862)이 진행 중입니다.
2026-05-28 10:10:53,604 - INFO - 60초 후 다음 확인을 진행합니다. (현재 상태: SELLING)
2026-05-28 10:11:54,328 - INFO - [005930] 현재가: 304000원
2026-05-28 10:11:58,194 - INFO - 계좌 예수금: 9699460원
2026-05-28 10:11:58,195 - INFO - [005930] 보유: 8주, 매도 가능: 0주, 평단가: 0원
2026-05-28 10:11:58,195 - INFO - 이미 모든 보유 수량에 대해 매도 주문(0000012862)이 진행 중입니다.
2026-05-28 10:11:58,196 - INFO - 60초 후 다음 확인을 진행합니다. (현재 상태: SELLING)
2026-05-28 10:12:59,683 - INFO - [005930] 현재가: 303750원
2026-05-28 10:13:05,704 - INFO - 계좌 예수금: 9699460원
2026-05-28 10:13:05,705 - INFO - [005930] 보유: 8주, 매도 가능: 0주, 평단가: 0원
2026-05-28 10:13:05,706 - INFO - 이미 모든 보유 수량에 대해 매도 주문(0000012862)이 진행 중입니다.
2026-05-28 10:13:05,706 - INFO - 60초 후 다음 확인을 진행합니다. (현재 상태: SELLING)
2026-05-28 10:14:06,124 - INFO - [005930] 현재가: 304000원
2026-05-28 10:14:12,063 - INFO - 계좌 예수금: 9699460원
2026-05-28 10:14:12,064 - INFO - [005930] 보유: 8주, 매도 가능: 0주, 평단가: 0원
2026-05-28 10:14:12,064 - INFO - 이미 모든 보유 수량에 대해 매도 주문(0000012862)이 진행 중입니다.
2026-05-28 10:14:12,065 - INFO - 60초 후 다음 확인을 진행합니다. (현재 상태: SELLING)
2026-05-28 10:15:14,940 - INFO - [005930] 현재가: 304500원
2026-05-28 10:15:21,523 - INFO - 계좌 예수금: 9699460원
2026-05-28 10:15:21,524 - INFO - [005930] 보유: 8주, 매도 가능: 0주, 평단가: 0원
2026-05-28 10:15:21,524 - INFO - 이미 모든 보유 수량에 대해 매도 주문(0000012862)이 진행 중입니다.
2026-05-28 10:15:21,525 - INFO - 60초 후 다음 확인을 진행합니다. (현재 상태: SELLING)
2026-05-28 10:16:22,119 - INFO - [005930] 현재가: 304750원
2026-05-28 10:16:27,668 - INFO - 계좌 예수금: 9699460원
2026-05-28 10:16:27,669 - INFO - [005930] 보유: 6주, 매도 가능: 0주, 평단가: 0원
2026-05-28 10:16:27,670 - INFO - 이미 모든 보유 수량에 대해 매도 주문(0000012862)이 진행 중입니다.
2026-05-28 10:16:27,670 - INFO - 60초 후 다음 확인을 진행합니다. (현재 상태: SELLING)
2026-05-28 10:17:28,169 - INFO - [005930] 현재가: 304500원
2026-05-28 10:17:32,063 - INFO - 계좌 예수금: 9699460원
2026-05-28 10:17:32,064 - INFO - [005930] 보유: 6주, 매도 가능: 0주, 평단가: 0원
2026-05-28 10:17:32,065 - INFO - 이미 모든 보유 수량에 대해 매도 주문(0000012862)이 진행 중입니다.
2026-05-28 10:17:32,065 - INFO - 60초 후 다음 확인을 진행합니다. (현재 상태: SELLING)
2026-05-28 10:18:32,182 - INFO - [005930] 현재가: 304500원
2026-05-28 10:18:37,601 - INFO - 계좌 예수금: 9699460원
2026-05-28 10:18:37,602 - INFO - [005930] 보유: 6주, 매도 가능: 0주, 평단가: 0원
2026-05-28 10:18:37,603 - INFO - 이미 모든 보유 수량에 대해 매도 주문(0000012862)이 진행 중입니다.
2026-05-28 10:18:37,603 - INFO - 60초 후 다음 확인을 진행합니다. (현재 상태: SELLING)
2026-05-28 10:19:37,728 - INFO - [005930] 현재가: 303750원
2026-05-28 10:19:42,938 - INFO - 계좌 예수금: 9699460원
2026-05-28 10:19:42,939 - INFO - [005930] 보유: 6주, 매도 가능: 0주, 평단가: 0원
2026-05-28 10:19:42,940 - INFO - 이미 모든 보유 수량에 대해 매도 주문(0000012862)이 진행 중입니다.
2026-05-28 10:19:42,940 - INFO - 60초 후 다음 확인을 진행합니다. (현재 상태: SELLING)
2026-05-28 10:20:43,971 - INFO - [005930] 현재가: 303500원
2026-05-28 10:20:48,169 - INFO - 계좌 예수금: 9699460원
2026-05-28 10:20:48,170 - INFO - [005930] 보유: 6주, 매도 가능: 0주, 평단가: 0원
2026-05-28 10:20:48,171 - INFO - 이미 모든 보유 수량에 대해 매도 주문(0000012862)이 진행 중입니다.
2026-05-28 10:20:48,171 - INFO - 60초 후 다음 확인을 진행합니다. (현재 상태: SELLING)
2026-05-28 10:21:49,832 - INFO - [005930] 현재가: 303500원
2026-05-28 10:21:51,252 - INFO - 계좌 예수금: 9699460원
2026-05-28 10:21:51,253 - INFO - [005930] 보유: 6주, 매도 가능: 0주, 평단가: 0원
2026-05-28 10:21:51,254 - INFO - 이미 모든 보유 수량에 대해 매도 주문(0000012862)이 진행 중입니다.
2026-05-28 10:21:51,254 - INFO - 60초 후 다음 확인을 진행합니다. (현재 상태: SELLING)
2026-05-28 10:22:51,373 - INFO - [005930] 현재가: 304500원
2026-05-28 10:22:55,666 - INFO - 계좌 예수금: 9699460원
2026-05-28 10:22:55,666 - INFO - [005930] 보유: 6주, 매도 가능: 0주, 평단가: 0원
2026-05-28 10:22:55,667 - INFO - 이미 모든 보유 수량에 대해 매도 주문(0000012862)이 진행 중입니다.
2026-05-28 10:22:55,668 - INFO - 60초 후 다음 확인을 진행합니다. (현재 상태: SELLING)
2026-05-28 10:23:57,416 - INFO - [005930] 현재가: 304000원
2026-05-28 10:23:59,975 - INFO - 계좌 예수금: 9699460원
2026-05-28 10:23:59,976 - INFO - [005930] 보유: 6주, 매도 가능: 0주, 평단가: 0원
2026-05-28 10:23:59,978 - INFO - 이미 모든 보유 수량에 대해 매도 주문(0000012862)이 진행 중입니다.
2026-05-28 10:23:59,979 - INFO - 60초 후 다음 확인을 진행합니다. (현재 상태: SELLING)
2026-05-28 10:25:02,033 - INFO - [005930] 현재가: 303250원
2026-05-28 10:25:06,129 - INFO - 계좌 예수금: 9699460원
2026-05-28 10:25:06,130 - INFO - [005930] 보유: 6주, 매도 가능: 0주, 평단가: 0원
2026-05-28 10:25:06,130 - INFO - 이미 모든 보유 수량에 대해 매도 주문(0000012862)이 진행 중입니다.
2026-05-28 10:25:06,131 - INFO - 60초 후 다음 확인을 진행합니다. (현재 상태: SELLING)
2026-05-28 10:26:09,342 - INFO - [005930] 현재가: 303000원
2026-05-28 10:26:13,205 - INFO - 계좌 예수금: 9699460원
2026-05-28 10:26:13,206 - INFO - [005930] 보유: 6주, 매도 가능: 0주, 평단가: 0원
2026-05-28 10:26:13,206 - INFO - 이미 모든 보유 수량에 대해 매도 주문(0000012862)이 진행 중입니다.
2026-05-28 10:26:13,207 - INFO - 60초 후 다음 확인을 진행합니다. (현재 상태: SELLING)
2026-05-28 10:27:14,547 - INFO - [005930] 현재가: 302250원
2026-05-28 10:27:19,770 - INFO - 계좌 예수금: 9699460원
2026-05-28 10:27:19,771 - INFO - [005930] 보유: 6주, 매도 가능: 0주, 평단가: 0원
2026-05-28 10:27:19,771 - INFO - 이미 모든 보유 수량에 대해 매도 주문(0000012862)이 진행 중입니다.
2026-05-28 10:27:19,772 - INFO - 60초 후 다음 확인을 진행합니다. (현재 상태: SELLING)
2026-05-28 10:37:16,999 - INFO - [005930] 현재가: 301250원
2026-05-28 10:37:22,323 - INFO - 계좌 예수금: 9699460원
2026-05-28 10:37:22,324 - INFO - [005930] 보유: 6주, 매도 가능: 0주, 평단가: 0원
2026-05-28 10:37:22,324 - INFO - 이미 모든 보유 수량에 대해 매도 주문(0000012862)이 진행 중입니다.
2026-05-28 10:37:22,325 - INFO - 60초 후 다음 확인을 진행합니다. (현재 상태: SELLING)
2026-05-28 10:38:22,453 - INFO - [005930] 현재가: 301500원
2026-05-28 10:38:26,531 - INFO - 계좌 예수금: 9699460원
2026-05-28 10:38:26,532 - INFO - [005930] 보유: 6주, 매도 가능: 0주, 평단가: 0원
2026-05-28 10:38:26,532 - INFO - 이미 모든 보유 수량에 대해 매도 주문(0000012862)이 진행 중입니다.
2026-05-28 10:38:26,533 - INFO - 60초 후 다음 확인을 진행합니다. (현재 상태: SELLING)
2026-05-28 10:39:26,951 - INFO - [005930] 현재가: 301500원
2026-05-28 10:39:31,969 - INFO - 계좌 예수금: 9699460원
2026-05-28 10:39:31,969 - INFO - [005930] 보유: 6주, 매도 가능: 0주, 평단가: 0원
2026-05-28 10:39:31,970 - INFO - 이미 모든 보유 수량에 대해 매도 주문(0000012862)이 진행 중입니다.
2026-05-28 10:39:31,970 - INFO - 60초 후 다음 확인을 진행합니다. (현재 상태: SELLING)
2026-05-28 10:40:33,310 - INFO - [005930] 현재가: 301250원
2026-05-28 10:40:38,328 - INFO - 계좌 예수금: 9699460원
2026-05-28 10:40:38,328 - INFO - [005930] 보유: 6주, 매도 가능: 0주, 평단가: 0원
2026-05-28 10:40:38,329 - INFO - 이미 모든 보유 수량에 대해 매도 주문(0000012862)이 진행 중입니다.
2026-05-28 10:40:38,329 - INFO - 60초 후 다음 확인을 진행합니다. (현재 상태: SELLING)
2026-05-28 10:41:39,876 - INFO - [005930] 현재가: 301000원
2026-05-28 10:41:44,278 - INFO - 계좌 예수금: 9699460원
2026-05-28 10:41:44,278 - INFO - [005930] 보유: 6주, 매도 가능: 0주, 평단가: 0원
2026-05-28 10:41:44,279 - INFO - 이미 모든 보유 수량에 대해 매도 주문(0000012862)이 진행 중입니다.
2026-05-28 10:41:44,279 - INFO - 60초 후 다음 확인을 진행합니다. (현재 상태: SELLING)
2026-05-28 10:42:44,440 - INFO - [005930] 현재가: 301250원
2026-05-28 10:42:50,053 - INFO - 계좌 예수금: 9699460원
2026-05-28 10:42:50,054 - INFO - [005930] 보유: 6주, 매도 가능: 0주, 평단가: 0원
2026-05-28 10:42:50,055 - INFO - 이미 모든 보유 수량에 대해 매도 주문(0000012862)이 진행 중입니다.
2026-05-28 10:42:50,056 - INFO - 60초 후 다음 확인을 진행합니다. (현재 상태: SELLING)
2026-05-28 10:43:50,213 - INFO - [005930] 현재가: 301250원
2026-05-28 10:43:57,619 - INFO - 계좌 예수금: 9699460원
2026-05-28 10:43:57,621 - INFO - [005930] 보유: 6주, 매도 가능: 0주, 평단가: 0원
2026-05-28 10:43:57,622 - INFO - 이미 모든 보유 수량에 대해 매도 주문(0000012862)이 진행 중입니다.
2026-05-28 10:43:57,623 - INFO - 60초 후 다음 확인을 진행합니다. (현재 상태: SELLING)
2026-05-28 10:44:57,762 - INFO - [005930] 현재가: 301250원
2026-05-28 10:45:02,843 - INFO - 계좌 예수금: 9699460원
2026-05-28 10:45:02,844 - INFO - [005930] 보유: 6주, 매도 가능: 0주, 평단가: 0원
2026-05-28 10:45:02,845 - INFO - 이미 모든 보유 수량에 대해 매도 주문(0000012862)이 진행 중입니다.
2026-05-28 10:45:02,846 - INFO - 60초 후 다음 확인을 진행합니다. (현재 상태: SELLING)
2026-05-28 10:46:03,160 - INFO - [005930] 현재가: 301000원
2026-05-28 10:46:10,123 - INFO - 계좌 예수금: 9699460원
2026-05-28 10:46:10,124 - INFO - [005930] 보유: 6주, 매도 가능: 0주, 평단가: 0원
2026-05-28 10:46:10,125 - INFO - 이미 모든 보유 수량에 대해 매도 주문(0000012862)이 진행 중입니다.
2026-05-28 10:46:10,126 - INFO - 60초 후 다음 확인을 진행합니다. (현재 상태: SELLING)
2026-05-28 10:47:13,343 - INFO - [005930] 현재가: 300750원
2026-05-28 10:47:16,483 - INFO - 계좌 예수금: 9699460원
2026-05-28 10:47:16,485 - INFO - [005930] 보유: 6주, 매도 가능: 0주, 평단가: 0원
2026-05-28 10:47:16,486 - INFO - 이미 모든 보유 수량에 대해 매도 주문(0000012862)이 진행 중입니다.
2026-05-28 10:47:16,487 - INFO - 60초 후 다음 확인을 진행합니다. (현재 상태: SELLING)
2026-05-28 10:48:16,638 - INFO - [005930] 현재가: 301000원
2026-05-28 10:48:23,050 - INFO - 계좌 예수금: 9699460원
2026-05-28 10:48:23,052 - INFO - [005930] 보유: 6주, 매도 가능: 0주, 평단가: 0원
2026-05-28 10:48:23,053 - INFO - 이미 모든 보유 수량에 대해 매도 주문(0000012862)이 진행 중입니다.
2026-05-28 10:48:23,054 - INFO - 60초 후 다음 확인을 진행합니다. (현재 상태: SELLING)
2026-05-28 10:49:24,082 - INFO - [005930] 현재가: 301000원
2026-05-28 10:49:28,384 - INFO - 계좌 예수금: 9699460원
2026-05-28 10:49:28,386 - INFO - [005930] 보유: 6주, 매도 가능: 0주, 평단가: 0원
2026-05-28 10:49:28,386 - INFO - 이미 모든 보유 수량에 대해 매도 주문(0000012862)이 진행 중입니다.
2026-05-28 10:49:28,390 - INFO - 60초 후 다음 확인을 진행합니다. (현재 상태: SELLING)
2026-05-28 10:50:28,491 - INFO - [005930] 현재가: 301500원
2026-05-28 10:50:32,588 - INFO - 계좌 예수금: 9699460원
2026-05-28 10:50:32,589 - INFO - [005930] 보유: 6주, 매도 가능: 0주, 평단가: 0원
2026-05-28 10:50:32,590 - INFO - 이미 모든 보유 수량에 대해 매도 주문(0000012862)이 진행 중입니다.
2026-05-28 10:50:32,590 - INFO - 60초 후 다음 확인을 진행합니다. (현재 상태: SELLING)
2026-05-28 10:51:33,933 - INFO - [005930] 현재가: 301500원
2026-05-28 10:51:37,488 - INFO - 계좌 예수금: 9699460원
2026-05-28 10:51:37,490 - INFO - [005930] 보유: 6주, 매도 가능: 0주, 평단가: 0원
2026-05-28 10:51:37,490 - INFO - 이미 모든 보유 수량에 대해 매도 주문(0000012862)이 진행 중입니다.
2026-05-28 10:51:37,491 - INFO - 60초 후 다음 확인을 진행합니다. (현재 상태: SELLING)
2026-05-28 10:52:39,063 - INFO - [005930] 현재가: 302000원
2026-05-28 10:52:44,591 - INFO - 계좌 예수금: 9699460원
2026-05-28 10:52:44,592 - INFO - [005930] 보유: 6주, 매도 가능: 0주, 평단가: 0원
2026-05-28 10:52:44,593 - INFO - 이미 모든 보유 수량에 대해 매도 주문(0000012862)이 진행 중입니다.
2026-05-28 10:52:44,593 - INFO - 60초 후 다음 확인을 진행합니다. (현재 상태: SELLING)
2026-05-28 10:53:44,708 - INFO - [005930] 현재가: 301500원
2026-05-28 10:53:49,106 - INFO - 계좌 예수금: 9699460원
2026-05-28 10:53:49,107 - INFO - [005930] 보유: 6주, 매도 가능: 0주, 평단가: 0원
2026-05-28 10:53:49,107 - INFO - 이미 모든 보유 수량에 대해 매도 주문(0000012862)이 진행 중입니다.
2026-05-28 10:53:49,108 - INFO - 60초 후 다음 확인을 진행합니다. (현재 상태: SELLING)
2026-05-28 10:54:49,422 - INFO - [005930] 현재가: 302000원
2026-05-28 10:54:53,928 - INFO - 계좌 예수금: 9699460원
2026-05-28 10:54:53,929 - INFO - [005930] 보유: 6주, 매도 가능: 0주, 평단가: 0원
2026-05-28 10:54:53,930 - INFO - 이미 모든 보유 수량에 대해 매도 주문(0000012862)이 진행 중입니다.
2026-05-28 10:54:53,931 - INFO - 60초 후 다음 확인을 진행합니다. (현재 상태: SELLING)
2026-05-28 10:55:54,037 - INFO - [005930] 현재가: 302000원
2026-05-28 10:56:00,509 - INFO - 계좌 예수금: 9699460원
2026-05-28 10:56:00,510 - INFO - [005930] 보유: 6주, 매도 가능: 0주, 평단가: 0원
2026-05-28 10:56:00,510 - INFO - 이미 모든 보유 수량에 대해 매도 주문(0000012862)이 진행 중입니다.
2026-05-28 10:56:00,511 - INFO - 60초 후 다음 확인을 진행합니다. (현재 상태: SELLING)
2026-05-28 10:57:00,677 - INFO - [005930] 현재가: 303000원
2026-05-28 10:57:06,443 - INFO - 계좌 예수금: 9699460원
2026-05-28 10:57:06,444 - INFO - [005930] 보유: 6주, 매도 가능: 0주, 평단가: 0원
2026-05-28 10:57:06,445 - INFO - 이미 모든 보유 수량에 대해 매도 주문(0000012862)이 진행 중입니다.
2026-05-28 10:57:06,445 - INFO - 60초 후 다음 확인을 진행합니다. (현재 상태: SELLING)
2026-05-28 10:58:07,812 - INFO - [005930] 현재가: 303500원
2026-05-28 10:58:14,030 - INFO - 계좌 예수금: 9699460원
2026-05-28 10:58:14,031 - INFO - [005930] 보유: 6주, 매도 가능: 0주, 평단가: 0원
2026-05-28 10:58:14,032 - INFO - 이미 모든 보유 수량에 대해 매도 주문(0000012862)이 진행 중입니다.
2026-05-28 10:58:14,032 - INFO - 60초 후 다음 확인을 진행합니다. (현재 상태: SELLING)
2026-05-28 10:59:14,131 - INFO - [005930] 현재가: 303500원
2026-05-28 10:59:18,544 - INFO - 계좌 예수금: 9699460원
2026-05-28 10:59:18,545 - INFO - [005930] 보유: 6주, 매도 가능: 0주, 평단가: 0원
2026-05-28 10:59:18,545 - INFO - 이미 모든 보유 수량에 대해 매도 주문(0000012862)이 진행 중입니다.
2026-05-28 10:59:18,546 - INFO - 60초 후 다음 확인을 진행합니다. (현재 상태: SELLING)
2026-05-28 11:00:20,601 - INFO - [005930] 현재가: 303500원
2026-05-28 11:00:26,439 - INFO - 계좌 예수금: 9699460원
2026-05-28 11:00:26,439 - INFO - [005930] 보유: 6주, 매도 가능: 0주, 평단가: 0원
2026-05-28 11:00:26,440 - INFO - 이미 모든 보유 수량에 대해 매도 주문(0000012862)이 진행 중입니다.
2026-05-28 11:00:26,440 - INFO - 60초 후 다음 확인을 진행합니다. (현재 상태: SELLING)
2026-05-28 11:01:28,293 - INFO - [005930] 현재가: 304000원
2026-05-28 11:01:35,050 - INFO - 계좌 예수금: 9699460원
2026-05-28 11:01:35,051 - INFO - [005930] 보유: 6주, 매도 가능: 0주, 평단가: 0원
2026-05-28 11:01:35,051 - INFO - 이미 모든 보유 수량에 대해 매도 주문(0000012862)이 진행 중입니다.
2026-05-28 11:01:35,052 - INFO - 60초 후 다음 확인을 진행합니다. (현재 상태: SELLING)
2026-05-28 11:02:38,133 - INFO - [005930] 현재가: 303000원
2026-05-28 11:02:40,898 - INFO - 계좌 예수금: 9699460원
2026-05-28 11:02:40,899 - INFO - [005930] 보유: 6주, 매도 가능: 0주, 평단가: 0원
2026-05-28 11:02:40,899 - INFO - 이미 모든 보유 수량에 대해 매도 주문(0000012862)이 진행 중입니다.
2026-05-28 11:02:40,900 - INFO - 60초 후 다음 확인을 진행합니다. (현재 상태: SELLING)
2026-05-28 11:03:42,137 - INFO - [005930] 현재가: 302500원
2026-05-28 11:03:47,564 - INFO - 계좌 예수금: 9699460원
2026-05-28 11:03:47,565 - INFO - [005930] 보유: 6주, 매도 가능: 0주, 평단가: 0원
2026-05-28 11:03:47,565 - INFO - 이미 모든 보유 수량에 대해 매도 주문(0000012862)이 진행 중입니다.
2026-05-28 11:03:47,566 - INFO - 60초 후 다음 확인을 진행합니다. (현재 상태: SELLING)
2026-05-28 11:04:47,759 - INFO - [005930] 현재가: 303000원
2026-05-28 11:04:53,717 - INFO - 계좌 예수금: 9699460원
2026-05-28 11:04:53,718 - INFO - [005930] 보유: 6주, 매도 가능: 0주, 평단가: 0원
2026-05-28 11:04:53,719 - INFO - 이미 모든 보유 수량에 대해 매도 주문(0000012862)이 진행 중입니다.
2026-05-28 11:04:53,719 - INFO - 60초 후 다음 확인을 진행합니다. (현재 상태: SELLING)
2026-05-28 11:05:55,469 - INFO - [005930] 현재가: 303000원
2026-05-28 11:06:00,282 - INFO - 계좌 예수금: 9699460원
2026-05-28 11:06:00,283 - INFO - [005930] 보유: 6주, 매도 가능: 0주, 평단가: 0원
2026-05-28 11:06:00,283 - INFO - 이미 모든 보유 수량에 대해 매도 주문(0000012862)이 진행 중입니다.
2026-05-28 11:06:00,284 - INFO - 60초 후 다음 확인을 진행합니다. (현재 상태: SELLING)
2026-05-28 11:07:00,387 - INFO - [005930] 현재가: 302500원
2026-05-28 11:07:03,884 - INFO - 계좌 예수금: 9699460원
2026-05-28 11:07:03,884 - INFO - [005930] 보유: 6주, 매도 가능: 0주, 평단가: 0원
2026-05-28 11:07:03,885 - INFO - 이미 모든 보유 수량에 대해 매도 주문(0000012862)이 진행 중입니다.
2026-05-28 11:07:03,886 - INFO - 60초 후 다음 확인을 진행합니다. (현재 상태: SELLING)
2026-05-28 11:08:04,048 - INFO - [005930] 현재가: 301750원
2026-05-28 11:08:05,628 - INFO - 계좌 예수금: 9699460원
2026-05-28 11:08:05,629 - INFO - [005930] 보유: 6주, 매도 가능: 0주, 평단가: 0원
2026-05-28 11:08:05,629 - INFO - 이미 모든 보유 수량에 대해 매도 주문(0000012862)이 진행 중입니다.
2026-05-28 11:08:05,629 - INFO - 60초 후 다음 확인을 진행합니다. (현재 상태: SELLING)
2026-05-28 11:09:05,728 - INFO - [005930] 현재가: 301750원
2026-05-28 11:09:14,444 - INFO - 계좌 예수금: 9699460원
2026-05-28 11:09:14,445 - INFO - [005930] 보유: 6주, 매도 가능: 0주, 평단가: 0원
2026-05-28 11:09:14,446 - INFO - 이미 모든 보유 수량에 대해 매도 주문(0000012862)이 진행 중입니다.
2026-05-28 11:09:14,446 - INFO - 60초 후 다음 확인을 진행합니다. (현재 상태: SELLING)
2026-05-28 11:10:15,888 - INFO - [005930] 현재가: 301500원
2026-05-28 11:10:21,591 - INFO - 계좌 예수금: 9699460원
2026-05-28 11:10:21,591 - INFO - [005930] 보유: 6주, 매도 가능: 0주, 평단가: 0원
2026-05-28 11:10:21,592 - INFO - 이미 모든 보유 수량에 대해 매도 주문(0000012862)이 진행 중입니다.
2026-05-28 11:10:21,593 - INFO - 60초 후 다음 확인을 진행합니다. (현재 상태: SELLING)
2026-05-28 11:11:22,024 - INFO - [005930] 현재가: 301500원
2026-05-28 11:11:27,822 - INFO - 계좌 예수금: 9699460원
2026-05-28 11:11:27,823 - INFO - [005930] 보유: 6주, 매도 가능: 0주, 평단가: 0원
2026-05-28 11:11:27,824 - INFO - 이미 모든 보유 수량에 대해 매도 주문(0000012862)이 진행 중입니다.
2026-05-28 11:11:27,825 - INFO - 60초 후 다음 확인을 진행합니다. (현재 상태: SELLING)
2026-05-28 11:12:30,038 - INFO - [005930] 현재가: 301500원
2026-05-28 11:12:32,599 - INFO - 계좌 예수금: 9699460원
2026-05-28 11:12:32,600 - INFO - [005930] 보유: 6주, 매도 가능: 0주, 평단가: 0원
2026-05-28 11:12:32,600 - INFO - 이미 모든 보유 수량에 대해 매도 주문(0000012862)이 진행 중입니다.
2026-05-28 11:12:32,601 - INFO - 60초 후 다음 확인을 진행합니다. (현재 상태: SELLING)
2026-05-28 11:13:32,743 - INFO - [005930] 현재가: 301500원
2026-05-28 11:13:36,215 - INFO - 계좌 예수금: 9699460원
2026-05-28 11:13:36,216 - INFO - [005930] 보유: 6주, 매도 가능: 0주, 평단가: 0원
2026-05-28 11:13:36,217 - INFO - 이미 모든 보유 수량에 대해 매도 주문(0000012862)이 진행 중입니다.
2026-05-28 11:13:36,217 - INFO - 60초 후 다음 확인을 진행합니다. (현재 상태: SELLING)
2026-05-28 11:14:39,684 - INFO - [005930] 현재가: 301000원
2026-05-28 11:14:46,853 - INFO - 계좌 예수금: 9699460원
2026-05-28 11:14:46,854 - INFO - [005930] 보유: 6주, 매도 가능: 0주, 평단가: 0원
2026-05-28 11:14:46,854 - INFO - 이미 모든 보유 수량에 대해 매도 주문(0000012862)이 진행 중입니다.
2026-05-28 11:14:46,855 - INFO - 60초 후 다음 확인을 진행합니다. (현재 상태: SELLING)
2026-05-28 11:15:48,603 - INFO - [005930] 현재가: 301000원
2026-05-28 11:15:53,621 - INFO - 계좌 예수금: 9699460원
2026-05-28 11:15:53,622 - INFO - [005930] 보유: 6주, 매도 가능: 0주, 평단가: 0원
2026-05-28 11:15:53,622 - INFO - 이미 모든 보유 수량에 대해 매도 주문(0000012862)이 진행 중입니다.
2026-05-28 11:15:53,623 - INFO - 60초 후 다음 확인을 진행합니다. (현재 상태: SELLING)
2026-05-28 11:16:53,723 - INFO - [005930] 현재가: 301250원
2026-05-28 11:16:59,365 - INFO - 계좌 예수금: 9699460원
2026-05-28 11:16:59,366 - INFO - [005930] 보유: 6주, 매도 가능: 0주, 평단가: 0원
2026-05-28 11:16:59,367 - INFO - 이미 모든 보유 수량에 대해 매도 주문(0000012862)이 진행 중입니다.
2026-05-28 11:16:59,367 - INFO - 60초 후 다음 확인을 진행합니다. (현재 상태: SELLING)
2026-05-28 11:17:59,480 - INFO - [005930] 현재가: 301000원
2026-05-28 11:18:03,266 - INFO - 계좌 예수금: 9699460원
2026-05-28 11:18:03,269 - INFO - [005930] 보유: 6주, 매도 가능: 0주, 평단가: 0원
2026-05-28 11:18:03,270 - INFO - 이미 모든 보유 수량에 대해 매도 주문(0000012862)이 진행 중입니다.
2026-05-28 11:18:03,271 - INFO - 60초 후 다음 확인을 진행합니다. (현재 상태: SELLING)
2026-05-28 11:19:03,379 - INFO - [005930] 현재가: 301000원
2026-05-28 11:19:12,391 - INFO - 계좌 예수금: 9699460원
2026-05-28 11:19:12,392 - INFO - [005930] 보유: 6주, 매도 가능: 0주, 평단가: 0원
2026-05-28 11:19:12,392 - INFO - 이미 모든 보유 수량에 대해 매도 주문(0000012862)이 진행 중입니다.
2026-05-28 11:19:12,393 - INFO - 60초 후 다음 확인을 진행합니다. (현재 상태: SELLING)
2026-05-28 11:20:13,469 - INFO - [005930] 현재가: 300750원
2026-05-28 11:20:18,954 - INFO - 계좌 예수금: 9699460원
2026-05-28 11:20:18,955 - INFO - [005930] 보유: 6주, 매도 가능: 0주, 평단가: 0원
2026-05-28 11:20:18,955 - INFO - 이미 모든 보유 수량에 대해 매도 주문(0000012862)이 진행 중입니다.
2026-05-28 11:20:18,956 - INFO - 60초 후 다음 확인을 진행합니다. (현재 상태: SELLING)
2026-05-28 11:21:20,704 - INFO - [005930] 현재가: 301000원
2026-05-28 11:21:26,338 - INFO - 계좌 예수금: 9699460원
2026-05-28 11:21:26,339 - INFO - [005930] 보유: 6주, 매도 가능: 0주, 평단가: 0원
2026-05-28 11:21:26,340 - INFO - 이미 모든 보유 수량에 대해 매도 주문(0000012862)이 진행 중입니다.
2026-05-28 11:21:26,340 - INFO - 60초 후 다음 확인을 진행합니다. (현재 상태: SELLING)
2026-05-28 11:22:27,986 - INFO - [005930] 현재가: 301000원
2026-05-28 11:22:33,824 - INFO - 계좌 예수금: 9699460원
2026-05-28 11:22:33,825 - INFO - [005930] 보유: 6주, 매도 가능: 0주, 평단가: 0원
2026-05-28 11:22:33,826 - INFO - 이미 모든 보유 수량에 대해 매도 주문(0000012862)이 진행 중입니다.
2026-05-28 11:22:33,827 - INFO - 60초 후 다음 확인을 진행합니다. (현재 상태: SELLING)
2026-05-28 11:23:33,964 - INFO - [005930] 현재가: 301000원
2026-05-28 11:23:40,182 - INFO - 계좌 예수금: 9699460원
2026-05-28 11:23:40,183 - INFO - [005930] 보유: 6주, 매도 가능: 0주, 평단가: 0원
2026-05-28 11:23:40,184 - INFO - 이미 모든 보유 수량에 대해 매도 주문(0000012862)이 진행 중입니다.
2026-05-28 11:23:40,184 - INFO - 60초 후 다음 확인을 진행합니다. (현재 상태: SELLING)
2026-05-28 11:24:41,932 - INFO - [005930] 현재가: 300500원
2026-05-28 11:24:47,789 - INFO - 계좌 예수금: 9699460원
2026-05-28 11:24:47,790 - INFO - [005930] 보유: 6주, 매도 가능: 0주, 평단가: 0원
2026-05-28 11:24:47,791 - INFO - 이미 모든 보유 수량에 대해 매도 주문(0000012862)이 진행 중입니다.
2026-05-28 11:24:47,792 - INFO - 60초 후 다음 확인을 진행합니다. (현재 상태: SELLING)
2026-05-28 11:25:49,009 - INFO - [005930] 현재가: 301000원
2026-05-28 11:25:54,316 - INFO - 계좌 예수금: 9699460원
2026-05-28 11:25:54,317 - INFO - [005930] 보유: 6주, 매도 가능: 0주, 평단가: 0원
2026-05-28 11:25:54,318 - INFO - 이미 모든 보유 수량에 대해 매도 주문(0000012862)이 진행 중입니다.
2026-05-28 11:25:54,319 - INFO - 60초 후 다음 확인을 진행합니다. (현재 상태: SELLING)
2026-05-28 11:26:54,504 - INFO - [005930] 현재가: 300500원
2026-05-28 11:27:00,591 - INFO - 계좌 예수금: 9699460원
2026-05-28 11:27:00,591 - INFO - [005930] 보유: 6주, 매도 가능: 0주, 평단가: 0원
2026-05-28 11:27:00,592 - INFO - 이미 모든 보유 수량에 대해 매도 주문(0000012862)이 진행 중입니다.
2026-05-28 11:27:00,593 - INFO - 60초 후 다음 확인을 진행합니다. (현재 상태: SELLING)
2026-05-28 11:28:00,711 - INFO - [005930] 현재가: 300750원
2026-05-28 11:28:02,341 - INFO - 계좌 예수금: 9699460원
2026-05-28 11:28:02,342 - INFO - [005930] 보유: 6주, 매도 가능: 0주, 평단가: 0원
2026-05-28 11:28:02,342 - INFO - 이미 모든 보유 수량에 대해 매도 주문(0000012862)이 진행 중입니다.
2026-05-28 11:28:02,343 - INFO - 60초 후 다음 확인을 진행합니다. (현재 상태: SELLING)
2026-05-28 11:29:02,464 - INFO - [005930] 현재가: 301500원
2026-05-28 11:29:07,266 - INFO - 계좌 예수금: 9699460원
2026-05-28 11:29:07,267 - INFO - [005930] 보유: 6주, 매도 가능: 0주, 평단가: 0원
2026-05-28 11:29:07,268 - INFO - 이미 모든 보유 수량에 대해 매도 주문(0000012862)이 진행 중입니다.
2026-05-28 11:29:07,269 - INFO - 60초 후 다음 확인을 진행합니다. (현재 상태: SELLING)
2026-05-28 11:30:09,425 - INFO - [005930] 현재가: 301000원
2026-05-28 11:30:18,028 - INFO - 계좌 예수금: 9699460원
2026-05-28 11:30:18,030 - INFO - [005930] 보유: 6주, 매도 가능: 0주, 평단가: 0원
2026-05-28 11:30:18,031 - INFO - 이미 모든 보유 수량에 대해 매도 주문(0000012862)이 진행 중입니다.
2026-05-28 11:30:18,032 - INFO - 60초 후 다음 확인을 진행합니다. (현재 상태: SELLING)
2026-05-28 11:31:19,778 - INFO - [005930] 현재가: 300500원
2026-05-28 11:31:25,476 - INFO - 계좌 예수금: 9699460원
2026-05-28 11:31:25,476 - INFO - [005930] 보유: 6주, 매도 가능: 0주, 평단가: 0원
2026-05-28 11:31:25,477 - INFO - 이미 모든 보유 수량에 대해 매도 주문(0000012862)이 진행 중입니다.
2026-05-28 11:31:25,477 - INFO - 60초 후 다음 확인을 진행합니다. (현재 상태: SELLING)
2026-05-28 11:32:26,446 - INFO - [005930] 현재가: 300750원
2026-05-28 11:32:31,053 - INFO - 계좌 예수금: 9699460원
2026-05-28 11:32:31,054 - INFO - [005930] 보유: 6주, 매도 가능: 0주, 평단가: 0원
2026-05-28 11:32:31,055 - INFO - 이미 모든 보유 수량에 대해 매도 주문(0000012862)이 진행 중입니다.
2026-05-28 11:32:31,056 - INFO - 60초 후 다음 확인을 진행합니다. (현재 상태: SELLING)
2026-05-28 11:33:31,182 - INFO - [005930] 현재가: 300750원
2026-05-28 11:33:36,698 - INFO - 계좌 예수금: 9699460원
2026-05-28 11:33:36,699 - INFO - [005930] 보유: 6주, 매도 가능: 0주, 평단가: 0원
2026-05-28 11:33:36,700 - INFO - 이미 모든 보유 수량에 대해 매도 주문(0000012862)이 진행 중입니다.
2026-05-28 11:33:36,700 - INFO - 60초 후 다음 확인을 진행합니다. (현재 상태: SELLING)
2026-05-28 11:34:38,856 - INFO - [005930] 현재가: 300750원
2026-05-28 11:34:45,000 - INFO - 계좌 예수금: 9699460원
2026-05-28 11:34:45,000 - INFO - [005930] 보유: 6주, 매도 가능: 0주, 평단가: 0원
2026-05-28 11:34:45,001 - INFO - 이미 모든 보유 수량에 대해 매도 주문(0000012862)이 진행 중입니다.
2026-05-28 11:34:45,002 - INFO - 60초 후 다음 확인을 진행합니다. (현재 상태: SELLING)
2026-05-28 11:35:45,112 - INFO - [005930] 현재가: 301000원
2026-05-28 11:35:47,977 - INFO - 계좌 예수금: 9699460원
2026-05-28 11:35:47,978 - INFO - [005930] 보유: 6주, 매도 가능: 0주, 평단가: 0원
2026-05-28 11:35:47,979 - INFO - 이미 모든 보유 수량에 대해 매도 주문(0000012862)이 진행 중입니다.
2026-05-28 11:35:47,979 - INFO - 60초 후 다음 확인을 진행합니다. (현재 상태: SELLING)
2026-05-28 11:36:49,527 - INFO - [005930] 현재가: 301250원
2026-05-28 11:36:55,567 - INFO - 계좌 예수금: 9699460원
2026-05-28 11:36:55,568 - INFO - [005930] 보유: 6주, 매도 가능: 0주, 평단가: 0원
2026-05-28 11:36:55,568 - INFO - 이미 모든 보유 수량에 대해 매도 주문(0000012862)이 진행 중입니다.
2026-05-28 11:36:55,569 - INFO - 60초 후 다음 확인을 진행합니다. (현재 상태: SELLING)
2026-05-28 11:37:57,420 - INFO - [005930] 현재가: 301000원
2026-05-28 11:37:59,775 - INFO - 계좌 예수금: 9699460원
2026-05-28 11:37:59,776 - INFO - [005930] 보유: 6주, 매도 가능: 0주, 평단가: 0원
2026-05-28 11:37:59,776 - INFO - 이미 모든 보유 수량에 대해 매도 주문(0000012862)이 진행 중입니다.
2026-05-28 11:37:59,777 - INFO - 60초 후 다음 확인을 진행합니다. (현재 상태: SELLING)
2026-05-28 11:39:01,525 - INFO - [005930] 현재가: 301000원
2026-05-28 11:39:07,260 - INFO - 계좌 예수금: 9699460원
2026-05-28 11:39:07,261 - INFO - [005930] 보유: 6주, 매도 가능: 0주, 평단가: 0원
2026-05-28 11:39:07,261 - INFO - 이미 모든 보유 수량에 대해 매도 주문(0000012862)이 진행 중입니다.
2026-05-28 11:39:07,262 - INFO - 60초 후 다음 확인을 진행합니다. (현재 상태: SELLING)
2026-05-28 11:40:09,728 - INFO - [005930] 현재가: 301000원
2026-05-28 11:40:15,872 - INFO - 계좌 예수금: 9699460원
2026-05-28 11:40:15,873 - INFO - [005930] 보유: 6주, 매도 가능: 0주, 평단가: 0원
2026-05-28 11:40:15,874 - INFO - 이미 모든 보유 수량에 대해 매도 주문(0000012862)이 진행 중입니다.
2026-05-28 11:40:15,874 - INFO - 60초 후 다음 확인을 진행합니다. (현재 상태: SELLING)
2026-05-28 11:41:17,418 - INFO - [005930] 현재가: 300750원
2026-05-28 11:41:22,334 - INFO - 계좌 예수금: 9699460원
2026-05-28 11:41:22,334 - INFO - [005930] 보유: 6주, 매도 가능: 0주, 평단가: 0원
2026-05-28 11:41:22,335 - INFO - 이미 모든 보유 수량에 대해 매도 주문(0000012862)이 진행 중입니다.
2026-05-28 11:41:22,335 - INFO - 60초 후 다음 확인을 진행합니다. (현재 상태: SELLING)
2026-05-28 11:42:23,572 - INFO - [005930] 현재가: 300000원
2026-05-28 11:42:30,228 - INFO - 계좌 예수금: 9699460원
2026-05-28 11:42:30,229 - INFO - [005930] 보유: 6주, 매도 가능: 0주, 평단가: 0원
2026-05-28 11:42:30,230 - INFO - 이미 모든 보유 수량에 대해 매도 주문(0000012862)이 진행 중입니다.
2026-05-28 11:42:30,230 - INFO - 60초 후 다음 확인을 진행합니다. (현재 상태: SELLING)
2026-05-28 11:43:30,654 - INFO - [005930] 현재가: 300000원
2026-05-28 11:43:35,769 - INFO - 계좌 예수금: 9699460원
2026-05-28 11:43:35,770 - INFO - [005930] 보유: 6주, 매도 가능: 0주, 평단가: 0원
2026-05-28 11:43:35,770 - INFO - 이미 모든 보유 수량에 대해 매도 주문(0000012862)이 진행 중입니다.
2026-05-28 11:43:35,771 - INFO - 60초 후 다음 확인을 진행합니다. (현재 상태: SELLING)
2026-05-28 11:44:36,400 - INFO - [005930] 현재가: 300000원
2026-05-28 11:44:42,023 - INFO - 계좌 예수금: 9699460원
2026-05-28 11:44:42,024 - INFO - [005930] 보유: 6주, 매도 가능: 0주, 평단가: 0원
2026-05-28 11:44:42,024 - INFO - 이미 모든 보유 수량에 대해 매도 주문(0000012862)이 진행 중입니다.
2026-05-28 11:44:42,025 - INFO - 60초 후 다음 확인을 진행합니다. (현재 상태: SELLING)
2026-05-28 11:45:42,128 - INFO - [005930] 현재가: 300000원
2026-05-28 11:45:47,564 - INFO - 계좌 예수금: 9699460원
2026-05-28 11:45:47,565 - INFO - [005930] 보유: 6주, 매도 가능: 0주, 평단가: 0원
2026-05-28 11:45:47,565 - INFO - 이미 모든 보유 수량에 대해 매도 주문(0000012862)이 진행 중입니다.
2026-05-28 11:45:47,565 - INFO - 60초 후 다음 확인을 진행합니다. (현재 상태: SELLING)
2026-05-28 11:46:47,689 - INFO - [005930] 현재가: 300500원
2026-05-28 11:46:49,751 - INFO - 계좌 예수금: 9699460원
2026-05-28 11:46:49,752 - INFO - [005930] 보유: 6주, 매도 가능: 0주, 평단가: 0원
2026-05-28 11:46:49,753 - INFO - 이미 모든 보유 수량에 대해 매도 주문(0000012862)이 진행 중입니다.
2026-05-28 11:46:49,753 - INFO - 60초 후 다음 확인을 진행합니다. (현재 상태: SELLING)
2026-05-28 11:47:51,167 - INFO - [005930] 현재가: 300000원
2026-05-28 11:47:54,856 - INFO - 계좌 예수금: 9699460원
2026-05-28 11:47:54,857 - INFO - [005930] 보유: 6주, 매도 가능: 0주, 평단가: 0원
2026-05-28 11:47:54,858 - INFO - 이미 모든 보유 수량에 대해 매도 주문(0000012862)이 진행 중입니다.
2026-05-28 11:47:54,858 - INFO - 60초 후 다음 확인을 진행합니다. (현재 상태: SELLING)
2026-05-28 11:48:54,994 - INFO - [005930] 현재가: 300250원
2026-05-28 11:48:59,882 - INFO - 계좌 예수금: 9699460원
2026-05-28 11:48:59,883 - INFO - [005930] 보유: 6주, 매도 가능: 0주, 평단가: 0원
2026-05-28 11:48:59,883 - INFO - 이미 모든 보유 수량에 대해 매도 주문(0000012862)이 진행 중입니다.
2026-05-28 11:48:59,885 - INFO - 60초 후 다음 확인을 진행합니다. (현재 상태: SELLING)
2026-05-28 11:50:00,661 - INFO - [005930] 현재가: 300000원
2026-05-28 11:50:04,610 - INFO - 계좌 예수금: 9699460원
2026-05-28 11:50:04,612 - INFO - [005930] 보유: 6주, 매도 가능: 0주, 평단가: 0원
2026-05-28 11:50:04,612 - INFO - 이미 모든 보유 수량에 대해 매도 주문(0000012862)이 진행 중입니다.
2026-05-28 11:50:04,613 - INFO - 60초 후 다음 확인을 진행합니다. (현재 상태: SELLING)
2026-05-28 11:51:04,720 - INFO - [005930] 현재가: 300500원
2026-05-28 11:51:13,317 - INFO - 계좌 예수금: 9699460원
2026-05-28 11:51:13,317 - INFO - [005930] 보유: 6주, 매도 가능: 0주, 평단가: 0원
2026-05-28 11:51:13,318 - INFO - 이미 모든 보유 수량에 대해 매도 주문(0000012862)이 진행 중입니다.
2026-05-28 11:51:13,318 - INFO - 60초 후 다음 확인을 진행합니다. (현재 상태: SELLING)
2026-05-28 11:52:13,416 - INFO - [005930] 현재가: 300250원
2026-05-28 11:52:20,811 - INFO - 계좌 예수금: 9699460원
2026-05-28 11:52:20,812 - INFO - [005930] 보유: 6주, 매도 가능: 0주, 평단가: 0원
2026-05-28 11:52:20,812 - INFO - 이미 모든 보유 수량에 대해 매도 주문(0000012862)이 진행 중입니다.
2026-05-28 11:52:20,813 - INFO - 60초 후 다음 확인을 진행합니다. (현재 상태: SELLING)
2026-05-28 11:53:21,916 - INFO - [005930] 현재가: 300250원
2026-05-28 11:53:23,982 - INFO - 계좌 예수금: 9699460원
2026-05-28 11:53:23,982 - INFO - [005930] 보유: 6주, 매도 가능: 0주, 평단가: 0원
2026-05-28 11:53:23,983 - INFO - 이미 모든 보유 수량에 대해 매도 주문(0000012862)이 진행 중입니다.
2026-05-28 11:53:23,983 - INFO - 60초 후 다음 확인을 진행합니다. (현재 상태: SELLING)
2026-05-28 11:54:26,849 - INFO - [005930] 현재가: 300000원
2026-05-28 11:54:29,894 - INFO - 계좌 예수금: 9699460원
2026-05-28 11:54:29,894 - INFO - [005930] 보유: 6주, 매도 가능: 0주, 평단가: 0원
2026-05-28 11:54:29,894 - INFO - 이미 모든 보유 수량에 대해 매도 주문(0000012862)이 진행 중입니다.
2026-05-28 11:54:29,895 - INFO - 60초 후 다음 확인을 진행합니다. (현재 상태: SELLING)
2026-05-28 11:55:29,968 - INFO - [005930] 현재가: 300000원
2026-05-28 11:55:36,183 - INFO - 계좌 예수금: 9699460원
2026-05-28 11:55:36,183 - INFO - [005930] 보유: 6주, 매도 가능: 0주, 평단가: 0원
2026-05-28 11:55:36,183 - INFO - 이미 모든 보유 수량에 대해 매도 주문(0000012862)이 진행 중입니다.
2026-05-28 11:55:36,184 - INFO - 60초 후 다음 확인을 진행합니다. (현재 상태: SELLING)
2026-05-28 11:56:36,317 - INFO - [005930] 현재가: 299750원
2026-05-28 11:56:40,651 - INFO - 계좌 예수금: 9699460원
2026-05-28 11:56:40,651 - INFO - [005930] 보유: 6주, 매도 가능: 0주, 평단가: 0원
2026-05-28 11:56:40,652 - INFO - 이미 모든 보유 수량에 대해 매도 주문(0000012862)이 진행 중입니다.
2026-05-28 11:56:40,652 - INFO - 60초 후 다음 확인을 진행합니다. (현재 상태: SELLING)
2026-05-28 11:57:40,751 - INFO - [005930] 현재가: 299500원
2026-05-28 11:57:45,869 - INFO - 계좌 예수금: 9699460원
2026-05-28 11:57:45,869 - INFO - [005930] 보유: 6주, 매도 가능: 0주, 평단가: 0원
2026-05-28 11:57:45,870 - INFO - 이미 모든 보유 수량에 대해 매도 주문(0000012862)이 진행 중입니다.
2026-05-28 11:57:45,870 - INFO - 60초 후 다음 확인을 진행합니다. (현재 상태: SELLING)
2026-05-28 11:58:47,660 - INFO - [005930] 현재가: 299500원
2026-05-28 11:58:50,875 - INFO - 계좌 예수금: 9699460원
2026-05-28 11:58:50,875 - INFO - [005930] 보유: 6주, 매도 가능: 0주, 평단가: 0원
2026-05-28 11:58:50,876 - INFO - 이미 모든 보유 수량에 대해 매도 주문(0000012862)이 진행 중입니다.
2026-05-28 11:58:50,876 - INFO - 60초 후 다음 확인을 진행합니다. (현재 상태: SELLING)
2026-05-28 11:59:52,583 - INFO - [005930] 현재가: 299000원
2026-05-28 11:59:59,382 - INFO - 계좌 예수금: 9699460원
2026-05-28 11:59:59,383 - INFO - [005930] 보유: 6주, 매도 가능: 0주, 평단가: 0원
2026-05-28 11:59:59,384 - INFO - 이미 모든 보유 수량에 대해 매도 주문(0000012862)이 진행 중입니다.
2026-05-28 11:59:59,384 - INFO - 60초 후 다음 확인을 진행합니다. (현재 상태: SELLING)
2026-05-28 12:01:00,741 - INFO - [005930] 현재가: 299500원
2026-05-28 12:01:05,528 - INFO - 계좌 예수금: 9699460원
2026-05-28 12:01:05,528 - INFO - [005930] 보유: 6주, 매도 가능: 0주, 평단가: 0원
2026-05-28 12:01:05,529 - INFO - 이미 모든 보유 수량에 대해 매도 주문(0000012862)이 진행 중입니다.
2026-05-28 12:01:05,529 - INFO - 60초 후 다음 확인을 진행합니다. (현재 상태: SELLING)
2026-05-28 12:02:08,298 - INFO - [005930] 현재가: 299250원
2026-05-28 12:02:15,766 - INFO - 계좌 예수금: 9699460원
2026-05-28 12:02:15,766 - INFO - [005930] 보유: 6주, 매도 가능: 0주, 평단가: 0원
2026-05-28 12:02:15,767 - INFO - 이미 모든 보유 수량에 대해 매도 주문(0000012862)이 진행 중입니다.
2026-05-28 12:02:15,767 - INFO - 60초 후 다음 확인을 진행합니다. (현재 상태: SELLING)
2026-05-28 12:03:17,321 - INFO - [005930] 현재가: 299500원
2026-05-28 12:03:22,787 - INFO - 계좌 예수금: 9699460원
2026-05-28 12:03:22,787 - INFO - [005930] 보유: 6주, 매도 가능: 0주, 평단가: 0원
2026-05-28 12:03:22,788 - INFO - 이미 모든 보유 수량에 대해 매도 주문(0000012862)이 진행 중입니다.
2026-05-28 12:03:22,788 - INFO - 60초 후 다음 확인을 진행합니다. (현재 상태: SELLING)
2026-05-28 12:04:22,888 - INFO - [005930] 현재가: 299250원
2026-05-28 12:04:26,585 - INFO - 계좌 예수금: 9699460원
2026-05-28 12:04:26,586 - INFO - [005930] 보유: 6주, 매도 가능: 0주, 평단가: 0원
2026-05-28 12:04:26,587 - INFO - 이미 모든 보유 수량에 대해 매도 주문(0000012862)이 진행 중입니다.
2026-05-28 12:04:26,587 - INFO - 60초 후 다음 확인을 진행합니다. (현재 상태: SELLING)
2026-05-28 12:05:27,257 - INFO - [005930] 현재가: 299250원
2026-05-28 12:05:34,304 - INFO - 계좌 예수금: 9699460원
2026-05-28 12:05:34,305 - INFO - [005930] 보유: 6주, 매도 가능: 0주, 평단가: 0원
2026-05-28 12:05:34,305 - INFO - 이미 모든 보유 수량에 대해 매도 주문(0000012862)이 진행 중입니다.
2026-05-28 12:05:34,305 - INFO - 60초 후 다음 확인을 진행합니다. (현재 상태: SELLING)
2026-05-28 12:06:34,398 - INFO - [005930] 현재가: 299500원
2026-05-28 12:06:40,160 - INFO - 계좌 예수금: 9699460원
2026-05-28 12:06:40,161 - INFO - [005930] 보유: 6주, 매도 가능: 0주, 평단가: 0원
2026-05-28 12:06:40,161 - INFO - 이미 모든 보유 수량에 대해 매도 주문(0000012862)이 진행 중입니다.
2026-05-28 12:06:40,162 - INFO - 60초 후 다음 확인을 진행합니다. (현재 상태: SELLING)
2026-05-28 12:07:43,216 - INFO - [005930] 현재가: 299750원
2026-05-28 12:07:48,525 - INFO - 계좌 예수금: 9699460원
2026-05-28 12:07:48,526 - INFO - [005930] 보유: 6주, 매도 가능: 0주, 평단가: 0원
2026-05-28 12:07:48,526 - INFO - 이미 모든 보유 수량에 대해 매도 주문(0000012862)이 진행 중입니다.
2026-05-28 12:07:48,527 - INFO - 60초 후 다음 확인을 진행합니다. (현재 상태: SELLING)
2026-05-28 12:08:48,631 - INFO - [005930] 현재가: 299750원
2026-05-28 12:08:53,931 - INFO - 계좌 예수금: 9699460원
2026-05-28 12:08:53,932 - INFO - [005930] 보유: 6주, 매도 가능: 0주, 평단가: 0원
2026-05-28 12:08:53,932 - INFO - 이미 모든 보유 수량에 대해 매도 주문(0000012862)이 진행 중입니다.
2026-05-28 12:08:53,932 - INFO - 60초 후 다음 확인을 진행합니다. (현재 상태: SELLING)
2026-05-28 12:09:54,576 - INFO - [005930] 현재가: 299750원
2026-05-28 12:10:00,773 - INFO - 계좌 예수금: 9699460원
2026-05-28 12:10:00,773 - INFO - [005930] 보유: 6주, 매도 가능: 0주, 평단가: 0원
2026-05-28 12:10:00,773 - INFO - 이미 모든 보유 수량에 대해 매도 주문(0000012862)이 진행 중입니다.
2026-05-28 12:10:00,774 - INFO - 60초 후 다음 확인을 진행합니다. (현재 상태: SELLING)
2026-05-28 12:11:00,880 - INFO - [005930] 현재가: 300000원
2026-05-28 12:11:05,769 - INFO - 계좌 예수금: 9699460원
2026-05-28 12:11:05,770 - INFO - [005930] 보유: 6주, 매도 가능: 0주, 평단가: 0원
2026-05-28 12:11:05,771 - INFO - 이미 모든 보유 수량에 대해 매도 주문(0000012862)이 진행 중입니다.
2026-05-28 12:11:05,771 - INFO - 60초 후 다음 확인을 진행합니다. (현재 상태: SELLING)
2026-05-28 12:12:05,854 - INFO - [005930] 현재가: 300000원
2026-05-28 12:12:10,495 - INFO - 계좌 예수금: 9699460원
2026-05-28 12:12:10,495 - INFO - [005930] 보유: 6주, 매도 가능: 0주, 평단가: 0원
2026-05-28 12:12:10,496 - INFO - 이미 모든 보유 수량에 대해 매도 주문(0000012862)이 진행 중입니다.
2026-05-28 12:12:10,496 - INFO - 60초 후 다음 확인을 진행합니다. (현재 상태: SELLING)
2026-05-28 12:13:12,051 - INFO - [005930] 현재가: 300000원
2026-05-28 12:13:16,712 - INFO - 계좌 예수금: 9699460원
2026-05-28 12:13:16,712 - INFO - [005930] 보유: 6주, 매도 가능: 0주, 평단가: 0원
2026-05-28 12:13:16,712 - INFO - 이미 모든 보유 수량에 대해 매도 주문(0000012862)이 진행 중입니다.
2026-05-28 12:13:16,712 - INFO - 60초 후 다음 확인을 진행합니다. (현재 상태: SELLING)
2026-05-28 12:14:17,911 - INFO - [005930] 현재가: 300000원
2026-05-28 12:14:23,801 - INFO - 계좌 예수금: 9699460원
2026-05-28 12:14:23,802 - INFO - [005930] 보유: 6주, 매도 가능: 0주, 평단가: 0원
2026-05-28 12:14:23,802 - INFO - 이미 모든 보유 수량에 대해 매도 주문(0000012862)이 진행 중입니다.
2026-05-28 12:14:23,802 - INFO - 60초 후 다음 확인을 진행합니다. (현재 상태: SELLING)
2026-05-28 12:15:26,293 - INFO - [005930] 현재가: 300000원
2026-05-28 12:15:33,961 - INFO - 계좌 예수금: 9699460원
2026-05-28 12:15:33,962 - INFO - [005930] 보유: 6주, 매도 가능: 0주, 평단가: 0원
2026-05-28 12:15:33,963 - INFO - 이미 모든 보유 수량에 대해 매도 주문(0000012862)이 진행 중입니다.
2026-05-28 12:15:33,963 - INFO - 60초 후 다음 확인을 진행합니다. (현재 상태: SELLING)
2026-05-28 12:16:35,803 - INFO - [005930] 현재가: 299500원
2026-05-28 12:16:40,652 - INFO - 계좌 예수금: 9699460원
2026-05-28 12:16:40,652 - INFO - [005930] 보유: 6주, 매도 가능: 0주, 평단가: 0원
2026-05-28 12:16:40,653 - INFO - 이미 모든 보유 수량에 대해 매도 주문(0000012862)이 진행 중입니다.
2026-05-28 12:16:40,653 - INFO - 60초 후 다음 확인을 진행합니다. (현재 상태: SELLING)
2026-05-28 12:17:42,373 - INFO - [005930] 현재가: 300000원
2026-05-28 12:17:48,548 - INFO - 계좌 예수금: 9699460원
2026-05-28 12:17:48,549 - INFO - [005930] 보유: 6주, 매도 가능: 0주, 평단가: 0원
2026-05-28 12:17:48,549 - INFO - 이미 모든 보유 수량에 대해 매도 주문(0000012862)이 진행 중입니다.
2026-05-28 12:17:48,549 - INFO - 60초 후 다음 확인을 진행합니다. (현재 상태: SELLING)
2026-05-28 12:18:48,630 - INFO - [005930] 현재가: 300000원
2026-05-28 12:18:50,284 - INFO - 계좌 예수금: 9699460원
2026-05-28 12:18:50,285 - INFO - [005930] 보유: 6주, 매도 가능: 0주, 평단가: 0원
2026-05-28 12:18:50,286 - INFO - 이미 모든 보유 수량에 대해 매도 주문(0000012862)이 진행 중입니다.
2026-05-28 12:18:50,286 - INFO - 60초 후 다음 확인을 진행합니다. (현재 상태: SELLING)
2026-05-28 12:19:52,387 - INFO - [005930] 현재가: 299250원
2026-05-28 12:19:59,311 - INFO - 계좌 예수금: 9699460원
2026-05-28 12:19:59,312 - INFO - [005930] 보유: 6주, 매도 가능: 0주, 평단가: 0원
2026-05-28 12:19:59,313 - INFO - 이미 모든 보유 수량에 대해 매도 주문(0000012862)이 진행 중입니다.
2026-05-28 12:19:59,313 - INFO - 60초 후 다음 확인을 진행합니다. (현재 상태: SELLING)
2026-05-28 12:21:00,034 - INFO - [005930] 현재가: 299000원
2026-05-28 12:21:04,771 - INFO - 계좌 예수금: 9699460원
2026-05-28 12:21:04,771 - INFO - [005930] 보유: 6주, 매도 가능: 0주, 평단가: 0원
2026-05-28 12:21:04,772 - INFO - 이미 모든 보유 수량에 대해 매도 주문(0000012862)이 진행 중입니다.
2026-05-28 12:21:04,772 - INFO - 60초 후 다음 확인을 진행합니다. (현재 상태: SELLING)
2026-05-28 12:22:04,860 - INFO - [005930] 현재가: 298750원
2026-05-28 12:22:14,464 - INFO - 계좌 예수금: 9699460원
2026-05-28 12:22:14,465 - INFO - [005930] 보유: 6주, 매도 가능: 0주, 평단가: 0원
2026-05-28 12:22:14,465 - INFO - 이미 모든 보유 수량에 대해 매도 주문(0000012862)이 진행 중입니다.
2026-05-28 12:22:14,465 - INFO - 60초 후 다음 확인을 진행합니다. (현재 상태: SELLING)
2026-05-28 12:23:16,661 - INFO - [005930] 현재가: 298000원
2026-05-28 12:23:23,487 - INFO - 계좌 예수금: 9699460원
2026-05-28 12:23:23,488 - INFO - [005930] 보유: 6주, 매도 가능: 0주, 평단가: 0원
2026-05-28 12:23:23,488 - INFO - 이미 모든 보유 수량에 대해 매도 주문(0000012862)이 진행 중입니다.
2026-05-28 12:23:23,489 - INFO - 60초 후 다음 확인을 진행합니다. (현재 상태: SELLING)
2026-05-28 12:24:23,575 - INFO - [005930] 현재가: 298000원
2026-05-28 12:24:27,809 - INFO - 계좌 예수금: 9699460원
2026-05-28 12:24:27,810 - INFO - [005930] 보유: 6주, 매도 가능: 0주, 평단가: 0원
2026-05-28 12:24:27,810 - INFO - 이미 모든 보유 수량에 대해 매도 주문(0000012862)이 진행 중입니다.
2026-05-28 12:24:27,811 - INFO - 60초 후 다음 확인을 진행합니다. (현재 상태: SELLING)
2026-05-28 12:25:29,873 - INFO - [005930] 현재가: 297750원
2026-05-28 12:25:36,457 - INFO - 계좌 예수금: 9699460원
2026-05-28 12:25:36,458 - INFO - [005930] 보유: 6주, 매도 가능: 0주, 평단가: 0원
2026-05-28 12:25:36,458 - INFO - 이미 모든 보유 수량에 대해 매도 주문(0000012862)이 진행 중입니다.
2026-05-28 12:25:36,458 - INFO - 60초 후 다음 확인을 진행합니다. (현재 상태: SELLING)
2026-05-28 12:26:37,469 - INFO - [005930] 현재가: 297250원
2026-05-28 12:26:42,898 - INFO - 계좌 예수금: 9699460원
2026-05-28 12:26:42,899 - INFO - [005930] 보유: 6주, 매도 가능: 0주, 평단가: 0원
2026-05-28 12:26:42,899 - INFO - 이미 모든 보유 수량에 대해 매도 주문(0000012862)이 진행 중입니다.
2026-05-28 12:26:42,900 - INFO - 60초 후 다음 확인을 진행합니다. (현재 상태: SELLING)
2026-05-28 12:27:43,253 - INFO - [005930] 현재가: 297000원
2026-05-28 12:27:48,093 - INFO - 계좌 예수금: 9699460원
2026-05-28 12:27:48,093 - INFO - [005930] 보유: 6주, 매도 가능: 0주, 평단가: 0원
2026-05-28 12:27:48,094 - INFO - 이미 모든 보유 수량에 대해 매도 주문(0000012862)이 진행 중입니다.
2026-05-28 12:27:48,094 - INFO - 60초 후 다음 확인을 진행합니다. (현재 상태: SELLING)
2026-05-28 12:28:48,180 - INFO - [005930] 현재가: 297250원
2026-05-28 12:28:52,570 - INFO - 계좌 예수금: 9699460원
2026-05-28 12:28:52,570 - INFO - [005930] 보유: 6주, 매도 가능: 0주, 평단가: 0원
2026-05-28 12:28:52,571 - INFO - 이미 모든 보유 수량에 대해 매도 주문(0000012862)이 진행 중입니다.
2026-05-28 12:28:52,571 - INFO - 60초 후 다음 확인을 진행합니다. (현재 상태: SELLING)
2026-05-28 12:29:53,354 - INFO - [005930] 현재가: 297750원
2026-05-28 12:29:59,942 - INFO - 계좌 예수금: 9699460원
2026-05-28 12:29:59,943 - INFO - [005930] 보유: 6주, 매도 가능: 0주, 평단가: 0원
2026-05-28 12:29:59,943 - INFO - 이미 모든 보유 수량에 대해 매도 주문(0000012862)이 진행 중입니다.
2026-05-28 12:29:59,944 - INFO - 60초 후 다음 확인을 진행합니다. (현재 상태: SELLING)
2026-05-28 12:31:00,396 - INFO - [005930] 현재가: 296750원
2026-05-28 12:31:08,146 - INFO - 계좌 예수금: 9699460원
2026-05-28 12:31:08,146 - INFO - [005930] 보유: 6주, 매도 가능: 0주, 평단가: 0원
2026-05-28 12:31:08,146 - INFO - 이미 모든 보유 수량에 대해 매도 주문(0000012862)이 진행 중입니다.
2026-05-28 12:31:08,147 - INFO - 60초 후 다음 확인을 진행합니다. (현재 상태: SELLING)
2026-05-28 12:32:11,328 - INFO - [005930] 현재가: 296500원
2026-05-28 12:32:15,560 - INFO - 계좌 예수금: 9699460원
2026-05-28 12:32:15,561 - INFO - [005930] 보유: 6주, 매도 가능: 0주, 평단가: 0원
2026-05-28 12:32:15,561 - INFO - 이미 모든 보유 수량에 대해 매도 주문(0000012862)이 진행 중입니다.
2026-05-28 12:32:15,561 - INFO - 60초 후 다음 확인을 진행합니다. (현재 상태: SELLING)
2026-05-28 12:33:18,710 - INFO - [005930] 현재가: 296250원
2026-05-28 12:33:24,019 - INFO - 계좌 예수금: 9699460원
2026-05-28 12:33:24,020 - INFO - [005930] 보유: 6주, 매도 가능: 0주, 평단가: 0원
2026-05-28 12:33:24,021 - INFO - 이미 모든 보유 수량에 대해 매도 주문(0000012862)이 진행 중입니다.
2026-05-28 12:33:24,021 - INFO - 60초 후 다음 확인을 진행합니다. (현재 상태: SELLING)
2026-05-28 12:34:25,036 - INFO - [005930] 현재가: 296000원
2026-05-28 12:34:31,587 - INFO - 계좌 예수금: 9699460원
2026-05-28 12:34:31,588 - INFO - [005930] 보유: 6주, 매도 가능: 0주, 평단가: 0원
2026-05-28 12:34:31,588 - INFO - 이미 모든 보유 수량에 대해 매도 주문(0000012862)이 진행 중입니다.
2026-05-28 12:34:31,588 - INFO - 60초 후 다음 확인을 진행합니다. (현재 상태: SELLING)
2026-05-28 12:35:31,677 - INFO - [005930] 현재가: 295500원
2026-05-28 12:35:37,062 - INFO - 계좌 예수금: 9699460원
2026-05-28 12:35:37,062 - INFO - [005930] 보유: 6주, 매도 가능: 0주, 평단가: 0원
2026-05-28 12:35:37,063 - INFO - 이미 모든 보유 수량에 대해 매도 주문(0000012862)이 진행 중입니다.
2026-05-28 12:35:37,063 - INFO - 60초 후 다음 확인을 진행합니다. (현재 상태: SELLING)
2026-05-28 12:36:37,174 - INFO - [005930] 현재가: 295500원
2026-05-28 12:36:41,694 - INFO - 계좌 예수금: 9699460원
2026-05-28 12:36:41,695 - INFO - [005930] 보유: 6주, 매도 가능: 0주, 평단가: 0원
2026-05-28 12:36:41,695 - INFO - 이미 모든 보유 수량에 대해 매도 주문(0000012862)이 진행 중입니다.
2026-05-28 12:36:41,696 - INFO - 60초 후 다음 확인을 진행합니다. (현재 상태: SELLING)
2026-05-28 12:37:44,242 - INFO - [005930] 현재가: 295500원
2026-05-28 12:37:51,672 - INFO - 계좌 예수금: 9699460원
2026-05-28 12:37:51,673 - INFO - [005930] 보유: 6주, 매도 가능: 0주, 평단가: 0원
2026-05-28 12:37:51,674 - INFO - 이미 모든 보유 수량에 대해 매도 주문(0000012862)이 진행 중입니다.
2026-05-28 12:37:51,674 - INFO - 60초 후 다음 확인을 진행합니다. (현재 상태: SELLING)
2026-05-28 12:38:51,765 - INFO - [005930] 현재가: 294500원
2026-05-28 12:38:55,024 - INFO - 계좌 예수금: 9699460원
2026-05-28 12:38:55,025 - INFO - [005930] 보유: 6주, 매도 가능: 0주, 평단가: 0원
2026-05-28 12:38:55,025 - INFO - 이미 모든 보유 수량에 대해 매도 주문(0000012862)이 진행 중입니다.
2026-05-28 12:38:55,026 - INFO - 60초 후 다음 확인을 진행합니다. (현재 상태: SELLING)
2026-05-28 12:39:55,117 - INFO - [005930] 현재가: 294000원
2026-05-28 12:40:00,386 - INFO - 계좌 예수금: 9699460원
2026-05-28 12:40:00,387 - INFO - [005930] 보유: 6주, 매도 가능: 0주, 평단가: 0원
2026-05-28 12:40:00,387 - INFO - 이미 모든 보유 수량에 대해 매도 주문(0000012862)이 진행 중입니다.
2026-05-28 12:40:00,387 - INFO - 60초 후 다음 확인을 진행합니다. (현재 상태: SELLING)
2026-05-28 12:41:00,465 - INFO - [005930] 현재가: 293500원
2026-05-28 12:41:09,469 - INFO - 계좌 예수금: 9699460원
2026-05-28 12:41:09,469 - INFO - [005930] 보유: 6주, 매도 가능: 0주, 평단가: 0원
2026-05-28 12:41:09,470 - INFO - 이미 모든 보유 수량에 대해 매도 주문(0000012862)이 진행 중입니다.
2026-05-28 12:41:09,470 - INFO - 60초 후 다음 확인을 진행합니다. (현재 상태: SELLING)
2026-05-28 12:42:09,553 - INFO - [005930] 현재가: 293000원
2026-05-28 12:42:17,948 - INFO - 계좌 예수금: 9699460원
2026-05-28 12:42:17,948 - INFO - [005930] 보유: 6주, 매도 가능: 0주, 평단가: 0원
2026-05-28 12:42:17,949 - INFO - 이미 모든 보유 수량에 대해 매도 주문(0000012862)이 진행 중입니다.
2026-05-28 12:42:17,950 - INFO - 60초 후 다음 확인을 진행합니다. (현재 상태: SELLING)
2026-05-28 12:43:20,110 - INFO - [005930] 현재가: 293000원
2026-05-28 12:43:25,274 - INFO - 계좌 예수금: 9699460원
2026-05-28 12:43:25,274 - INFO - [005930] 보유: 6주, 매도 가능: 0주, 평단가: 0원
2026-05-28 12:43:25,275 - INFO - 이미 모든 보유 수량에 대해 매도 주문(0000012862)이 진행 중입니다.
2026-05-28 12:43:25,275 - INFO - 60초 후 다음 확인을 진행합니다. (현재 상태: SELLING)
2026-05-28 12:44:27,022 - INFO - [005930] 현재가: 293500원
2026-05-28 12:44:32,785 - INFO - 계좌 예수금: 9699460원
2026-05-28 12:44:32,786 - INFO - [005930] 보유: 6주, 매도 가능: 0주, 평단가: 0원
2026-05-28 12:44:32,786 - INFO - 이미 모든 보유 수량에 대해 매도 주문(0000012862)이 진행 중입니다.
2026-05-28 12:44:32,786 - INFO - 60초 후 다음 확인을 진행합니다. (현재 상태: SELLING)
2026-05-28 12:45:33,423 - INFO - [005930] 현재가: 293000원
2026-05-28 12:45:38,979 - INFO - 계좌 예수금: 9699460원
2026-05-28 12:45:38,980 - INFO - [005930] 보유: 6주, 매도 가능: 0주, 평단가: 0원
2026-05-28 12:45:38,980 - INFO - 이미 모든 보유 수량에 대해 매도 주문(0000012862)이 진행 중입니다.
2026-05-28 12:45:38,981 - INFO - 60초 후 다음 확인을 진행합니다. (현재 상태: SELLING)
2026-05-28 12:46:40,335 - INFO - [005930] 현재가: 295000원
2026-05-28 12:46:44,023 - INFO - 계좌 예수금: 9699460원
2026-05-28 12:46:44,024 - INFO - [005930] 보유: 6주, 매도 가능: 0주, 평단가: 0원
2026-05-28 12:46:44,024 - INFO - 이미 모든 보유 수량에 대해 매도 주문(0000012862)이 진행 중입니다.
2026-05-28 12:46:44,024 - INFO - 60초 후 다음 확인을 진행합니다. (현재 상태: SELLING)
2026-05-28 12:47:44,108 - INFO - [005930] 현재가: 295000원
2026-05-28 12:47:50,847 - INFO - 계좌 예수금: 9699460원
2026-05-28 12:47:50,848 - INFO - [005930] 보유: 6주, 매도 가능: 0주, 평단가: 0원
2026-05-28 12:47:50,849 - INFO - 이미 모든 보유 수량에 대해 매도 주문(0000012862)이 진행 중입니다.
2026-05-28 12:47:50,849 - INFO - 60초 후 다음 확인을 진행합니다. (현재 상태: SELLING)
2026-05-28 12:48:52,848 - INFO - [005930] 현재가: 296000원
2026-05-28 12:49:00,330 - INFO - 계좌 예수금: 9699460원
2026-05-28 12:49:00,330 - INFO - [005930] 보유: 6주, 매도 가능: 0주, 평단가: 0원
2026-05-28 12:49:00,330 - INFO - 이미 모든 보유 수량에 대해 매도 주문(0000012862)이 진행 중입니다.
2026-05-28 12:49:00,331 - INFO - 60초 후 다음 확인을 진행합니다. (현재 상태: SELLING)
2026-05-28 12:50:01,592 - INFO - [005930] 현재가: 295250원
2026-05-28 12:50:08,169 - INFO - 계좌 예수금: 9699460원
2026-05-28 12:50:08,169 - INFO - [005930] 보유: 6주, 매도 가능: 0주, 평단가: 0원
2026-05-28 12:50:08,170 - INFO - 이미 모든 보유 수량에 대해 매도 주문(0000012862)이 진행 중입니다.
2026-05-28 12:50:08,170 - INFO - 60초 후 다음 확인을 진행합니다. (현재 상태: SELLING)
2026-05-28 13:49:28,738 - INFO - [005930] 현재가: 290750원
2026-05-28 13:49:34,544 - INFO - 계좌 예수금: 9699460원
2026-05-28 13:49:34,544 - INFO - [005930] 보유: 6주, 매도 가능: 0주, 평단가: 0원
2026-05-28 13:49:34,545 - INFO - 이미 모든 보유 수량에 대해 매도 주문(0000012862)이 진행 중입니다.
2026-05-28 13:49:34,545 - INFO - 60초 후 다음 확인을 진행합니다. (현재 상태: SELLING)
2026-05-28 13:50:35,506 - INFO - [005930] 현재가: 291500원
2026-05-28 13:50:41,046 - INFO - 계좌 예수금: 9699460원
2026-05-28 13:50:41,047 - INFO - [005930] 보유: 6주, 매도 가능: 0주, 평단가: 0원
2026-05-28 13:50:41,047 - INFO - 이미 모든 보유 수량에 대해 매도 주문(0000012862)이 진행 중입니다.
2026-05-28 13:50:41,047 - INFO - 60초 후 다음 확인을 진행합니다. (현재 상태: SELLING)
2026-05-28 13:51:41,851 - INFO - [005930] 현재가: 291750원
2026-05-28 13:51:47,657 - INFO - 계좌 예수금: 9699460원
2026-05-28 13:51:47,657 - INFO - [005930] 보유: 6주, 매도 가능: 0주, 평단가: 0원
2026-05-28 13:51:47,658 - INFO - 이미 모든 보유 수량에 대해 매도 주문(0000012862)이 진행 중입니다.
2026-05-28 13:51:47,658 - INFO - 60초 후 다음 확인을 진행합니다. (현재 상태: SELLING)
2026-05-28 13:52:47,752 - INFO - [005930] 현재가: 291750원
2026-05-28 13:52:52,231 - INFO - 계좌 예수금: 9699460원
2026-05-28 13:52:52,232 - INFO - [005930] 보유: 6주, 매도 가능: 0주, 평단가: 0원
2026-05-28 13:52:52,232 - INFO - 이미 모든 보유 수량에 대해 매도 주문(0000012862)이 진행 중입니다.
2026-05-28 13:52:52,232 - INFO - 60초 후 다음 확인을 진행합니다. (현재 상태: SELLING)
2026-05-28 13:53:52,410 - INFO - [005930] 현재가: 291500원
2026-05-28 13:53:57,154 - INFO - 계좌 예수금: 9699460원
2026-05-28 13:53:57,155 - INFO - [005930] 보유: 6주, 매도 가능: 0주, 평단가: 0원
2026-05-28 13:53:57,155 - INFO - 이미 모든 보유 수량에 대해 매도 주문(0000012862)이 진행 중입니다.
2026-05-28 13:53:57,156 - INFO - 60초 후 다음 확인을 진행합니다. (현재 상태: SELLING)
2026-05-28 13:54:57,260 - INFO - [005930] 현재가: 291500원
2026-05-28 13:55:01,670 - INFO - 계좌 예수금: 9699460원
2026-05-28 13:55:01,671 - INFO - [005930] 보유: 6주, 매도 가능: 0주, 평단가: 0원
2026-05-28 13:55:01,671 - INFO - 이미 모든 보유 수량에 대해 매도 주문(0000012862)이 진행 중입니다.
2026-05-28 13:55:01,671 - INFO - 60초 후 다음 확인을 진행합니다. (현재 상태: SELLING)
2026-05-28 13:56:03,426 - INFO - [005930] 현재가: 291500원
2026-05-28 13:56:10,704 - INFO - 계좌 예수금: 9699460원
2026-05-28 13:56:10,705 - INFO - [005930] 보유: 6주, 매도 가능: 0주, 평단가: 0원
2026-05-28 13:56:10,705 - INFO - 이미 모든 보유 수량에 대해 매도 주문(0000012862)이 진행 중입니다.
2026-05-28 13:56:10,705 - INFO - 60초 후 다음 확인을 진행합니다. (현재 상태: SELLING)
2026-05-28 13:57:11,305 - INFO - [005930] 현재가: 291500원
2026-05-28 13:57:17,244 - INFO - 계좌 예수금: 9699460원
2026-05-28 13:57:17,245 - INFO - [005930] 보유: 6주, 매도 가능: 0주, 평단가: 0원
2026-05-28 13:57:17,246 - INFO - 이미 모든 보유 수량에 대해 매도 주문(0000012862)이 진행 중입니다.
2026-05-28 13:57:17,246 - INFO - 60초 후 다음 확인을 진행합니다. (현재 상태: SELLING)
2026-05-28 13:58:19,313 - INFO - [005930] 현재가: 291250원
2026-05-28 13:58:26,300 - INFO - 계좌 예수금: 9699460원
2026-05-28 13:58:26,301 - INFO - [005930] 보유: 6주, 매도 가능: 0주, 평단가: 0원
2026-05-28 13:58:26,301 - INFO - 이미 모든 보유 수량에 대해 매도 주문(0000012862)이 진행 중입니다.
2026-05-28 13:58:26,302 - INFO - 60초 후 다음 확인을 진행합니다. (현재 상태: SELLING)
2026-05-28 13:59:29,193 - INFO - [005930] 현재가: 291000원
2026-05-28 13:59:36,477 - INFO - 계좌 예수금: 9699460원
2026-05-28 13:59:36,477 - INFO - [005930] 보유: 6주, 매도 가능: 0주, 평단가: 0원
2026-05-28 13:59:36,478 - INFO - 이미 모든 보유 수량에 대해 매도 주문(0000012862)이 진행 중입니다.
2026-05-28 13:59:36,478 - INFO - 60초 후 다음 확인을 진행합니다. (현재 상태: SELLING)
2026-05-28 14:00:40,640 - INFO - [005930] 현재가: 291000원
2026-05-28 14:00:49,487 - INFO - 계좌 예수금: 9699460원
2026-05-28 14:00:49,488 - INFO - [005930] 보유: 6주, 매도 가능: 0주, 평단가: 0원
2026-05-28 14:00:49,488 - INFO - 이미 모든 보유 수량에 대해 매도 주문(0000012862)이 진행 중입니다.
2026-05-28 14:00:49,488 - INFO - 60초 후 다음 확인을 진행합니다. (현재 상태: SELLING)
2026-05-28 14:01:51,692 - INFO - [005930] 현재가: 291000원
2026-05-28 14:01:58,871 - INFO - 계좌 예수금: 9699460원
2026-05-28 14:01:58,871 - INFO - [005930] 보유: 6주, 매도 가능: 0주, 평단가: 0원
2026-05-28 14:01:58,872 - INFO - 이미 모든 보유 수량에 대해 매도 주문(0000012862)이 진행 중입니다.
2026-05-28 14:01:58,873 - INFO - 60초 후 다음 확인을 진행합니다. (현재 상태: SELLING)
2026-05-28 14:03:00,493 - INFO - [005930] 현재가: 290250원
2026-05-28 14:03:07,490 - INFO - 계좌 예수금: 9699460원
2026-05-28 14:03:07,491 - INFO - [005930] 보유: 6주, 매도 가능: 0주, 평단가: 0원
2026-05-28 14:03:07,492 - INFO - 이미 모든 보유 수량에 대해 매도 주문(0000012862)이 진행 중입니다.
2026-05-28 14:03:07,492 - INFO - 60초 후 다음 확인을 진행합니다. (현재 상태: SELLING)
2026-05-28 14:04:09,315 - INFO - [005930] 현재가: 290500원
2026-05-28 14:04:16,361 - INFO - 계좌 예수금: 9699460원
2026-05-28 14:04:16,361 - INFO - [005930] 보유: 6주, 매도 가능: 0주, 평단가: 0원
2026-05-28 14:04:16,361 - INFO - 이미 모든 보유 수량에 대해 매도 주문(0000012862)이 진행 중입니다.
2026-05-28 14:04:16,361 - INFO - 60초 후 다음 확인을 진행합니다. (현재 상태: SELLING)
2026-05-28 14:05:17,158 - INFO - [005930] 현재가: 290500원
2026-05-28 14:05:27,666 - INFO - 계좌 예수금: 9699460원
2026-05-28 14:05:27,667 - INFO - [005930] 보유: 6주, 매도 가능: 0주, 평단가: 0원
2026-05-28 14:05:27,667 - INFO - 이미 모든 보유 수량에 대해 매도 주문(0000012862)이 진행 중입니다.
2026-05-28 14:05:27,668 - INFO - 60초 후 다음 확인을 진행합니다. (현재 상태: SELLING)
2026-05-28 14:06:27,826 - INFO - [005930] 현재가: 289750원
2026-05-28 14:06:33,224 - INFO - 계좌 예수금: 9699460원
2026-05-28 14:06:33,224 - INFO - [005930] 보유: 6주, 매도 가능: 0주, 평단가: 0원
2026-05-28 14:06:33,225 - INFO - 이미 모든 보유 수량에 대해 매도 주문(0000012862)이 진행 중입니다.
2026-05-28 14:06:33,225 - INFO - 60초 후 다음 확인을 진행합니다. (현재 상태: SELLING)
2026-05-28 14:07:33,333 - INFO - [005930] 현재가: 291000원
2026-05-28 14:07:40,127 - INFO - 계좌 예수금: 9699460원
2026-05-28 14:07:40,128 - INFO - [005930] 보유: 6주, 매도 가능: 0주, 평단가: 0원
2026-05-28 14:07:40,128 - INFO - 이미 모든 보유 수량에 대해 매도 주문(0000012862)이 진행 중입니다.
2026-05-28 14:07:40,128 - INFO - 60초 후 다음 확인을 진행합니다. (현재 상태: SELLING)
2026-05-28 14:08:40,215 - INFO - [005930] 현재가: 292000원
2026-05-28 14:08:46,818 - INFO - 계좌 예수금: 9699460원
2026-05-28 14:08:46,818 - INFO - [005930] 보유: 6주, 매도 가능: 0주, 평단가: 0원
2026-05-28 14:08:46,818 - INFO - 이미 모든 보유 수량에 대해 매도 주문(0000012862)이 진행 중입니다.
2026-05-28 14:08:46,819 - INFO - 60초 후 다음 확인을 진행합니다. (현재 상태: SELLING)
2026-05-28 14:09:46,917 - INFO - [005930] 현재가: 292500원
2026-05-28 14:09:51,623 - INFO - 계좌 예수금: 9699460원
2026-05-28 14:09:51,624 - INFO - [005930] 보유: 6주, 매도 가능: 0주, 평단가: 0원
2026-05-28 14:09:51,625 - INFO - 이미 모든 보유 수량에 대해 매도 주문(0000012862)이 진행 중입니다.
2026-05-28 14:09:51,625 - INFO - 60초 후 다음 확인을 진행합니다. (현재 상태: SELLING)
2026-05-28 14:10:53,080 - INFO - [005930] 현재가: 293000원
2026-05-28 14:10:57,450 - INFO - 계좌 예수금: 9699460원
2026-05-28 14:10:57,451 - INFO - [005930] 보유: 6주, 매도 가능: 0주, 평단가: 0원
2026-05-28 14:10:57,451 - INFO - 이미 모든 보유 수량에 대해 매도 주문(0000012862)이 진행 중입니다.
2026-05-28 14:10:57,452 - INFO - 60초 후 다음 확인을 진행합니다. (현재 상태: SELLING)
2026-05-28 14:11:57,531 - INFO - [005930] 현재가: 293500원
2026-05-28 14:12:01,644 - INFO - 계좌 예수금: 9699460원
2026-05-28 14:12:01,645 - INFO - [005930] 보유: 6주, 매도 가능: 0주, 평단가: 0원
2026-05-28 14:12:01,645 - INFO - 이미 모든 보유 수량에 대해 매도 주문(0000012862)이 진행 중입니다.
2026-05-28 14:12:01,646 - INFO - 60초 후 다음 확인을 진행합니다. (현재 상태: SELLING)
2026-05-28 14:13:01,742 - INFO - [005930] 현재가: 294000원
2026-05-28 14:13:09,904 - INFO - 계좌 예수금: 9699460원
2026-05-28 14:13:09,904 - INFO - [005930] 보유: 6주, 매도 가능: 0주, 평단가: 0원
2026-05-28 14:13:09,904 - INFO - 이미 모든 보유 수량에 대해 매도 주문(0000012862)이 진행 중입니다.
2026-05-28 14:13:09,905 - INFO - 60초 후 다음 확인을 진행합니다. (현재 상태: SELLING)
2026-05-28 14:14:10,002 - INFO - [005930] 현재가: 294000원
2026-05-28 14:14:14,918 - INFO - 계좌 예수금: 9699460원
2026-05-28 14:14:14,919 - INFO - [005930] 보유: 6주, 매도 가능: 0주, 평단가: 0원
2026-05-28 14:14:14,919 - INFO - 이미 모든 보유 수량에 대해 매도 주문(0000012862)이 진행 중입니다.
2026-05-28 14:14:14,919 - INFO - 60초 후 다음 확인을 진행합니다. (현재 상태: SELLING)
2026-05-28 14:15:16,776 - INFO - [005930] 현재가: 294500원
2026-05-28 14:15:23,705 - INFO - 계좌 예수금: 9699460원
2026-05-28 14:15:23,706 - INFO - [005930] 보유: 6주, 매도 가능: 0주, 평단가: 0원
2026-05-28 14:15:23,707 - INFO - 이미 모든 보유 수량에 대해 매도 주문(0000012862)이 진행 중입니다.
2026-05-28 14:15:23,707 - INFO - 60초 후 다음 확인을 진행합니다. (현재 상태: SELLING)
2026-05-28 14:16:23,798 - INFO - [005930] 현재가: 293500원
2026-05-28 14:16:30,761 - INFO - 계좌 예수금: 9699460원
2026-05-28 14:16:30,762 - INFO - [005930] 보유: 6주, 매도 가능: 0주, 평단가: 0원
2026-05-28 14:16:30,762 - INFO - 이미 모든 보유 수량에 대해 매도 주문(0000012862)이 진행 중입니다.
2026-05-28 14:16:30,763 - INFO - 60초 후 다음 확인을 진행합니다. (현재 상태: SELLING)
2026-05-28 14:17:33,769 - INFO - [005930] 현재가: 293000원
2026-05-28 14:17:36,953 - INFO - 계좌 예수금: 9699460원
2026-05-28 14:17:36,953 - INFO - [005930] 보유: 6주, 매도 가능: 0주, 평단가: 0원
2026-05-28 14:17:36,954 - INFO - 이미 모든 보유 수량에 대해 매도 주문(0000012862)이 진행 중입니다.
2026-05-28 14:17:36,954 - INFO - 60초 후 다음 확인을 진행합니다. (현재 상태: SELLING)
2026-05-28 14:18:37,047 - INFO - [005930] 현재가: 292750원
2026-05-28 14:18:43,151 - INFO - 계좌 예수금: 9699460원
2026-05-28 14:18:43,151 - INFO - [005930] 보유: 6주, 매도 가능: 0주, 평단가: 0원
2026-05-28 14:18:43,152 - INFO - 이미 모든 보유 수량에 대해 매도 주문(0000012862)이 진행 중입니다.
2026-05-28 14:18:43,152 - INFO - 60초 후 다음 확인을 진행합니다. (현재 상태: SELLING)
2026-05-28 14:19:43,245 - INFO - [005930] 현재가: 293250원
2026-05-28 14:19:48,870 - INFO - 계좌 예수금: 9699460원
2026-05-28 14:19:48,871 - INFO - [005930] 보유: 6주, 매도 가능: 0주, 평단가: 0원
2026-05-28 14:19:48,872 - INFO - 이미 모든 보유 수량에 대해 매도 주문(0000012862)이 진행 중입니다.
2026-05-28 14:19:48,872 - INFO - 60초 후 다음 확인을 진행합니다. (현재 상태: SELLING)
2026-05-28 14:20:50,449 - INFO - [005930] 현재가: 293500원
2026-05-28 14:20:55,143 - INFO - 계좌 예수금: 9699460원
2026-05-28 14:20:55,144 - INFO - [005930] 보유: 6주, 매도 가능: 0주, 평단가: 0원
2026-05-28 14:20:55,144 - INFO - 이미 모든 보유 수량에 대해 매도 주문(0000012862)이 진행 중입니다.
2026-05-28 14:20:55,145 - INFO - 60초 후 다음 확인을 진행합니다. (현재 상태: SELLING)
2026-05-28 14:21:57,749 - INFO - [005930] 현재가: 294000원
2026-05-28 14:22:04,380 - INFO - 계좌 예수금: 9699460원
2026-05-28 14:22:04,381 - INFO - [005930] 보유: 6주, 매도 가능: 0주, 평단가: 0원
2026-05-28 14:22:04,381 - INFO - 이미 모든 보유 수량에 대해 매도 주문(0000012862)이 진행 중입니다.
2026-05-28 14:22:04,381 - INFO - 60초 후 다음 확인을 진행합니다. (현재 상태: SELLING)
2026-05-28 14:23:06,113 - INFO - [005930] 현재가: 294500원
2026-05-28 14:23:11,989 - INFO - 계좌 예수금: 9699460원
2026-05-28 14:23:11,990 - INFO - [005930] 보유: 6주, 매도 가능: 0주, 평단가: 0원
2026-05-28 14:23:11,990 - INFO - 이미 모든 보유 수량에 대해 매도 주문(0000012862)이 진행 중입니다.
2026-05-28 14:23:11,991 - INFO - 60초 후 다음 확인을 진행합니다. (현재 상태: SELLING)
2026-05-28 14:24:12,319 - INFO - [005930] 현재가: 294250원
2026-05-28 14:24:19,410 - INFO - 계좌 예수금: 9699460원
2026-05-28 14:24:19,410 - INFO - [005930] 보유: 6주, 매도 가능: 0주, 평단가: 0원
2026-05-28 14:24:19,411 - INFO - 이미 모든 보유 수량에 대해 매도 주문(0000012862)이 진행 중입니다.
2026-05-28 14:24:19,412 - INFO - 60초 후 다음 확인을 진행합니다. (현재 상태: SELLING)
2026-05-28 14:25:19,499 - INFO - [005930] 현재가: 295000원
2026-05-28 14:25:22,047 - INFO - 계좌 예수금: 9699460원
2026-05-28 14:25:22,048 - INFO - [005930] 보유: 6주, 매도 가능: 0주, 평단가: 0원
2026-05-28 14:25:22,048 - INFO - 이미 모든 보유 수량에 대해 매도 주문(0000012862)이 진행 중입니다.
2026-05-28 14:25:22,049 - INFO - 60초 후 다음 확인을 진행합니다. (현재 상태: SELLING)
2026-05-28 14:26:22,138 - INFO - [005930] 현재가: 295500원
2026-05-28 14:26:24,894 - INFO - 계좌 예수금: 9699460원
2026-05-28 14:26:24,894 - INFO - [005930] 보유: 6주, 매도 가능: 0주, 평단가: 0원
2026-05-28 14:26:24,895 - INFO - 이미 모든 보유 수량에 대해 매도 주문(0000012862)이 진행 중입니다.
2026-05-28 14:26:24,895 - INFO - 60초 후 다음 확인을 진행합니다. (현재 상태: SELLING)
2026-05-28 14:27:27,772 - INFO - [005930] 현재가: 295500원
2026-05-28 14:27:32,939 - INFO - 계좌 예수금: 9699460원
2026-05-28 14:27:32,940 - INFO - [005930] 보유: 6주, 매도 가능: 0주, 평단가: 0원
2026-05-28 14:27:32,941 - INFO - 이미 모든 보유 수량에 대해 매도 주문(0000012862)이 진행 중입니다.
2026-05-28 14:27:32,941 - INFO - 60초 후 다음 확인을 진행합니다. (현재 상태: SELLING)
2026-05-28 14:28:33,037 - INFO - [005930] 현재가: 295000원
2026-05-28 14:28:38,336 - INFO - 계좌 예수금: 9699460원
2026-05-28 14:28:38,337 - INFO - [005930] 보유: 6주, 매도 가능: 0주, 평단가: 0원
2026-05-28 14:28:38,337 - INFO - 이미 모든 보유 수량에 대해 매도 주문(0000012862)이 진행 중입니다.
2026-05-28 14:28:38,337 - INFO - 60초 후 다음 확인을 진행합니다. (현재 상태: SELLING)
2026-05-28 14:29:38,419 - INFO - [005930] 현재가: 295000원
2026-05-28 14:29:43,843 - INFO - 계좌 예수금: 9699460원
2026-05-28 14:29:43,843 - INFO - [005930] 보유: 6주, 매도 가능: 0주, 평단가: 0원
2026-05-28 14:29:43,843 - INFO - 이미 모든 보유 수량에 대해 매도 주문(0000012862)이 진행 중입니다.
2026-05-28 14:29:43,844 - INFO - 60초 후 다음 확인을 진행합니다. (현재 상태: SELLING)
2026-05-28 14:30:47,285 - INFO - [005930] 현재가: 295500원
2026-05-28 14:30:54,346 - INFO - 계좌 예수금: 9699460원
2026-05-28 14:30:54,347 - INFO - [005930] 보유: 6주, 매도 가능: 0주, 평단가: 0원
2026-05-28 14:30:54,348 - INFO - 이미 모든 보유 수량에 대해 매도 주문(0000012862)이 진행 중입니다.
2026-05-28 14:30:54,348 - INFO - 60초 후 다음 확인을 진행합니다. (현재 상태: SELLING)
2026-05-28 14:31:54,441 - INFO - [005930] 현재가: 296000원
2026-05-28 14:32:02,273 - INFO - 계좌 예수금: 9699460원
2026-05-28 14:32:02,273 - INFO - [005930] 보유: 6주, 매도 가능: 0주, 평단가: 0원
2026-05-28 14:32:02,274 - INFO - 이미 모든 보유 수량에 대해 매도 주문(0000012862)이 진행 중입니다.
2026-05-28 14:32:02,274 - INFO - 60초 후 다음 확인을 진행합니다. (현재 상태: SELLING)
2026-05-28 14:33:03,902 - INFO - [005930] 현재가: 295500원
2026-05-28 14:33:10,978 - INFO - 계좌 예수금: 9699460원
2026-05-28 14:33:10,979 - INFO - [005930] 보유: 6주, 매도 가능: 0주, 평단가: 0원
2026-05-28 14:33:10,980 - INFO - 이미 모든 보유 수량에 대해 매도 주문(0000012862)이 진행 중입니다.
2026-05-28 14:33:10,980 - INFO - 60초 후 다음 확인을 진행합니다. (현재 상태: SELLING)
2026-05-28 14:34:13,059 - INFO - [005930] 현재가: 296250원
2026-05-28 14:34:18,064 - INFO - 계좌 예수금: 9699460원
2026-05-28 14:34:18,065 - INFO - [005930] 보유: 6주, 매도 가능: 0주, 평단가: 0원
2026-05-28 14:34:18,065 - INFO - 이미 모든 보유 수량에 대해 매도 주문(0000012862)이 진행 중입니다.
2026-05-28 14:34:18,065 - INFO - 60초 후 다음 확인을 진행합니다. (현재 상태: SELLING)
2026-05-28 14:35:18,420 - INFO - [005930] 현재가: 297000원
2026-05-28 14:35:23,555 - INFO - 계좌 예수금: 9699460원
2026-05-28 14:35:23,555 - INFO - [005930] 보유: 6주, 매도 가능: 0주, 평단가: 0원
2026-05-28 14:35:23,556 - INFO - 이미 모든 보유 수량에 대해 매도 주문(0000012862)이 진행 중입니다.
2026-05-28 14:35:23,556 - INFO - 60초 후 다음 확인을 진행합니다. (현재 상태: SELLING)
2026-05-28 14:36:25,412 - INFO - [005930] 현재가: 297000원
2026-05-28 14:36:30,310 - INFO - 계좌 예수금: 9699460원
2026-05-28 14:36:30,310 - INFO - [005930] 보유: 6주, 매도 가능: 0주, 평단가: 0원
2026-05-28 14:36:30,311 - INFO - 이미 모든 보유 수량에 대해 매도 주문(0000012862)이 진행 중입니다.
2026-05-28 14:36:30,311 - INFO - 60초 후 다음 확인을 진행합니다. (현재 상태: SELLING)
2026-05-28 14:37:30,422 - INFO - [005930] 현재가: 296750원
2026-05-28 14:37:37,815 - INFO - 계좌 예수금: 9699460원
2026-05-28 14:37:37,816 - INFO - [005930] 보유: 6주, 매도 가능: 0주, 평단가: 0원
2026-05-28 14:37:37,817 - INFO - 이미 모든 보유 수량에 대해 매도 주문(0000012862)이 진행 중입니다.
2026-05-28 14:37:37,818 - INFO - 60초 후 다음 확인을 진행합니다. (현재 상태: SELLING)
2026-05-28 14:38:38,644 - INFO - [005930] 현재가: 297000원
2026-05-28 14:38:44,380 - INFO - 계좌 예수금: 9699460원
2026-05-28 14:38:44,381 - INFO - [005930] 보유: 6주, 매도 가능: 0주, 평단가: 0원
2026-05-28 14:38:44,381 - INFO - 이미 모든 보유 수량에 대해 매도 주문(0000012862)이 진행 중입니다.
2026-05-28 14:38:44,382 - INFO - 60초 후 다음 확인을 진행합니다. (현재 상태: SELLING)
2026-05-28 14:39:44,495 - INFO - [005930] 현재가: 296500원
2026-05-28 14:39:50,328 - INFO - 계좌 예수금: 9699460원
2026-05-28 14:39:50,328 - INFO - [005930] 보유: 6주, 매도 가능: 0주, 평단가: 0원
2026-05-28 14:39:50,329 - INFO - 이미 모든 보유 수량에 대해 매도 주문(0000012862)이 진행 중입니다.
2026-05-28 14:39:50,330 - INFO - 60초 후 다음 확인을 진행합니다. (현재 상태: SELLING)
2026-05-28 14:40:51,056 - INFO - [005930] 현재가: 296500원
2026-05-28 14:40:57,509 - INFO - 계좌 예수금: 9699460원
2026-05-28 14:40:57,510 - INFO - [005930] 보유: 6주, 매도 가능: 0주, 평단가: 0원
2026-05-28 14:40:57,511 - INFO - 이미 모든 보유 수량에 대해 매도 주문(0000012862)이 진행 중입니다.
2026-05-28 14:40:57,511 - INFO - 60초 후 다음 확인을 진행합니다. (현재 상태: SELLING)
2026-05-28 14:41:59,570 - INFO - [005930] 현재가: 297000원
2026-05-28 14:42:01,415 - INFO - 계좌 예수금: 9699460원
2026-05-28 14:42:01,416 - INFO - [005930] 보유: 6주, 매도 가능: 0주, 평단가: 0원
2026-05-28 14:42:01,416 - INFO - 이미 모든 보유 수량에 대해 매도 주문(0000012862)이 진행 중입니다.
2026-05-28 14:42:01,417 - INFO - 60초 후 다음 확인을 진행합니다. (현재 상태: SELLING)
2026-05-28 14:43:01,520 - INFO - [005930] 현재가: 296500원
2026-05-28 14:43:04,388 - INFO - 계좌 예수금: 9699460원
2026-05-28 14:43:04,389 - INFO - [005930] 보유: 6주, 매도 가능: 0주, 평단가: 0원
2026-05-28 14:43:04,389 - INFO - 이미 모든 보유 수량에 대해 매도 주문(0000012862)이 진행 중입니다.
2026-05-28 14:43:04,390 - INFO - 60초 후 다음 확인을 진행합니다. (현재 상태: SELLING)
2026-05-28 14:44:06,138 - INFO - [005930] 현재가: 295250원
2026-05-28 14:44:12,777 - INFO - 계좌 예수금: 9699460원
2026-05-28 14:44:12,778 - INFO - [005930] 보유: 6주, 매도 가능: 0주, 평단가: 0원
2026-05-28 14:44:12,779 - INFO - 이미 모든 보유 수량에 대해 매도 주문(0000012862)이 진행 중입니다.
2026-05-28 14:44:12,779 - INFO - 60초 후 다음 확인을 진행합니다. (현재 상태: SELLING)
2026-05-28 14:45:13,121 - INFO - [005930] 현재가: 296000원
2026-05-28 14:45:23,146 - INFO - 계좌 예수금: 9699460원
2026-05-28 14:45:23,147 - INFO - [005930] 보유: 6주, 매도 가능: 0주, 평단가: 0원
2026-05-28 14:45:23,147 - INFO - 이미 모든 보유 수량에 대해 매도 주문(0000012862)이 진행 중입니다.
2026-05-28 14:45:23,148 - INFO - 60초 후 다음 확인을 진행합니다. (현재 상태: SELLING)
2026-05-28 14:46:23,252 - INFO - [005930] 현재가: 296500원
2026-05-28 14:46:27,203 - INFO - 계좌 예수금: 9699460원
2026-05-28 14:46:27,204 - INFO - [005930] 보유: 6주, 매도 가능: 0주, 평단가: 0원
2026-05-28 14:46:27,205 - INFO - 이미 모든 보유 수량에 대해 매도 주문(0000012862)이 진행 중입니다.
2026-05-28 14:46:27,206 - INFO - 60초 후 다음 확인을 진행합니다. (현재 상태: SELLING)
2026-05-28 14:47:28,602 - INFO - [005930] 현재가: 297000원
2026-05-28 14:47:32,915 - INFO - 계좌 예수금: 9699460원
2026-05-28 14:47:32,916 - INFO - [005930] 보유: 6주, 매도 가능: 0주, 평단가: 0원
2026-05-28 14:47:32,916 - INFO - 이미 모든 보유 수량에 대해 매도 주문(0000012862)이 진행 중입니다.
2026-05-28 14:47:32,916 - INFO - 60초 후 다음 확인을 진행합니다. (현재 상태: SELLING)
2026-05-28 14:48:33,071 - INFO - [005930] 현재가: 297500원
2026-05-28 14:48:38,041 - INFO - 계좌 예수금: 9699460원
2026-05-28 14:48:38,042 - INFO - [005930] 보유: 6주, 매도 가능: 0주, 평단가: 0원
2026-05-28 14:48:38,043 - INFO - 이미 모든 보유 수량에 대해 매도 주문(0000012862)이 진행 중입니다.
2026-05-28 14:48:38,044 - INFO - 60초 후 다음 확인을 진행합니다. (현재 상태: SELLING)
2026-05-28 14:49:38,232 - INFO - [005930] 현재가: 298500원
2026-05-28 14:49:43,366 - INFO - 계좌 예수금: 9699460원
2026-05-28 14:49:43,367 - INFO - [005930] 보유: 6주, 매도 가능: 0주, 평단가: 0원
2026-05-28 14:49:43,368 - INFO - 이미 모든 보유 수량에 대해 매도 주문(0000012862)이 진행 중입니다.
2026-05-28 14:49:43,368 - INFO - 60초 후 다음 확인을 진행합니다. (현재 상태: SELLING)
2026-05-28 14:50:43,505 - INFO - [005930] 현재가: 299000원
2026-05-28 14:50:48,608 - INFO - 계좌 예수금: 9699460원
2026-05-28 14:50:48,609 - INFO - [005930] 보유: 6주, 매도 가능: 0주, 평단가: 0원
2026-05-28 14:50:48,610 - INFO - 이미 모든 보유 수량에 대해 매도 주문(0000012862)이 진행 중입니다.
2026-05-28 14:50:48,610 - INFO - 60초 후 다음 확인을 진행합니다. (현재 상태: SELLING)
2026-05-28 14:51:50,117 - INFO - [005930] 현재가: 299250원
2026-05-28 14:51:55,570 - INFO - 계좌 예수금: 9699460원
2026-05-28 14:51:55,570 - INFO - [005930] 보유: 6주, 매도 가능: 0주, 평단가: 0원
2026-05-28 14:51:55,571 - INFO - 이미 모든 보유 수량에 대해 매도 주문(0000012862)이 진행 중입니다.
2026-05-28 14:51:55,571 - INFO - 60초 후 다음 확인을 진행합니다. (현재 상태: SELLING)
2026-05-28 14:52:55,692 - INFO - [005930] 현재가: 299500원
2026-05-28 14:53:01,003 - INFO - 계좌 예수금: 9699460원
2026-05-28 14:53:01,004 - INFO - [005930] 보유: 6주, 매도 가능: 0주, 평단가: 0원
2026-05-28 14:53:01,004 - INFO - 이미 모든 보유 수량에 대해 매도 주문(0000012862)이 진행 중입니다.
2026-05-28 14:53:01,005 - INFO - 60초 후 다음 확인을 진행합니다. (현재 상태: SELLING)
2026-05-28 14:54:03,063 - INFO - [005930] 현재가: 298500원
2026-05-28 14:54:10,742 - INFO - 계좌 예수금: 9699460원
2026-05-28 14:54:10,743 - INFO - [005930] 보유: 6주, 매도 가능: 0주, 평단가: 0원
2026-05-28 14:54:10,744 - INFO - 이미 모든 보유 수량에 대해 매도 주문(0000012862)이 진행 중입니다.
2026-05-28 14:54:10,744 - INFO - 60초 후 다음 확인을 진행합니다. (현재 상태: SELLING)
2026-05-28 14:55:14,732 - INFO - [005930] 현재가: 298500원
2026-05-28 14:55:19,251 - INFO - 계좌 예수금: 9699460원
2026-05-28 14:55:19,252 - INFO - [005930] 보유: 6주, 매도 가능: 0주, 평단가: 0원
2026-05-28 14:55:19,252 - INFO - 이미 모든 보유 수량에 대해 매도 주문(0000012862)이 진행 중입니다.
2026-05-28 14:55:19,253 - INFO - 60초 후 다음 확인을 진행합니다. (현재 상태: SELLING)
2026-05-28 14:56:19,366 - INFO - [005930] 현재가: 298000원
2026-05-28 14:56:24,072 - INFO - 계좌 예수금: 9699460원
2026-05-28 14:56:24,073 - INFO - [005930] 보유: 6주, 매도 가능: 0주, 평단가: 0원
2026-05-28 14:56:24,074 - INFO - 이미 모든 보유 수량에 대해 매도 주문(0000012862)이 진행 중입니다.
2026-05-28 14:56:24,074 - INFO - 60초 후 다음 확인을 진행합니다. (현재 상태: SELLING)
2026-05-28 14:57:24,174 - INFO - [005930] 현재가: 298000원
2026-05-28 14:57:28,281 - INFO - 계좌 예수금: 9699460원
2026-05-28 14:57:28,282 - INFO - [005930] 보유: 6주, 매도 가능: 0주, 평단가: 0원
2026-05-28 14:57:28,283 - INFO - 이미 모든 보유 수량에 대해 매도 주문(0000012862)이 진행 중입니다.
2026-05-28 14:57:28,284 - INFO - 60초 후 다음 확인을 진행합니다. (현재 상태: SELLING)
2026-05-28 14:58:29,111 - INFO - [005930] 현재가: 297500원
2026-05-28 14:58:34,089 - INFO - 계좌 예수금: 9699460원
2026-05-28 14:58:34,090 - INFO - [005930] 보유: 6주, 매도 가능: 0주, 평단가: 0원
2026-05-28 14:58:34,090 - INFO - 이미 모든 보유 수량에 대해 매도 주문(0000012862)이 진행 중입니다.
2026-05-28 14:58:34,091 - INFO - 60초 후 다음 확인을 진행합니다. (현재 상태: SELLING)
2026-05-28 14:59:34,855 - INFO - [005930] 현재가: 297500원
2026-05-28 14:59:40,385 - INFO - 계좌 예수금: 9699460원
2026-05-28 14:59:40,386 - INFO - [005930] 보유: 6주, 매도 가능: 0주, 평단가: 0원
2026-05-28 14:59:40,387 - INFO - 이미 모든 보유 수량에 대해 매도 주문(0000012862)이 진행 중입니다.
2026-05-28 14:59:40,388 - INFO - 60초 후 다음 확인을 진행합니다. (현재 상태: SELLING)
2026-05-28 15:00:44,285 - INFO - [005930] 현재가: 299000원
2026-05-28 15:00:52,108 - INFO - 계좌 예수금: 9699460원
2026-05-28 15:00:52,110 - INFO - [005930] 보유: 6주, 매도 가능: 0주, 평단가: 0원
2026-05-28 15:00:52,110 - INFO - 이미 모든 보유 수량에 대해 매도 주문(0000012862)이 진행 중입니다.
2026-05-28 15:00:52,111 - INFO - 60초 후 다음 확인을 진행합니다. (현재 상태: SELLING)
2026-05-28 15:01:52,233 - INFO - [005930] 현재가: 299500원
2026-05-28 15:01:56,789 - INFO - 계좌 예수금: 9699460원
2026-05-28 15:01:56,790 - INFO - [005930] 보유: 6주, 매도 가능: 0주, 평단가: 0원
2026-05-28 15:01:56,790 - INFO - 이미 모든 보유 수량에 대해 매도 주문(0000012862)이 진행 중입니다.
2026-05-28 15:01:56,791 - INFO - 60초 후 다음 확인을 진행합니다. (현재 상태: SELLING)
2026-05-28 15:02:56,904 - INFO - [005930] 현재가: 300000원
2026-05-28 15:03:01,007 - INFO - 계좌 예수금: 9699460원
2026-05-28 15:03:01,008 - INFO - [005930] 보유: 6주, 매도 가능: 0주, 평단가: 0원
2026-05-28 15:03:01,009 - INFO - 이미 모든 보유 수량에 대해 매도 주문(0000012862)이 진행 중입니다.
2026-05-28 15:03:01,009 - INFO - 60초 후 다음 확인을 진행합니다. (현재 상태: SELLING)
2026-05-28 15:04:03,774 - INFO - [005930] 현재가: 300000원
2026-05-28 15:04:09,643 - INFO - 계좌 예수금: 9699460원
2026-05-28 15:04:09,644 - INFO - [005930] 보유: 6주, 매도 가능: 0주, 평단가: 0원
2026-05-28 15:04:09,645 - INFO - 이미 모든 보유 수량에 대해 매도 주문(0000012862)이 진행 중입니다.
2026-05-28 15:04:09,646 - INFO - 60초 후 다음 확인을 진행합니다. (현재 상태: SELLING)
2026-05-28 15:05:14,329 - INFO - [005930] 현재가: 300000원
2026-05-28 15:05:18,732 - INFO - 계좌 예수금: 9699460원
2026-05-28 15:05:18,733 - INFO - [005930] 보유: 6주, 매도 가능: 0주, 평단가: 0원
2026-05-28 15:05:18,734 - INFO - 이미 모든 보유 수량에 대해 매도 주문(0000012862)이 진행 중입니다.
2026-05-28 15:05:18,734 - INFO - 60초 후 다음 확인을 진행합니다. (현재 상태: SELLING)
2026-05-28 15:06:19,253 - INFO - [005930] 현재가: 299500원
2026-05-28 15:06:24,990 - INFO - 계좌 예수금: 9699460원
2026-05-28 15:06:24,991 - INFO - [005930] 보유: 6주, 매도 가능: 0주, 평단가: 0원
2026-05-28 15:06:24,992 - INFO - 이미 모든 보유 수량에 대해 매도 주문(0000012862)이 진행 중입니다.
2026-05-28 15:06:24,994 - INFO - 60초 후 다음 확인을 진행합니다. (현재 상태: SELLING)
2026-05-28 15:07:25,120 - INFO - [005930] 현재가: 299000원
2026-05-28 15:07:31,041 - INFO - 계좌 예수금: 9699460원
2026-05-28 15:07:31,042 - INFO - [005930] 보유: 6주, 매도 가능: 0주, 평단가: 0원
2026-05-28 15:07:31,042 - INFO - 이미 모든 보유 수량에 대해 매도 주문(0000012862)이 진행 중입니다.
2026-05-28 15:07:31,043 - INFO - 60초 후 다음 확인을 진행합니다. (현재 상태: SELLING)
2026-05-28 15:08:31,460 - INFO - [005930] 현재가: 299500원
2026-05-28 15:08:37,925 - INFO - 계좌 예수금: 9699460원
2026-05-28 15:08:37,926 - INFO - [005930] 보유: 6주, 매도 가능: 0주, 평단가: 0원
2026-05-28 15:08:37,927 - INFO - 이미 모든 보유 수량에 대해 매도 주문(0000012862)이 진행 중입니다.
2026-05-28 15:08:37,927 - INFO - 60초 후 다음 확인을 진행합니다. (현재 상태: SELLING)
2026-05-28 15:09:38,076 - INFO - [005930] 현재가: 300000원
2026-05-28 15:09:45,157 - INFO - 계좌 예수금: 9699460원
2026-05-28 15:09:45,158 - INFO - [005930] 보유: 6주, 매도 가능: 0주, 평단가: 0원
2026-05-28 15:09:45,159 - INFO - 이미 모든 보유 수량에 대해 매도 주문(0000012862)이 진행 중입니다.
2026-05-28 15:09:45,159 - INFO - 60초 후 다음 확인을 진행합니다. (현재 상태: SELLING)
2026-05-28 15:10:46,021 - INFO - [005930] 현재가: 301000원
2026-05-28 15:10:52,909 - INFO - 계좌 예수금: 9699460원
2026-05-28 15:10:52,910 - INFO - [005930] 보유: 6주, 매도 가능: 0주, 평단가: 0원
2026-05-28 15:10:52,910 - INFO - 이미 모든 보유 수량에 대해 매도 주문(0000012862)이 진행 중입니다.
2026-05-28 15:10:52,911 - INFO - 60초 후 다음 확인을 진행합니다. (현재 상태: SELLING)
2026-05-28 15:11:53,011 - INFO - [005930] 현재가: 300500원
2026-05-28 15:11:58,012 - INFO - 계좌 예수금: 9699460원
2026-05-28 15:11:58,013 - INFO - [005930] 보유: 6주, 매도 가능: 0주, 평단가: 0원
2026-05-28 15:11:58,014 - INFO - 이미 모든 보유 수량에 대해 매도 주문(0000012862)이 진행 중입니다.
2026-05-28 15:11:58,014 - INFO - 60초 후 다음 확인을 진행합니다. (현재 상태: SELLING)
2026-05-28 15:12:58,234 - INFO - [005930] 현재가: 301000원
2026-05-28 15:13:03,876 - INFO - 계좌 예수금: 9699460원
2026-05-28 15:13:03,877 - INFO - [005930] 보유: 6주, 매도 가능: 0주, 평단가: 0원
2026-05-28 15:13:03,878 - INFO - 이미 모든 보유 수량에 대해 매도 주문(0000012862)이 진행 중입니다.
2026-05-28 15:13:03,879 - INFO - 60초 후 다음 확인을 진행합니다. (현재 상태: SELLING)
2026-05-28 15:14:07,222 - INFO - [005930] 현재가: 301000원
2026-05-28 15:14:12,539 - INFO - 계좌 예수금: 9699460원
2026-05-28 15:14:12,539 - INFO - [005930] 보유: 6주, 매도 가능: 0주, 평단가: 0원
2026-05-28 15:14:12,540 - INFO - 이미 모든 보유 수량에 대해 매도 주문(0000012862)이 진행 중입니다.
2026-05-28 15:14:12,540 - INFO - 60초 후 다음 확인을 진행합니다. (현재 상태: SELLING)
2026-05-28 15:15:13,915 - INFO - [005930] 현재가: 301500원
2026-05-28 15:15:20,775 - INFO - 계좌 예수금: 9699460원
2026-05-28 15:15:20,776 - INFO - [005930] 보유: 6주, 매도 가능: 0주, 평단가: 0원
2026-05-28 15:15:20,776 - INFO - 이미 모든 보유 수량에 대해 매도 주문(0000012862)이 진행 중입니다.
2026-05-28 15:15:20,777 - INFO - 60초 후 다음 확인을 진행합니다. (현재 상태: SELLING)
2026-05-28 15:16:23,243 - INFO - [005930] 현재가: 301000원
2026-05-28 15:16:30,104 - INFO - 계좌 예수금: 9699460원
2026-05-28 15:16:30,105 - INFO - [005930] 보유: 6주, 매도 가능: 0주, 평단가: 0원
2026-05-28 15:16:30,105 - INFO - 이미 모든 보유 수량에 대해 매도 주문(0000012862)이 진행 중입니다.
2026-05-28 15:16:30,106 - INFO - 60초 후 다음 확인을 진행합니다. (현재 상태: SELLING)
2026-05-28 15:17:30,222 - INFO - [005930] 현재가: 300500원
2026-05-28 15:17:36,772 - INFO - 계좌 예수금: 9699460원
2026-05-28 15:17:36,773 - INFO - [005930] 보유: 6주, 매도 가능: 0주, 평단가: 0원
2026-05-28 15:17:36,773 - INFO - 이미 모든 보유 수량에 대해 매도 주문(0000012862)이 진행 중입니다.
2026-05-28 15:17:36,774 - INFO - 60초 후 다음 확인을 진행합니다. (현재 상태: SELLING)
2026-05-28 15:18:37,191 - INFO - [005930] 현재가: 300000원
2026-05-28 15:18:45,382 - INFO - 계좌 예수금: 9699460원
2026-05-28 15:18:45,383 - INFO - [005930] 보유: 6주, 매도 가능: 0주, 평단가: 0원
2026-05-28 15:18:45,383 - INFO - 이미 모든 보유 수량에 대해 매도 주문(0000012862)이 진행 중입니다.
2026-05-28 15:18:45,384 - INFO - 60초 후 다음 확인을 진행합니다. (현재 상태: SELLING)
2026-05-28 15:19:45,493 - INFO - [005930] 현재가: 300000원
2026-05-28 15:19:51,538 - INFO - 계좌 예수금: 9699460원
2026-05-28 15:19:51,539 - INFO - [005930] 보유: 6주, 매도 가능: 0주, 평단가: 0원
2026-05-28 15:19:51,541 - INFO - 이미 모든 보유 수량에 대해 매도 주문(0000012862)이 진행 중입니다.
2026-05-28 15:19:51,542 - INFO - 60초 후 다음 확인을 진행합니다. (현재 상태: SELLING)
2026-05-28 15:20:53,798 - INFO - [005930] 현재가: 300000원
2026-05-28 15:20:59,329 - INFO - 계좌 예수금: 9699460원
2026-05-28 15:20:59,330 - INFO - [005930] 보유: 6주, 매도 가능: 0주, 평단가: 0원
2026-05-28 15:20:59,330 - INFO - 이미 모든 보유 수량에 대해 매도 주문(0000012862)이 진행 중입니다.
2026-05-28 15:20:59,331 - INFO - 60초 후 다음 확인을 진행합니다. (현재 상태: SELLING)
2026-05-28 15:21:59,465 - INFO - [005930] 현재가: 300000원
2026-05-28 15:22:04,254 - INFO - 계좌 예수금: 9699460원
2026-05-28 15:22:04,255 - INFO - [005930] 보유: 6주, 매도 가능: 0주, 평단가: 0원
2026-05-28 15:22:04,255 - INFO - 이미 모든 보유 수량에 대해 매도 주문(0000012862)이 진행 중입니다.
2026-05-28 15:22:04,255 - INFO - 60초 후 다음 확인을 진행합니다. (현재 상태: SELLING)
2026-05-28 15:23:04,880 - INFO - [005930] 현재가: 300000원
2026-05-28 15:23:11,125 - INFO - 계좌 예수금: 9699460원
2026-05-28 15:23:11,126 - INFO - [005930] 보유: 6주, 매도 가능: 0주, 평단가: 0원
2026-05-28 15:23:11,127 - INFO - 이미 모든 보유 수량에 대해 매도 주문(0000012862)이 진행 중입니다.
2026-05-28 15:23:11,127 - INFO - 60초 후 다음 확인을 진행합니다. (현재 상태: SELLING)
2026-05-28 15:24:11,235 - INFO - [005930] 현재가: 300000원
2026-05-28 15:24:16,767 - INFO - 계좌 예수금: 9699460원
2026-05-28 15:24:16,768 - INFO - [005930] 보유: 6주, 매도 가능: 0주, 평단가: 0원
2026-05-28 15:24:16,769 - INFO - 이미 모든 보유 수량에 대해 매도 주문(0000012862)이 진행 중입니다.
2026-05-28 15:24:16,769 - INFO - 60초 후 다음 확인을 진행합니다. (현재 상태: SELLING)
2026-05-28 15:25:16,867 - INFO - [005930] 현재가: 300000원
2026-05-28 15:25:22,726 - INFO - 계좌 예수금: 9699460원
2026-05-28 15:25:22,727 - INFO - [005930] 보유: 6주, 매도 가능: 0주, 평단가: 0원
2026-05-28 15:25:22,728 - INFO - 이미 모든 보유 수량에 대해 매도 주문(0000012862)이 진행 중입니다.
2026-05-28 15:25:22,728 - INFO - 60초 후 다음 확인을 진행합니다. (현재 상태: SELLING)
2026-05-28 15:26:22,841 - INFO - [005930] 현재가: 300000원
2026-05-28 15:26:27,846 - INFO - 계좌 예수금: 9699460원
2026-05-28 15:26:27,847 - INFO - [005930] 보유: 6주, 매도 가능: 0주, 평단가: 0원
2026-05-28 15:26:27,847 - INFO - 이미 모든 보유 수량에 대해 매도 주문(0000012862)이 진행 중입니다.
2026-05-28 15:26:27,848 - INFO - 60초 후 다음 확인을 진행합니다. (현재 상태: SELLING)
2026-05-28 15:27:27,979 - INFO - [005930] 현재가: 300000원
2026-05-28 15:27:31,031 - INFO - 계좌 예수금: 9699460원
2026-05-28 15:27:31,031 - INFO - [005930] 보유: 6주, 매도 가능: 0주, 평단가: 0원
2026-05-28 15:27:31,032 - INFO - 이미 모든 보유 수량에 대해 매도 주문(0000012862)이 진행 중입니다.
2026-05-28 15:27:31,032 - INFO - 60초 후 다음 확인을 진행합니다. (현재 상태: SELLING)
2026-05-28 15:28:31,143 - INFO - [005930] 현재가: 300000원
2026-05-28 15:28:35,546 - INFO - 계좌 예수금: 9699460원
2026-05-28 15:28:35,547 - INFO - [005930] 보유: 6주, 매도 가능: 0주, 평단가: 0원
2026-05-28 15:28:35,548 - INFO - 이미 모든 보유 수량에 대해 매도 주문(0000012862)이 진행 중입니다.
2026-05-28 15:28:35,548 - INFO - 60초 후 다음 확인을 진행합니다. (현재 상태: SELLING)
2026-05-28 15:29:35,863 - INFO - [005930] 현재가: 300000원
2026-05-28 15:29:40,983 - INFO - 계좌 예수금: 9699460원
2026-05-28 15:29:40,984 - INFO - [005930] 보유: 6주, 매도 가능: 0주, 평단가: 0원
2026-05-28 15:29:40,984 - INFO - 이미 모든 보유 수량에 대해 매도 주문(0000012862)이 진행 중입니다.
2026-05-28 15:29:40,985 - INFO - 60초 후 다음 확인을 진행합니다. (현재 상태: SELLING)
2026-05-28 15:30:40,986 - INFO - 현재 시간 15:30:40, 장 종료 시간이 지났습니다. 프로그램을 종료합니다.
2026-05-28 15:30:40,987 - INFO - 프로그램을 종료합니다.
