2026-06-13 13:35:51,878 - INFO - 새로운 접근 토큰을 발급받습니다... (사유: 토큰 만료 또는 없음)
2026-06-13 13:35:52,168 - INFO - 새로운 토큰이 발급 및 저장되었습니다. 만료 시간: 2026-06-14 13:35:52
2026-06-13 13:35:52,173 - INFO - 삼성전자 자동매매 프로그램을 시작합니다. (자가 적응형 로직 활성화)
2026-06-13 13:35:52,192 - INFO - 📅 날짜 변경 감지 (2026-06-12 -> 2026-06-13). 세션 데이터를 초기화합니다.
2026-06-13 13:35:52,192 - INFO - 이전 상태 로드 완료: IDLE (목표가: 300500원)
2026-06-13 13:35:52,196 - INFO - 📅 날짜 변경 감지 (2026-06-12 -> 2026-06-13). 세션 데이터를 초기화합니다.
2026-06-13 13:35:52,300 - INFO - [005930] 현재가: 322500, 고가: 339000, 저가: 320000
2026-06-13 13:35:53,423 - INFO - 계좌 예수금: 9588469원
2026-06-13 13:35:53,424 - INFO - [005930] 보유: 1주, 매도 가능: 1주, 평단가: 298,500원
2026-06-13 13:35:53,426 - INFO - 📅 날짜 변경 감지 (2026-06-12 -> 2026-06-13). 세션 데이터를 초기화합니다.
2026-06-13 13:35:53,429 - INFO - 📅 날짜 변경 감지 (2026-06-12 -> 2026-06-13). 세션 데이터를 초기화합니다.
2026-06-13 13:35:53,442 - INFO - 미실현 손익: 24,000원 (8.04%), 최고 수익률: 8.04%
2026-06-13 13:35:53,458 - INFO - 매도 조건 충족: 평단가(298,500), 현재가(322,500) -> 목표가(324,500원) (보수적 상향 보정)
2026-06-13 13:35:53,459 - INFO - [SELL] 주문 요청: 005930, 1주, 324500원 (TR_ID: VTTC0801U)
2026-06-13 13:35:53,920 - ERROR - 주문 실패: 모의투자 주문이 불가한 계좌입니다.
2026-06-13 13:35:53,921 - INFO - 60초 후 다음 확인을 진행합니다. (현재 상태: IDLE)
2026-06-13 13:36:54,062 - INFO - [005930] 현재가: 322500, 고가: 339000, 저가: 320000
2026-06-13 13:36:55,266 - INFO - 계좌 예수금: 9588469원
2026-06-13 13:36:55,267 - INFO - [005930] 보유: 1주, 매도 가능: 1주, 평단가: 298,500원
2026-06-13 13:36:55,296 - INFO - 미실현 손익: 24,000원 (8.04%), 최고 수익률: 8.04%
2026-06-13 13:36:55,319 - INFO - 매도 조건 충족: 평단가(298,500), 현재가(322,500) -> 목표가(324,500원) (보수적 상향 보정)
2026-06-13 13:36:55,320 - INFO - [SELL] 주문 요청: 005930, 1주, 324500원 (TR_ID: VTTC0801U)
2026-06-13 13:36:55,697 - ERROR - 주문 실패: 모의투자 주문이 불가한 계좌입니다.
2026-06-13 13:36:55,697 - INFO - 60초 후 다음 확인을 진행합니다. (현재 상태: IDLE)
2026-06-13 13:37:55,904 - INFO - [005930] 현재가: 322500, 고가: 339000, 저가: 320000
2026-06-13 13:37:57,042 - INFO - 계좌 예수금: 9588469원
2026-06-13 13:37:57,042 - INFO - [005930] 보유: 1주, 매도 가능: 1주, 평단가: 298,500원
2026-06-13 13:37:57,067 - INFO - 미실현 손익: 24,000원 (8.04%), 최고 수익률: 8.04%
2026-06-13 13:37:57,092 - INFO - 매도 조건 충족: 평단가(298,500), 현재가(322,500) -> 목표가(324,500원) (보수적 상향 보정)
2026-06-13 13:37:57,093 - INFO - [SELL] 주문 요청: 005930, 1주, 324500원 (TR_ID: VTTC0801U)
2026-06-13 13:37:57,541 - ERROR - 주문 실패: 모의투자 주문이 불가한 계좌입니다.
2026-06-13 13:37:57,541 - INFO - 60초 후 다음 확인을 진행합니다. (현재 상태: IDLE)
2026-06-13 13:38:57,681 - INFO - [005930] 현재가: 322500, 고가: 339000, 저가: 320000
2026-06-13 13:38:58,841 - INFO - 계좌 예수금: 9588469원
2026-06-13 13:38:58,842 - INFO - [005930] 보유: 1주, 매도 가능: 1주, 평단가: 298,500원
2026-06-13 13:38:58,869 - INFO - 미실현 손익: 24,000원 (8.04%), 최고 수익률: 8.04%
2026-06-13 13:38:58,898 - INFO - 매도 조건 충족: 평단가(298,500), 현재가(322,500) -> 목표가(324,500원) (보수적 상향 보정)
2026-06-13 13:38:58,898 - INFO - [SELL] 주문 요청: 005930, 1주, 324500원 (TR_ID: VTTC0801U)
2026-06-13 13:38:59,454 - ERROR - 주문 실패: 모의투자 주문이 불가한 계좌입니다.
2026-06-13 13:38:59,454 - INFO - 60초 후 다음 확인을 진행합니다. (현재 상태: IDLE)
2026-06-13 13:40:00,634 - INFO - [005930] 현재가: 322500, 고가: 339000, 저가: 320000
2026-06-13 13:40:01,819 - INFO - 계좌 예수금: 9588469원
2026-06-13 13:40:01,819 - INFO - [005930] 보유: 1주, 매도 가능: 1주, 평단가: 298,500원
2026-06-13 13:40:01,850 - INFO - 미실현 손익: 24,000원 (8.04%), 최고 수익률: 8.04%
2026-06-13 13:40:01,877 - INFO - 매도 조건 충족: 평단가(298,500), 현재가(322,500) -> 목표가(324,500원) (보수적 상향 보정)
2026-06-13 13:40:01,878 - INFO - [SELL] 주문 요청: 005930, 1주, 324500원 (TR_ID: VTTC0801U)
2026-06-13 13:40:02,292 - ERROR - 주문 실패: 모의투자 주문이 불가한 계좌입니다.
2026-06-13 13:40:02,292 - INFO - 60초 후 다음 확인을 진행합니다. (현재 상태: IDLE)
2026-06-13 13:41:09,527 - INFO - [005930] 현재가: 322500, 고가: 339000, 저가: 320000
2026-06-13 13:41:13,704 - INFO - 계좌 예수금: 9588469원
2026-06-13 13:41:13,707 - INFO - [005930] 보유: 1주, 매도 가능: 1주, 평단가: 298,500원
2026-06-13 13:41:13,740 - INFO - 미실현 손익: 24,000원 (8.04%), 최고 수익률: 8.04%
2026-06-13 13:41:13,773 - INFO - 매도 조건 충족: 평단가(298,500), 현재가(322,500) -> 목표가(324,500원) (보수적 상향 보정)
2026-06-13 13:41:13,774 - INFO - [SELL] 주문 요청: 005930, 1주, 324500원 (TR_ID: VTTC0801U)
2026-06-13 13:41:13,947 - ERROR - 주문 실패: 모의투자 주문이 불가한 계좌입니다.
2026-06-13 13:41:13,948 - INFO - 60초 후 다음 확인을 진행합니다. (현재 상태: IDLE)
2026-06-13 13:42:18,702 - INFO - [005930] 현재가: 322500, 고가: 339000, 저가: 320000
2026-06-13 13:42:20,875 - INFO - 계좌 예수금: 9588469원
2026-06-13 13:42:20,876 - INFO - [005930] 보유: 1주, 매도 가능: 1주, 평단가: 298,500원
2026-06-13 13:42:20,908 - INFO - 미실현 손익: 24,000원 (8.04%), 최고 수익률: 8.04%
2026-06-13 13:42:20,946 - INFO - 매도 조건 충족: 평단가(298,500), 현재가(322,500) -> 목표가(324,500원) (보수적 상향 보정)
2026-06-13 13:42:20,947 - INFO - [SELL] 주문 요청: 005930, 1주, 324500원 (TR_ID: VTTC0801U)
2026-06-13 13:42:21,111 - ERROR - 주문 실패: 모의투자 주문이 불가한 계좌입니다.
2026-06-13 13:42:21,112 - INFO - 60초 후 다음 확인을 진행합니다. (현재 상태: IDLE)
2026-06-13 13:43:21,237 - INFO - [005930] 현재가: 322500, 고가: 339000, 저가: 320000
2026-06-13 13:43:22,419 - INFO - 계좌 예수금: 9588469원
2026-06-13 13:43:22,419 - INFO - [005930] 보유: 1주, 매도 가능: 1주, 평단가: 298,500원
2026-06-13 13:43:22,446 - INFO - 미실현 손익: 24,000원 (8.04%), 최고 수익률: 8.04%
2026-06-13 13:43:22,486 - INFO - 매도 조건 충족: 평단가(298,500), 현재가(322,500) -> 목표가(324,500원) (보수적 상향 보정)
2026-06-13 13:43:22,487 - INFO - [SELL] 주문 요청: 005930, 1주, 324500원 (TR_ID: VTTC0801U)
2026-06-13 13:43:22,885 - ERROR - 주문 실패: 모의투자 주문이 불가한 계좌입니다.
2026-06-13 13:43:22,885 - INFO - 60초 후 다음 확인을 진행합니다. (현재 상태: IDLE)
2026-06-13 13:44:23,049 - INFO - [005930] 현재가: 322500, 고가: 339000, 저가: 320000
2026-06-13 13:44:24,205 - INFO - 계좌 예수금: 9588469원
2026-06-13 13:44:24,205 - INFO - [005930] 보유: 1주, 매도 가능: 1주, 평단가: 298,500원
2026-06-13 13:44:24,232 - INFO - 미실현 손익: 24,000원 (8.04%), 최고 수익률: 8.04%
2026-06-13 13:44:24,271 - INFO - 매도 조건 충족: 평단가(298,500), 현재가(322,500) -> 목표가(324,500원) (보수적 상향 보정)
2026-06-13 13:44:24,271 - INFO - [SELL] 주문 요청: 005930, 1주, 324500원 (TR_ID: VTTC0801U)
2026-06-13 13:44:24,782 - ERROR - 주문 실패: 모의투자 주문이 불가한 계좌입니다.
2026-06-13 13:44:24,782 - INFO - 60초 후 다음 확인을 진행합니다. (현재 상태: IDLE)
2026-06-13 13:45:25,016 - INFO - [005930] 현재가: 322500, 고가: 339000, 저가: 320000
2026-06-13 13:45:26,173 - INFO - 계좌 예수금: 9588469원
2026-06-13 13:45:26,173 - INFO - [005930] 보유: 1주, 매도 가능: 1주, 평단가: 298,500원
2026-06-13 13:45:26,199 - INFO - 미실현 손익: 24,000원 (8.04%), 최고 수익률: 8.04%
2026-06-13 13:45:26,230 - INFO - 매도 조건 충족: 평단가(298,500), 현재가(322,500) -> 목표가(324,500원) (보수적 상향 보정)
2026-06-13 13:45:26,231 - INFO - [SELL] 주문 요청: 005930, 1주, 324500원 (TR_ID: VTTC0801U)
2026-06-13 13:45:26,627 - ERROR - POST 요청 실패 (VTTC0801U): 500 Server Error: Internal Server Error for url: https://openapivts.koreainvestment.com:29443/uapi/domestic-stock/v1/trading/order-cash
2026-06-13 13:45:26,628 - ERROR - 상세 에러: EGW00201 - 초당 거래건수를 초과하였습니다.
2026-06-13 13:45:26,632 - ERROR - 주문 실패: 응답 없음
2026-06-13 13:45:26,633 - INFO - 60초 후 다음 확인을 진행합니다. (현재 상태: IDLE)
2026-06-13 13:46:26,770 - INFO - [005930] 현재가: 322500, 고가: 339000, 저가: 320000
2026-06-13 13:46:27,930 - INFO - 계좌 예수금: 9588469원
2026-06-13 13:46:27,930 - INFO - [005930] 보유: 1주, 매도 가능: 1주, 평단가: 298,500원
2026-06-13 13:46:27,958 - INFO - 미실현 손익: 24,000원 (8.04%), 최고 수익률: 8.04%
2026-06-13 13:46:27,999 - INFO - 매도 조건 충족: 평단가(298,500), 현재가(322,500) -> 목표가(324,500원) (보수적 상향 보정)
2026-06-13 13:46:27,999 - INFO - [SELL] 주문 요청: 005930, 1주, 324500원 (TR_ID: VTTC0801U)
2026-06-13 13:46:28,407 - ERROR - 주문 실패: 모의투자 주문이 불가한 계좌입니다.
2026-06-13 13:46:28,408 - INFO - 60초 후 다음 확인을 진행합니다. (현재 상태: IDLE)
2026-06-13 13:47:28,540 - INFO - [005930] 현재가: 322500, 고가: 339000, 저가: 320000
2026-06-13 13:47:29,736 - INFO - 계좌 예수금: 9588469원
2026-06-13 13:47:29,737 - INFO - [005930] 보유: 1주, 매도 가능: 1주, 평단가: 298,500원
2026-06-13 13:47:29,771 - INFO - 미실현 손익: 24,000원 (8.04%), 최고 수익률: 8.04%
2026-06-13 13:47:29,812 - INFO - 매도 조건 충족: 평단가(298,500), 현재가(322,500) -> 목표가(324,500원) (보수적 상향 보정)
2026-06-13 13:47:29,813 - INFO - [SELL] 주문 요청: 005930, 1주, 324500원 (TR_ID: VTTC0801U)
2026-06-13 13:47:30,185 - ERROR - 주문 실패: 모의투자 주문이 불가한 계좌입니다.
2026-06-13 13:47:30,185 - INFO - 60초 후 다음 확인을 진행합니다. (현재 상태: IDLE)
2026-06-13 13:48:30,313 - INFO - [005930] 현재가: 322500, 고가: 339000, 저가: 320000
2026-06-13 13:48:31,446 - INFO - 계좌 예수금: 9588469원
2026-06-13 13:48:31,447 - INFO - [005930] 보유: 1주, 매도 가능: 1주, 평단가: 298,500원
2026-06-13 13:48:31,474 - INFO - 미실현 손익: 24,000원 (8.04%), 최고 수익률: 8.04%
2026-06-13 13:48:31,513 - INFO - 매도 조건 충족: 평단가(298,500), 현재가(322,500) -> 목표가(324,500원) (보수적 상향 보정)
2026-06-13 13:48:31,513 - INFO - [SELL] 주문 요청: 005930, 1주, 324500원 (TR_ID: VTTC0801U)
2026-06-13 13:48:31,984 - ERROR - 주문 실패: 모의투자 주문이 불가한 계좌입니다.
2026-06-13 13:48:31,985 - INFO - 60초 후 다음 확인을 진행합니다. (현재 상태: IDLE)
2026-06-13 13:49:32,119 - INFO - [005930] 현재가: 322500, 고가: 339000, 저가: 320000
2026-06-13 13:49:33,251 - INFO - 계좌 예수금: 9588469원
2026-06-13 13:49:33,251 - INFO - [005930] 보유: 1주, 매도 가능: 1주, 평단가: 298,500원
2026-06-13 13:49:33,277 - INFO - 미실현 손익: 24,000원 (8.04%), 최고 수익률: 8.04%
2026-06-13 13:49:33,319 - INFO - 매도 조건 충족: 평단가(298,500), 현재가(322,500) -> 목표가(324,500원) (보수적 상향 보정)
2026-06-13 13:49:33,320 - INFO - [SELL] 주문 요청: 005930, 1주, 324500원 (TR_ID: VTTC0801U)
2026-06-13 13:49:33,737 - ERROR - POST 요청 실패 (VTTC0801U): 500 Server Error: Internal Server Error for url: https://openapivts.koreainvestment.com:29443/uapi/domestic-stock/v1/trading/order-cash
2026-06-13 13:49:33,737 - ERROR - 상세 에러: EGW00201 - 초당 거래건수를 초과하였습니다.
2026-06-13 13:49:33,740 - ERROR - 주문 실패: 응답 없음
2026-06-13 13:49:33,741 - INFO - 60초 후 다음 확인을 진행합니다. (현재 상태: IDLE)
2026-06-13 13:50:33,889 - INFO - [005930] 현재가: 322500, 고가: 339000, 저가: 320000
2026-06-13 13:50:35,029 - INFO - 계좌 예수금: 9588469원
2026-06-13 13:50:35,029 - INFO - [005930] 보유: 1주, 매도 가능: 1주, 평단가: 298,500원
2026-06-13 13:50:35,055 - INFO - 미실현 손익: 24,000원 (8.04%), 최고 수익률: 8.04%
2026-06-13 13:50:35,094 - INFO - 매도 조건 충족: 평단가(298,500), 현재가(322,500) -> 목표가(324,500원) (보수적 상향 보정)
2026-06-13 13:50:35,095 - INFO - [SELL] 주문 요청: 005930, 1주, 324500원 (TR_ID: VTTC0801U)
2026-06-13 13:50:35,543 - ERROR - 주문 실패: 모의투자 주문이 불가한 계좌입니다.
2026-06-13 13:50:35,543 - INFO - 60초 후 다음 확인을 진행합니다. (현재 상태: IDLE)
2026-06-13 13:51:35,695 - INFO - [005930] 현재가: 322500, 고가: 339000, 저가: 320000
2026-06-13 13:51:36,892 - INFO - 계좌 예수금: 9588469원
2026-06-13 13:51:36,892 - INFO - [005930] 보유: 1주, 매도 가능: 1주, 평단가: 298,500원
2026-06-13 13:51:36,918 - INFO - 미실현 손익: 24,000원 (8.04%), 최고 수익률: 8.04%
2026-06-13 13:51:36,958 - INFO - 매도 조건 충족: 평단가(298,500), 현재가(322,500) -> 목표가(324,500원) (보수적 상향 보정)
2026-06-13 13:51:36,958 - INFO - [SELL] 주문 요청: 005930, 1주, 324500원 (TR_ID: VTTC0801U)
2026-06-13 13:51:37,342 - ERROR - 주문 실패: 모의투자 주문이 불가한 계좌입니다.
2026-06-13 13:51:37,343 - INFO - 60초 후 다음 확인을 진행합니다. (현재 상태: IDLE)
2026-06-13 13:52:37,482 - INFO - [005930] 현재가: 322500, 고가: 339000, 저가: 320000
2026-06-13 13:52:38,648 - INFO - 계좌 예수금: 9588469원
2026-06-13 13:52:38,648 - INFO - [005930] 보유: 1주, 매도 가능: 1주, 평단가: 298,500원
2026-06-13 13:52:38,677 - INFO - 미실현 손익: 24,000원 (8.04%), 최고 수익률: 8.04%
2026-06-13 13:52:38,710 - INFO - 매도 조건 충족: 평단가(298,500), 현재가(322,500) -> 목표가(324,500원) (보수적 상향 보정)
2026-06-13 13:52:38,710 - INFO - [SELL] 주문 요청: 005930, 1주, 324500원 (TR_ID: VTTC0801U)
2026-06-13 13:52:39,157 - ERROR - 주문 실패: 모의투자 주문이 불가한 계좌입니다.
2026-06-13 13:52:39,157 - INFO - 60초 후 다음 확인을 진행합니다. (현재 상태: IDLE)
2026-06-13 13:53:39,316 - INFO - [005930] 현재가: 322500, 고가: 339000, 저가: 320000
2026-06-13 13:53:40,493 - INFO - 계좌 예수금: 9588469원
2026-06-13 13:53:40,494 - INFO - [005930] 보유: 1주, 매도 가능: 1주, 평단가: 298,500원
2026-06-13 13:53:40,524 - INFO - 미실현 손익: 24,000원 (8.04%), 최고 수익률: 8.04%
2026-06-13 13:53:40,553 - INFO - 매도 조건 충족: 평단가(298,500), 현재가(322,500) -> 목표가(324,500원) (보수적 상향 보정)
2026-06-13 13:53:40,554 - INFO - [SELL] 주문 요청: 005930, 1주, 324500원 (TR_ID: VTTC0801U)
2026-06-13 13:53:40,953 - ERROR - 주문 실패: 모의투자 주문이 불가한 계좌입니다.
2026-06-13 13:53:40,953 - INFO - 60초 후 다음 확인을 진행합니다. (현재 상태: IDLE)
2026-06-13 13:54:41,101 - INFO - [005930] 현재가: 322500, 고가: 339000, 저가: 320000
2026-06-13 13:54:42,269 - INFO - 계좌 예수금: 9588469원
2026-06-13 13:54:42,270 - INFO - [005930] 보유: 1주, 매도 가능: 1주, 평단가: 298,500원
2026-06-13 13:54:42,298 - INFO - 미실현 손익: 24,000원 (8.04%), 최고 수익률: 8.04%
2026-06-13 13:54:42,330 - INFO - 매도 조건 충족: 평단가(298,500), 현재가(322,500) -> 목표가(324,500원) (보수적 상향 보정)
2026-06-13 13:54:42,330 - INFO - [SELL] 주문 요청: 005930, 1주, 324500원 (TR_ID: VTTC0801U)
2026-06-13 13:54:42,686 - ERROR - POST 요청 실패 (VTTC0801U): 500 Server Error: Internal Server Error for url: https://openapivts.koreainvestment.com:29443/uapi/domestic-stock/v1/trading/order-cash
2026-06-13 13:54:42,687 - ERROR - 상세 에러: EGW00201 - 초당 거래건수를 초과하였습니다.
2026-06-13 13:54:42,690 - ERROR - 주문 실패: 응답 없음
2026-06-13 13:54:42,691 - INFO - 60초 후 다음 확인을 진행합니다. (현재 상태: IDLE)
2026-06-13 13:55:42,810 - INFO - [005930] 현재가: 322500, 고가: 339000, 저가: 320000
2026-06-13 13:55:43,974 - INFO - 계좌 예수금: 9588469원
2026-06-13 13:55:43,975 - INFO - [005930] 보유: 1주, 매도 가능: 1주, 평단가: 298,500원
2026-06-13 13:55:44,003 - INFO - 미실현 손익: 24,000원 (8.04%), 최고 수익률: 8.04%
2026-06-13 13:55:44,034 - INFO - 매도 조건 충족: 평단가(298,500), 현재가(322,500) -> 목표가(324,500원) (보수적 상향 보정)
2026-06-13 13:55:44,035 - INFO - [SELL] 주문 요청: 005930, 1주, 324500원 (TR_ID: VTTC0801U)
2026-06-13 13:55:44,442 - ERROR - POST 요청 실패 (VTTC0801U): 500 Server Error: Internal Server Error for url: https://openapivts.koreainvestment.com:29443/uapi/domestic-stock/v1/trading/order-cash
2026-06-13 13:55:44,443 - ERROR - 상세 에러: EGW00201 - 초당 거래건수를 초과하였습니다.
2026-06-13 13:55:44,446 - ERROR - 주문 실패: 응답 없음
2026-06-13 13:55:44,446 - INFO - 60초 후 다음 확인을 진행합니다. (현재 상태: IDLE)
2026-06-13 13:56:44,582 - INFO - [005930] 현재가: 322500, 고가: 339000, 저가: 320000
2026-06-13 13:56:45,789 - INFO - 계좌 예수금: 9588469원
2026-06-13 13:56:45,789 - INFO - [005930] 보유: 1주, 매도 가능: 1주, 평단가: 298,500원
2026-06-13 13:56:45,828 - INFO - 미실현 손익: 24,000원 (8.04%), 최고 수익률: 8.04%
2026-06-13 13:56:45,865 - INFO - 매도 조건 충족: 평단가(298,500), 현재가(322,500) -> 목표가(324,500원) (보수적 상향 보정)
2026-06-13 13:56:45,866 - INFO - [SELL] 주문 요청: 005930, 1주, 324500원 (TR_ID: VTTC0801U)
2026-06-13 13:56:46,223 - ERROR - 주문 실패: 모의투자 주문이 불가한 계좌입니다.
2026-06-13 13:56:46,224 - INFO - 60초 후 다음 확인을 진행합니다. (현재 상태: IDLE)
2026-06-13 13:57:46,346 - INFO - [005930] 현재가: 322500, 고가: 339000, 저가: 320000
2026-06-13 13:57:47,498 - INFO - 계좌 예수금: 9588469원
2026-06-13 13:57:47,499 - INFO - [005930] 보유: 1주, 매도 가능: 1주, 평단가: 298,500원
2026-06-13 13:57:47,528 - INFO - 미실현 손익: 24,000원 (8.04%), 최고 수익률: 8.04%
2026-06-13 13:57:47,560 - INFO - 매도 조건 충족: 평단가(298,500), 현재가(322,500) -> 목표가(324,500원) (보수적 상향 보정)
2026-06-13 13:57:47,560 - INFO - [SELL] 주문 요청: 005930, 1주, 324500원 (TR_ID: VTTC0801U)
2026-06-13 13:57:48,003 - ERROR - 주문 실패: 모의투자 주문이 불가한 계좌입니다.
2026-06-13 13:57:48,004 - INFO - 60초 후 다음 확인을 진행합니다. (현재 상태: IDLE)
2026-06-13 13:58:48,131 - INFO - [005930] 현재가: 322500, 고가: 339000, 저가: 320000
2026-06-13 13:58:49,335 - INFO - 계좌 예수금: 9588469원
2026-06-13 13:58:49,335 - INFO - [005930] 보유: 1주, 매도 가능: 1주, 평단가: 298,500원
2026-06-13 13:58:49,364 - INFO - 미실현 손익: 24,000원 (8.04%), 최고 수익률: 8.04%
2026-06-13 13:58:49,398 - INFO - 매도 조건 충족: 평단가(298,500), 현재가(322,500) -> 목표가(324,500원) (보수적 상향 보정)
2026-06-13 13:58:49,398 - INFO - [SELL] 주문 요청: 005930, 1주, 324500원 (TR_ID: VTTC0801U)
2026-06-13 13:58:49,805 - ERROR - 주문 실패: 모의투자 주문이 불가한 계좌입니다.
2026-06-13 13:58:49,806 - INFO - 60초 후 다음 확인을 진행합니다. (현재 상태: IDLE)
2026-06-13 13:59:49,958 - INFO - [005930] 현재가: 322500, 고가: 339000, 저가: 320000
2026-06-13 13:59:51,125 - INFO - 계좌 예수금: 9588469원
2026-06-13 13:59:51,126 - INFO - [005930] 보유: 1주, 매도 가능: 1주, 평단가: 298,500원
2026-06-13 13:59:51,161 - INFO - 미실현 손익: 24,000원 (8.04%), 최고 수익률: 8.04%
2026-06-13 13:59:51,190 - INFO - 매도 조건 충족: 평단가(298,500), 현재가(322,500) -> 목표가(324,500원) (보수적 상향 보정)
2026-06-13 13:59:51,191 - INFO - [SELL] 주문 요청: 005930, 1주, 324500원 (TR_ID: VTTC0801U)
2026-06-13 13:59:51,597 - ERROR - 주문 실패: 모의투자 주문이 불가한 계좌입니다.
2026-06-13 13:59:51,597 - INFO - 60초 후 다음 확인을 진행합니다. (현재 상태: IDLE)
2026-06-13 14:00:51,732 - INFO - [005930] 현재가: 322500, 고가: 339000, 저가: 320000
2026-06-13 14:00:52,996 - INFO - 계좌 예수금: 9588469원
2026-06-13 14:00:52,996 - INFO - [005930] 보유: 1주, 매도 가능: 1주, 평단가: 298,500원
2026-06-13 14:00:53,025 - INFO - 미실현 손익: 24,000원 (8.04%), 최고 수익률: 8.04%
2026-06-13 14:00:53,056 - INFO - 매도 조건 충족: 평단가(298,500), 현재가(322,500) -> 목표가(324,500원) (보수적 상향 보정)
2026-06-13 14:00:53,056 - INFO - [SELL] 주문 요청: 005930, 1주, 324500원 (TR_ID: VTTC0801U)
2026-06-13 14:00:53,373 - ERROR - 주문 실패: 모의투자 주문이 불가한 계좌입니다.
2026-06-13 14:00:53,374 - INFO - 60초 후 다음 확인을 진행합니다. (현재 상태: IDLE)
2026-06-13 14:01:53,524 - INFO - [005930] 현재가: 322500, 고가: 339000, 저가: 320000
2026-06-13 14:01:54,674 - INFO - 계좌 예수금: 9588469원
2026-06-13 14:01:54,674 - INFO - [005930] 보유: 1주, 매도 가능: 1주, 평단가: 298,500원
2026-06-13 14:01:54,702 - INFO - 미실현 손익: 24,000원 (8.04%), 최고 수익률: 8.04%
2026-06-13 14:01:54,739 - INFO - 매도 조건 충족: 평단가(298,500), 현재가(322,500) -> 목표가(324,500원) (보수적 상향 보정)
2026-06-13 14:01:54,739 - INFO - [SELL] 주문 요청: 005930, 1주, 324500원 (TR_ID: VTTC0801U)
2026-06-13 14:01:55,227 - ERROR - 주문 실패: 모의투자 주문이 불가한 계좌입니다.
2026-06-13 14:01:55,228 - INFO - 60초 후 다음 확인을 진행합니다. (현재 상태: IDLE)
2026-06-13 14:02:55,378 - INFO - [005930] 현재가: 322500, 고가: 339000, 저가: 320000
2026-06-13 14:02:56,577 - INFO - 계좌 예수금: 9588469원
2026-06-13 14:02:56,578 - INFO - [005930] 보유: 1주, 매도 가능: 1주, 평단가: 298,500원
2026-06-13 14:02:56,607 - INFO - 미실현 손익: 24,000원 (8.04%), 최고 수익률: 8.04%
2026-06-13 14:02:56,643 - INFO - 매도 조건 충족: 평단가(298,500), 현재가(322,500) -> 목표가(324,500원) (보수적 상향 보정)
2026-06-13 14:02:56,643 - INFO - [SELL] 주문 요청: 005930, 1주, 324500원 (TR_ID: VTTC0801U)
2026-06-13 14:02:57,032 - ERROR - 주문 실패: 모의투자 주문이 불가한 계좌입니다.
2026-06-13 14:02:57,032 - INFO - 60초 후 다음 확인을 진행합니다. (현재 상태: IDLE)
2026-06-13 14:03:57,201 - INFO - [005930] 현재가: 322500, 고가: 339000, 저가: 320000
2026-06-13 14:03:58,389 - INFO - 계좌 예수금: 9588469원
2026-06-13 14:03:58,390 - INFO - [005930] 보유: 1주, 매도 가능: 1주, 평단가: 298,500원
2026-06-13 14:03:58,423 - INFO - 미실현 손익: 24,000원 (8.04%), 최고 수익률: 8.04%
2026-06-13 14:03:58,456 - INFO - 매도 조건 충족: 평단가(298,500), 현재가(322,500) -> 목표가(324,500원) (보수적 상향 보정)
2026-06-13 14:03:58,457 - INFO - [SELL] 주문 요청: 005930, 1주, 324500원 (TR_ID: VTTC0801U)
2026-06-13 14:03:58,843 - ERROR - 주문 실패: 모의투자 주문이 불가한 계좌입니다.
2026-06-13 14:03:58,844 - INFO - 60초 후 다음 확인을 진행합니다. (현재 상태: IDLE)
2026-06-13 14:04:59,002 - INFO - [005930] 현재가: 322500, 고가: 339000, 저가: 320000
2026-06-13 14:05:00,402 - INFO - 계좌 예수금: 9588469원
2026-06-13 14:05:00,403 - INFO - [005930] 보유: 1주, 매도 가능: 1주, 평단가: 298,500원
2026-06-13 14:05:00,432 - INFO - 미실현 손익: 24,000원 (8.04%), 최고 수익률: 8.04%
2026-06-13 14:05:00,466 - INFO - 매도 조건 충족: 평단가(298,500), 현재가(322,500) -> 목표가(324,500원) (보수적 상향 보정)
2026-06-13 14:05:00,466 - INFO - [SELL] 주문 요청: 005930, 1주, 324500원 (TR_ID: VTTC0801U)
2026-06-13 14:05:00,647 - ERROR - 주문 실패: 모의투자 주문이 불가한 계좌입니다.
2026-06-13 14:05:00,648 - INFO - 60초 후 다음 확인을 진행합니다. (현재 상태: IDLE)
2026-06-13 14:06:00,869 - INFO - [005930] 현재가: 322500, 고가: 339000, 저가: 320000
2026-06-13 14:06:02,064 - INFO - 계좌 예수금: 9588469원
2026-06-13 14:06:02,064 - INFO - [005930] 보유: 1주, 매도 가능: 1주, 평단가: 298,500원
2026-06-13 14:06:02,095 - INFO - 미실현 손익: 24,000원 (8.04%), 최고 수익률: 8.04%
2026-06-13 14:06:02,121 - INFO - 매도 조건 충족: 평단가(298,500), 현재가(322,500) -> 목표가(324,500원) (보수적 상향 보정)
2026-06-13 14:06:02,121 - INFO - [SELL] 주문 요청: 005930, 1주, 324500원 (TR_ID: VTTC0801U)
2026-06-13 14:06:02,510 - ERROR - POST 요청 실패 (VTTC0801U): 500 Server Error: Internal Server Error for url: https://openapivts.koreainvestment.com:29443/uapi/domestic-stock/v1/trading/order-cash
2026-06-13 14:06:02,511 - ERROR - 상세 에러: EGW00201 - 초당 거래건수를 초과하였습니다.
2026-06-13 14:06:02,515 - ERROR - 주문 실패: 응답 없음
2026-06-13 14:06:02,520 - INFO - 60초 후 다음 확인을 진행합니다. (현재 상태: IDLE)
2026-06-13 14:07:02,661 - INFO - [005930] 현재가: 322500, 고가: 339000, 저가: 320000
2026-06-13 14:07:03,817 - INFO - 계좌 예수금: 9588469원
2026-06-13 14:07:03,817 - INFO - [005930] 보유: 1주, 매도 가능: 1주, 평단가: 298,500원
2026-06-13 14:07:03,849 - INFO - 미실현 손익: 24,000원 (8.04%), 최고 수익률: 8.04%
2026-06-13 14:07:03,873 - INFO - 매도 조건 충족: 평단가(298,500), 현재가(322,500) -> 목표가(324,500원) (보수적 상향 보정)
2026-06-13 14:07:03,873 - INFO - [SELL] 주문 요청: 005930, 1주, 324500원 (TR_ID: VTTC0801U)
2026-06-13 14:07:04,304 - ERROR - 주문 실패: 모의투자 주문이 불가한 계좌입니다.
2026-06-13 14:07:04,305 - INFO - 60초 후 다음 확인을 진행합니다. (현재 상태: IDLE)
2026-06-13 14:08:04,437 - INFO - [005930] 현재가: 322500, 고가: 339000, 저가: 320000
2026-06-13 14:08:05,587 - INFO - 계좌 예수금: 9588469원
2026-06-13 14:08:05,587 - INFO - [005930] 보유: 1주, 매도 가능: 1주, 평단가: 298,500원
2026-06-13 14:08:05,613 - INFO - 미실현 손익: 24,000원 (8.04%), 최고 수익률: 8.04%
2026-06-13 14:08:05,640 - INFO - 매도 조건 충족: 평단가(298,500), 현재가(322,500) -> 목표가(324,500원) (보수적 상향 보정)
2026-06-13 14:08:05,640 - INFO - [SELL] 주문 요청: 005930, 1주, 324500원 (TR_ID: VTTC0801U)
2026-06-13 14:08:06,114 - ERROR - 주문 실패: 모의투자 주문이 불가한 계좌입니다.
2026-06-13 14:08:06,115 - INFO - 60초 후 다음 확인을 진행합니다. (현재 상태: IDLE)
2026-06-13 14:09:06,253 - INFO - [005930] 현재가: 322500, 고가: 339000, 저가: 320000
2026-06-13 14:09:07,415 - INFO - 계좌 예수금: 9588469원
2026-06-13 14:09:07,415 - INFO - [005930] 보유: 1주, 매도 가능: 1주, 평단가: 298,500원
2026-06-13 14:09:07,446 - INFO - 미실현 손익: 24,000원 (8.04%), 최고 수익률: 8.04%
2026-06-13 14:09:07,478 - INFO - 매도 조건 충족: 평단가(298,500), 현재가(322,500) -> 목표가(324,500원) (보수적 상향 보정)
2026-06-13 14:09:07,479 - INFO - [SELL] 주문 요청: 005930, 1주, 324500원 (TR_ID: VTTC0801U)
2026-06-13 14:09:07,880 - ERROR - POST 요청 실패 (VTTC0801U): 500 Server Error: Internal Server Error for url: https://openapivts.koreainvestment.com:29443/uapi/domestic-stock/v1/trading/order-cash
2026-06-13 14:09:07,881 - ERROR - 상세 에러: EGW00201 - 초당 거래건수를 초과하였습니다.
2026-06-13 14:09:07,885 - ERROR - 주문 실패: 응답 없음
2026-06-13 14:09:07,887 - INFO - 60초 후 다음 확인을 진행합니다. (현재 상태: IDLE)
2026-06-13 14:10:08,039 - INFO - [005930] 현재가: 322500, 고가: 339000, 저가: 320000
2026-06-13 14:10:09,270 - INFO - 계좌 예수금: 9588469원
2026-06-13 14:10:09,271 - INFO - [005930] 보유: 1주, 매도 가능: 1주, 평단가: 298,500원
2026-06-13 14:10:09,298 - INFO - 미실현 손익: 24,000원 (8.04%), 최고 수익률: 8.04%
2026-06-13 14:10:09,334 - INFO - 매도 조건 충족: 평단가(298,500), 현재가(322,500) -> 목표가(324,500원) (보수적 상향 보정)
2026-06-13 14:10:09,334 - INFO - [SELL] 주문 요청: 005930, 1주, 324500원 (TR_ID: VTTC0801U)
2026-06-13 14:10:09,687 - ERROR - POST 요청 실패 (VTTC0801U): 500 Server Error: Internal Server Error for url: https://openapivts.koreainvestment.com:29443/uapi/domestic-stock/v1/trading/order-cash
2026-06-13 14:10:09,688 - ERROR - 상세 에러: EGW00201 - 초당 거래건수를 초과하였습니다.
2026-06-13 14:10:09,691 - ERROR - 주문 실패: 응답 없음
2026-06-13 14:10:09,692 - INFO - 60초 후 다음 확인을 진행합니다. (현재 상태: IDLE)
2026-06-13 14:11:09,848 - INFO - [005930] 현재가: 322500, 고가: 339000, 저가: 320000
2026-06-13 14:11:11,049 - INFO - 계좌 예수금: 9588469원
2026-06-13 14:11:11,049 - INFO - [005930] 보유: 1주, 매도 가능: 1주, 평단가: 298,500원
2026-06-13 14:11:11,076 - INFO - 미실현 손익: 24,000원 (8.04%), 최고 수익률: 8.04%
2026-06-13 14:11:11,108 - INFO - 매도 조건 충족: 평단가(298,500), 현재가(322,500) -> 목표가(324,500원) (보수적 상향 보정)
2026-06-13 14:11:11,109 - INFO - [SELL] 주문 요청: 005930, 1주, 324500원 (TR_ID: VTTC0801U)
2026-06-13 14:11:11,463 - ERROR - POST 요청 실패 (VTTC0801U): 500 Server Error: Internal Server Error for url: https://openapivts.koreainvestment.com:29443/uapi/domestic-stock/v1/trading/order-cash
2026-06-13 14:11:11,463 - ERROR - 상세 에러: EGW00201 - 초당 거래건수를 초과하였습니다.
2026-06-13 14:11:11,466 - ERROR - 주문 실패: 응답 없음
2026-06-13 14:11:11,467 - INFO - 60초 후 다음 확인을 진행합니다. (현재 상태: IDLE)
2026-06-13 14:12:11,631 - INFO - [005930] 현재가: 322500, 고가: 339000, 저가: 320000
2026-06-13 14:12:12,876 - INFO - 계좌 예수금: 9588469원
2026-06-13 14:12:12,877 - INFO - [005930] 보유: 1주, 매도 가능: 1주, 평단가: 298,500원
2026-06-13 14:12:12,906 - INFO - 미실현 손익: 24,000원 (8.04%), 최고 수익률: 8.04%
2026-06-13 14:12:12,939 - INFO - 매도 조건 충족: 평단가(298,500), 현재가(322,500) -> 목표가(324,500원) (보수적 상향 보정)
2026-06-13 14:12:12,939 - INFO - [SELL] 주문 요청: 005930, 1주, 324500원 (TR_ID: VTTC0801U)
2026-06-13 14:12:13,289 - ERROR - 주문 실패: 모의투자 주문이 불가한 계좌입니다.
2026-06-13 14:12:13,290 - INFO - 60초 후 다음 확인을 진행합니다. (현재 상태: IDLE)
2026-06-13 14:13:13,419 - INFO - [005930] 현재가: 322500, 고가: 339000, 저가: 320000
2026-06-13 14:13:14,625 - INFO - 계좌 예수금: 9588469원
2026-06-13 14:13:14,626 - INFO - [005930] 보유: 1주, 매도 가능: 1주, 평단가: 298,500원
2026-06-13 14:13:14,658 - INFO - 미실현 손익: 24,000원 (8.04%), 최고 수익률: 8.04%
2026-06-13 14:13:14,692 - INFO - 매도 조건 충족: 평단가(298,500), 현재가(322,500) -> 목표가(324,500원) (보수적 상향 보정)
2026-06-13 14:13:14,692 - INFO - [SELL] 주문 요청: 005930, 1주, 324500원 (TR_ID: VTTC0801U)
2026-06-13 14:13:15,071 - ERROR - 주문 실패: 모의투자 주문이 불가한 계좌입니다.
2026-06-13 14:13:15,071 - INFO - 60초 후 다음 확인을 진행합니다. (현재 상태: IDLE)
2026-06-13 14:14:15,235 - INFO - [005930] 현재가: 322500, 고가: 339000, 저가: 320000
2026-06-13 14:14:16,379 - INFO - 계좌 예수금: 9588469원
2026-06-13 14:14:16,380 - INFO - [005930] 보유: 1주, 매도 가능: 1주, 평단가: 298,500원
2026-06-13 14:14:16,411 - INFO - 미실현 손익: 24,000원 (8.04%), 최고 수익률: 8.04%
2026-06-13 14:14:16,451 - INFO - 매도 조건 충족: 평단가(298,500), 현재가(322,500) -> 목표가(324,500원) (보수적 상향 보정)
2026-06-13 14:14:16,451 - INFO - [SELL] 주문 요청: 005930, 1주, 324500원 (TR_ID: VTTC0801U)
2026-06-13 14:14:16,882 - ERROR - 주문 실패: 모의투자 주문이 불가한 계좌입니다.
2026-06-13 14:14:16,883 - INFO - 60초 후 다음 확인을 진행합니다. (현재 상태: IDLE)
2026-06-13 14:15:17,048 - INFO - [005930] 현재가: 322500, 고가: 339000, 저가: 320000
2026-06-13 14:15:18,214 - INFO - 계좌 예수금: 9588469원
2026-06-13 14:15:18,215 - INFO - [005930] 보유: 1주, 매도 가능: 1주, 평단가: 298,500원
2026-06-13 14:15:18,243 - INFO - 미실현 손익: 24,000원 (8.04%), 최고 수익률: 8.04%
2026-06-13 14:15:18,273 - INFO - 매도 조건 충족: 평단가(298,500), 현재가(322,500) -> 목표가(324,500원) (보수적 상향 보정)
2026-06-13 14:15:18,273 - INFO - [SELL] 주문 요청: 005930, 1주, 324500원 (TR_ID: VTTC0801U)
2026-06-13 14:15:18,668 - ERROR - POST 요청 실패 (VTTC0801U): 500 Server Error: Internal Server Error for url: https://openapivts.koreainvestment.com:29443/uapi/domestic-stock/v1/trading/order-cash
2026-06-13 14:15:18,668 - ERROR - 상세 에러: EGW00201 - 초당 거래건수를 초과하였습니다.
2026-06-13 14:15:18,673 - ERROR - 주문 실패: 응답 없음
2026-06-13 14:15:18,674 - INFO - 60초 후 다음 확인을 진행합니다. (현재 상태: IDLE)
2026-06-13 14:16:18,820 - INFO - [005930] 현재가: 322500, 고가: 339000, 저가: 320000
2026-06-13 14:16:19,974 - INFO - 계좌 예수금: 9588469원
2026-06-13 14:16:19,975 - INFO - [005930] 보유: 1주, 매도 가능: 1주, 평단가: 298,500원
2026-06-13 14:16:20,004 - INFO - 미실현 손익: 24,000원 (8.04%), 최고 수익률: 8.04%
2026-06-13 14:16:20,035 - INFO - 매도 조건 충족: 평단가(298,500), 현재가(322,500) -> 목표가(324,500원) (보수적 상향 보정)
2026-06-13 14:16:20,035 - INFO - [SELL] 주문 요청: 005930, 1주, 324500원 (TR_ID: VTTC0801U)
2026-06-13 14:16:20,446 - ERROR - 주문 실패: 모의투자 주문이 불가한 계좌입니다.
2026-06-13 14:16:20,447 - INFO - 60초 후 다음 확인을 진행합니다. (현재 상태: IDLE)
2026-06-13 14:16:21,646 - INFO - 사용자에 의해 프로그램이 중단되었습니다.
2026-06-13 14:16:21,647 - INFO - 프로그램을 종료합니다.
2026-06-13 14:16:41,496 - INFO - 기존 유효한 토큰을 캐시에서 로드했습니다.
2026-06-13 14:16:41,497 - INFO - 삼성전자 자동매매 프로그램을 시작합니다. (자가 적응형 로직 활성화)
2026-06-13 14:16:41,502 - INFO - 이전 상태 로드 완료: IDLE (목표가: 300500원)
2026-06-13 14:16:41,677 - INFO - [005930] 현재가: 322500, 고가: 339000, 저가: 320000
2026-06-13 14:16:42,864 - INFO - 계좌 예수금: 9588469원
2026-06-13 14:16:42,864 - INFO - [005930] 보유: 1주, 매도 가능: 1주, 평단가: 298,500원
2026-06-13 14:16:42,893 - INFO - 미실현 손익: 24,000원 (8.04%), 최고 수익률: 8.04%
2026-06-13 14:16:42,920 - INFO - 매도 조건 충족: 평단가(298,500), 현재가(322,500) -> 목표가(324,500원) (보수적 상향 보정)
2026-06-13 14:16:42,921 - INFO - [SELL] 주문 요청: 005930, 1주, 324500원 (TR_ID: VTTC0011U)
2026-06-13 14:16:43,359 - ERROR - 주문 실패: 모의투자 주문이 불가한 계좌입니다.
2026-06-13 14:16:43,360 - INFO - 60초 후 다음 확인을 진행합니다. (현재 상태: IDLE)
2026-06-13 14:42:56,413 - INFO - 기존 유효한 토큰을 캐시에서 로드했습니다.
2026-06-13 14:42:56,414 - INFO - 삼성전자 자동매매 프로그램을 시작합니다. (자가 적응형 로직 활성화)
2026-06-13 14:42:56,418 - INFO - 이전 상태 로드 완료: IDLE (목표가: 300500원)
2026-06-13 14:42:56,593 - INFO - [005930] 현재가: 322500, 고가: 339000, 저가: 320000
2026-06-13 14:42:57,732 - INFO - 계좌 예수금: 9588469원
2026-06-13 14:42:57,733 - INFO - [005930] 보유: 1주, 매도 가능: 1주, 평단가: 298,500원
2026-06-13 14:42:57,763 - INFO - 미실현 손익: 24,000원 (8.04%), 최고 수익률: 8.04%
2026-06-13 14:42:57,795 - INFO - 매도 조건 충족: 평단가(298,500), 현재가(322,500) -> 목표가(324,500원) (보수적 상향 보정)
2026-06-13 14:42:57,796 - INFO - [SELL] 주문 요청: 005930, 1주, 324500원 (TR_ID: VTTC0011U)
2026-06-13 14:42:58,264 - ERROR - 주문 실패: 모의투자 주문이 불가한 계좌입니다.
2026-06-13 14:42:58,264 - INFO - 60초 후 다음 확인을 진행합니다. (현재 상태: IDLE)
2026-06-13 14:43:58,396 - INFO - [005930] 현재가: 322500, 고가: 339000, 저가: 320000
2026-06-13 14:43:59,534 - INFO - 계좌 예수금: 9588469원
2026-06-13 14:43:59,535 - INFO - [005930] 보유: 1주, 매도 가능: 1주, 평단가: 298,500원
2026-06-13 14:43:59,564 - INFO - 미실현 손익: 24,000원 (8.04%), 최고 수익률: 8.04%
2026-06-13 14:43:59,593 - INFO - 매도 조건 충족: 평단가(298,500), 현재가(322,500) -> 목표가(324,500원) (보수적 상향 보정)
2026-06-13 14:43:59,594 - INFO - [SELL] 주문 요청: 005930, 1주, 324500원 (TR_ID: VTTC0011U)
2026-06-13 14:44:00,043 - ERROR - 주문 실패: 모의투자 주문이 불가한 계좌입니다.
2026-06-13 14:44:00,044 - INFO - 60초 후 다음 확인을 진행합니다. (현재 상태: IDLE)
2026-06-13 14:45:00,195 - INFO - [005930] 현재가: 322500, 고가: 339000, 저가: 320000
2026-06-13 14:45:01,352 - INFO - 계좌 예수금: 9588469원
2026-06-13 14:45:01,352 - INFO - [005930] 보유: 1주, 매도 가능: 1주, 평단가: 298,500원
2026-06-13 14:45:01,380 - INFO - 미실현 손익: 24,000원 (8.04%), 최고 수익률: 8.04%
2026-06-13 14:45:01,412 - INFO - 매도 조건 충족: 평단가(298,500), 현재가(322,500) -> 목표가(324,500원) (보수적 상향 보정)
2026-06-13 14:45:01,412 - INFO - [SELL] 주문 요청: 005930, 1주, 324500원 (TR_ID: VTTC0011U)
2026-06-13 14:45:01,831 - ERROR - POST 요청 실패 (VTTC0011U): 500 Server Error: Internal Server Error for url: https://openapivts.koreainvestment.com:29443/uapi/domestic-stock/v1/trading/order-cash
2026-06-13 14:45:01,831 - ERROR - 상세 에러: EGW00201 - 초당 거래건수를 초과하였습니다.
2026-06-13 14:45:01,834 - ERROR - 주문 실패: 응답 없음
2026-06-13 14:45:01,835 - INFO - 60초 후 다음 확인을 진행합니다. (현재 상태: IDLE)
2026-06-13 14:46:01,969 - INFO - [005930] 현재가: 322500, 고가: 339000, 저가: 320000
2026-06-13 14:46:03,123 - INFO - 계좌 예수금: 9588469원
2026-06-13 14:46:03,123 - INFO - [005930] 보유: 1주, 매도 가능: 1주, 평단가: 298,500원
2026-06-13 14:46:03,151 - INFO - 미실현 손익: 24,000원 (8.04%), 최고 수익률: 8.04%
2026-06-13 14:46:03,182 - INFO - 매도 조건 충족: 평단가(298,500), 현재가(322,500) -> 목표가(324,500원) (보수적 상향 보정)
2026-06-13 14:46:03,182 - INFO - [SELL] 주문 요청: 005930, 1주, 324500원 (TR_ID: VTTC0011U)
2026-06-13 14:46:03,631 - ERROR - POST 요청 실패 (VTTC0011U): 500 Server Error: Internal Server Error for url: https://openapivts.koreainvestment.com:29443/uapi/domestic-stock/v1/trading/order-cash
2026-06-13 14:46:03,632 - ERROR - 상세 에러: EGW00201 - 초당 거래건수를 초과하였습니다.
2026-06-13 14:46:03,635 - ERROR - 주문 실패: 응답 없음
2026-06-13 14:46:03,635 - INFO - 60초 후 다음 확인을 진행합니다. (현재 상태: IDLE)
2026-06-13 14:47:03,778 - INFO - [005930] 현재가: 322500, 고가: 339000, 저가: 320000
2026-06-13 14:47:04,913 - INFO - 계좌 예수금: 9588469원
2026-06-13 14:47:04,914 - INFO - [005930] 보유: 1주, 매도 가능: 1주, 평단가: 298,500원
2026-06-13 14:47:04,941 - INFO - 미실현 손익: 24,000원 (8.04%), 최고 수익률: 8.04%
2026-06-13 14:47:04,972 - INFO - 매도 조건 충족: 평단가(298,500), 현재가(322,500) -> 목표가(324,500원) (보수적 상향 보정)
2026-06-13 14:47:04,973 - INFO - [SELL] 주문 요청: 005930, 1주, 324500원 (TR_ID: VTTC0011U)
2026-06-13 14:47:05,404 - ERROR - 주문 실패: 모의투자 주문이 불가한 계좌입니다.
2026-06-13 14:47:05,405 - INFO - 60초 후 다음 확인을 진행합니다. (현재 상태: IDLE)
2026-06-13 14:48:05,797 - INFO - [005930] 현재가: 322500, 고가: 339000, 저가: 320000
2026-06-13 14:48:06,974 - INFO - 계좌 예수금: 9588469원
2026-06-13 14:48:06,975 - INFO - [005930] 보유: 1주, 매도 가능: 1주, 평단가: 298,500원
2026-06-13 14:48:07,002 - INFO - 미실현 손익: 24,000원 (8.04%), 최고 수익률: 8.04%
2026-06-13 14:48:07,030 - INFO - 매도 조건 충족: 평단가(298,500), 현재가(322,500) -> 목표가(324,500원) (보수적 상향 보정)
2026-06-13 14:48:07,030 - INFO - [SELL] 주문 요청: 005930, 1주, 324500원 (TR_ID: VTTC0011U)
2026-06-13 14:48:07,419 - ERROR - 주문 실패: 모의투자 주문이 불가한 계좌입니다.
2026-06-13 14:48:07,420 - INFO - 60초 후 다음 확인을 진행합니다. (현재 상태: IDLE)
2026-06-13 14:49:07,553 - INFO - [005930] 현재가: 322500, 고가: 339000, 저가: 320000
2026-06-13 14:49:08,720 - INFO - 계좌 예수금: 9588469원
2026-06-13 14:49:08,720 - INFO - [005930] 보유: 1주, 매도 가능: 1주, 평단가: 298,500원
2026-06-13 14:49:08,749 - INFO - 미실현 손익: 24,000원 (8.04%), 최고 수익률: 8.04%
2026-06-13 14:49:08,776 - INFO - 매도 조건 충족: 평단가(298,500), 현재가(322,500) -> 목표가(324,500원) (보수적 상향 보정)
2026-06-13 14:49:08,777 - INFO - [SELL] 주문 요청: 005930, 1주, 324500원 (TR_ID: VTTC0011U)
2026-06-13 14:49:09,200 - ERROR - 주문 실패: 모의투자 주문이 불가한 계좌입니다.
2026-06-13 14:49:09,200 - INFO - 60초 후 다음 확인을 진행합니다. (현재 상태: IDLE)
2026-06-13 14:50:09,345 - INFO - [005930] 현재가: 322500, 고가: 339000, 저가: 320000
2026-06-13 14:50:10,515 - INFO - 계좌 예수금: 9588469원
2026-06-13 14:50:10,516 - INFO - [005930] 보유: 1주, 매도 가능: 1주, 평단가: 298,500원
2026-06-13 14:50:10,546 - INFO - 미실현 손익: 24,000원 (8.04%), 최고 수익률: 8.04%
2026-06-13 14:50:10,570 - INFO - 매도 조건 충족: 평단가(298,500), 현재가(322,500) -> 목표가(324,500원) (보수적 상향 보정)
2026-06-13 14:50:10,571 - INFO - [SELL] 주문 요청: 005930, 1주, 324500원 (TR_ID: VTTC0011U)
2026-06-13 14:50:10,955 - ERROR - POST 요청 실패 (VTTC0011U): 500 Server Error: Internal Server Error for url: https://openapivts.koreainvestment.com:29443/uapi/domestic-stock/v1/trading/order-cash
2026-06-13 14:50:10,956 - ERROR - 상세 에러: EGW00201 - 초당 거래건수를 초과하였습니다.
2026-06-13 14:50:10,959 - ERROR - 주문 실패: 응답 없음
2026-06-13 14:50:10,960 - INFO - 60초 후 다음 확인을 진행합니다. (현재 상태: IDLE)
2026-06-13 14:51:11,103 - INFO - [005930] 현재가: 322500, 고가: 339000, 저가: 320000
2026-06-13 14:51:12,239 - INFO - 계좌 예수금: 9588469원
2026-06-13 14:51:12,240 - INFO - [005930] 보유: 1주, 매도 가능: 1주, 평단가: 298,500원
2026-06-13 14:51:12,269 - INFO - 미실현 손익: 24,000원 (8.04%), 최고 수익률: 8.04%
2026-06-13 14:51:12,299 - INFO - 매도 조건 충족: 평단가(298,500), 현재가(322,500) -> 목표가(324,500원) (보수적 상향 보정)
2026-06-13 14:51:12,300 - INFO - [SELL] 주문 요청: 005930, 1주, 324500원 (TR_ID: VTTC0011U)
2026-06-13 14:51:12,810 - ERROR - 주문 실패: 모의투자 주문이 불가한 계좌입니다.
2026-06-13 14:51:12,811 - INFO - 60초 후 다음 확인을 진행합니다. (현재 상태: IDLE)
2026-06-13 14:52:12,943 - INFO - [005930] 현재가: 322500, 고가: 339000, 저가: 320000
2026-06-13 14:52:14,121 - INFO - 계좌 예수금: 9588469원
2026-06-13 14:52:14,122 - INFO - [005930] 보유: 1주, 매도 가능: 1주, 평단가: 298,500원
2026-06-13 14:52:14,150 - INFO - 미실현 손익: 24,000원 (8.04%), 최고 수익률: 8.04%
2026-06-13 14:52:14,177 - INFO - 매도 조건 충족: 평단가(298,500), 현재가(322,500) -> 목표가(324,500원) (보수적 상향 보정)
2026-06-13 14:52:14,177 - INFO - [SELL] 주문 요청: 005930, 1주, 324500원 (TR_ID: VTTC0011U)
2026-06-13 14:52:14,572 - ERROR - 주문 실패: 모의투자 주문이 불가한 계좌입니다.
2026-06-13 14:52:14,572 - INFO - 60초 후 다음 확인을 진행합니다. (현재 상태: IDLE)
2026-06-13 14:53:14,699 - INFO - [005930] 현재가: 322500, 고가: 339000, 저가: 320000
2026-06-13 14:53:15,865 - INFO - 계좌 예수금: 9588469원
2026-06-13 14:53:15,865 - INFO - [005930] 보유: 1주, 매도 가능: 1주, 평단가: 298,500원
2026-06-13 14:53:15,898 - INFO - 미실현 손익: 24,000원 (8.04%), 최고 수익률: 8.04%
2026-06-13 14:53:15,930 - INFO - 매도 조건 충족: 평단가(298,500), 현재가(322,500) -> 목표가(324,500원) (보수적 상향 보정)
2026-06-13 14:53:15,931 - INFO - [SELL] 주문 요청: 005930, 1주, 324500원 (TR_ID: VTTC0011U)
2026-06-13 14:53:16,334 - ERROR - 주문 실패: 모의투자 주문이 불가한 계좌입니다.
2026-06-13 14:53:16,334 - INFO - 60초 후 다음 확인을 진행합니다. (현재 상태: IDLE)
2026-06-13 14:53:43,341 - INFO - 사용자에 의해 프로그램이 중단되었습니다.
2026-06-13 14:53:43,342 - INFO - 프로그램을 종료합니다.
